适用于 .NET Framework MSBuild 版本 17.12.6+db5f6012c

  Auto build dll exports
  sdurw_core.vcxproj -> D:\10_Source_Repos\21_robot\RobWork\build\pipeline-wt\build\RobWork\bin\Release\sdurw_core.dll
  Auto build dll exports
  sdurw_common.vcxproj -> D:\10_Source_Repos\21_robot\RobWork\build\pipeline-wt\build\RobWork\bin\Release\sdurw_common.dll
  Auto build dll exports
  sdurw_math.vcxproj -> D:\10_Source_Repos\21_robot\RobWork\build\pipeline-wt\build\RobWork\bin\Release\sdurw_math.dll
  Automatic MOC for target sdurws_ird_core
  sdurws_ird_core.vcxproj -> D:\10_Source_Repos\21_robot\RobWork\build\pipeline-wt\build\RobWorkStudio\libs\Release\sdurws_ird_core.lib
  Automatic MOC for target sdurws_ird_diagnostics
  sdurws_ird_diagnostics.vcxproj -> D:\10_Source_Repos\21_robot\RobWork\build\pipeline-wt\build\RobWorkStudio\libs\Release\sdurws_ird_diagnostics.lib
  Automatic MOC for target sdurws_ird_evidence
  sdurws_ird_evidence.vcxproj -> D:\10_Source_Repos\21_robot\RobWork\build\pipeline-wt\build\RobWorkStudio\libs\Release\sdurws_ird_evidence.lib
  Automatic MOC for target sdurws_ird_project
  sdurws_ird_project.vcxproj -> D:\10_Source_Repos\21_robot\RobWork\build\pipeline-wt\build\RobWorkStudio\libs\Release\sdurws_ird_project.lib
  Automatic MOC for target sdurws_ird_execution
  sdurws_ird_execution.vcxproj -> D:\10_Source_Repos\21_robot\RobWork\build\pipeline-wt\build\RobWorkStudio\libs\Release\sdurws_ird_execution.lib
  Automatic MOC for target sdurws_ird_io
  sdurws_ird_io.vcxproj -> D:\10_Source_Repos\21_robot\RobWork\build\pipeline-wt\build\RobWorkStudio\libs\Release\sdurws_ird_io.lib
  Automatic MOC for target sdurws_ird_reporting
  sdurws_ird_reporting.vcxproj -> D:\10_Source_Repos\21_robot\RobWork\build\pipeline-wt\build\RobWorkStudio\libs\Release\sdurws_ird_reporting.lib
  Automatic MOC for target sdurws_ird_testkit
  sdurws_ird_testkit.vcxproj -> D:\10_Source_Repos\21_robot\RobWork\build\pipeline-wt\build\RobWorkStudio\libs\Release\sdurws_ird_testkit.lib
  Automatic MOC for target sdurws_ird_ui
  sdurws_ird_ui.vcxproj -> D:\10_Source_Repos\21_robot\RobWork\build\pipeline-wt\build\RobWorkStudio\libs\Release\sdurws_ird_ui.lib
  Automatic MOC for target sdurws_ird_workflow
  sdurws_ird_workflow.vcxproj -> D:\10_Source_Repos\21_robot\RobWork\build\pipeline-wt\build\RobWorkStudio\libs\Release\sdurws_ird_workflow.lib
  Automatic MOC for target sdurws_ird_workflow_plugin
  sdurws_ird_workflow_plugin.vcxproj -> D:\10_Source_Repos\21_robot\RobWork\build\pipeline-wt\build\RobWorkStudio\libs\Release\sdurws_ird_workflow_plugin.lib
  Automatic MOC for target sdurws_ird_workflow_contract_test
  sdurws_ird_workflow_contract_test.vcxproj -> D:\10_Source_Repos\21_robot\RobWork\build\pipeline-wt\build\RobWorkStudio\bin\Release\sdurws_ird_workflow_contract_test.exe
  ird: run sdurws_ird_workflow_contract_test and write gtest XML report
  [==========] Running 20 tests from 4 test suites.
  [----------] Global test environment set-up.
  [----------] 5 tests from WfBuildGraph
  [ RUN      ] WfBuildGraph.UnitEdgesEightRegisteredAndClosed_WP22T02_ACC1
  [       OK ] WfBuildGraph.UnitEdgesEightRegisteredAndClosed_WP22T02_ACC1 (0 ms)
  [ RUN      ] WfBuildGraph.EightRegisteredEdgesPresent_WP22T02_ACC1
  [       OK ] WfBuildGraph.EightRegisteredEdgesPresent_WP22T02_ACC1 (0 ms)
  [ RUN      ] WfBuildGraph.NoBusinessUnitOrExtraPlatformEdge_WP22T02_ACC2
  [       OK ] WfBuildGraph.NoBusinessUnitOrExtraPlatformEdge_WP22T02_ACC2 (0 ms)
  [ RUN      ] WfBuildGraph.NoTestkitEdgeOnProductTarget_WP22T02_ACC1
  [       OK ] WfBuildGraph.NoTestkitEdgeOnProductTarget_WP22T02_ACC1 (0 ms)
  [ RUN      ] WfBuildGraph.IncludeFaceMatchesRegisteredEdges_WP22T02_ACC2
  [       OK ] WfBuildGraph.IncludeFaceMatchesRegisteredEdges_WP22T02_ACC2 (1 ms)
  [----------] 5 tests from WfBuildGraph (2 ms total)
  
  [----------] 3 tests from WfPluginRegistration
  [ RUN      ] WfPluginRegistration.AssemblyRegistersOkOnWhitelist_WP22T02_ACC1
  [       OK ] WfPluginRegistration.AssemblyRegistersOkOnWhitelist_WP22T02_ACC1 (0 ms)
  [ RUN      ] WfPluginRegistration.DescriptorMatchesMinimalForm_WP22T02_ACC1
  [       OK ] WfPluginRegistration.DescriptorMatchesMinimalForm_WP22T02_ACC1 (0 ms)
  [ RUN      ] WfPluginRegistration.WhitelistAndDuplicateRejected_WP22T02_ACC1
  [       OK ] WfPluginRegistration.WhitelistAndDuplicateRejected_WP22T02_ACC1 (0 ms)
  [----------] 3 tests from WfPluginRegistration (0 ms total)
  
  [----------] 4 tests from WfGateContract
  [ RUN      ] WfGateContract.GateConsumesOnlySnapshotAndEvents_WP22T03_ACC2_WFVER112
  [       OK ] WfGateContract.GateConsumesOnlySnapshotAndEvents_WP22T03_ACC2_WFVER112 (7 ms)
  [ RUN      ] WfGateContract.WordTableZeroAdditionAndPwf2Shape_WP22T03_ACC3
  [       OK ] WfGateContract.WordTableZeroAdditionAndPwf2Shape_WP22T03_ACC3 (3 ms)
  [ RUN      ] WfGateContract.ProjectionOwnershipStaysWithUi_WP22T03_ACC3
  [       OK ] WfGateContract.ProjectionOwnershipStaysWithUi_WP22T03_ACC3 (3 ms)
  [ RUN      ] WfGateContract.InvalidationHintIsPureValueData_WP22T03_ACC1
  [       OK ] WfGateContract.InvalidationHintIsPureValueData_WP22T03_ACC1 (0 ms)
  [----------] 4 tests from WfGateContract (15 ms total)
  
  [----------] 8 tests from NewProjectWizardContract
  [ RUN      ] NewProjectWizardContract.WF_VER_201_TemplateMainlineCreatesBaselineRevision
  [       OK ] NewProjectWizardContract.WF_VER_201_TemplateMainlineCreatesBaselineRevision (46 ms)
  [ RUN      ] NewProjectWizardContract.WF_VER_201_UrdfSourceRegistersReadOnlyBaseline
  [       OK ] NewProjectWizardContract.WF_VER_201_UrdfSourceRegistersReadOnlyBaseline (34 ms)
  [ RUN      ] NewProjectWizardContract.WF_VER_201_BlankMainlineStopsAtR0
  [       OK ] NewProjectWizardContract.WF_VER_201_BlankMainlineStopsAtR0 (14 ms)
  [ RUN      ] NewProjectWizardContract.WF_VER_202_CancelBeforeConfirmLeavesNothing
  [       OK ] NewProjectWizardContract.WF_VER_202_CancelBeforeConfirmLeavesNothing (0 ms)
  [ RUN      ] NewProjectWizardContract.WF_VER_203_DomainInitFailureCleansAndKeepsInputs
  [       OK ] NewProjectWizardContract.WF_VER_203_DomainInitFailureCleansAndKeepsInputs (49 ms)
  [ RUN      ] NewProjectWizardContract.WF_VER_203_CreateNewFailurePresentsAndRetries
  [       OK ] NewProjectWizardContract.WF_VER_203_CreateNewFailurePresentsAndRetries (36 ms)
  [ RUN      ] NewProjectWizardContract.WF_VER_204_ExternalHandlingBothWaysForwarded
  [       OK ] NewProjectWizardContract.WF_VER_204_ExternalHandlingBothWaysForwarded (70 ms)
  [ RUN      ] NewProjectWizardContract.WF_VER_Port_ModelingNotDirectlyLinked
  [       OK ] NewProjectWizardContract.WF_VER_Port_ModelingNotDirectlyLinked (1 ms)
  [----------] 8 tests from NewProjectWizardContract (253 ms total)
  
  [----------] Global test environment tear-down
  [==========] 20 tests from 4 test suites ran. (283 ms total)
  [  PASSED  ] 20 tests.
