  -> PASS
  [ird_gates] 閼奉亝绁?fail_r4閿涙碍瀵滄０鍕埂濡偓閸?IRD-GATE-R4
  [ird_gates] 閼奉亝绁?fail_t2閿涙碍瀵滄０鍕埂濡偓閸?IRD-GATE-T2
  ==============================================================
  [ird_gates] 閹殿偅寮块弽鐧哥窗D:/10_Source_Repos/21_robot/RobWork/RobWork/RobWorkStudio/src/rwslibs/industrialrobot
  [ird_gates] 閸忋劑鍎村Λ鈧弻銉┾偓姘崇箖閿涙瓓-1/R-2/R-3/R-4/R-5/T-1/T-2/SUB/GRAPH/LIB/SA02 闂嗚泛鎳℃稉?==============================================================
  -> PASS
  -> PASS
  Automatic MOC for target sdurws_ird_core_test
  sdurws_ird_core_test.vcxproj -> D:\10_Source_Repos\21_robot\RobWork\build\RobWorkStudio\bin\Release\sdurws_ird_core_test.exe

100% tests passed, 0 tests failed out of 1

Total Test time (real) =   0.35 sec
  -> PASS
  Automatic MOC for target sdurws_ird_diagnostics_contract_test
  sdurws_ird_diagnostics_contract_test.vcxproj -> D:\10_Source_Repos\21_robot\RobWork\build\RobWorkStudio\bin\Release\sdurws_ird_diagnostics_contract_test.exe

100% tests passed, 0 tests failed out of 1

Total Test time (real) =   0.13 sec
  -> PASS
  Automatic MOC for target sdurws_ird_diagnostics_test
  sdurws_ird_diagnostics_test.vcxproj -> D:\10_Source_Repos\21_robot\RobWork\build\RobWorkStudio\bin\Release\sdurws_ird_diagnostics_test.exe

100% tests passed, 0 tests failed out of 1

Total Test time (real) =   0.51 sec
  -> PASS
  Automatic MOC for target sdurws_ird_drivetrain_contract_test
  sdurws_ird_drivetrain_contract_test.vcxproj -> D:\10_Source_Repos\21_robot\RobWork\build\RobWorkStudio\bin\Release\sdurws_ird_drivetrain_contract_test.exe
Label Time Summary:
ird    =   0.10 sec*proc (1 test)

Total Test time (real) =   0.11 sec
  -> PASS
  Automatic MOC for target sdurws_ird_drivetrain_test
  sdurws_ird_drivetrain_test.vcxproj -> D:\10_Source_Repos\21_robot\RobWork\build\RobWorkStudio\bin\Release\sdurws_ird_drivetrain_test.exe
Label Time Summary:
ird    =   0.11 sec*proc (1 test)

Total Test time (real) =   0.11 sec
  -> PASS
  Automatic MOC for target sdurws_ird_dynamics_contract_test
  sdurws_ird_dynamics_contract_test.vcxproj -> D:\10_Source_Repos\21_robot\RobWork\build\RobWorkStudio\bin\Release\sdurws_ird_dynamics_contract_test.exe
Label Time Summary:
ird    =   0.13 sec*proc (1 test)

Total Test time (real) =   0.14 sec
  -> PASS
  Automatic MOC for target sdurws_ird_dynamics_test
  sdurws_ird_dynamics_test.vcxproj -> D:\10_Source_Repos\21_robot\RobWork\build\RobWorkStudio\bin\Release\sdurws_ird_dynamics_test.exe
Label Time Summary:
ird    =   0.21 sec*proc (1 test)

Total Test time (real) =   0.21 sec
  -> PASS
  Automatic MOC for target sdurws_ird_evidence_contract_test
  sdurws_ird_evidence_contract_test.vcxproj -> D:\10_Source_Repos\21_robot\RobWork\build\RobWorkStudio\bin\Release\sdurws_ird_evidence_contract_test.exe

100% tests passed, 0 tests failed out of 1

Total Test time (real) =   0.10 sec
  -> PASS
  Automatic MOC for target sdurws_ird_evidence_test
  sdurws_ird_evidence_test.vcxproj -> D:\10_Source_Repos\21_robot\RobWork\build\RobWorkStudio\bin\Release\sdurws_ird_evidence_test.exe

100% tests passed, 0 tests failed out of 1

Total Test time (real) =   0.11 sec
  -> PASS
  Automatic MOC for target sdurws_ird_execution_contract_test
  sdurws_ird_execution_contract_test.vcxproj -> D:\10_Source_Repos\21_robot\RobWork\build\RobWorkStudio\bin\Release\sdurws_ird_execution_contract_test.exe

100% tests passed, 0 tests failed out of 1

Total Test time (real) =   2.70 sec
  -> PASS
  Automatic MOC for target sdurws_ird_execution_test
  sdurws_ird_execution_test.vcxproj -> D:\10_Source_Repos\21_robot\RobWork\build\RobWorkStudio\bin\Release\sdurws_ird_execution_test.exe

100% tests passed, 0 tests failed out of 1

Total Test time (real) =   1.22 sec
  -> PASS
  Automatic MOC for target sdurws_ird_io_contract_test
  sdurws_ird_io_contract_test.vcxproj -> D:\10_Source_Repos\21_robot\RobWork\build\RobWorkStudio\bin\Release\sdurws_ird_io_contract_test.exe

100% tests passed, 0 tests failed out of 1

Total Test time (real) =   0.64 sec
  -> PASS
  Automatic MOC for target sdurws_ird_io_test
  sdurws_ird_io_test.vcxproj -> D:\10_Source_Repos\21_robot\RobWork\build\RobWorkStudio\bin\Release\sdurws_ird_io_test.exe

100% tests passed, 0 tests failed out of 1

Total Test time (real) =   1.16 sec
  -> PASS
  Automatic MOC for target sdurws_ird_kinematics_contract_test
  sdurws_ird_kinematics_contract_test.vcxproj -> D:\10_Source_Repos\21_robot\RobWork\build\RobWorkStudio\bin\Release\sdurws_ird_kinematics_contract_test.exe
Label Time Summary:
ird    =   0.15 sec*proc (1 test)

Total Test time (real) =   0.16 sec
  -> PASS
  Automatic MOC for target sdurws_ird_kinematics_test
  sdurws_ird_kinematics_test.vcxproj -> D:\10_Source_Repos\21_robot\RobWork\build\RobWorkStudio\bin\Release\sdurws_ird_kinematics_test.exe
Label Time Summary:
ird    =   9.10 sec*proc (1 test)

Total Test time (real) =   9.11 sec
  -> PASS
  Automatic MOC for target sdurws_ird_modeling_contract_test
  sdurws_ird_modeling_contract_test.vcxproj -> D:\10_Source_Repos\21_robot\RobWork\build\RobWorkStudio\bin\Release\sdurws_ird_modeling_contract_test.exe
Label Time Summary:
ird    =   0.13 sec*proc (1 test)

Total Test time (real) =   0.14 sec
  -> PASS
  ModelingPanelGuiTest.cpp
  sdurws_ird_modeling_gui_test.vcxproj -> D:\10_Source_Repos\21_robot\RobWork\build\RobWorkStudio\bin\Release\sdurws_ird_modeling_gui_test.exe

The following tests FAILED:
	  2 - sdurws_ird_modeling_gui_test (Failed)             ird_gui
Errors while running CTest
  -> FAIL : ctest 失败（退出码 8）
  Automatic MOC for target sdurws_ird_modeling_test
  sdurws_ird_modeling_test.vcxproj -> D:\10_Source_Repos\21_robot\RobWork\build\RobWorkStudio\bin\Release\sdurws_ird_modeling_test.exe
Label Time Summary:
ird    =   0.35 sec*proc (1 test)

Total Test time (real) =   0.36 sec
  -> PASS
  Automatic MOC for target sdurws_ird_optimization_contract_test
  sdurws_ird_optimization_contract_test.vcxproj -> D:\10_Source_Repos\21_robot\RobWork\build\RobWorkStudio\bin\Release\sdurws_ird_optimization_contract_test.exe
Label Time Summary:
ird    =   0.43 sec*proc (1 test)

Total Test time (real) =   0.44 sec
  -> PASS
  Automatic MOC for target sdurws_ird_optimization_test
  sdurws_ird_optimization_test.vcxproj -> D:\10_Source_Repos\21_robot\RobWork\build\RobWorkStudio\bin\Release\sdurws_ird_optimization_test.exe
Label Time Summary:
ird    =   0.11 sec*proc (1 test)

Total Test time (real) =   0.11 sec
  -> PASS
  Automatic MOC for target sdurws_ird_policy_contract_test
  sdurws_ird_policy_contract_test.vcxproj -> D:\10_Source_Repos\21_robot\RobWork\build\RobWorkStudio\bin\Release\sdurws_ird_policy_contract_test.exe

100% tests passed, 0 tests failed out of 1

Total Test time (real) =   0.10 sec
  -> PASS
  Automatic MOC for target sdurws_ird_policy_test
  sdurws_ird_policy_test.vcxproj -> D:\10_Source_Repos\21_robot\RobWork\build\RobWorkStudio\bin\Release\sdurws_ird_policy_test.exe

100% tests passed, 0 tests failed out of 1

Total Test time (real) =   0.11 sec
  -> PASS
  Automatic MOC for target sdurws_ird_project_contract_test
  sdurws_ird_project_contract_test.vcxproj -> D:\10_Source_Repos\21_robot\RobWork\build\RobWorkStudio\bin\Release\sdurws_ird_project_contract_test.exe

100% tests passed, 0 tests failed out of 1

Total Test time (real) =   6.68 sec
  -> PASS
  Automatic MOC for target sdurws_ird_project_test
  sdurws_ird_project_test.vcxproj -> D:\10_Source_Repos\21_robot\RobWork\build\RobWorkStudio\bin\Release\sdurws_ird_project_test.exe

100% tests passed, 0 tests failed out of 1

Total Test time (real) =   7.53 sec
  -> PASS
  Automatic MOC for target sdurws_ird_reporting_contract_test
  sdurws_ird_reporting_contract_test.vcxproj -> D:\10_Source_Repos\21_robot\RobWork\build\RobWorkStudio\bin\Release\sdurws_ird_reporting_contract_test.exe

100% tests passed, 0 tests failed out of 1

Total Test time (real) =   0.13 sec
  -> PASS
  Automatic MOC for target sdurws_ird_reporting_test
  sdurws_ird_reporting_test.vcxproj -> D:\10_Source_Repos\21_robot\RobWork\build\RobWorkStudio\bin\Release\sdurws_ird_reporting_test.exe

100% tests passed, 0 tests failed out of 1

Total Test time (real) =   0.41 sec
  -> PASS
  Automatic MOC for target sdurws_ird_requirements_contract_test
  sdurws_ird_requirements_contract_test.vcxproj -> D:\10_Source_Repos\21_robot\RobWork\build\RobWorkStudio\bin\Release\sdurws_ird_requirements_contract_test.exe
Label Time Summary:
ird    =   0.14 sec*proc (1 test)

Total Test time (real) =   0.15 sec
  -> PASS
  RequirementsView3DFlowTest.cpp
  sdurws_ird_requirements_gui_test.vcxproj -> D:\10_Source_Repos\21_robot\RobWork\build\RobWorkStudio\bin\Release\sdurws_ird_requirements_gui_test.exe
Label Time Summary:
ird_gui    =   1.57 sec*proc (1 test)

Total Test time (real) =   1.58 sec
  -> PASS
  PluginPanelTest.cpp
  sdurws_ird_requirements_test.vcxproj -> D:\10_Source_Repos\21_robot\RobWork\build\RobWorkStudio\bin\Release\sdurws_ird_requirements_test.exe
Label Time Summary:
ird    =   0.26 sec*proc (1 test)

Total Test time (real) =   0.26 sec
  -> PASS
  Automatic MOC for target sdurws_ird_runtime_test
  sdurws_ird_runtime_test.vcxproj -> D:\10_Source_Repos\21_robot\RobWork\build\RobWorkStudio\bin\Release\sdurws_ird_runtime_test.exe
Label Time Summary:
ird    =   0.43 sec*proc (1 test)

Total Test time (real) =   0.44 sec
  -> PASS
  Automatic MOC for target sdurws_ird_selection_contract_test
  sdurws_ird_selection_contract_test.vcxproj -> D:\10_Source_Repos\21_robot\RobWork\build\RobWorkStudio\bin\Release\sdurws_ird_selection_contract_test.exe
Label Time Summary:
ird    =   0.12 sec*proc (1 test)

Total Test time (real) =   0.13 sec
  -> PASS
  Automatic MOC for target sdurws_ird_selection_test
  sdurws_ird_selection_test.vcxproj -> D:\10_Source_Repos\21_robot\RobWork\build\RobWorkStudio\bin\Release\sdurws_ird_selection_test.exe
Label Time Summary:
ird    =   0.13 sec*proc (1 test)

Total Test time (real) =   0.13 sec
  -> PASS
  Automatic MOC for target sdurws_ird_testkit_test
  sdurws_ird_testkit_test.vcxproj -> D:\10_Source_Repos\21_robot\RobWork\build\RobWorkStudio\bin\Release\sdurws_ird_testkit_test.exe

100% tests passed, 0 tests failed out of 1

Total Test time (real) =   9.29 sec
  -> PASS
  Automatic MOC for target sdurws_ird_trajectory_contract_test
  sdurws_ird_trajectory_contract_test.vcxproj -> D:\10_Source_Repos\21_robot\RobWork\build\RobWorkStudio\bin\Release\sdurws_ird_trajectory_contract_test.exe
Label Time Summary:
ird    =   0.11 sec*proc (1 test)

Total Test time (real) =   0.12 sec
  -> PASS
  Automatic MOC for target sdurws_ird_trajectory_test
  sdurws_ird_trajectory_test.vcxproj -> D:\10_Source_Repos\21_robot\RobWork\build\RobWorkStudio\bin\Release\sdurws_ird_trajectory_test.exe
Label Time Summary:
ird    =   0.44 sec*proc (1 test)

Total Test time (real) =   0.46 sec
  -> PASS
  HostIntegrationContractTest.cpp
  sdurws_ird_ui_contract_test.vcxproj -> D:\10_Source_Repos\21_robot\RobWork\build\RobWorkStudio\bin\Release\sdurws_ird_ui_contract_test.exe
Label Time Summary:
ird    =   0.23 sec*proc (1 test)

Total Test time (real) =   0.24 sec
  -> PASS
  HostView3DGateway.cpp
  sdurws_ird_ui_gui_test.vcxproj -> D:\10_Source_Repos\21_robot\RobWork\build\RobWorkStudio\bin\Release\sdurws_ird_ui_gui_test.exe

The following tests FAILED:
	  3 - sdurws_ird_ui_gui_test (Failed)                   ird_gui
Errors while running CTest
  -> FAIL : ctest 失败（退出码 8）
  KinEvaluationChannelTest.cpp
  sdurws_ird_ui_test.vcxproj -> D:\10_Source_Repos\21_robot\RobWork\build\RobWorkStudio\bin\Release\sdurws_ird_ui_test.exe
Label Time Summary:
ird    =   1.83 sec*proc (1 test)

Total Test time (real) =   1.84 sec
  -> PASS
  Automatic MOC for target sdurws_ird_workflow_contract_test
  sdurws_ird_workflow_contract_test.vcxproj -> D:\10_Source_Repos\21_robot\RobWork\build\RobWorkStudio\bin\Release\sdurws_ird_workflow_contract_test.exe
Label Time Summary:
ird    =   0.64 sec*proc (1 test)

Total Test time (real) =   0.65 sec
  -> PASS
  Automatic MOC for target sdurws_ird_workflow_test
  sdurws_ird_workflow_test.vcxproj -> D:\10_Source_Repos\21_robot\RobWork\build\RobWorkStudio\bin\Release\sdurws_ird_workflow_test.exe
Label Time Summary:
ird    =   0.12 sec*proc (1 test)

Total Test time (real) =   0.13 sec
  -> PASS
CMake Error at D:/10_Source_Repos/21_robot/RobWork/vcpkg/scripts/buildsystems/vcpkg.cmake:939 (_find_package):
  By not providing "FindQt6.cmake" in CMAKE_MODULE_PATH this project has
  asked CMake to find a package configuration file provided by "Qt6", but
  CMake did not find one.

  Could not find a package configuration file provided by "Qt6" with any of
  the following names:

    Qt6.cps
    qt6.cps
    Qt6Config.cmake
    qt6-config.cmake

  Add the installation prefix of "Qt6" to CMAKE_PREFIX_PATH or set "Qt6_DIR"
  to a directory containing one of the above files.  If "Qt6" provides a
  separate development package or SDK, be sure it has been installed.
Call Stack (most recent call first):
  testkit/CMakeLists.txt:239 (find_package)


  -> FAIL : 独立冒烟配置失败（必须带 vcpkg toolchain——DTB §5.5/F-002）（未提供 Qt 前缀——补 -QtPrefix <Qt msvc 目录> 或设 CMAKE_PREFIX_PATH；F-455：testkit_qt 自 WP-10-T02 起要求 Qt6）

================ gate-all 汇总 ================
PASS  集成树缓存确认（RWS_BUILD_INDUSTRIALROBOT=ON 已在位）
PASS  ird_gates（依赖红线/补丁门禁）
PASS  集成模式测试发现（40 个注册: sdurws_ird_core_test, sdurws_ird_diagnostics_contract_test, sdurws_ird_diagnostics_test, sdurws_ird_drivetrain_contract_test, sdurws_ird_drivetrain_test, sdurws_ird_dynamics_contract_test, sdurws_ird_dynamics_test, sdurws_ird_evidence_contract_test, sdurws_ird_evidence_test, sdurws_ird_execution_contract_test, sdurws_ird_execution_test, sdurws_ird_io_contract_test, sdurws_ird_io_test, sdurws_ird_kinematics_contract_test, sdurws_ird_kinematics_test, sdurws_ird_modeling_contract_test, sdurws_ird_modeling_gui_test, sdurws_ird_modeling_test, sdurws_ird_optimization_contract_test, sdurws_ird_optimization_test, sdurws_ird_policy_contract_test, sdurws_ird_policy_test, sdurws_ird_project_contract_test, sdurws_ird_project_test, sdurws_ird_reporting_contract_test, sdurws_ird_reporting_test, sdurws_ird_requirements_contract_test, sdurws_ird_requirements_gui_test, sdurws_ird_requirements_test, sdurws_ird_runtime_test, sdurws_ird_selection_contract_test, sdurws_ird_selection_test, sdurws_ird_testkit_test, sdurws_ird_trajectory_contract_test, sdurws_ird_trajectory_test, sdurws_ird_ui_contract_test, sdurws_ird_ui_gui_test, sdurws_ird_ui_test, sdurws_ird_workflow_contract_test, sdurws_ird_workflow_test）
PASS  集成测试 sdurws_ird_core_test
PASS  集成测试 sdurws_ird_diagnostics_contract_test
PASS  集成测试 sdurws_ird_diagnostics_test
PASS  集成测试 sdurws_ird_drivetrain_contract_test
PASS  集成测试 sdurws_ird_drivetrain_test
PASS  集成测试 sdurws_ird_dynamics_contract_test
PASS  集成测试 sdurws_ird_dynamics_test
PASS  集成测试 sdurws_ird_evidence_contract_test
PASS  集成测试 sdurws_ird_evidence_test
PASS  集成测试 sdurws_ird_execution_contract_test
PASS  集成测试 sdurws_ird_execution_test
PASS  集成测试 sdurws_ird_io_contract_test
PASS  集成测试 sdurws_ird_io_test
PASS  集成测试 sdurws_ird_kinematics_contract_test
PASS  集成测试 sdurws_ird_kinematics_test
PASS  集成测试 sdurws_ird_modeling_contract_test
FAIL  集成测试 sdurws_ird_modeling_gui_test : ctest 失败（退出码 8）
PASS  集成测试 sdurws_ird_modeling_test
PASS  集成测试 sdurws_ird_optimization_contract_test
PASS  集成测试 sdurws_ird_optimization_test
PASS  集成测试 sdurws_ird_policy_contract_test
PASS  集成测试 sdurws_ird_policy_test
PASS  集成测试 sdurws_ird_project_contract_test
PASS  集成测试 sdurws_ird_project_test
PASS  集成测试 sdurws_ird_reporting_contract_test
PASS  集成测试 sdurws_ird_reporting_test
PASS  集成测试 sdurws_ird_requirements_contract_test
PASS  集成测试 sdurws_ird_requirements_gui_test
PASS  集成测试 sdurws_ird_requirements_test
PASS  集成测试 sdurws_ird_runtime_test
PASS  集成测试 sdurws_ird_selection_contract_test
PASS  集成测试 sdurws_ird_selection_test
PASS  集成测试 sdurws_ird_testkit_test
PASS  集成测试 sdurws_ird_trajectory_contract_test
PASS  集成测试 sdurws_ird_trajectory_test
PASS  集成测试 sdurws_ird_ui_contract_test
FAIL  集成测试 sdurws_ird_ui_gui_test : ctest 失败（退出码 8）
PASS  集成测试 sdurws_ird_ui_test
PASS  集成测试 sdurws_ird_workflow_contract_test
PASS  集成测试 sdurws_ird_workflow_test
FAIL  冒烟树配置 : 独立冒烟配置失败（必须带 vcpkg toolchain——DTB §5.5/F-002）（未提供 Qt 前缀——补 -QtPrefix <Qt msvc 目录> 或设 CMAKE_PREFIX_PATH；F-455：testkit_qt 自 WP-10-T02 起要求 Qt6）
================================================
结果: 41/44 通过
存在失败项——本地一键门槛未过，禁止提交（契约 acceptance 1）
EXIT=1
