Running main() from D:\10_Source_Repos\21_robot\RobWork\vcpkg\buildtrees\gtest\src\v1.18.0-e6987f02b9.clean\googletest\src\gtest_main.cc
Note: Google Test filter = ScriptedDoubleBoundary.*
[==========] Running 2 tests from 1 test suite.
[----------] Global test environment set-up.
[----------] 2 tests from ScriptedDoubleBoundary
[ RUN      ] ScriptedDoubleBoundary.DoubleLivesOnlyInTestSources_EV_REG_3
D:\10_Source_Repos\21_robot\RobWork\RobWork\RobWorkStudio\src\rwslibs\industrialrobot\evidence\test\EvaluatorPortSuiteTest.cpp(1052): error: Failed
产品源码出现替身符号: D:/10_Source_Repos/21_robot/RobWork/RobWork/RobWorkStudio/src/rwslibs/industrialrobot/evidence/..\evidence\src\Evaluator.cpp

D:\10_Source_Repos\21_robot\RobWork\RobWork\RobWorkStudio\src\rwslibs\industrialrobot\evidence\test\EvaluatorPortSuiteTest.cpp(1057): error: Expected equality of these values:
  hits
    Which is: 1
  0u
    Which is: 0

[  FAILED  ] ScriptedDoubleBoundary.DoubleLivesOnlyInTestSources_EV_REG_3 (4 ms)
[ RUN      ] ScriptedDoubleBoundary.BoundaryDeclarationDocumentedInReadme_EV_REG_3
[       OK ] ScriptedDoubleBoundary.BoundaryDeclarationDocumentedInReadme_EV_REG_3 (0 ms)
[----------] 2 tests from ScriptedDoubleBoundary (4 ms total)

[----------] Global test environment tear-down
[==========] 2 tests from 1 test suite ran. (5 ms total)
[  PASSED  ] 1 test.
[  FAILED  ] 1 test, listed below:
[  FAILED  ] ScriptedDoubleBoundary.DoubleLivesOnlyInTestSources_EV_REG_3

 1 FAILED TEST
