适用于 .NET Framework MSBuild 版本 17.12.6+db5f6012c

D:\software\Microsoft Visual Studio\2022\Community\MSBuild\Microsoft\VC\v170\Microsoft.CppBuild.targets(541,5): warning MSB8029: 中间目录或输出目录无法驻留在临时目录下，因为这可能会导致增量生成出现问题。 [C:\Users\zgl18\AppData\Local\Temp\wp10t16-smoke-rework\ZERO_CHECK.vcxproj]
D:\software\Microsoft Visual Studio\2022\Community\MSBuild\Microsoft\VC\v170\Microsoft.CppBuild.targets(541,5): warning MSB8029: 中间目录或输出目录无法驻留在临时目录下，因为这可能会导致增量生成出现问题。 [C:\Users\zgl18\AppData\Local\Temp\wp10t16-smoke-rework\core\sdurws_ird_core.vcxproj]
  sdurws_ird_core.vcxproj -> C:\Users\zgl18\AppData\Local\Temp\wp10t16-smoke-rework\core\Release\sdurws_ird_core.lib
D:\software\Microsoft Visual Studio\2022\Community\MSBuild\Microsoft\VC\v170\Microsoft.CppBuild.targets(541,5): warning MSB8029: 中间目录或输出目录无法驻留在临时目录下，因为这可能会导致增量生成出现问题。 [C:\Users\zgl18\AppData\Local\Temp\wp10t16-smoke-rework\core\sdurws_ird_core_test.vcxproj]
  sdurws_ird_core_test.vcxproj -> C:\Users\zgl18\AppData\Local\Temp\wp10t16-smoke-rework\core\Release\sdurws_ird_core_test.exe
D:\software\Microsoft Visual Studio\2022\Community\MSBuild\Microsoft\VC\v170\Microsoft.CppBuild.targets(541,5): warning MSB8029: 中间目录或输出目录无法驻留在临时目录下，因为这可能会导致增量生成出现问题。 [C:\Users\zgl18\AppData\Local\Temp\wp10t16-smoke-rework\diagnostics\sdurws_ird_diagnostics.vcxproj]
  sdurws_ird_diagnostics.vcxproj -> C:\Users\zgl18\AppData\Local\Temp\wp10t16-smoke-rework\diagnostics\Release\sdurws_ird_diagnostics.lib
D:\software\Microsoft Visual Studio\2022\Community\MSBuild\Microsoft\VC\v170\Microsoft.CppBuild.targets(541,5): warning MSB8029: 中间目录或输出目录无法驻留在临时目录下，因为这可能会导致增量生成出现问题。 [C:\Users\zgl18\AppData\Local\Temp\wp10t16-smoke-rework\testkit\sdurws_ird_testkit.vcxproj]
  sdurws_ird_testkit.vcxproj -> C:\Users\zgl18\AppData\Local\Temp\wp10t16-smoke-rework\testkit\Release\sdurws_ird_testkit.lib
D:\software\Microsoft Visual Studio\2022\Community\MSBuild\Microsoft\VC\v170\Microsoft.CppBuild.targets(541,5): warning MSB8029: 中间目录或输出目录无法驻留在临时目录下，因为这可能会导致增量生成出现问题。 [C:\Users\zgl18\AppData\Local\Temp\wp10t16-smoke-rework\diagnostics\sdurws_ird_diagnostics_contract_test.vcxproj]
  sdurws_ird_diagnostics_contract_test.vcxproj -> C:\Users\zgl18\AppData\Local\Temp\wp10t16-smoke-rework\diagnostics\Release\sdurws_ird_diagnostics_contract_test.exe
D:\software\Microsoft Visual Studio\2022\Community\MSBuild\Microsoft\VC\v170\Microsoft.CppBuild.targets(541,5): warning MSB8029: 中间目录或输出目录无法驻留在临时目录下，因为这可能会导致增量生成出现问题。 [C:\Users\zgl18\AppData\Local\Temp\wp10t16-smoke-rework\diagnostics\sdurws_ird_diagnostics_test.vcxproj]
  sdurws_ird_diagnostics_test.vcxproj -> C:\Users\zgl18\AppData\Local\Temp\wp10t16-smoke-rework\diagnostics\Release\sdurws_ird_diagnostics_test.exe
D:\software\Microsoft Visual Studio\2022\Community\MSBuild\Microsoft\VC\v170\Microsoft.CppBuild.targets(541,5): warning MSB8029: 中间目录或输出目录无法驻留在临时目录下，因为这可能会导致增量生成出现问题。 [C:\Users\zgl18\AppData\Local\Temp\wp10t16-smoke-rework\evidence\sdurws_ird_evidence.vcxproj]
  sdurws_ird_evidence.vcxproj -> C:\Users\zgl18\AppData\Local\Temp\wp10t16-smoke-rework\evidence\Release\sdurws_ird_evidence.lib
D:\software\Microsoft Visual Studio\2022\Community\MSBuild\Microsoft\VC\v170\Microsoft.CppBuild.targets(541,5): warning MSB8029: 中间目录或输出目录无法驻留在临时目录下，因为这可能会导致增量生成出现问题。 [C:\Users\zgl18\AppData\Local\Temp\wp10t16-smoke-rework\evidence\sdurws_ird_evidence_contract_test.vcxproj]
  sdurws_ird_evidence_contract_test.vcxproj -> C:\Users\zgl18\AppData\Local\Temp\wp10t16-smoke-rework\evidence\Release\sdurws_ird_evidence_contract_test.exe
D:\software\Microsoft Visual Studio\2022\Community\MSBuild\Microsoft\VC\v170\Microsoft.CppBuild.targets(541,5): warning MSB8029: 中间目录或输出目录无法驻留在临时目录下，因为这可能会导致增量生成出现问题。 [C:\Users\zgl18\AppData\Local\Temp\wp10t16-smoke-rework\evidence\sdurws_ird_evidence_test.vcxproj]
  sdurws_ird_evidence_test.vcxproj -> C:\Users\zgl18\AppData\Local\Temp\wp10t16-smoke-rework\evidence\Release\sdurws_ird_evidence_test.exe
D:\software\Microsoft Visual Studio\2022\Community\MSBuild\Microsoft\VC\v170\Microsoft.CppBuild.targets(541,5): warning MSB8029: 中间目录或输出目录无法驻留在临时目录下，因为这可能会导致增量生成出现问题。 [C:\Users\zgl18\AppData\Local\Temp\wp10t16-smoke-rework\project\sdurws_ird_project.vcxproj]
  sdurws_ird_project.vcxproj -> C:\Users\zgl18\AppData\Local\Temp\wp10t16-smoke-rework\project\Release\sdurws_ird_project.lib
D:\software\Microsoft Visual Studio\2022\Community\MSBuild\Microsoft\VC\v170\Microsoft.CppBuild.targets(541,5): warning MSB8029: 中间目录或输出目录无法驻留在临时目录下，因为这可能会导致增量生成出现问题。 [C:\Users\zgl18\AppData\Local\Temp\wp10t16-smoke-rework\execution\sdurws_ird_execution.vcxproj]
  sdurws_ird_execution.vcxproj -> C:\Users\zgl18\AppData\Local\Temp\wp10t16-smoke-rework\execution\Release\sdurws_ird_execution.lib
D:\software\Microsoft Visual Studio\2022\Community\MSBuild\Microsoft\VC\v170\Microsoft.CppBuild.targets(541,5): warning MSB8029: 中间目录或输出目录无法驻留在临时目录下，因为这可能会导致增量生成出现问题。 [C:\Users\zgl18\AppData\Local\Temp\wp10t16-smoke-rework\execution\sdurws_ird_execution_worker.vcxproj]
  sdurws_ird_execution_worker.vcxproj -> C:\Users\zgl18\AppData\Local\Temp\wp10t16-smoke-rework\execution\Release\sdurws_ird_execution_worker.exe
D:\software\Microsoft Visual Studio\2022\Community\MSBuild\Microsoft\VC\v170\Microsoft.CppBuild.targets(541,5): warning MSB8029: 中间目录或输出目录无法驻留在临时目录下，因为这可能会导致增量生成出现问题。 [C:\Users\zgl18\AppData\Local\Temp\wp10t16-smoke-rework\execution\sdurws_ird_execution_contract_test.vcxproj]
  sdurws_ird_execution_contract_test.vcxproj -> C:\Users\zgl18\AppData\Local\Temp\wp10t16-smoke-rework\execution\Release\sdurws_ird_execution_contract_test.exe
D:\software\Microsoft Visual Studio\2022\Community\MSBuild\Microsoft\VC\v170\Microsoft.CppBuild.targets(541,5): warning MSB8029: 中间目录或输出目录无法驻留在临时目录下，因为这可能会导致增量生成出现问题。 [C:\Users\zgl18\AppData\Local\Temp\wp10t16-smoke-rework\execution\sdurws_ird_execution_test.vcxproj]
  sdurws_ird_execution_test.vcxproj -> C:\Users\zgl18\AppData\Local\Temp\wp10t16-smoke-rework\execution\Release\sdurws_ird_execution_test.exe
D:\software\Microsoft Visual Studio\2022\Community\MSBuild\Microsoft\VC\v170\Microsoft.CppBuild.targets(541,5): warning MSB8029: 中间目录或输出目录无法驻留在临时目录下，因为这可能会导致增量生成出现问题。 [C:\Users\zgl18\AppData\Local\Temp\wp10t16-smoke-rework\io\sdurws_ird_io.vcxproj]
  sdurws_ird_io.vcxproj -> C:\Users\zgl18\AppData\Local\Temp\wp10t16-smoke-rework\io\Release\sdurws_ird_io.lib
D:\software\Microsoft Visual Studio\2022\Community\MSBuild\Microsoft\VC\v170\Microsoft.CppBuild.targets(541,5): warning MSB8029: 中间目录或输出目录无法驻留在临时目录下，因为这可能会导致增量生成出现问题。 [C:\Users\zgl18\AppData\Local\Temp\wp10t16-smoke-rework\io\sdurws_ird_io_contract_test.vcxproj]
  sdurws_ird_io_contract_test.vcxproj -> C:\Users\zgl18\AppData\Local\Temp\wp10t16-smoke-rework\io\Release\sdurws_ird_io_contract_test.exe
D:\software\Microsoft Visual Studio\2022\Community\MSBuild\Microsoft\VC\v170\Microsoft.CppBuild.targets(541,5): warning MSB8029: 中间目录或输出目录无法驻留在临时目录下，因为这可能会导致增量生成出现问题。 [C:\Users\zgl18\AppData\Local\Temp\wp10t16-smoke-rework\io\sdurws_ird_io_test.vcxproj]
  sdurws_ird_io_test.vcxproj -> C:\Users\zgl18\AppData\Local\Temp\wp10t16-smoke-rework\io\Release\sdurws_ird_io_test.exe
D:\software\Microsoft Visual Studio\2022\Community\MSBuild\Microsoft\VC\v170\Microsoft.CppBuild.targets(541,5): warning MSB8029: 中间目录或输出目录无法驻留在临时目录下，因为这可能会导致增量生成出现问题。 [C:\Users\zgl18\AppData\Local\Temp\wp10t16-smoke-rework\policy\sdurws_ird_policy.vcxproj]
  sdurws_ird_policy.vcxproj -> C:\Users\zgl18\AppData\Local\Temp\wp10t16-smoke-rework\policy\Release\sdurws_ird_policy.lib
D:\software\Microsoft Visual Studio\2022\Community\MSBuild\Microsoft\VC\v170\Microsoft.CppBuild.targets(541,5): warning MSB8029: 中间目录或输出目录无法驻留在临时目录下，因为这可能会导致增量生成出现问题。 [C:\Users\zgl18\AppData\Local\Temp\wp10t16-smoke-rework\runtime\sdurws_ird_runtime.vcxproj]
  sdurws_ird_runtime.vcxproj -> C:\Users\zgl18\AppData\Local\Temp\wp10t16-smoke-rework\runtime\Release\sdurws_ird_runtime.lib
D:\software\Microsoft Visual Studio\2022\Community\MSBuild\Microsoft\VC\v170\Microsoft.CppBuild.targets(541,5): warning MSB8029: 中间目录或输出目录无法驻留在临时目录下，因为这可能会导致增量生成出现问题。 [C:\Users\zgl18\AppData\Local\Temp\wp10t16-smoke-rework\modeling\sdurws_ird_modeling.vcxproj]
  sdurws_ird_modeling.vcxproj -> C:\Users\zgl18\AppData\Local\Temp\wp10t16-smoke-rework\modeling\Release\sdurws_ird_modeling.lib
D:\software\Microsoft Visual Studio\2022\Community\MSBuild\Microsoft\VC\v170\Microsoft.CppBuild.targets(541,5): warning MSB8029: 中间目录或输出目录无法驻留在临时目录下，因为这可能会导致增量生成出现问题。 [C:\Users\zgl18\AppData\Local\Temp\wp10t16-smoke-rework\modeling\sdurws_ird_modeling_contract_test.vcxproj]
  sdurws_ird_modeling_contract_test.vcxproj -> C:\Users\zgl18\AppData\Local\Temp\wp10t16-smoke-rework\modeling\Release\sdurws_ird_modeling_contract_test.exe
D:\software\Microsoft Visual Studio\2022\Community\MSBuild\Microsoft\VC\v170\Microsoft.CppBuild.targets(541,5): warning MSB8029: 中间目录或输出目录无法驻留在临时目录下，因为这可能会导致增量生成出现问题。 [C:\Users\zgl18\AppData\Local\Temp\wp10t16-smoke-rework\modeling\sdurws_ird_modeling_test.vcxproj]
  sdurws_ird_modeling_test.vcxproj -> C:\Users\zgl18\AppData\Local\Temp\wp10t16-smoke-rework\modeling\Release\sdurws_ird_modeling_test.exe
D:\software\Microsoft Visual Studio\2022\Community\MSBuild\Microsoft\VC\v170\Microsoft.CppBuild.targets(541,5): warning MSB8029: 中间目录或输出目录无法驻留在临时目录下，因为这可能会导致增量生成出现问题。 [C:\Users\zgl18\AppData\Local\Temp\wp10t16-smoke-rework\policy\sdurws_ird_policy_contract_test.vcxproj]
  sdurws_ird_policy_contract_test.vcxproj -> C:\Users\zgl18\AppData\Local\Temp\wp10t16-smoke-rework\policy\Release\sdurws_ird_policy_contract_test.exe
D:\software\Microsoft Visual Studio\2022\Community\MSBuild\Microsoft\VC\v170\Microsoft.CppBuild.targets(541,5): warning MSB8029: 中间目录或输出目录无法驻留在临时目录下，因为这可能会导致增量生成出现问题。 [C:\Users\zgl18\AppData\Local\Temp\wp10t16-smoke-rework\policy\sdurws_ird_policy_test.vcxproj]
  sdurws_ird_policy_test.vcxproj -> C:\Users\zgl18\AppData\Local\Temp\wp10t16-smoke-rework\policy\Release\sdurws_ird_policy_test.exe
D:\software\Microsoft Visual Studio\2022\Community\MSBuild\Microsoft\VC\v170\Microsoft.CppBuild.targets(541,5): warning MSB8029: 中间目录或输出目录无法驻留在临时目录下，因为这可能会导致增量生成出现问题。 [C:\Users\zgl18\AppData\Local\Temp\wp10t16-smoke-rework\project\sdurws_ird_project_contract_test.vcxproj]
  sdurws_ird_project_contract_test.vcxproj -> C:\Users\zgl18\AppData\Local\Temp\wp10t16-smoke-rework\project\Release\sdurws_ird_project_contract_test.exe
D:\software\Microsoft Visual Studio\2022\Community\MSBuild\Microsoft\VC\v170\Microsoft.CppBuild.targets(541,5): warning MSB8029: 中间目录或输出目录无法驻留在临时目录下，因为这可能会导致增量生成出现问题。 [C:\Users\zgl18\AppData\Local\Temp\wp10t16-smoke-rework\project\sdurws_ird_project_test.vcxproj]
  sdurws_ird_project_test.vcxproj -> C:\Users\zgl18\AppData\Local\Temp\wp10t16-smoke-rework\project\Release\sdurws_ird_project_test.exe
D:\software\Microsoft Visual Studio\2022\Community\MSBuild\Microsoft\VC\v170\Microsoft.CppBuild.targets(541,5): warning MSB8029: 中间目录或输出目录无法驻留在临时目录下，因为这可能会导致增量生成出现问题。 [C:\Users\zgl18\AppData\Local\Temp\wp10t16-smoke-rework\reporting\sdurws_ird_reporting.vcxproj]
  sdurws_ird_reporting.vcxproj -> C:\Users\zgl18\AppData\Local\Temp\wp10t16-smoke-rework\reporting\Release\sdurws_ird_reporting.lib
D:\software\Microsoft Visual Studio\2022\Community\MSBuild\Microsoft\VC\v170\Microsoft.CppBuild.targets(541,5): warning MSB8029: 中间目录或输出目录无法驻留在临时目录下，因为这可能会导致增量生成出现问题。 [C:\Users\zgl18\AppData\Local\Temp\wp10t16-smoke-rework\reporting\sdurws_ird_reporting_contract_test.vcxproj]
  sdurws_ird_reporting_contract_test.vcxproj -> C:\Users\zgl18\AppData\Local\Temp\wp10t16-smoke-rework\reporting\Release\sdurws_ird_reporting_contract_test.exe
D:\software\Microsoft Visual Studio\2022\Community\MSBuild\Microsoft\VC\v170\Microsoft.CppBuild.targets(541,5): warning MSB8029: 中间目录或输出目录无法驻留在临时目录下，因为这可能会导致增量生成出现问题。 [C:\Users\zgl18\AppData\Local\Temp\wp10t16-smoke-rework\reporting\sdurws_ird_reporting_test.vcxproj]
  sdurws_ird_reporting_test.vcxproj -> C:\Users\zgl18\AppData\Local\Temp\wp10t16-smoke-rework\reporting\Release\sdurws_ird_reporting_test.exe
D:\software\Microsoft Visual Studio\2022\Community\MSBuild\Microsoft\VC\v170\Microsoft.CppBuild.targets(541,5): warning MSB8029: 中间目录或输出目录无法驻留在临时目录下，因为这可能会导致增量生成出现问题。 [C:\Users\zgl18\AppData\Local\Temp\wp10t16-smoke-rework\runtime\sdurws_ird_runtime_test.vcxproj]
  sdurws_ird_runtime_test.vcxproj -> C:\Users\zgl18\AppData\Local\Temp\wp10t16-smoke-rework\runtime\Release\sdurws_ird_runtime_test.exe
D:\software\Microsoft Visual Studio\2022\Community\MSBuild\Microsoft\VC\v170\Microsoft.CppBuild.targets(541,5): warning MSB8029: 中间目录或输出目录无法驻留在临时目录下，因为这可能会导致增量生成出现问题。 [C:\Users\zgl18\AppData\Local\Temp\wp10t16-smoke-rework\testkit\sdurws_ird_testdata_lint.vcxproj]
  sdurws_ird_testdata_lint.vcxproj -> C:\Users\zgl18\AppData\Local\Temp\wp10t16-smoke-rework\testkit\Release\sdurws_ird_testdata_lint.exe
D:\software\Microsoft Visual Studio\2022\Community\MSBuild\Microsoft\VC\v170\Microsoft.CppBuild.targets(541,5): warning MSB8029: 中间目录或输出目录无法驻留在临时目录下，因为这可能会导致增量生成出现问题。 [C:\Users\zgl18\AppData\Local\Temp\wp10t16-smoke-rework\testkit\sdurws_ird_testkit_prochelper.vcxproj]
  sdurws_ird_testkit_prochelper.vcxproj -> C:\Users\zgl18\AppData\Local\Temp\wp10t16-smoke-rework\testkit\Release\sdurws_ird_testkit_prochelper.exe
D:\software\Microsoft Visual Studio\2022\Community\MSBuild\Microsoft\VC\v170\Microsoft.CppBuild.targets(541,5): warning MSB8029: 中间目录或输出目录无法驻留在临时目录下，因为这可能会导致增量生成出现问题。 [C:\Users\zgl18\AppData\Local\Temp\wp10t16-smoke-rework\testkit\sdurws_ird_testkit_test.vcxproj]
  sdurws_ird_testkit_test.vcxproj -> C:\Users\zgl18\AppData\Local\Temp\wp10t16-smoke-rework\testkit\Release\sdurws_ird_testkit_test.exe
D:\software\Microsoft Visual Studio\2022\Community\MSBuild\Microsoft\VC\v170\Microsoft.CppBuild.targets(541,5): warning MSB8029: 中间目录或输出目录无法驻留在临时目录下，因为这可能会导致增量生成出现问题。 [C:\Users\zgl18\AppData\Local\Temp\wp10t16-smoke-rework\ui\sdurws_ird_ui.vcxproj]
  sdurws_ird_ui.vcxproj -> C:\Users\zgl18\AppData\Local\Temp\wp10t16-smoke-rework\ui\Release\sdurws_ird_ui.lib
D:\software\Microsoft Visual Studio\2022\Community\MSBuild\Microsoft\VC\v170\Microsoft.CppBuild.targets(541,5): warning MSB8029: 中间目录或输出目录无法驻留在临时目录下，因为这可能会导致增量生成出现问题。 [C:\Users\zgl18\AppData\Local\Temp\wp10t16-smoke-rework\ui\sdurws_ird_ui_app.vcxproj]
  sdurws_ird_ui_app.vcxproj -> C:\Users\zgl18\AppData\Local\Temp\wp10t16-smoke-rework\ui\Release\sdurws_ird_ui_app.exe
D:\software\Microsoft Visual Studio\2022\Community\MSBuild\Microsoft\VC\v170\Microsoft.CppBuild.targets(541,5): warning MSB8029: 中间目录或输出目录无法驻留在临时目录下，因为这可能会导致增量生成出现问题。 [C:\Users\zgl18\AppData\Local\Temp\wp10t16-smoke-rework\ui\sdurws_ird_ui_contract_test.vcxproj]
  sdurws_ird_ui_contract_test.vcxproj -> C:\Users\zgl18\AppData\Local\Temp\wp10t16-smoke-rework\ui\Release\sdurws_ird_ui_contract_test.exe
D:\software\Microsoft Visual Studio\2022\Community\MSBuild\Microsoft\VC\v170\Microsoft.CppBuild.targets(541,5): warning MSB8029: 中间目录或输出目录无法驻留在临时目录下，因为这可能会导致增量生成出现问题。 [C:\Users\zgl18\AppData\Local\Temp\wp10t16-smoke-rework\ui\sdurws_ird_ui_gui_test.vcxproj]
  sdurws_ird_ui_gui_test.vcxproj -> C:\Users\zgl18\AppData\Local\Temp\wp10t16-smoke-rework\ui\Release\sdurws_ird_ui_gui_test.exe
D:\software\Microsoft Visual Studio\2022\Community\MSBuild\Microsoft\VC\v170\Microsoft.CppBuild.targets(541,5): warning MSB8029: 中间目录或输出目录无法驻留在临时目录下，因为这可能会导致增量生成出现问题。 [C:\Users\zgl18\AppData\Local\Temp\wp10t16-smoke-rework\ui\sdurws_ird_ui_test.vcxproj]
  sdurws_ird_ui_test.vcxproj -> C:\Users\zgl18\AppData\Local\Temp\wp10t16-smoke-rework\ui\Release\sdurws_ird_ui_test.exe
D:\software\Microsoft Visual Studio\2022\Community\MSBuild\Microsoft\VC\v170\Microsoft.CppBuild.targets(541,5): warning MSB8029: 中间目录或输出目录无法驻留在临时目录下，因为这可能会导致增量生成出现问题。 [C:\Users\zgl18\AppData\Local\Temp\wp10t16-smoke-rework\ALL_BUILD.vcxproj]
