[ird-ui-plugin] 诊断栈就绪（开发日志目录：D:\10_Source_Repos\21_robot\RobWork\build\acc-ui-t41-1-smoke-cwd-mut\ird-ui-plugin-logs）
[ird-ui-plugin] domain assembly: plugin=modeling ok=1 panels=1 commands=10
[ird-ui-plugin] domain assembly: plugin=requirements ok=1 panels=1 commands=9
[ird-ui-plugin] domain assembly: plugin=kinematics ok=1 panels=2 commands=8
[ird-ui-plugin] shared surface: modeling registered
[ird-ui-plugin] shared surface: requirements registered
[ird-ui-plugin] shared surface: kinematics registered
[ird-ui-plugin] 共享面装配完成（项目树＋检查器＋选择服务；三域 Provider 注册；L1/L3 接线；NameMap 端口＝空映射二态——呈现装配随 WP-24-T08）
[ird-ui-plugin] 工业项目树装配完成（多 Dock：项目树主 Dock＋属性/任务同级 Dock＋宿主状态栏投影＋Ctrl+Shift+P 命令面板；装载呈现自证在事件循环稍后执行）
[ird-ui-plugin] 宿主事件桥接线完成（L3 frameSelectedEvent→反解编排；D8 stateChangedEvent→会话姿态桥）
[ird-ui-plugin] 工业项目树多 Dock 已呈现（项目树主 Dock＋属性/任务 Dock＋宿主状态栏投影——装载呈现自证完成）
[ird-ui-plugin] 工作台 Dock 宽度收束：目标 420 px，实际 259 px（受内容最小宽度钳制时如实留痕）
[ird-ui-plugin] 工作台 Dock 宽度收束：目标 420 px，实际 420 px（受内容最小宽度钳制时如实留痕）
[ird-ui-smoke] started
[ird-ui-smoke] step1 create-demo=ok
[ird-ui-plugin] 项目已打开：C:\Users\zgl18\AppData\Local\Temp\ird-ui-smoke-demo-dUNkCM（可写：是）
[ird-ui-smoke] step1 open=ok nodes=13
[ird-ui-smoke] step2 tree-nodes=ok
[ird-ui-smoke] step3 l1-inspector=ok
[ird-ui-smoke] step4 apply-modules=3 noDraft=3 (ok)
[ird-ui-smoke] step5 l3-runtimeonly=ok
[ird-ui-smoke] step6 teardown=ok
[ird-ui-smoke] step7 modeling-assembly=ok commands=10
[ird-ui-smoke] DONE
