[==========] Running 60 tests from 9 test suites.
[----------] Global test environment set-up.
[----------] 1 test from UiGuiPlacement
[ RUN      ] UiGuiPlacement.GuiTargetRegistration_UI_GUIBUILD
[       OK ] UiGuiPlacement.GuiTargetRegistration_UI_GUIBUILD (0 ms)
[----------] 1 test from UiGuiPlacement (0 ms total)

[----------] 6 tests from WorkbenchShellGuiTest
[ RUN      ] WorkbenchShellGuiTest.FiveZoneLayout_PersistsAcrossSessions_UI_WB_1
[       OK ] WorkbenchShellGuiTest.FiveZoneLayout_PersistsAcrossSessions_UI_WB_1 (442 ms)
[ RUN      ] WorkbenchShellGuiTest.ResetLayout_RestoresFactory_UI_WB_2
[       OK ] WorkbenchShellGuiTest.ResetLayout_RestoresFactory_UI_WB_2 (221 ms)
[ RUN      ] WorkbenchShellGuiTest.CorruptLayoutMemory_FallsBackWithDevDiagnostic_UI_WB_3
[       OK ] WorkbenchShellGuiTest.CorruptLayoutMemory_FallsBackWithDevDiagnostic_UI_WB_3 (134 ms)
[ RUN      ] WorkbenchShellGuiTest.NoProjectHomepage_CommandGating_UI_SES_1
[       OK ] WorkbenchShellGuiTest.NoProjectHomepage_CommandGating_UI_SES_1 (157 ms)
[ RUN      ] WorkbenchShellGuiTest.RecentProjects_CapDedupPersist_PM_10_PM_14
[       OK ] WorkbenchShellGuiTest.RecentProjects_CapDedupPersist_PM_10_PM_14 (62 ms)
[ RUN      ] WorkbenchShellGuiTest.CentralView3DPlaceholder_RegistrationAndRedLines_UX11_KIN06
[       OK ] WorkbenchShellGuiTest.CentralView3DPlaceholder_RegistrationAndRedLines_UX11_KIN06 (151 ms)
[----------] 6 tests from WorkbenchShellGuiTest (1171 ms total)

[----------] 12 tests from WorkbenchContentGuiTest
[ RUN      ] WorkbenchContentGuiTest.TwoPhaseAssemblyContract_UI_SPLIT
[       OK ] WorkbenchContentGuiTest.TwoPhaseAssemblyContract_UI_SPLIT (12 ms)
[ RUN      ] WorkbenchContentGuiTest.BuildValidationRejectsIncompleteDeps_UI_SPLIT
[       OK ] WorkbenchContentGuiTest.BuildValidationRejectsIncompleteDeps_UI_SPLIT (1 ms)
[ RUN      ] WorkbenchContentGuiTest.EmbeddedMemoryFlagsOnlyBoundary_UI_SPLIT
[       OK ] WorkbenchContentGuiTest.EmbeddedMemoryFlagsOnlyBoundary_UI_SPLIT (33 ms)
[ RUN      ] WorkbenchContentGuiTest.EmbeddedCorruptMemoryFallsBackWithDevDiagnostic_UI_SPLIT
[       OK ] WorkbenchContentGuiTest.EmbeddedCorruptMemoryFallsBackWithDevDiagnostic_UI_SPLIT (24 ms)
[ RUN      ] WorkbenchContentGuiTest.SessionEntryOverrideRoutesShellEntries_UI_SPLIT
[       OK ] WorkbenchContentGuiTest.SessionEntryOverrideRoutesShellEntries_UI_SPLIT (10 ms)
[ RUN      ] WorkbenchContentGuiTest.SaveCloseEntryOverrideRoutesShellEntries_UI_SPLIT
[       OK ] WorkbenchContentGuiTest.SaveCloseEntryOverrideRoutesShellEntries_UI_SPLIT (9 ms)
[ RUN      ] WorkbenchContentGuiTest.EmbeddedCentralYieldPage_UI_SPLIT
[       OK ] WorkbenchContentGuiTest.EmbeddedCentralYieldPage_UI_SPLIT (10 ms)
[ RUN      ] WorkbenchContentGuiTest.ContentCommandRegistryAccessorServesLiveRegistry_B1_UI_T19
[       OK ] WorkbenchContentGuiTest.ContentCommandRegistryAccessorServesLiveRegistry_B1_UI_T19 (11 ms)
[ RUN      ] WorkbenchContentGuiTest.StagePanelPageHostingAndSwitching_WP24_T03B
[       OK ] WorkbenchContentGuiTest.StagePanelPageHostingAndSwitching_WP24_T03B (11 ms)
[ RUN      ] WorkbenchContentGuiTest.DomainCommandRegistrationAndHonestFeedback_WP24_T03B
[       OK ] WorkbenchContentGuiTest.DomainCommandRegistrationAndHonestFeedback_WP24_T03B (13 ms)
[ RUN      ] WorkbenchContentGuiTest.DomainCommandCatalogTenRegisteredDeterministic_WP24_T03B
[       OK ] WorkbenchContentGuiTest.DomainCommandCatalogTenRegisteredDeterministic_WP24_T03B (33 ms)
[ RUN      ] WorkbenchContentGuiTest.DomainCommandGatingNoProjectAndReadonly_WP24_T03B
[       OK ] WorkbenchContentGuiTest.DomainCommandGatingNoProjectAndReadonly_WP24_T03B (12 ms)
[----------] 12 tests from WorkbenchContentGuiTest (184 ms total)

[----------] 3 tests from CommandPaletteGuiTest
[ RUN      ] CommandPaletteGuiTest.PaletteOpensViaDefaultShortcut_UI_PALETTE_1
[       OK ] CommandPaletteGuiTest.PaletteOpensViaDefaultShortcut_UI_PALETTE_1 (123 ms)
[ RUN      ] CommandPaletteGuiTest.PaletteFilterNavigateExecute_UI_PALETTE_2
[       OK ] CommandPaletteGuiTest.PaletteFilterNavigateExecute_UI_PALETTE_2 (175 ms)
[ RUN      ] CommandPaletteGuiTest.UserRebindPersistsAcrossSessions_UI_PALETTE_3
[       OK ] CommandPaletteGuiTest.UserRebindPersistsAcrossSessions_UI_PALETTE_3 (326 ms)
[----------] 3 tests from CommandPaletteGuiTest (626 ms total)

[----------] 5 tests from PolicySummaryCardGuiTest
[ RUN      ] PolicySummaryCardGuiTest.LoadedProjection_RendersModelRows_UI_T07_ACC1_ACC3
[       OK ] PolicySummaryCardGuiTest.LoadedProjection_RendersModelRows_UI_T07_ACC1_ACC3 (144 ms)
[ RUN      ] PolicySummaryCardGuiTest.Unloaded_RendersPlaceholder_UI_T07_ACC1
[       OK ] PolicySummaryCardGuiTest.Unloaded_RendersPlaceholder_UI_T07_ACC1 (121 ms)
[ RUN      ] PolicySummaryCardGuiTest.CardIsReadOnly_NoEditableControls_UI_T07_ACC1
[       OK ] PolicySummaryCardGuiTest.CardIsReadOnly_NoEditableControls_UI_T07_ACC1 (130 ms)
[ RUN      ] PolicySummaryCardGuiTest.EditEntry_ShowsDeferredNotice_UI_T07_ACC2
[       OK ] PolicySummaryCardGuiTest.EditEntry_ShowsDeferredNotice_UI_T07_ACC2 (126 ms)
[ RUN      ] PolicySummaryCardGuiTest.RefreshOnContextInjection_UI_T07_ACC3
[       OK ] PolicySummaryCardGuiTest.RefreshOnContextInjection_UI_T07_ACC3 (150 ms)
[----------] 5 tests from PolicySummaryCardGuiTest (674 ms total)

[----------] 10 tests from ParamTablePanelGuiTest
[ RUN      ] ParamTablePanelGuiTest.StructureAndValueUnitColumns_UI_T08_ACC1
[       OK ] ParamTablePanelGuiTest.StructureAndValueUnitColumns_UI_T08_ACC1 (119 ms)
[ RUN      ] ParamTablePanelGuiTest.InPlaceErrorKeepsValue_UI_T08_ACC1
[       OK ] ParamTablePanelGuiTest.InPlaceErrorKeepsValue_UI_T08_ACC1 (136 ms)
[ RUN      ] ParamTablePanelGuiTest.ApplyViaInlineConfirmRegion_UX07_UI_T08_ACC1
[       OK ] ParamTablePanelGuiTest.ApplyViaInlineConfirmRegion_UX07_UI_T08_ACC1 (108 ms)
[ RUN      ] ParamTablePanelGuiTest.ConfirmRegionDeclineKeepsStaged_UX07_UI_T08_ACC1
[       OK ] ParamTablePanelGuiTest.ConfirmRegionDeclineKeepsStaged_UX07_UI_T08_ACC1 (114 ms)
[ RUN      ] ParamTablePanelGuiTest.CancelRestore_UI_T08_ACC1
[       OK ] ParamTablePanelGuiTest.CancelRestore_UI_T08_ACC1 (109 ms)
[ RUN      ] ParamTablePanelGuiTest.BatchPasteImpactDetail_UI_T08_ACC1
[       OK ] ParamTablePanelGuiTest.BatchPasteImpactDetail_UI_T08_ACC1 (165 ms)
[ RUN      ] ParamTablePanelGuiTest.NoOutletDisablesApply_UI_T08_ACC2
[       OK ] ParamTablePanelGuiTest.NoOutletDisablesApply_UI_T08_ACC2 (102 ms)
[ RUN      ] ParamTablePanelGuiTest.DevDiagnosticsToggleNeverEntersEditSet_UX04_UX07_UI_T08_ACC1
[       OK ] ParamTablePanelGuiTest.DevDiagnosticsToggleNeverEntersEditSet_UX04_UX07_UI_T08_ACC1 (101 ms)
[ RUN      ] ParamTablePanelGuiTest.UnitSwitchIsDisplayOnly_KIN12_UI_T08_ACC1
[       OK ] ParamTablePanelGuiTest.UnitSwitchIsDisplayOnly_KIN12_UI_T08_ACC1 (72 ms)
[ RUN      ] ParamTablePanelGuiTest.FilterRowsByKeySubstring_UI_T08_ACC1
[       OK ] ParamTablePanelGuiTest.FilterRowsByKeySubstring_UI_T08_ACC1 (99 ms)
[----------] 10 tests from ParamTablePanelGuiTest (1129 ms total)

[----------] 3 tests from AboutDialogGuiTest
[ RUN      ] AboutDialogGuiTest.AboutDialogShowsBaselineAndListSameSource_UI_PLG_2_UI_T10_ACC1
[       OK ] AboutDialogGuiTest.AboutDialogShowsBaselineAndListSameSource_UI_PLG_2_UI_T10_ACC1 (155 ms)
[ RUN      ] AboutDialogGuiTest.AboutDialogWithoutSourceShowsPlaceholders_UI_PLG_2_UI_T10
[       OK ] AboutDialogGuiTest.AboutDialogWithoutSourceShowsPlaceholders_UI_PLG_2_UI_T10 (186 ms)
[ RUN      ] AboutDialogGuiTest.HelpContentsMissingManualGivesVisibleFeedback_UX14_UI_T10
[       OK ] AboutDialogGuiTest.HelpContentsMissingManualGivesVisibleFeedback_UX14_UI_T10 (122 ms)
[----------] 3 tests from AboutDialogGuiTest (464 ms total)

[----------] 6 tests from IndustrialProjectTreeGuiTest
[ RUN      ] IndustrialProjectTreeGuiTest.UI_TRE_6_PanelShowsFiveFixedGroupRows
[       OK ] IndustrialProjectTreeGuiTest.UI_TRE_6_PanelShowsFiveFixedGroupRows (0 ms)
[ RUN      ] IndustrialProjectTreeGuiTest.UI_TRE_6_NodeSelectionWritesService
[       OK ] IndustrialProjectTreeGuiTest.UI_TRE_6_NodeSelectionWritesService (0 ms)
[ RUN      ] IndustrialProjectTreeGuiTest.UI_TRE_6_DisplayNameResolvedViaNamePort
[       OK ] IndustrialProjectTreeGuiTest.UI_TRE_6_DisplayNameResolvedViaNamePort (1 ms)
[ RUN      ] IndustrialProjectTreeGuiTest.UI_TRE_7_L3_ReverseSuccessLocatesAndSelectsRow
[       OK ] IndustrialProjectTreeGuiTest.UI_TRE_7_L3_ReverseSuccessLocatesAndSelectsRow (0 ms)
[ RUN      ] IndustrialProjectTreeGuiTest.UI_TRE_7_L3_ReverseFailKeepsTreeUntouched
[       OK ] IndustrialProjectTreeGuiTest.UI_TRE_7_L3_ReverseFailKeepsTreeUntouched (0 ms)
[ RUN      ] IndustrialProjectTreeGuiTest.UI_TRE_8_FactoryRejectsIncompleteDeps
[       OK ] IndustrialProjectTreeGuiTest.UI_TRE_8_FactoryRejectsIncompleteDeps (0 ms)
[----------] 6 tests from IndustrialProjectTreeGuiTest (4 ms total)

[----------] 14 tests from PropertyInspectorGuiTest
[ RUN      ] PropertyInspectorGuiTest.EmptySelectionShowsNoSelectionPlaceholder
[       OK ] PropertyInspectorGuiTest.EmptySelectionShowsNoSelectionPlaceholder (71 ms)
[ RUN      ] PropertyInspectorGuiTest.MultiSelectionShowsNarrowHintPlaceholder
[       OK ] PropertyInspectorGuiTest.MultiSelectionShowsNarrowHintPlaceholder (35 ms)
[ RUN      ] PropertyInspectorGuiTest.RuntimeOnlyFromEmptyShowsRuntimePlaceholder
[       OK ] PropertyInspectorGuiTest.RuntimeOnlyFromEmptyShowsRuntimePlaceholder (36 ms)
[ RUN      ] PropertyInspectorGuiTest.UnansweredObjectShowsHonestPlaceholder
[       OK ] PropertyInspectorGuiTest.UnansweredObjectShowsHonestPlaceholder (30 ms)
[ RUN      ] PropertyInspectorGuiTest.SelectionShowsResolvedTitleAndEmbeddedParamTable
[       OK ] PropertyInspectorGuiTest.SelectionShowsResolvedTitleAndEmbeddedParamTable (34 ms)
[ RUN      ] PropertyInspectorGuiTest.UnresolvableObjectShowsUnnamedTitlePlaceholder
[       OK ] PropertyInspectorGuiTest.UnresolvableObjectShowsUnnamedTitlePlaceholder (37 ms)
[ RUN      ] PropertyInspectorGuiTest.ReadOnlyPageShowsReadOnlyBadge
[       OK ] PropertyInspectorGuiTest.ReadOnlyPageShowsReadOnlyBadge (32 ms)
[ RUN      ] PropertyInspectorGuiTest.ComplexEntriesRenderedAsButtonsWithTitles
[       OK ] PropertyInspectorGuiTest.ComplexEntriesRenderedAsButtonsWithTitles (40 ms)
[ RUN      ] PropertyInspectorGuiTest.HostedEntryClickMountsWidgetIntoHostArea
[       OK ] PropertyInspectorGuiTest.HostedEntryClickMountsWidgetIntoHostArea (42 ms)
[ RUN      ] PropertyInspectorGuiTest.ExternalEntryClickLeavesHostAreaHidden
[       OK ] PropertyInspectorGuiTest.ExternalEntryClickLeavesHostAreaHidden (37 ms)
[ RUN      ] PropertyInspectorGuiTest.ExternalActivationReturningWidgetRejectedAsProviderBreach
[       OK ] PropertyInspectorGuiTest.ExternalActivationReturningWidgetRejectedAsProviderBreach (43 ms)
[ RUN      ] PropertyInspectorGuiTest.RejectedPageShowsDefensivePlaceholderAndKeepsEntries
QWindowsWindow::setGeometry: Unable to set geometry 200x104+640+336 (frame: 216x143+632+305) on QWidgetWindow/"ird_property_inspectorWindow" on "\\.\DISPLAY1". Resulting geometry: 200x119+640+336 (frame: 216x158+632+305) margins: 8, 31, 8, 8 minimum size: 97x104 MINMAXINFO(maxSize=POINT(x=0, y=0), maxpos=POINT(x=0, y=0), maxtrack=POINT(x=0, y=0), mintrack=POINT(x=113, y=143)))
[       OK ] PropertyInspectorGuiTest.RejectedPageShowsDefensivePlaceholderAndKeepsEntries (33 ms)
[ RUN      ] PropertyInspectorGuiTest.SelectionSwitchClearsStaleHostedPage
[       OK ] PropertyInspectorGuiTest.SelectionSwitchClearsStaleHostedPage (49 ms)
[ RUN      ] PropertyInspectorGuiTest.FactoryRejectsEmptyDeps_FailFast
[       OK ] PropertyInspectorGuiTest.FactoryRejectsEmptyDeps_FailFast (0 ms)
[----------] 14 tests from PropertyInspectorGuiTest (527 ms total)

[----------] Global test environment tear-down
[==========] 60 tests from 9 test suites ran. (4783 ms total)
[  PASSED  ] 60 tests.
