UpdateCTestConfiguration  from :C:/Users/zgl18/AppData/Local/Temp/acc-audit-p0-p1d/smoke2/modeling/DartConfiguration.tcl
Test project C:/Users/zgl18/AppData/Local/Temp/acc-audit-p0-p1d/smoke2/modeling
Constructing a list of tests
Done constructing a list of tests
Updating test list for fixtures
Added 0 tests to meet fixture requirements
Checking test dependency graph...
Checking test dependency graph end
test 2
    Start 2: sdurws_ird_modeling_gui_test

2: Test command: C:\Users\zgl18\AppData\Local\Temp\acc-audit-p0-p1d\smoke2\modeling\Release\sdurws_ird_modeling_gui_test.exe
2: Working Directory: C:/Users/zgl18/AppData/Local/Temp/acc-audit-p0-p1d/smoke2/modeling
2: Environment variables: 
2:  QT_QPA_PLATFORM_PLUGIN_PATH=D:/software/QT/6.11.1/msvc2022_64/plugins/platforms
2: Test timeout computed to be: 10000000
2: [==========] Running 37 tests from 1 test suite.
2: [----------] Global test environment set-up.
2: [----------] 37 tests from ModelingPanelGuiTest
2: [ RUN      ] ModelingPanelGuiTest.PropertyFormFullClear_RowCountStableAcrossRefresh_MDL07_UI_T27
2: [       OK ] ModelingPanelGuiTest.PropertyFormFullClear_RowCountStableAcrossRefresh_MDL07_UI_T27 (36 ms)
2: [ RUN      ] ModelingPanelGuiTest.UnitSeparation_EditorTextPurelyNumeric_UX05_UI_T27
2: [       OK ] ModelingPanelGuiTest.UnitSeparation_EditorTextPurelyNumeric_UX05_UI_T27 (22 ms)
2: [ RUN      ] ModelingPanelGuiTest.OnlyZeroOffsetEditable_CompositeRowsReadOnly_MDL07_UI_T27
2: [       OK ] ModelingPanelGuiTest.OnlyZeroOffsetEditable_CompositeRowsReadOnly_MDL07_UI_T27 (20 ms)
2: [ RUN      ] ModelingPanelGuiTest.JointDetailEditPane_EmptyStateAndBuildOnSelection_UI_T53
2: [       OK ] ModelingPanelGuiTest.JointDetailEditPane_EmptyStateAndBuildOnSelection_UI_T53 (19 ms)
2: [ RUN      ] ModelingPanelGuiTest.JointDetailEditPane_OriginEditApplyChain_UI_T53
2: [       OK ] ModelingPanelGuiTest.JointDetailEditPane_OriginEditApplyChain_UI_T53 (26 ms)
2: [ RUN      ] ModelingPanelGuiTest.JointDetailEditPane_DhAuthorityRejectsAxisEdit_UI_T53
2: [       OK ] ModelingPanelGuiTest.JointDetailEditPane_DhAuthorityRejectsAxisEdit_UI_T53 (24 ms)
2: [ RUN      ] ModelingPanelGuiTest.JointDetailEditPane_TypeComboBoxChainAndRejectFallback_UI_T66
2: [       OK ] ModelingPanelGuiTest.JointDetailEditPane_TypeComboBoxChainAndRejectFallback_UI_T66 (22 ms)
2: [ RUN      ] ModelingPanelGuiTest.JointDetailEditPane_ReadOnlySessionDisablesPanel_UI_T53
2: [       OK ] ModelingPanelGuiTest.JointDetailEditPane_ReadOnlySessionDisablesPanel_UI_T53 (37 ms)
2: [ RUN      ] ModelingPanelGuiTest.BasePlacementEdit_WholeReplacementChain_UI_T54
2: [       OK ] ModelingPanelGuiTest.BasePlacementEdit_WholeReplacementChain_UI_T54 (18 ms)
2: [ RUN      ] ModelingPanelGuiTest.BasePlacementEdit_PresetIdentityRotationRejected_UI_T54
2: [       OK ] ModelingPanelGuiTest.BasePlacementEdit_PresetIdentityRotationRejected_UI_T54 (19 ms)
2: [ RUN      ] ModelingPanelGuiTest.BasePlacementEdit_ReadOnlyDisablesApply_UI_T54
2: [       OK ] ModelingPanelGuiTest.BasePlacementEdit_ReadOnlyDisablesApply_UI_T54 (37 ms)
2: [ RUN      ] ModelingPanelGuiTest.UnmodifiedEditingFinished_NoDirtyNoApply_ERR01_UI_T27
2: [       OK ] ModelingPanelGuiTest.UnmodifiedEditingFinished_NoDirtyNoApply_ERR01_UI_T27 (23 ms)
2: [ RUN      ] ModelingPanelGuiTest.AvailabilityProviderDisabled_ButtonsGreyWithReason_UX02_UI_T27
2: [       OK ] ModelingPanelGuiTest.AvailabilityProviderDisabled_ButtonsGreyWithReason_UX02_UI_T27 (19 ms)
2: [ RUN      ] ModelingPanelGuiTest.CommandButtonTooltip_ResolvedFromUiTextKey_UX02_UI_T41B
2: [       OK ] ModelingPanelGuiTest.CommandButtonTooltip_ResolvedFromUiTextKey_UX02_UI_T41B (20 ms)
2: [ RUN      ] ModelingPanelGuiTest.MoreActionsCollapse_DefaultCollapsedAndToggle_F502
2: [       OK ] ModelingPanelGuiTest.MoreActionsCollapse_DefaultCollapsedAndToggle_F502 (22 ms)
2: [ RUN      ] ModelingPanelGuiTest.ZeroOffsetOutOfRange_InlineWarningKeepsAuthoritative_B1
2: [       OK ] ModelingPanelGuiTest.ZeroOffsetOutOfRange_InlineWarningKeepsAuthoritative_B1 (22 ms)
2: [ RUN      ] ModelingPanelGuiTest.IncrementalRefresh_PreservesEditorFocus_B3
2: [       OK ] ModelingPanelGuiTest.IncrementalRefresh_PreservesEditorFocus_B3 (23 ms)
2: [ RUN      ] ModelingPanelGuiTest.StatusHistory_AccumulatesAndToggles_B2
2: [       OK ] ModelingPanelGuiTest.StatusHistory_AccumulatesAndToggles_B2 (21 ms)
2: [ RUN      ] ModelingPanelGuiTest.ReadOnlySession_AvailabilityRefreshCannotReviveWriteCommands_L7_UI_T43
2: [       OK ] ModelingPanelGuiTest.ReadOnlySession_AvailabilityRefreshCannotReviveWriteCommands_L7_UI_T43 (18 ms)
2: [ RUN      ] ModelingPanelGuiTest.LocateSinkProductionWiring_ReadinessRowClickFocusesTree_UI_T71
2: [       OK ] ModelingPanelGuiTest.LocateSinkProductionWiring_ReadinessRowClickFocusesTree_UI_T71 (22 ms)
2: [ RUN      ] ModelingPanelGuiTest.StructureButtons_InsertAndRemove_DraftOnly_UI_T47
2: [       OK ] ModelingPanelGuiTest.StructureButtons_InsertAndRemove_DraftOnly_UI_T47 (42 ms)
2: [ RUN      ] ModelingPanelGuiTest.StructureButtons_RemoveSelected_DraftOnly_UI_T47
2: [       OK ] ModelingPanelGuiTest.StructureButtons_RemoveSelected_DraftOnly_UI_T47 (22 ms)
2: [ RUN      ] ModelingPanelGuiTest.GeometryActionButtons_LoadAndDetach_UI_T48
2: [       OK ] ModelingPanelGuiTest.GeometryActionButtons_LoadAndDetach_UI_T48 (19 ms)
2: [ RUN      ] ModelingPanelGuiTest.GeometryCopyButton_VisualToCollision_UI_T49
2: [       OK ] ModelingPanelGuiTest.GeometryCopyButton_VisualToCollision_UI_T49 (20 ms)
2: [ RUN      ] ModelingPanelGuiTest.EditingChain_EndToEnd_FourSegments_UI_T50
2: [       OK ] ModelingPanelGuiTest.EditingChain_EndToEnd_FourSegments_UI_T50 (21 ms)
2: [ RUN      ] ModelingPanelGuiTest.ToolMountEdit_SelectionDrivenChain_UI_T55
2: [       OK ] ModelingPanelGuiTest.ToolMountEdit_SelectionDrivenChain_UI_T55 (20 ms)
2: [ RUN      ] ModelingPanelGuiTest.ScenePoseEdit_SelectionDrivenChain_UI_T55
2: [       OK ] ModelingPanelGuiTest.ScenePoseEdit_SelectionDrivenChain_UI_T55 (20 ms)
2: [ RUN      ] ModelingPanelGuiTest.PoseEditPanes_ReadOnlyDisables_UI_T55
2: [       OK ] ModelingPanelGuiTest.PoseEditPanes_ReadOnlyDisables_UI_T55 (35 ms)
2: [ RUN      ] ModelingPanelGuiTest.TcpListEdit_AddAndOffsetChain_UI_T57
2: [       OK ] ModelingPanelGuiTest.TcpListEdit_AddAndOffsetChain_UI_T57 (23 ms)
2: [ RUN      ] ModelingPanelGuiTest.TcpListEdit_RemoveGuards_UI_T57
2: [       OK ] ModelingPanelGuiTest.TcpListEdit_RemoveGuards_UI_T57 (18 ms)
2: [ RUN      ] ModelingPanelGuiTest.TcpPane_ReadOnlyDisables_UI_T57
2: [       OK ] ModelingPanelGuiTest.TcpPane_ReadOnlyDisables_UI_T57 (36 ms)
2: [ RUN      ] ModelingPanelGuiTest.TcpDisplayNameEdit_Chain_UI_T58
2: [       OK ] ModelingPanelGuiTest.TcpDisplayNameEdit_Chain_UI_T58 (21 ms)
2: [ RUN      ] ModelingPanelGuiTest.PreviewPane_MultiTypeChain_UI_T59
2: OleSetClipboard: Failed to set mime data (text/plain) on clipboard: COM error 0x800401d0: OpenClipboard ??? (操作成功完成。)
2: OleSetClipboard: Failed to set mime data (text/plain) on clipboard: COM error 0x800401d0: OpenClipboard ??? (操作成功完成。)
2: qt.qpa.mime: Retrying to obtain clipboard.
2: qt.qpa.mime: Retrying to obtain clipboard.
2: qt.qpa.mime: Unable to obtain clipboard.
2: qt.qpa.mime: Retrying to obtain clipboard.
2: qt.qpa.mime: Retrying to obtain clipboard.
2: qt.qpa.mime: Unable to obtain clipboard.
2: qt.qpa.mime: Retrying to obtain clipboard.
2: qt.qpa.mime: Retrying to obtain clipboard.
2: qt.qpa.mime: Unable to obtain clipboard.
2: C:\Users\zgl18\AppData\Local\Temp\acc-audit-p0-p1d\wt-repro\RobWork\RobWorkStudio\src\rwslibs\industrialrobot\modeling\gui_test\ModelingPanelGuiTest.cpp(1612): error: Expected equality of these values:
2:   QApplication::clipboard()->text()
2:     Which is: {}
2:   preview->toPlainText()
2:     Which is: { 2-byte object <84-98>, 2-byte object <C8-89>, 2-byte object <0D-4E>, 2-byte object <EF-53>, 2-byte object <28-75>, 2-byte object <1A-FF>, 2-byte object <1A-5C>, 2-byte object <E0-65>, 2-byte object <F2-5D>, 2-byte object <94-5E>, 2-byte object <28-75>, 2-byte object <EE-4F>, 2-byte object <A2-8B>, 2-byte object <84-76>, 2-byte object <16-7F>, 2-byte object <D1-8B>, 2-byte object <A7-4E>, 2-byte object <69-72>, 2-byte object <14-20>, 2-byte object <14-20>, 2-byte object <F7-8B>, 2-byte object <48-51>, 2-byte object <CF-7E>, 2-byte object <76-98>, 2-byte object <0F-68>, 2-byte object <0E-30>, 2-byte object <94-5E>, 2-byte object <28-75>, 2-byte object <49-83>, 2-byte object <3F-7A>, 2-byte object <0F-30>, 2-byte object <D0-63>, ... }
2: 
2: qt.qpa.mime: Retrying to obtain clipboard.
2: qt.qpa.mime: Retrying to obtain clipboard.
2: qt.qpa.mime: Unable to obtain clipboard.
2: qt.qpa.mime: Retrying to obtain clipboard.
2: qt.qpa.mime: Retrying to obtain clipboard.
2: qt.qpa.mime: Unable to obtain clipboard.
2: qt.qpa.mime: Retrying to obtain clipboard.
2: qt.qpa.mime: Retrying to obtain clipboard.
2: qt.qpa.mime: Unable to obtain clipboard.
2: [  FAILED  ] ModelingPanelGuiTest.PreviewPane_MultiTypeChain_UI_T59 (1797 ms)
2: [ RUN      ] ModelingPanelGuiTest.PoseSetEdit_Chain_UI_T60
2: [       OK ] ModelingPanelGuiTest.PoseSetEdit_Chain_UI_T60 (21 ms)
2: [ RUN      ] ModelingPanelGuiTest.DrivetrainEdit_Chain_UI_T60
2: [       OK ] ModelingPanelGuiTest.DrivetrainEdit_Chain_UI_T60 (21 ms)
2: [ RUN      ] ModelingPanelGuiTest.PoseDrivetrainPanes_ReadOnlyDisables_UI_T60
2: [       OK ] ModelingPanelGuiTest.PoseDrivetrainPanes_ReadOnlyDisables_UI_T60 (39 ms)
2: [ RUN      ] ModelingPanelGuiTest.TcpDisplayNameEdit_SetWritableDynamicWindow_F517
2: [       OK ] ModelingPanelGuiTest.TcpDisplayNameEdit_SetWritableDynamicWindow_F517 (17 ms)
2: [----------] 37 tests from ModelingPanelGuiTest (2679 ms total)
2: 
2: [----------] Global test environment tear-down
2: [==========] 37 tests from 1 test suite ran. (2679 ms total)
2: [  PASSED  ] 36 tests.
2: [  FAILED  ] 1 test, listed below:
2: [  FAILED  ] ModelingPanelGuiTest.PreviewPane_MultiTypeChain_UI_T59
2: 
2:  1 FAILED TEST
1/1 Test #2: sdurws_ird_modeling_gui_test .....***Failed    2.78 sec
[==========] Running 37 tests from 1 test suite.
[----------] Global test environment set-up.
[----------] 37 tests from ModelingPanelGuiTest
[ RUN      ] ModelingPanelGuiTest.PropertyFormFullClear_RowCountStableAcrossRefresh_MDL07_UI_T27
[       OK ] ModelingPanelGuiTest.PropertyFormFullClear_RowCountStableAcrossRefresh_MDL07_UI_T27 (36 ms)
[ RUN      ] ModelingPanelGuiTest.UnitSeparation_EditorTextPurelyNumeric_UX05_UI_T27
[       OK ] ModelingPanelGuiTest.UnitSeparation_EditorTextPurelyNumeric_UX05_UI_T27 (22 ms)
[ RUN      ] ModelingPanelGuiTest.OnlyZeroOffsetEditable_CompositeRowsReadOnly_MDL07_UI_T27
[       OK ] ModelingPanelGuiTest.OnlyZeroOffsetEditable_CompositeRowsReadOnly_MDL07_UI_T27 (20 ms)
[ RUN      ] ModelingPanelGuiTest.JointDetailEditPane_EmptyStateAndBuildOnSelection_UI_T53
[       OK ] ModelingPanelGuiTest.JointDetailEditPane_EmptyStateAndBuildOnSelection_UI_T53 (19 ms)
[ RUN      ] ModelingPanelGuiTest.JointDetailEditPane_OriginEditApplyChain_UI_T53
[       OK ] ModelingPanelGuiTest.JointDetailEditPane_OriginEditApplyChain_UI_T53 (26 ms)
[ RUN      ] ModelingPanelGuiTest.JointDetailEditPane_DhAuthorityRejectsAxisEdit_UI_T53
[       OK ] ModelingPanelGuiTest.JointDetailEditPane_DhAuthorityRejectsAxisEdit_UI_T53 (24 ms)
[ RUN      ] ModelingPanelGuiTest.JointDetailEditPane_TypeComboBoxChainAndRejectFallback_UI_T66
[       OK ] ModelingPanelGuiTest.JointDetailEditPane_TypeComboBoxChainAndRejectFallback_UI_T66 (22 ms)
[ RUN      ] ModelingPanelGuiTest.JointDetailEditPane_ReadOnlySessionDisablesPanel_UI_T53
[       OK ] ModelingPanelGuiTest.JointDetailEditPane_ReadOnlySessionDisablesPanel_UI_T53 (37 ms)
[ RUN      ] ModelingPanelGuiTest.BasePlacementEdit_WholeReplacementChain_UI_T54
[       OK ] ModelingPanelGuiTest.BasePlacementEdit_WholeReplacementChain_UI_T54 (18 ms)
[ RUN      ] ModelingPanelGuiTest.BasePlacementEdit_PresetIdentityRotationRejected_UI_T54
[       OK ] ModelingPanelGuiTest.BasePlacementEdit_PresetIdentityRotationRejected_UI_T54 (19 ms)
[ RUN      ] ModelingPanelGuiTest.BasePlacementEdit_ReadOnlyDisablesApply_UI_T54
[       OK ] ModelingPanelGuiTest.BasePlacementEdit_ReadOnlyDisablesApply_UI_T54 (37 ms)
[ RUN      ] ModelingPanelGuiTest.UnmodifiedEditingFinished_NoDirtyNoApply_ERR01_UI_T27
[       OK ] ModelingPanelGuiTest.UnmodifiedEditingFinished_NoDirtyNoApply_ERR01_UI_T27 (23 ms)
[ RUN      ] ModelingPanelGuiTest.AvailabilityProviderDisabled_ButtonsGreyWithReason_UX02_UI_T27
[       OK ] ModelingPanelGuiTest.AvailabilityProviderDisabled_ButtonsGreyWithReason_UX02_UI_T27 (19 ms)
[ RUN      ] ModelingPanelGuiTest.CommandButtonTooltip_ResolvedFromUiTextKey_UX02_UI_T41B
[       OK ] ModelingPanelGuiTest.CommandButtonTooltip_ResolvedFromUiTextKey_UX02_UI_T41B (20 ms)
[ RUN      ] ModelingPanelGuiTest.MoreActionsCollapse_DefaultCollapsedAndToggle_F502
[       OK ] ModelingPanelGuiTest.MoreActionsCollapse_DefaultCollapsedAndToggle_F502 (22 ms)
[ RUN      ] ModelingPanelGuiTest.ZeroOffsetOutOfRange_InlineWarningKeepsAuthoritative_B1
[       OK ] ModelingPanelGuiTest.ZeroOffsetOutOfRange_InlineWarningKeepsAuthoritative_B1 (22 ms)
[ RUN      ] ModelingPanelGuiTest.IncrementalRefresh_PreservesEditorFocus_B3
[       OK ] ModelingPanelGuiTest.IncrementalRefresh_PreservesEditorFocus_B3 (23 ms)
[ RUN      ] ModelingPanelGuiTest.StatusHistory_AccumulatesAndToggles_B2
[       OK ] ModelingPanelGuiTest.StatusHistory_AccumulatesAndToggles_B2 (21 ms)
[ RUN      ] ModelingPanelGuiTest.ReadOnlySession_AvailabilityRefreshCannotReviveWriteCommands_L7_UI_T43
[       OK ] ModelingPanelGuiTest.ReadOnlySession_AvailabilityRefreshCannotReviveWriteCommands_L7_UI_T43 (18 ms)
[ RUN      ] ModelingPanelGuiTest.LocateSinkProductionWiring_ReadinessRowClickFocusesTree_UI_T71
[       OK ] ModelingPanelGuiTest.LocateSinkProductionWiring_ReadinessRowClickFocusesTree_UI_T71 (22 ms)
[ RUN      ] ModelingPanelGuiTest.StructureButtons_InsertAndRemove_DraftOnly_UI_T47
[       OK ] ModelingPanelGuiTest.StructureButtons_InsertAndRemove_DraftOnly_UI_T47 (42 ms)
[ RUN      ] ModelingPanelGuiTest.StructureButtons_RemoveSelected_DraftOnly_UI_T47
[       OK ] ModelingPanelGuiTest.StructureButtons_RemoveSelected_DraftOnly_UI_T47 (22 ms)
[ RUN      ] ModelingPanelGuiTest.GeometryActionButtons_LoadAndDetach_UI_T48
[       OK ] ModelingPanelGuiTest.GeometryActionButtons_LoadAndDetach_UI_T48 (19 ms)
[ RUN      ] ModelingPanelGuiTest.GeometryCopyButton_VisualToCollision_UI_T49
[       OK ] ModelingPanelGuiTest.GeometryCopyButton_VisualToCollision_UI_T49 (20 ms)
[ RUN      ] ModelingPanelGuiTest.EditingChain_EndToEnd_FourSegments_UI_T50
[       OK ] ModelingPanelGuiTest.EditingChain_EndToEnd_FourSegments_UI_T50 (21 ms)
[ RUN      ] ModelingPanelGuiTest.ToolMountEdit_SelectionDrivenChain_UI_T55
[       OK ] ModelingPanelGuiTest.ToolMountEdit_SelectionDrivenChain_UI_T55 (20 ms)
[ RUN      ] ModelingPanelGuiTest.ScenePoseEdit_SelectionDrivenChain_UI_T55
[       OK ] ModelingPanelGuiTest.ScenePoseEdit_SelectionDrivenChain_UI_T55 (20 ms)
[ RUN      ] ModelingPanelGuiTest.PoseEditPanes_ReadOnlyDisables_UI_T55
[       OK ] ModelingPanelGuiTest.PoseEditPanes_ReadOnlyDisables_UI_T55 (35 ms)
[ RUN      ] ModelingPanelGuiTest.TcpListEdit_AddAndOffsetChain_UI_T57
[       OK ] ModelingPanelGuiTest.TcpListEdit_AddAndOffsetChain_UI_T57 (23 ms)
[ RUN      ] ModelingPanelGuiTest.TcpListEdit_RemoveGuards_UI_T57
[       OK ] ModelingPanelGuiTest.TcpListEdit_RemoveGuards_UI_T57 (18 ms)
[ RUN      ] ModelingPanelGuiTest.TcpPane_ReadOnlyDisables_UI_T57
[       OK ] ModelingPanelGuiTest.TcpPane_ReadOnlyDisables_UI_T57 (36 ms)
[ RUN      ] ModelingPanelGuiTest.TcpDisplayNameEdit_Chain_UI_T58
[       OK ] ModelingPanelGuiTest.TcpDisplayNameEdit_Chain_UI_T58 (21 ms)
[ RUN      ] ModelingPanelGuiTest.PreviewPane_MultiTypeChain_UI_T59
OleSetClipboard: Failed to set mime data (text/plain) on clipboard: COM error 0x800401d0: OpenClipboard ??? (操作成功完成。)
OleSetClipboard: Failed to set mime data (text/plain) on clipboard: COM error 0x800401d0: OpenClipboard ??? (操作成功完成。)
qt.qpa.mime: Retrying to obtain clipboard.
qt.qpa.mime: Retrying to obtain clipboard.
qt.qpa.mime: Unable to obtain clipboard.
qt.qpa.mime: Retrying to obtain clipboard.
qt.qpa.mime: Retrying to obtain clipboard.
qt.qpa.mime: Unable to obtain clipboard.
qt.qpa.mime: Retrying to obtain clipboard.
qt.qpa.mime: Retrying to obtain clipboard.
qt.qpa.mime: Unable to obtain clipboard.
C:\Users\zgl18\AppData\Local\Temp\acc-audit-p0-p1d\wt-repro\RobWork\RobWorkStudio\src\rwslibs\industrialrobot\modeling\gui_test\ModelingPanelGuiTest.cpp(1612): error: Expected equality of these values:
  QApplication::clipboard()->text()
    Which is: {}
  preview->toPlainText()
    Which is: { 2-byte object <84-98>, 2-byte object <C8-89>, 2-byte object <0D-4E>, 2-byte object <EF-53>, 2-byte object <28-75>, 2-byte object <1A-FF>, 2-byte object <1A-5C>, 2-byte object <E0-65>, 2-byte object <F2-5D>, 2-byte object <94-5E>, 2-byte object <28-75>, 2-byte object <EE-4F>, 2-byte object <A2-8B>, 2-byte object <84-76>, 2-byte object <16-7F>, 2-byte object <D1-8B>, 2-byte object <A7-4E>, 2-byte object <69-72>, 2-byte object <14-20>, 2-byte object <14-20>, 2-byte object <F7-8B>, 2-byte object <48-51>, 2-byte object <CF-7E>, 2-byte object <76-98>, 2-byte object <0F-68>, 2-byte object <0E-30>, 2-byte object <94-5E>, 2-byte object <28-75>, 2-byte object <49-83>, 2-byte object <3F-7A>, 2-byte object <0F-30>, 2-byte object <D0-63>, ... }

qt.qpa.mime: Retrying to obtain clipboard.
qt.qpa.mime: Retrying to obtain clipboard.
qt.qpa.mime: Unable to obtain clipboard.
qt.qpa.mime: Retrying to obtain clipboard.
qt.qpa.mime: Retrying to obtain clipboard.
qt.qpa.mime: Unable to obtain clipboard.
qt.qpa.mime: Retrying to obtain clipboard.
qt.qpa.mime: Retrying to obtain clipboard.
qt.qpa.mime: Unable to obtain clipboard.
[  FAILED  ] ModelingPanelGuiTest.PreviewPane_MultiTypeChain_UI_T59 (1797 ms)
[ RUN      ] ModelingPanelGuiTest.PoseSetEdit_Chain_UI_T60
[       OK ] ModelingPanelGuiTest.PoseSetEdit_Chain_UI_T60 (21 ms)
[ RUN      ] ModelingPanelGuiTest.DrivetrainEdit_Chain_UI_T60
[       OK ] ModelingPanelGuiTest.DrivetrainEdit_Chain_UI_T60 (21 ms)
[ RUN      ] ModelingPanelGuiTest.PoseDrivetrainPanes_ReadOnlyDisables_UI_T60
[       OK ] ModelingPanelGuiTest.PoseDrivetrainPanes_ReadOnlyDisables_UI_T60 (39 ms)
[ RUN      ] ModelingPanelGuiTest.TcpDisplayNameEdit_SetWritableDynamicWindow_F517
[       OK ] ModelingPanelGuiTest.TcpDisplayNameEdit_SetWritableDynamicWindow_F517 (17 ms)
[----------] 37 tests from ModelingPanelGuiTest (2679 ms total)

[----------] Global test environment tear-down
[==========] 37 tests from 1 test suite ran. (2679 ms total)
[  PASSED  ] 36 tests.
[  FAILED  ] 1 test, listed below:
[  FAILED  ] ModelingPanelGuiTest.PreviewPane_MultiTypeChain_UI_T59

 1 FAILED TEST


0% tests passed, 1 tests failed out of 1

Label Time Summary:
ird_gui    =   2.78 sec*proc (1 test)

Total Test time (real) =   2.79 sec

The following tests FAILED:
	  2 - sdurws_ird_modeling_gui_test (Failed)             ird_gui
Errors while running CTest
