适用于 .NET Framework MSBuild 版本 17.12.6+db5f6012c

  Auto build dll exports
  sdurw_core.vcxproj -> D:\10_Source_Repos\21_robot\RobWork\acc-build-wp14-t11\RobWork\bin\Release\sdurw_core.dll
  Auto build dll exports
  sdurw_common.vcxproj -> D:\10_Source_Repos\21_robot\RobWork\acc-build-wp14-t11\RobWork\bin\Release\sdurw_common.dll
  Auto build dll exports
  sdurw_math.vcxproj -> D:\10_Source_Repos\21_robot\RobWork\acc-build-wp14-t11\RobWork\bin\Release\sdurw_math.dll
  Automatic MOC for target sdurws_ird_core
  sdurws_ird_core.vcxproj -> D:\10_Source_Repos\21_robot\RobWork\acc-build-wp14-t11\RobWorkStudio\libs\Release\sdurws_ird_core.lib
  Automatic MOC for target sdurws_ird_diagnostics
  sdurws_ird_diagnostics.vcxproj -> D:\10_Source_Repos\21_robot\RobWork\acc-build-wp14-t11\RobWorkStudio\libs\Release\sdurws_ird_diagnostics.lib
  Automatic MOC for target sdurws_ird_evidence
  Building Custom Rule D:/10_Source_Repos/21_robot/RobWork/acc-src-wp14-t11/RobWork/RobWorkStudio/src/rwslibs/industrialrobot/evidence/CMakeLists.txt
  Evidence.cpp
  Errors.cpp
  Snapshot.cpp
  Slice.cpp
  Verdict.cpp
  Envelope.cpp
  Currentness.cpp
  Compatibility.cpp
  Evaluator.cpp
  mocs_compilation_Release.cpp
  sdurws_ird_evidence.vcxproj -> D:\10_Source_Repos\21_robot\RobWork\acc-build-wp14-t11\RobWorkStudio\libs\Release\sdurws_ird_evidence.lib
  Automatic MOC for target sdurws_ird_io
  sdurws_ird_io.vcxproj -> D:\10_Source_Repos\21_robot\RobWork\acc-build-wp14-t11\RobWorkStudio\libs\Release\sdurws_ird_io.lib
  Automatic MOC for target sdurws_ird_project
  sdurws_ird_project.vcxproj -> D:\10_Source_Repos\21_robot\RobWork\acc-build-wp14-t11\RobWorkStudio\libs\Release\sdurws_ird_project.lib
  Automatic MOC for target sdurws_ird_requirements
  Building Custom Rule D:/10_Source_Repos/21_robot/RobWork/acc-src-wp14-t11/RobWork/RobWorkStudio/src/rwslibs/industrialrobot/requirements/CMakeLists.txt
  ObjectTypes.cpp
  Errors.cpp
  DiagCodes.cpp
  RequirementTypes.cpp
  Codec.cpp
  Editor.cpp
  Services.cpp
  Sampling.cpp
  Import.cpp
  Readiness.cpp
  CommandHandlers.cpp
  OrientationResolution.cpp
  Capture.cpp
  TemplateArray.cpp
  mocs_compilation_Release.cpp
  sdurws_ird_requirements.vcxproj -> D:\10_Source_Repos\21_robot\RobWork\acc-build-wp14-t11\RobWorkStudio\libs\Release\sdurws_ird_requirements.lib
适用于 .NET Framework MSBuild 版本 17.12.6+db5f6012c

  Auto build dll exports
  sdurw_core.vcxproj -> D:\10_Source_Repos\21_robot\RobWork\acc-build-wp14-t11\RobWork\bin\Release\sdurw_core.dll
  Auto build dll exports
  sdurw_common.vcxproj -> D:\10_Source_Repos\21_robot\RobWork\acc-build-wp14-t11\RobWork\bin\Release\sdurw_common.dll
  Auto build dll exports
  sdurw_math.vcxproj -> D:\10_Source_Repos\21_robot\RobWork\acc-build-wp14-t11\RobWork\bin\Release\sdurw_math.dll
  Automatic MOC for target sdurws_ird_core
  sdurws_ird_core.vcxproj -> D:\10_Source_Repos\21_robot\RobWork\acc-build-wp14-t11\RobWorkStudio\libs\Release\sdurws_ird_core.lib
  Automatic MOC for target sdurws_ird_diagnostics
  sdurws_ird_diagnostics.vcxproj -> D:\10_Source_Repos\21_robot\RobWork\acc-build-wp14-t11\RobWorkStudio\libs\Release\sdurws_ird_diagnostics.lib
  Automatic MOC for target sdurws_ird_evidence
  sdurws_ird_evidence.vcxproj -> D:\10_Source_Repos\21_robot\RobWork\acc-build-wp14-t11\RobWorkStudio\libs\Release\sdurws_ird_evidence.lib
  Automatic MOC for target sdurws_ird_io
  sdurws_ird_io.vcxproj -> D:\10_Source_Repos\21_robot\RobWork\acc-build-wp14-t11\RobWorkStudio\libs\Release\sdurws_ird_io.lib
  Automatic MOC for target sdurws_ird_project
  sdurws_ird_project.vcxproj -> D:\10_Source_Repos\21_robot\RobWork\acc-build-wp14-t11\RobWorkStudio\libs\Release\sdurws_ird_project.lib
  Automatic MOC for target sdurws_ird_requirements
  sdurws_ird_requirements.vcxproj -> D:\10_Source_Repos\21_robot\RobWork\acc-build-wp14-t11\RobWorkStudio\libs\Release\sdurws_ird_requirements.lib
  Automatic MOC for target sdurws_ird_ui
  sdurws_ird_ui.vcxproj -> D:\10_Source_Repos\21_robot\RobWork\acc-build-wp14-t11\RobWorkStudio\libs\Release\sdurws_ird_ui.lib
  Automatic MOC for target sdurws_ird_requirements_plugin
  Building Custom Rule D:/10_Source_Repos/21_robot/RobWork/acc-src-wp14-t11/RobWork/RobWorkStudio/src/rwslibs/industrialrobot/requirements/CMakeLists.txt
  PanelTreeModel.cpp
  PanelStationModel.cpp
  PanelRegionModel.cpp
  PanelConditionModel.cpp
  PanelValidationModel.cpp
  PanelCommandCatalog.cpp
  PanelEditFlow.cpp
  ImportWizardFlow.cpp
  HostMigrationProviders.cpp
  RequirementsPanelWidget.cpp
  RequirementsUiModule.cpp
  RequirementsPluginAssembly.cpp
  mocs_compilation_Release.cpp
  sdurws_ird_requirements_plugin.vcxproj -> D:\10_Source_Repos\21_robot\RobWork\acc-build-wp14-t11\RobWorkStudio\libs\Release\sdurws_ird_requirements_plugin.lib
适用于 .NET Framework MSBuild 版本 17.12.6+db5f6012c

  Auto build dll exports
  sdurw_core.vcxproj -> D:\10_Source_Repos\21_robot\RobWork\acc-build-wp14-t11\RobWork\bin\Release\sdurw_core.dll
  Auto build dll exports
  sdurw_common.vcxproj -> D:\10_Source_Repos\21_robot\RobWork\acc-build-wp14-t11\RobWork\bin\Release\sdurw_common.dll
  Auto build dll exports
  sdurw_math.vcxproj -> D:\10_Source_Repos\21_robot\RobWork\acc-build-wp14-t11\RobWork\bin\Release\sdurw_math.dll
  Automatic MOC for target sdurws_ird_core
  sdurws_ird_core.vcxproj -> D:\10_Source_Repos\21_robot\RobWork\acc-build-wp14-t11\RobWorkStudio\libs\Release\sdurws_ird_core.lib
  Automatic MOC for target sdurws_ird_diagnostics
  sdurws_ird_diagnostics.vcxproj -> D:\10_Source_Repos\21_robot\RobWork\acc-build-wp14-t11\RobWorkStudio\libs\Release\sdurws_ird_diagnostics.lib
  Automatic MOC for target sdurws_ird_evidence
  sdurws_ird_evidence.vcxproj -> D:\10_Source_Repos\21_robot\RobWork\acc-build-wp14-t11\RobWorkStudio\libs\Release\sdurws_ird_evidence.lib
  Automatic MOC for target sdurws_ird_io
  sdurws_ird_io.vcxproj -> D:\10_Source_Repos\21_robot\RobWork\acc-build-wp14-t11\RobWorkStudio\libs\Release\sdurws_ird_io.lib
  Automatic MOC for target sdurws_ird_project
  sdurws_ird_project.vcxproj -> D:\10_Source_Repos\21_robot\RobWork\acc-build-wp14-t11\RobWorkStudio\libs\Release\sdurws_ird_project.lib
  Automatic MOC for target sdurws_ird_requirements
  sdurws_ird_requirements.vcxproj -> D:\10_Source_Repos\21_robot\RobWork\acc-build-wp14-t11\RobWorkStudio\libs\Release\sdurws_ird_requirements.lib
  Automatic MOC for target sdurws_ird_ui
  sdurws_ird_ui.vcxproj -> D:\10_Source_Repos\21_robot\RobWork\acc-build-wp14-t11\RobWorkStudio\libs\Release\sdurws_ird_ui.lib
  Automatic MOC for target sdurws_ird_requirements_plugin
  sdurws_ird_requirements_plugin.vcxproj -> D:\10_Source_Repos\21_robot\RobWork\acc-build-wp14-t11\RobWorkStudio\libs\Release\sdurws_ird_requirements_plugin.lib
  Automatic MOC for target sdurws_ird_requirements_app
  Building Custom Rule D:/10_Source_Repos/21_robot/RobWork/acc-src-wp14-t11/RobWork/RobWorkStudio/src/rwslibs/industrialrobot/requirements/CMakeLists.txt
  RequirementsHarnessMain.cpp
  mocs_compilation_Release.cpp
  sdurws_ird_requirements_app.vcxproj -> D:\10_Source_Repos\21_robot\RobWork\acc-build-wp14-t11\RobWorkStudio\bin\Release\sdurws_ird_requirements_app.exe
适用于 .NET Framework MSBuild 版本 17.12.6+db5f6012c

  Auto build dll exports
  sdurw_core.vcxproj -> D:\10_Source_Repos\21_robot\RobWork\acc-build-wp14-t11\RobWork\bin\Release\sdurw_core.dll
  Auto build dll exports
  sdurw_common.vcxproj -> D:\10_Source_Repos\21_robot\RobWork\acc-build-wp14-t11\RobWork\bin\Release\sdurw_common.dll
  Auto build dll exports
  sdurw_math.vcxproj -> D:\10_Source_Repos\21_robot\RobWork\acc-build-wp14-t11\RobWork\bin\Release\sdurw_math.dll
  Automatic MOC for target sdurws_ird_core
  sdurws_ird_core.vcxproj -> D:\10_Source_Repos\21_robot\RobWork\acc-build-wp14-t11\RobWorkStudio\libs\Release\sdurws_ird_core.lib
  Automatic MOC for target sdurws_ird_diagnostics
  sdurws_ird_diagnostics.vcxproj -> D:\10_Source_Repos\21_robot\RobWork\acc-build-wp14-t11\RobWorkStudio\libs\Release\sdurws_ird_diagnostics.lib
  Automatic MOC for target sdurws_ird_evidence
  sdurws_ird_evidence.vcxproj -> D:\10_Source_Repos\21_robot\RobWork\acc-build-wp14-t11\RobWorkStudio\libs\Release\sdurws_ird_evidence.lib
  Automatic MOC for target sdurws_ird_io
  sdurws_ird_io.vcxproj -> D:\10_Source_Repos\21_robot\RobWork\acc-build-wp14-t11\RobWorkStudio\libs\Release\sdurws_ird_io.lib
  Automatic MOC for target sdurws_ird_project
  sdurws_ird_project.vcxproj -> D:\10_Source_Repos\21_robot\RobWork\acc-build-wp14-t11\RobWorkStudio\libs\Release\sdurws_ird_project.lib
  Automatic MOC for target sdurws_ird_requirements
  sdurws_ird_requirements.vcxproj -> D:\10_Source_Repos\21_robot\RobWork\acc-build-wp14-t11\RobWorkStudio\libs\Release\sdurws_ird_requirements.lib
  Automatic MOC for target sdurws_ird_ui
  sdurws_ird_ui.vcxproj -> D:\10_Source_Repos\21_robot\RobWork\acc-build-wp14-t11\RobWorkStudio\libs\Release\sdurws_ird_ui.lib
  Automatic MOC for target sdurws_ird_requirements_plugin
  sdurws_ird_requirements_plugin.vcxproj -> D:\10_Source_Repos\21_robot\RobWork\acc-build-wp14-t11\RobWorkStudio\libs\Release\sdurws_ird_requirements_plugin.lib
  Automatic MOC for target sdurws_ird_testkit
  Building Custom Rule D:/10_Source_Repos/21_robot/RobWork/acc-src-wp14-t11/RobWork/RobWorkStudio/src/rwslibs/industrialrobot/testkit/CMakeLists.txt
  TestPaths.cpp
  JsonLite.cpp
  Fault.cpp
  Dataset.cpp
  ToleranceProfile.cpp
  Check.cpp
  ContractCheck.cpp
  Fixture.cpp
  Report.cpp
  ProcessRunner.cpp
  mocs_compilation_Release.cpp
  sdurws_ird_testkit.vcxproj -> D:\10_Source_Repos\21_robot\RobWork\acc-build-wp14-t11\RobWorkStudio\libs\Release\sdurws_ird_testkit.lib
  Automatic MOC for target sdurws_ird_requirements_test
  Building Custom Rule D:/10_Source_Repos/21_robot/RobWork/acc-src-wp14-t11/RobWork/RobWorkStudio/src/rwslibs/industrialrobot/requirements/CMakeLists.txt
  TestMainReport.cpp
  ObjectTypesTest.cpp
  ErrorsTest.cpp
  DiagCodesTest.cpp
  BuildRedLineTest.cpp
  RequirementTypesTest.cpp
  CodecTest.cpp
  ServicesTest.cpp
  SamplingTest.cpp
  EditorTest.cpp
  ImportTest.cpp
  ReadinessTest.cpp
  CommandHandlersTest.cpp
  OrientationResolutionTest.cpp
  CaptureTest.cpp
  TemplateArrayTest.cpp
  PluginPanelTest.cpp
  HostMigrationTest.cpp
  GoldenDatasetsContractTest.cpp
  mocs_compilation_Release.cpp
  sdurws_ird_requirements_test.vcxproj -> D:\10_Source_Repos\21_robot\RobWork\acc-build-wp14-t11\RobWorkStudio\bin\Release\sdurws_ird_requirements_test.exe
  D:\10_Source_Repos\21_robot\RobWork\vcpkg\installed\x64-windows\bin\gtest.dll -> D:\10_Source_Repos\21_robot\RobWork\acc-build-wp14-t11\RobWorkStudio\bin\Release\gtest.dll done
适用于 .NET Framework MSBuild 版本 17.12.6+db5f6012c

  Auto build dll exports
  sdurw_core.vcxproj -> D:\10_Source_Repos\21_robot\RobWork\acc-build-wp14-t11\RobWork\bin\Release\sdurw_core.dll
  Auto build dll exports
  sdurw_common.vcxproj -> D:\10_Source_Repos\21_robot\RobWork\acc-build-wp14-t11\RobWork\bin\Release\sdurw_common.dll
  Auto build dll exports
  sdurw_math.vcxproj -> D:\10_Source_Repos\21_robot\RobWork\acc-build-wp14-t11\RobWork\bin\Release\sdurw_math.dll
  Automatic MOC for target sdurws_ird_core
  sdurws_ird_core.vcxproj -> D:\10_Source_Repos\21_robot\RobWork\acc-build-wp14-t11\RobWorkStudio\libs\Release\sdurws_ird_core.lib
  Automatic MOC for target sdurws_ird_diagnostics
  sdurws_ird_diagnostics.vcxproj -> D:\10_Source_Repos\21_robot\RobWork\acc-build-wp14-t11\RobWorkStudio\libs\Release\sdurws_ird_diagnostics.lib
  Automatic MOC for target sdurws_ird_evidence
  sdurws_ird_evidence.vcxproj -> D:\10_Source_Repos\21_robot\RobWork\acc-build-wp14-t11\RobWorkStudio\libs\Release\sdurws_ird_evidence.lib
  Automatic MOC for target sdurws_ird_io
  sdurws_ird_io.vcxproj -> D:\10_Source_Repos\21_robot\RobWork\acc-build-wp14-t11\RobWorkStudio\libs\Release\sdurws_ird_io.lib
  Automatic MOC for target sdurws_ird_project
  sdurws_ird_project.vcxproj -> D:\10_Source_Repos\21_robot\RobWork\acc-build-wp14-t11\RobWorkStudio\libs\Release\sdurws_ird_project.lib
  Automatic MOC for target sdurws_ird_requirements
  sdurws_ird_requirements.vcxproj -> D:\10_Source_Repos\21_robot\RobWork\acc-build-wp14-t11\RobWorkStudio\libs\Release\sdurws_ird_requirements.lib
  Automatic MOC for target sdurws_ird_testkit
  sdurws_ird_testkit.vcxproj -> D:\10_Source_Repos\21_robot\RobWork\acc-build-wp14-t11\RobWorkStudio\libs\Release\sdurws_ird_testkit.lib
  Automatic MOC for target sdurws_ird_requirements_contract_test
  Building Custom Rule D:/10_Source_Repos/21_robot/RobWork/acc-src-wp14-t11/RobWork/RobWorkStudio/src/rwslibs/industrialrobot/requirements/CMakeLists.txt
  ContractTestMain.cpp
  BuildGraphContractTest.cpp
  PeerFaceContractTest.cpp
  PluginGraphContractTest.cpp
  mocs_compilation_Release.cpp
  sdurws_ird_requirements_contract_test.vcxproj -> D:\10_Source_Repos\21_robot\RobWork\acc-build-wp14-t11\RobWorkStudio\bin\Release\sdurws_ird_requirements_contract_test.exe
适用于 .NET Framework MSBuild 版本 17.12.6+db5f6012c

  pqp.vcxproj -> D:\10_Source_Repos\21_robot\RobWork\acc-build-wp14-t11\RobWork\libs\Release\pqp.lib
  Automatic MOC for target qtpropertybrowser
  qtpropertybrowser.vcxproj -> D:\10_Source_Repos\21_robot\RobWork\acc-build-wp14-t11\RobWorkStudio\libs\Release\qtpropertybrowser.lib
  Auto build dll exports
  sdurw_core.vcxproj -> D:\10_Source_Repos\21_robot\RobWork\acc-build-wp14-t11\RobWork\bin\Release\sdurw_core.dll
  Auto build dll exports
  sdurw_common.vcxproj -> D:\10_Source_Repos\21_robot\RobWork\acc-build-wp14-t11\RobWork\bin\Release\sdurw_common.dll
  Auto build dll exports
  sdurw_math.vcxproj -> D:\10_Source_Repos\21_robot\RobWork\acc-build-wp14-t11\RobWork\bin\Release\sdurw_math.dll
  Auto build dll exports
  sdurw_kinematics.vcxproj -> D:\10_Source_Repos\21_robot\RobWork\acc-build-wp14-t11\RobWork\bin\Release\sdurw_kinematics.dll
  Auto build dll exports
  sdurw_geometry.vcxproj -> D:\10_Source_Repos\21_robot\RobWork\acc-build-wp14-t11\RobWork\bin\Release\sdurw_geometry.dll
  Auto build dll exports
  sdurw_sensor.vcxproj -> D:\10_Source_Repos\21_robot\RobWork\acc-build-wp14-t11\RobWork\bin\Release\sdurw_sensor.dll
  Auto build dll exports
  sdurw_models.vcxproj -> D:\10_Source_Repos\21_robot\RobWork\acc-build-wp14-t11\RobWork\bin\Release\sdurw_models.dll
  Auto build dll exports
  sdurw_control.vcxproj -> D:\10_Source_Repos\21_robot\RobWork\acc-build-wp14-t11\RobWork\bin\Release\sdurw_control.dll
  Auto build dll exports
  sdurw_graphics.vcxproj -> D:\10_Source_Repos\21_robot\RobWork\acc-build-wp14-t11\RobWork\bin\Release\sdurw_graphics.dll
  Auto build dll exports
  sdurw_proximity.vcxproj -> D:\10_Source_Repos\21_robot\RobWork\acc-build-wp14-t11\RobWork\bin\Release\sdurw_proximity.dll
  Auto build dll exports
  sdurw_trajectory.vcxproj -> D:\10_Source_Repos\21_robot\RobWork\acc-build-wp14-t11\RobWork\bin\Release\sdurw_trajectory.dll
  Auto build dll exports
  sdurw_invkin.vcxproj -> D:\10_Source_Repos\21_robot\RobWork\acc-build-wp14-t11\RobWork\bin\Release\sdurw_invkin.dll
  Auto build dll exports
  sdurw_loaders.vcxproj -> D:\10_Source_Repos\21_robot\RobWork\acc-build-wp14-t11\RobWork\bin\Release\sdurw_loaders.dll
  Auto build dll exports
  sdurw_opengl.vcxproj -> D:\10_Source_Repos\21_robot\RobWork\acc-build-wp14-t11\RobWork\bin\Release\sdurw_opengl.dll
  yaobi.vcxproj -> D:\10_Source_Repos\21_robot\RobWork\acc-build-wp14-t11\RobWork\libs\Release\yaobi.lib
  Auto build dll exports
  sdurw_proximitystrategies.vcxproj -> D:\10_Source_Repos\21_robot\RobWork\acc-build-wp14-t11\RobWork\bin\Release\sdurw_proximitystrategies.dll
  Auto build dll exports
  sdurw_simulation.vcxproj -> D:\10_Source_Repos\21_robot\RobWork\acc-build-wp14-t11\RobWork\bin\Release\sdurw_simulation.dll
  Auto build dll exports
  sdurw_task.vcxproj -> D:\10_Source_Repos\21_robot\RobWork\acc-build-wp14-t11\RobWork\bin\Release\sdurw_task.dll
  Automatic MOC for target sdurws
  sdurws.vcxproj -> D:\10_Source_Repos\21_robot\RobWork\acc-build-wp14-t11\RobWorkStudio\libs\Release\sdurws.lib
  Automatic MOC for target sdurws_ird_core
  sdurws_ird_core.vcxproj -> D:\10_Source_Repos\21_robot\RobWork\acc-build-wp14-t11\RobWorkStudio\libs\Release\sdurws_ird_core.lib
  Automatic MOC for target sdurws_ird_diagnostics
  sdurws_ird_diagnostics.vcxproj -> D:\10_Source_Repos\21_robot\RobWork\acc-build-wp14-t11\RobWorkStudio\libs\Release\sdurws_ird_diagnostics.lib
  Automatic MOC for target sdurws_ird_io
  sdurws_ird_io.vcxproj -> D:\10_Source_Repos\21_robot\RobWork\acc-build-wp14-t11\RobWorkStudio\libs\Release\sdurws_ird_io.lib
  Automatic MOC for target sdurws_ird_policy
  sdurws_ird_policy.vcxproj -> D:\10_Source_Repos\21_robot\RobWork\acc-build-wp14-t11\RobWorkStudio\libs\Release\sdurws_ird_policy.lib
  Automatic MOC for target sdurws_ird_project
  sdurws_ird_project.vcxproj -> D:\10_Source_Repos\21_robot\RobWork\acc-build-wp14-t11\RobWorkStudio\libs\Release\sdurws_ird_project.lib
  Auto build dll exports
  sdurw_algorithms.vcxproj -> D:\10_Source_Repos\21_robot\RobWork\acc-build-wp14-t11\RobWork\bin\Release\sdurw_algorithms.dll
  Auto build dll exports
  sdurw_graspplanning.vcxproj -> D:\10_Source_Repos\21_robot\RobWork\acc-build-wp14-t11\RobWork\bin\Release\sdurw_graspplanning.dll
  Auto build dll exports
  sdurw_pathplanning.vcxproj -> D:\10_Source_Repos\21_robot\RobWork\acc-build-wp14-t11\RobWork\bin\Release\sdurw_pathplanning.dll
  Auto build dll exports
  sdurw_plugin.vcxproj -> D:\10_Source_Repos\21_robot\RobWork\acc-build-wp14-t11\RobWork\bin\Release\sdurw_plugin.dll
  Auto build dll exports
  sdurw_assembly.vcxproj -> D:\10_Source_Repos\21_robot\RobWork\acc-build-wp14-t11\RobWork\bin\Release\sdurw_assembly.dll
  Auto build dll exports
  sdurw_pathplanners.vcxproj -> D:\10_Source_Repos\21_robot\RobWork\acc-build-wp14-t11\RobWork\bin\Release\sdurw_pathplanners.dll
  Automatic MOC and UIC for target sdurwsim
  Auto build dll exports
  sdurwsim.vcxproj -> D:\10_Source_Repos\21_robot\RobWork\acc-build-wp14-t11\RobWorkSim\bin\Release\sdurwsim.dll
  Automatic MOC for target sdurws_ird_runtime
  sdurws_ird_runtime.vcxproj -> D:\10_Source_Repos\21_robot\RobWork\acc-build-wp14-t11\RobWorkStudio\libs\Release\sdurws_ird_runtime.lib
  Automatic MOC for target sdurws_ird_modeling
  sdurws_ird_modeling.vcxproj -> D:\10_Source_Repos\21_robot\RobWork\acc-build-wp14-t11\RobWorkStudio\libs\Release\sdurws_ird_modeling.lib
  Automatic MOC for target sdurws_ird_ui
  sdurws_ird_ui.vcxproj -> D:\10_Source_Repos\21_robot\RobWork\acc-build-wp14-t11\RobWorkStudio\libs\Release\sdurws_ird_ui.lib
  Automatic MOC for target sdurws_ird_modeling_plugin
  sdurws_ird_modeling_plugin.vcxproj -> D:\10_Source_Repos\21_robot\RobWork\acc-build-wp14-t11\RobWorkStudio\libs\Release\sdurws_ird_modeling_plugin.lib
  Automatic MOC for target sdurws_jog
  Generating qrc_resources.cpp
  Building Custom Rule D:/10_Source_Repos/21_robot/RobWork/acc-src-wp14-t11/RobWork/RobWorkStudio/src/rwslibs/jog/CMakeLists.txt
  Jog.cpp
  SliderTab.cpp
  qrc_resources.cpp
  mocs_compilation_Release.cpp
  sdurws_jog.vcxproj -> D:\10_Source_Repos\21_robot\RobWork\acc-build-wp14-t11\RobWorkStudio\libs\Release\sdurws_jog.lib
  Automatic MOC for target sdurws_log
  Generating qrc_resources.cpp
  Building Custom Rule D:/10_Source_Repos/21_robot/RobWork/acc-src-wp14-t11/RobWork/RobWorkStudio/src/rwslibs/log/CMakeLists.txt
  ShowLog.cpp
  qrc_resources.cpp
  mocs_compilation_Release.cpp
  sdurws_log.vcxproj -> D:\10_Source_Repos\21_robot\RobWork\acc-build-wp14-t11\RobWorkStudio\libs\Release\sdurws_log.lib
  Automatic MOC for target sdurws_playback
  Generating qrc_playback_resources.cpp
  Building Custom Rule D:/10_Source_Repos/21_robot/RobWork/acc-src-wp14-t11/RobWork/RobWorkStudio/src/rwslibs/playback/CMakeLists.txt
  PlayBack.cpp
  Player.cpp
  StateDraw.cpp
  PlayBackSettings.cpp
  qrc_playback_resources.cpp
  mocs_compilation_Release.cpp
  sdurws_playback.vcxproj -> D:\10_Source_Repos\21_robot\RobWork\acc-build-wp14-t11\RobWorkStudio\libs\Release\sdurws_playback.lib
  Automatic MOC for target sdurws_treeview
  Generating qrc_resources.cpp
  Building Custom Rule D:/10_Source_Repos/21_robot/RobWork/acc-src-wp14-t11/RobWork/RobWorkStudio/src/rwslibs/treeview/CMakeLists.txt
  TreeView.cpp
  qrc_resources.cpp
  mocs_compilation_Release.cpp
  sdurws_treeview.vcxproj -> D:\10_Source_Repos\21_robot\RobWork\acc-build-wp14-t11\RobWorkStudio\libs\Release\sdurws_treeview.lib
  Automatic MOC for target sdurws_ird_studio
  Building Custom Rule D:/10_Source_Repos/21_robot/RobWork/acc-src-wp14-t11/RobWork/RobWorkStudio/src/rwslibs/industrialrobot/ui/CMakeLists.txt
  StudioMain.cpp
  UiPlugin.cpp
  DomainAssembly.cpp
  PortAdapters.cpp
  DiagnosticsAssembly.cpp
  mocs_compilation_Release.cpp
    正在创建库 D:/10_Source_Repos/21_robot/RobWork/acc-build-wp14-t11/RobWorkStudio/libs/Release/sdurws_ird_studio.lib 和对象 D:/10_Source_Repos/21_robot/RobWork/acc-build-wp14-t11/RobWorkStudio/libs/Release/sdurws_ird_studio.exp
  sdurws_ird_studio.vcxproj -> D:\10_Source_Repos\21_robot\RobWork\acc-build-wp14-t11\RobWorkStudio\bin\Release\sdurws_ird_studio.exe
