适用于 .NET Framework MSBuild 版本 17.12.6+db5f6012c

  sdurws_ird_core.vcxproj -> D:\10_Source_Repos\21_robot\RobWork\build\pipeline-wt\build-smoke\core\Release\sdurws_ird_core.lib
  sdurws_ird_diagnostics.vcxproj -> D:\10_Source_Repos\21_robot\RobWork\build\pipeline-wt\build-smoke\diagnostics\Release\sdurws_ird_diagnostics.lib
  sdurws_ird_evidence.vcxproj -> D:\10_Source_Repos\21_robot\RobWork\build\pipeline-wt\build-smoke\evidence\Release\sdurws_ird_evidence.lib
  sdurws_ird_project.vcxproj -> D:\10_Source_Repos\21_robot\RobWork\build\pipeline-wt\build-smoke\project\Release\sdurws_ird_project.lib
  sdurws_ird_execution.vcxproj -> D:\10_Source_Repos\21_robot\RobWork\build\pipeline-wt\build-smoke\execution\Release\sdurws_ird_execution.lib
  sdurws_ird_io.vcxproj -> D:\10_Source_Repos\21_robot\RobWork\build\pipeline-wt\build-smoke\io\Release\sdurws_ird_io.lib
  sdurws_ird_reporting.vcxproj -> D:\10_Source_Repos\21_robot\RobWork\build\pipeline-wt\build-smoke\reporting\Release\sdurws_ird_reporting.lib
  sdurws_ird_testkit.vcxproj -> D:\10_Source_Repos\21_robot\RobWork\build\pipeline-wt\build-smoke\testkit\Release\sdurws_ird_testkit.lib
  sdurws_ird_ui.vcxproj -> D:\10_Source_Repos\21_robot\RobWork\build\pipeline-wt\build-smoke\ui\Release\sdurws_ird_ui.lib
  sdurws_ird_workflow.vcxproj -> D:\10_Source_Repos\21_robot\RobWork\build\pipeline-wt\build-smoke\workflow\Release\sdurws_ird_workflow.lib
  sdurws_ird_workflow_plugin.vcxproj -> D:\10_Source_Repos\21_robot\RobWork\build\pipeline-wt\build-smoke\workflow\Release\sdurws_ird_workflow_plugin.lib
  sdurws_ird_workflow_contract_test.vcxproj -> D:\10_Source_Repos\21_robot\RobWork\build\pipeline-wt\build-smoke\workflow\Release\sdurws_ird_workflow_contract_test.exe
  ird: run sdurws_ird_workflow_contract_test and write gtest XML report
  [==========] Running 46 tests from 9 test suites.
  [----------] Global test environment set-up.
  [----------] 5 tests from WfBuildGraph
  [ RUN      ] WfBuildGraph.UnitEdgesEightRegisteredAndClosed_WP22T02_ACC1
  [       OK ] WfBuildGraph.UnitEdgesEightRegisteredAndClosed_WP22T02_ACC1 (0 ms)
  [ RUN      ] WfBuildGraph.EightRegisteredEdgesPresent_WP22T02_ACC1
  [       OK ] WfBuildGraph.EightRegisteredEdgesPresent_WP22T02_ACC1 (0 ms)
  [ RUN      ] WfBuildGraph.NoBusinessUnitOrExtraPlatformEdge_WP22T02_ACC2
  [       OK ] WfBuildGraph.NoBusinessUnitOrExtraPlatformEdge_WP22T02_ACC2 (0 ms)
  [ RUN      ] WfBuildGraph.NoTestkitEdgeOnProductTarget_WP22T02_ACC1
  [       OK ] WfBuildGraph.NoTestkitEdgeOnProductTarget_WP22T02_ACC1 (0 ms)
  [ RUN      ] WfBuildGraph.IncludeFaceMatchesRegisteredEdges_WP22T02_ACC2
  [       OK ] WfBuildGraph.IncludeFaceMatchesRegisteredEdges_WP22T02_ACC2 (5 ms)
  [----------] 5 tests from WfBuildGraph (7 ms total)
  
  [----------] 3 tests from WfPluginRegistration
  [ RUN      ] WfPluginRegistration.AssemblyRegistersOkOnWhitelist_WP22T02_ACC1
  [       OK ] WfPluginRegistration.AssemblyRegistersOkOnWhitelist_WP22T02_ACC1 (0 ms)
  [ RUN      ] WfPluginRegistration.DescriptorMatchesMinimalForm_WP22T02_ACC1
  [       OK ] WfPluginRegistration.DescriptorMatchesMinimalForm_WP22T02_ACC1 (0 ms)
  [ RUN      ] WfPluginRegistration.WhitelistAndDuplicateRejected_WP22T02_ACC1
  [       OK ] WfPluginRegistration.WhitelistAndDuplicateRejected_WP22T02_ACC1 (0 ms)
  [----------] 3 tests from WfPluginRegistration (0 ms total)
  
  [----------] 4 tests from WfGateContract
  [ RUN      ] WfGateContract.GateConsumesOnlySnapshotAndEvents_WP22T03_ACC2_WFVER112
  [       OK ] WfGateContract.GateConsumesOnlySnapshotAndEvents_WP22T03_ACC2_WFVER112 (8 ms)
  [ RUN      ] WfGateContract.WordTableZeroAdditionAndPwf2Shape_WP22T03_ACC3
  [       OK ] WfGateContract.WordTableZeroAdditionAndPwf2Shape_WP22T03_ACC3 (4 ms)
  [ RUN      ] WfGateContract.ProjectionOwnershipStaysWithUi_WP22T03_ACC3
  [       OK ] WfGateContract.ProjectionOwnershipStaysWithUi_WP22T03_ACC3 (4 ms)
  [ RUN      ] WfGateContract.InvalidationHintIsPureValueData_WP22T03_ACC1
  [       OK ] WfGateContract.InvalidationHintIsPureValueData_WP22T03_ACC1 (0 ms)
  [----------] 4 tests from WfGateContract (17 ms total)
  
  [----------] 8 tests from NewProjectWizardContract
  [ RUN      ] NewProjectWizardContract.WF_VER_201_TemplateMainlineCreatesBaselineRevision
  [       OK ] NewProjectWizardContract.WF_VER_201_TemplateMainlineCreatesBaselineRevision (54 ms)
  [ RUN      ] NewProjectWizardContract.WF_VER_201_UrdfSourceRegistersReadOnlyBaseline
  [       OK ] NewProjectWizardContract.WF_VER_201_UrdfSourceRegistersReadOnlyBaseline (43 ms)
  [ RUN      ] NewProjectWizardContract.WF_VER_201_BlankMainlineStopsAtR0
  [       OK ] NewProjectWizardContract.WF_VER_201_BlankMainlineStopsAtR0 (24 ms)
  [ RUN      ] NewProjectWizardContract.WF_VER_202_CancelBeforeConfirmLeavesNothing
  [       OK ] NewProjectWizardContract.WF_VER_202_CancelBeforeConfirmLeavesNothing (0 ms)
  [ RUN      ] NewProjectWizardContract.WF_VER_203_DomainInitFailureCleansAndKeepsInputs
  [       OK ] NewProjectWizardContract.WF_VER_203_DomainInitFailureCleansAndKeepsInputs (67 ms)
  [ RUN      ] NewProjectWizardContract.WF_VER_203_CreateNewFailurePresentsAndRetries
  [       OK ] NewProjectWizardContract.WF_VER_203_CreateNewFailurePresentsAndRetries (39 ms)
  [ RUN      ] NewProjectWizardContract.WF_VER_204_ExternalHandlingBothWaysForwarded
  [       OK ] NewProjectWizardContract.WF_VER_204_ExternalHandlingBothWaysForwarded (87 ms)
  [ RUN      ] NewProjectWizardContract.WF_VER_Port_ModelingNotDirectlyLinked
  [       OK ] NewProjectWizardContract.WF_VER_Port_ModelingNotDirectlyLinked (3 ms)
  [----------] 8 tests from NewProjectWizardContract (321 ms total)
  
  [----------] 3 tests from OpenWizardContract
  [ RUN      ] OpenWizardContract.WF_VER_205_FiveStepProtocolAllThreeSources
  [       OK ] OpenWizardContract.WF_VER_205_FiveStepProtocolAllThreeSources (31 ms)
  [ RUN      ] OpenWizardContract.WF_VER_206_CorruptProjectFailsWithConcreteFileAndCurrentUntouched
  [       OK ] OpenWizardContract.WF_VER_206_CorruptProjectFailsWithConcreteFileAndCurrentUntouched (35 ms)
  [ RUN      ] OpenWizardContract.WF_VER_206_NotAProjectPresentsContextAndGuidance
  [       OK ] OpenWizardContract.WF_VER_206_NotAProjectPresentsContextAndGuidance (1 ms)
  [----------] 3 tests from OpenWizardContract (68 ms total)
  
  [----------] 7 tests from CloseFlowContract
  [ RUN      ] CloseFlowContract.WF_VER_209_DialogDataPlaneAndCancelAbortsOverRealDrafts
  [       OK ] CloseFlowContract.WF_VER_209_DialogDataPlaneAndCancelAbortsOverRealDrafts (23 ms)
  [ RUN      ] CloseFlowContract.WF_VER_210_WaitOptionDrainsArchiveThenContextClosed
  [       OK ] CloseFlowContract.WF_VER_210_WaitOptionDrainsArchiveThenContextClosed (36 ms)
  [ RUN      ] CloseFlowContract.WF_VER_211_CooperativeCancelReachesDrainedClose
  [       OK ] CloseFlowContract.WF_VER_211_CooperativeCancelReachesDrainedClose (15 ms)
  [ RUN      ] CloseFlowContract.WF_VER_212_SchemeSwitchCancelPathZeroWrite
  [       OK ] CloseFlowContract.WF_VER_212_SchemeSwitchCancelPathZeroWrite (22 ms)
  [ RUN      ] CloseFlowContract.WF_VER_212_SchemeSwitchProceedPathZeroWrite
  [       OK ] CloseFlowContract.WF_VER_212_SchemeSwitchProceedPathZeroWrite (15 ms)
  [ RUN      ] CloseFlowContract.SwitchCandidateSuccessClosesCurrentAndHandsOver
  [       OK ] CloseFlowContract.SwitchCandidateSuccessClosesCurrentAndHandsOver (35 ms)
  [ RUN      ] CloseFlowContract.SwitchCandidateCorruptFailsAndCurrentUntouched
  [       OK ] CloseFlowContract.SwitchCandidateCorruptFailsAndCurrentUntouched (37 ms)
  [----------] 7 tests from CloseFlowContract (186 ms total)
  
  [----------] 6 tests from SaveAsPackageContract
  [ RUN      ] SaveAsPackageContract.SaveAs_EntersNewProject_ViaOpenProtocol_P05_AT20
  [       OK ] SaveAsPackageContract.SaveAs_EntersNewProject_ViaOpenProtocol_P05_AT20 (36 ms)
  [ RUN      ] SaveAsPackageContract.SaveAs_Cancelled_TargetLeftClean_AT20
  [       OK ] SaveAsPackageContract.SaveAs_Cancelled_TargetLeftClean_AT20 (16 ms)
  [ RUN      ] SaveAsPackageContract.Export_RealZipArtifact_SourceUntouched_P05
  [       OK ] SaveAsPackageContract.Export_RealZipArtifact_SourceUntouched_P05 (38 ms)
  [ RUN      ] SaveAsPackageContract.Export_Cancelled_TargetUntouched_P05
  [       OK ] SaveAsPackageContract.Export_Cancelled_TargetUntouched_P05 (14 ms)
  [ RUN      ] SaveAsPackageContract.Import_PathTraversalRejected_NoTarget_P05
  [       OK ] SaveAsPackageContract.Import_PathTraversalRejected_NoTarget_P05 (9 ms)
  [ RUN      ] SaveAsPackageContract.Import_ExportedPackRoundTrip_VerifiedPublished_P05
  [       OK ] SaveAsPackageContract.Import_ExportedPackRoundTrip_VerifiedPublished_P05 (56 ms)
  [----------] 6 tests from SaveAsPackageContract (171 ms total)
  
  [----------] 7 tests from ReconnectReadOnlyContract
  [ RUN      ] ReconnectReadOnlyContract.LegacySchemaVersion_Rejected_GuidanceDiag_FileUntouched_P06_AT20
  [       OK ] ReconnectReadOnlyContract.LegacySchemaVersion_Rejected_GuidanceDiag_FileUntouched_P06_AT20 (22 ms)
  [ RUN      ] ReconnectReadOnlyContract.FutureSchemaVersion_Rejected_ThreeKeysGuidance_P06
  [       OK ] ReconnectReadOnlyContract.FutureSchemaVersion_Rejected_ThreeKeysGuidance_P06 (24 ms)
  [ RUN      ] ReconnectReadOnlyContract.LegacyRwprojFile_RoutedUnknown_ZeroSideEffect_P06
  [       OK ] ReconnectReadOnlyContract.LegacyRwprojFile_RoutedUnknown_ZeroSideEffect_P06 (0 ms)
  [ RUN      ] ReconnectReadOnlyContract.SecondWriterDegradesReadOnly_PidNotice_SubmitRejected_P07
  [       OK ] ReconnectReadOnlyContract.SecondWriterDegradesReadOnly_PidNotice_SubmitRejected_P07 (27 ms)
  [ RUN      ] ReconnectReadOnlyContract.LockRelease_RestoresWritable_P07
  [       OK ] ReconnectReadOnlyContract.LockRelease_RestoresWritable_P07 (26 ms)
  [ RUN      ] ReconnectReadOnlyContract.Relink_ExplicitCommit_ProducesNewRevision_P09_AT21
  [       OK ] ReconnectReadOnlyContract.Relink_ExplicitCommit_ProducesNewRevision_P09_AT21 (40 ms)
  [ RUN      ] ReconnectReadOnlyContract.RelinkFailedOrNotNeeded_NoProjectMutation_P09
  [       OK ] ReconnectReadOnlyContract.RelinkFailedOrNotNeeded_NoProjectMutation_P09 (17 ms)
  [----------] 7 tests from ReconnectReadOnlyContract (159 ms total)
  
  [----------] 3 tests from StatusBannerContract
  [ RUN      ] StatusBannerContract.ThreeScenarios_RealRecovery_CatalogFolded_BannerData_P15_AT21
  [       OK ] StatusBannerContract.ThreeScenarios_RealRecovery_CatalogFolded_BannerData_P15_AT21 (25 ms)
  [ RUN      ] StatusBannerContract.TitleSources_FromRealStore_QueryFace_P11
  [       OK ] StatusBannerContract.TitleSources_FromRealStore_QueryFace_P11 (17 ms)
  [ RUN      ] StatusBannerContract.ReadOnlyDegraded_TitleSuffix_DiscardGate_P11_P15
  [       OK ] StatusBannerContract.ReadOnlyDegraded_TitleSuffix_DiscardGate_P11_P15 (28 ms)
  [----------] 3 tests from StatusBannerContract (71 ms total)
  
  [----------] Global test environment tear-down
  [==========] 46 tests from 9 test suites ran. (1059 ms total)
  [  PASSED  ] 46 tests.
  Building Custom Rule D:/10_Source_Repos/21_robot/RobWork/build/pipeline-wt/RobWork/RobWorkStudio/src/rwslibs/industrialrobot/workflow/CMakeLists.txt
