适用于 .NET Framework MSBuild 版本 17.12.6+db5f6012c

  ird_gates：依赖红线与补丁门禁（R-1~R-5/T-1/T-2/SUB/SA-02＋引擎自测）
  IRD-GATE-SUB: 娴嬭瘯鐩爣 sdurws_ird_diagnostics_contract_test 鐩撮摼浠栧崟鍏冧骇鍝佺洰鏍?sdurws_ird_testkit锛堝厑璁稿舰鎬佷粎鍚屽崟鍏冭娴嬬洰鏍囷紱璺ㄥ崟鍏冮渶姹傜粡 testkit 鏇胯韩鎴?DTB 搂4.5 鐧昏锛?IRD-GATE-SUB: 娴嬭瘯鐩爣 sdurws_ird_evidence_test 鐩撮摼浠栧崟鍏冧骇鍝佺洰鏍?sdurws_ird_testkit锛堝厑璁稿舰鎬佷粎鍚屽崟鍏冭娴嬬洰鏍囷紱璺ㄥ崟鍏冮渶姹傜粡 testkit 鏇胯韩鎴?DTB 搂4.5 鐧昏锛?IRD-GATE-SUB: 娴嬭瘯鐩爣 sdurws_ird_evidence_contract_test 鐩撮摼浠栧崟鍏冧骇鍝佺洰鏍?sdurws_ird_testkit锛堝厑璁稿舰鎬佷粎鍚屽崟鍏冭娴嬬洰鏍囷紱璺ㄥ崟鍏冮渶姹傜粡 testkit 鏇胯韩鎴?DTB 搂4.5 鐧昏锛?IRD-GATE-SUB: 娴嬭瘯鐩爣 sdurws_ird_execution_test 鐩撮摼浠栧崟鍏冧骇鍝佺洰鏍?sdurws_ird_testkit锛堝厑璁稿舰鎬佷粎鍚屽崟鍏冭娴嬬洰鏍囷紱璺ㄥ崟鍏冮渶姹傜粡 testkit 鏇胯韩鎴?DTB 搂4.5 鐧昏锛?IRD-GATE-SUB: 娴嬭瘯鐩爣 sdurws_ird_execution_contract_test 鐩撮摼浠栧崟鍏冧骇鍝佺洰鏍?sdurws_ird_testkit锛堝厑璁稿舰鎬佷粎鍚屽崟鍏冭娴嬬洰鏍囷紱璺ㄥ崟鍏冮渶姹傜粡 testkit 鏇胯韩鎴?DTB 搂4.5 鐧昏锛?IRD-GATE-LIB: 鐩爣 sdurws_ird_io 閾炬帴鏈煡鐩爣鏃?libzip::zip锛堜笉鍦?ird/妗嗘灦鍩虹嚎/gtest 璇嶈〃锛涘灞炵涓夋柟鏂板渚濊禆锛屽厛鐧昏 DTB 鍐嶆墿璇嶈〃锛?IRD-GATE-LIB: 鐩爣 sdurws_ird_io 閾炬帴鏈煡鐩爣鏃?expat::expat锛堜笉鍦?ird/妗嗘灦鍩虹嚎/gtest 璇嶈〃锛涘灞炵涓夋柟鏂板渚濊禆锛屽厛鐧昏 DTB 鍐嶆墿璇嶈〃锛?IRD-GATE-SUB: 娴嬭瘯鐩爣 sdurws_ird_io_test 鐩撮摼浠栧崟鍏冧骇鍝佺洰鏍?sdurws_ird_testkit锛堝厑璁稿舰鎬佷粎鍚屽崟鍏冭娴嬬洰鏍囷紱璺ㄥ崟鍏冮渶姹傜粡 testkit 鏇胯韩鎴?DTB 搂4.5 鐧昏锛?IRD-GATE-LIB: 鐩爣 sdurws_ird_io_test 閾炬帴鏈煡鐩爣鏃?libzip::zip锛堜笉鍦?ird/妗嗘灦鍩虹嚎/gtest 璇嶈〃锛涘灞炵涓夋柟鏂板渚濊禆锛屽厛鐧昏 DTB 鍐嶆墿璇嶈〃锛?IRD-GATE-SUB: 娴嬭瘯鐩爣 sdurws_ird_io_contract_test 鐩撮摼浠栧崟鍏冧骇鍝佺洰鏍?sdurws_ird_testkit锛堝厑璁稿舰鎬佷粎鍚屽崟鍏冭娴嬬洰鏍囷紱璺ㄥ崟鍏冮渶姹傜粡 testkit 鏇胯韩鎴?DTB 搂4.5 鐧昏锛?IRD-GATE-LIB: 鐩爣 sdurws_ird_io_contract_test 閾炬帴鏈煡鐩爣鏃?libzip::zip锛堜笉鍦?ird/妗嗘灦鍩虹嚎/gtest 璇嶈〃锛涘灞炵涓夋柟鏂板渚濊禆锛屽厛鐧昏 DTB 鍐嶆墿璇嶈〃锛?IRD-GATE-SUB: 娴嬭瘯鐩爣 sdurws_ird_policy_test 鐩撮摼浠栧崟鍏冧骇鍝佺洰鏍?sdurws_ird_testkit锛堝厑璁稿舰鎬佷粎鍚屽崟鍏冭娴嬬洰鏍囷紱璺ㄥ崟鍏冮渶姹傜粡 testkit 鏇胯韩鎴?DTB 搂4.5 鐧昏锛?IRD-GATE-SUB: 娴嬭瘯鐩爣 sdurws_ird_policy_contract_test 鐩撮摼浠栧崟鍏冧骇鍝佺洰鏍?sdurws_ird_testkit锛堝厑璁稿舰鎬佷粎鍚屽崟鍏冭娴嬬洰鏍囷紱璺ㄥ崟鍏冮渶姹傜粡 testkit 鏇胯韩鎴?DTB 搂4.5 鐧昏锛?IRD-GATE-SUB: 娴嬭瘯鐩爣 sdurws_ird_project_test 鐩撮摼浠栧崟鍏冧骇鍝佺洰鏍?sdurws_ird_testkit锛堝厑璁稿舰鎬佷粎鍚屽崟鍏冭娴嬬洰鏍囷紱璺ㄥ崟鍏冮渶姹傜粡 testkit 鏇胯韩鎴?DTB 搂4.5 鐧昏锛?IRD-GATE-SUB: 娴嬭瘯鐩爣 sdurws_ird_project_contract_test 鐩撮摼浠栧崟鍏冧骇鍝佺洰鏍?sdurws_ird_testkit锛堝厑璁稿舰鎬佷粎鍚屽崟鍏冭娴嬬洰鏍囷紱璺ㄥ崟鍏冮渶姹傜粡 testkit 鏇胯韩鎴?DTB 搂4.5 鐧昏锛?IRD-GATE-SUB: 娴嬭瘯鐩爣 sdurws_ird_reporting_test 鐩撮摼浠栧崟鍏冧骇鍝佺洰鏍?sdurws_ird_testkit锛堝厑璁稿舰鎬佷粎鍚屽崟鍏冭娴嬬洰鏍囷紱璺ㄥ崟鍏冮渶姹傜粡 testkit 鏇胯韩鎴?DTB 搂4.5 鐧昏锛?IRD-GATE-SUB: 娴嬭瘯鐩爣 sdurws_ird_reporting_contract_test 鐩撮摼浠栧崟鍏冧骇鍝佺洰鏍?sdurws_ird_testkit锛堝厑璁稿舰鎬佷粎鍚屽崟鍏冭娴嬬洰鏍囷紱璺ㄥ崟鍏冮渶姹傜粡 testkit 鏇胯韩鎴?DTB 搂4.5 鐧昏锛?IRD-GATE-SUB: 娴嬭瘯鐩爣 sdurws_ird_runtime_test 鐩撮摼浠栧崟鍏冧骇鍝佺洰鏍?sdurws_ird_testkit锛堝厑璁稿舰鎬佷粎鍚屽崟鍏冭娴嬬洰鏍囷紱璺ㄥ崟鍏冮渶姹傜粡 testkit 鏇胯韩鎴?DTB 搂4.5 鐧昏锛?IRD-GATE-SUB: 琛ㄥ渚濊禆杈?->testkit锛坰durws_ird_testdata_lint 鈫?sdurws_ird_testkit锛変笉鍦?ARCH 搂3.5 鐧藉悕鍗?IRD-GATE-T1: 浜у搧鐩爣 sdurws_ird_testdata_lint 閾炬帴 testkit锛坱estkit.md 搂2.4 T-1锛氫骇鍝佺洰鏍囦笉寰楅摼鎺?鍖呭惈 testkit锛?IRD-GATE-R3: L2 鐩爣 sdurws_ird_ui 閾炬帴 Qt 搴?Qt6::Core锛圢FR-MNT-01锛氳绠楁牳蹇冮浂 Qt锛涗緥澶栦粎 ui 鐣岄潰鐩爣褰㈡€侊級
  IRD-GATE-R3: L2 鐩爣 sdurws_ird_ui 閾炬帴 Qt 搴?Qt6::Gui锛圢FR-MNT-01锛氳绠楁牳蹇冮浂 Qt锛涗緥澶栦粎 ui 鐣岄潰鐩爣褰㈡€侊級
  IRD-GATE-R3: L2 鐩爣 sdurws_ird_ui 閾炬帴 Qt 搴?Qt6::Widgets锛圢FR-MNT-01锛氳绠楁牳蹇冮浂 Qt锛涗緥澶栦粎 ui 鐣岄潰鐩爣褰㈡€侊級
  IRD-GATE-SUB: 娴嬭瘯鐩爣 sdurws_ird_ui_test 鐩撮摼浠栧崟鍏冧骇鍝佺洰鏍?sdurws_ird_testkit锛堝厑璁稿舰鎬佷粎鍚屽崟鍏冭娴嬬洰鏍囷紱璺ㄥ崟鍏冮渶姹傜粡 testkit 鏇胯韩鎴?DTB 搂4.5 鐧昏锛?IRD-GATE-SUB: 娴嬭瘯鐩爣 sdurws_ird_ui_contract_test 鐩撮摼浠栧崟鍏冧骇鍝佺洰鏍?sdurws_ird_testkit锛堝厑璁稿舰鎬佷粎鍚屽崟鍏冭娴嬬洰鏍囷紱璺ㄥ崟鍏冮渶姹傜粡 testkit 鏇胯韩鎴?DTB 搂4.5 鐧昏锛?IRD-GATE-SUB: 琛ㄥ渚濊禆杈?->ui锛坰durws_ird_ui_gui_test 鈫?sdurws_ird_ui锛変笉鍦?ARCH 搂3.5 鐧藉悕鍗?IRD-GATE-SUB: 琛ㄥ渚濊禆杈?->testkit锛坰durws_ird_ui_gui_test 鈫?sdurws_ird_testkit锛変笉鍦?ARCH 搂3.5 鐧藉悕鍗?IRD-GATE-T1: 浜у搧鐩爣 sdurws_ird_ui_gui_test 閾炬帴 testkit锛坱estkit.md 搂2.4 T-1锛氫骇鍝佺洰鏍囦笉寰楅摼鎺?鍖呭惈 testkit锛?IRD-GATE-R4: project 浜у搧闈㈠彂鐜?RobWork 瀛楅潰閲?1 澶勶紙鐤戝墠缂€鎷兼帴/鍓ョ锛夛細D:/10_Source_Repos/21_robot/RobWork/RobWork/RobWorkStudio/src/rwslibs/industrialrobot/project/src/ProjectStoreImpl.cpp锛堜緥澶栭』 DTB 搂4.5 鐧昏锛?IRD-GATE-R3: ui 浜у搧闈㈢枒浼煎寘鍚?Qt 绫诲ご锛圦+澶у啓绾﹀畾锛夛細D:/10_Source_Repos/21_robot/RobWork/RobWork/RobWorkStudio/src/rwslibs/industrialrobot/ui/include/sdurws/ird/ui/ICommandRegistry.hpp
  IRD-GATE-R3: ui 浜у搧闈㈢枒浼煎寘鍚?Qt 绫诲ご锛圦+澶у啓绾﹀畾锛夛細D:/10_Source_Repos/21_robot/RobWork/RobWork/RobWorkStudio/src/rwslibs/industrialrobot/ui/include/sdurws/ird/ui/IGlobalShortcutRegistry.hpp
  IRD-GATE-R3: ui 浜у搧闈㈢枒浼煎寘鍚?Qt 绫诲ご锛圦+澶у啓绾﹀畾锛夛細D:/10_Source_Repos/21_robot/RobWork/RobWork/RobWorkStudio/src/rwslibs/industrialrobot/ui/src/AboutDialog.cpp
  IRD-GATE-R3: ui 浜у搧闈㈢枒浼煎寘鍚?Qt 绫诲ご锛圦+澶у啓绾﹀畾锛夛細D:/10_Source_Repos/21_robot/RobWork/RobWork/RobWorkStudio/src/rwslibs/industrialrobot/ui/src/CommandInteractionBridge.cpp
  IRD-GATE-R3: ui 浜у搧闈㈢枒浼煎寘鍚?Qt 绫诲ご锛圦+澶у啓绾﹀畾锛夛細D:/10_Source_Repos/21_robot/RobWork/RobWork/RobWorkStudio/src/rwslibs/industrialrobot/ui/src/CommandPalette.cpp
  IRD-GATE-R3: ui 浜у搧闈㈢枒浼煎寘鍚?Qt 绫诲ご锛圦+澶у啓绾﹀畾锛夛細D:/10_Source_Repos/21_robot/RobWork/RobWork/RobWorkStudio/src/rwslibs/industrialrobot/ui/src/CommandPalette_p.hpp
  IRD-GATE-R3: ui 浜у搧闈㈠寘鍚?Qt 澶达細D:/10_Source_Repos/21_robot/RobWork/RobWork/RobWorkStudio/src/rwslibs/industrialrobot/ui/src/CommandRegistry.cpp锛圢FR-MNT-01锛歀2 璁＄畻鍐呮牳闆?Qt锛?IRD-GATE-R3: ui 浜у搧闈㈢枒浼煎寘鍚?Qt 绫诲ご锛圦+澶у啓绾﹀畾锛夛細D:/10_Source_Repos/21_robot/RobWork/RobWork/RobWorkStudio/src/rwslibs/industrialrobot/ui/src/DiagnosticPresentation.cpp
  IRD-GATE-R3: ui 浜у搧闈㈠寘鍚?Qt 澶达細D:/10_Source_Repos/21_robot/RobWork/RobWork/RobWorkStudio/src/rwslibs/industrialrobot/ui/src/GlobalShortcutRegistry.cpp锛圢FR-MNT-01锛歀2 璁＄畻鍐呮牳闆?Qt锛?IRD-GATE-R3: ui 浜у搧闈㈢枒浼煎寘鍚?Qt 绫诲ご锛圦+澶у啓绾﹀畾锛夛細D:/10_Source_Repos/21_robot/RobWork/RobWork/RobWorkStudio/src/rwslibs/industrialrobot/ui/src/ParamTablePanel.cpp
  IRD-GATE-R3: ui 浜у搧闈㈢枒浼煎寘鍚?Qt 绫诲ご锛圦+澶у啓绾﹀畾锛夛細D:/10_Source_Repos/21_robot/RobWork/RobWork/RobWorkStudio/src/rwslibs/industrialrobot/ui/src/PolicySummaryCard.cpp
  IRD-GATE-R3: ui 浜у搧闈㈢枒浼煎寘鍚?Qt 绫诲ご锛圦+澶у啓绾﹀畾锛夛細D:/10_Source_Repos/21_robot/RobWork/RobWork/RobWorkStudio/src/rwslibs/industrialrobot/ui/src/ShellSupport.cpp
  IRD-GATE-R3: ui 浜у搧闈㈢枒浼煎寘鍚?Qt 绫诲ご锛圦+澶у啓绾﹀畾锛夛細D:/10_Source_Repos/21_robot/RobWork/RobWork/RobWorkStudio/src/rwslibs/industrialrobot/ui/src/View3DPlaceholder.cpp
  IRD-GATE-R3: ui 浜у搧闈㈢枒浼煎寘鍚?Qt 绫诲ご锛圦+澶у啓绾﹀畾锛夛細D:/10_Source_Repos/21_robot/RobWork/RobWork/RobWorkStudio/src/rwslibs/industrialrobot/ui/src/WorkbenchShell.cpp
  IRD-GATE-R3: ui 浜у搧闈㈢枒浼煎寘鍚?Qt 绫诲ご锛圦+澶у啓绾﹀畾锛夛細D:/10_Source_Repos/21_robot/RobWork/RobWork/RobWorkStudio/src/rwslibs/industrialrobot/ui/src/WorkbenchShell_p.hpp
  [ird_gates] 鑷祴 pass_clean锛氬共鍑€澶瑰叿閫氳繃锛堟棤璇姤锛?[ird_gates] 鑷祴 pass_r4comment锛氬共鍑€澶瑰叿閫氳繃锛堟棤璇姤锛?[ird_gates] 鑷祴 fail_r1锛氭寜棰勬湡妫€鍑?IRD-GATE-R1
  [ird_gates] 鑷祴 fail_t1锛氭寜棰勬湡妫€鍑?IRD-GATE-T1
  [ird_gates] 鑷祴 fail_r5锛氭寜棰勬湡妫€鍑?IRD-GATE-R5
  [ird_gates] 鑷祴 fail_sub锛氭寜棰勬湡妫€鍑?IRD-GATE-SUB
  [ird_gates] 鑷祴 fail_r3锛氭寜棰勬湡妫€鍑?IRD-GATE-R3
  [ird_gates] 鑷祴 fail_r4锛氭寜棰勬湡妫€鍑?IRD-GATE-R4
  [ird_gates] 鑷祴 fail_t2锛氭寜棰勬湡妫€鍑?IRD-GATE-T2
  ==============================================================
  [ird_gates] 鎵弿鏍癸細D:/10_Source_Repos/21_robot/RobWork/RobWork/RobWorkStudio/src/rwslibs/industrialrobot
  [ird_gates] 鍛戒腑 44 椤癸細
  [ird_gates] IRD-GATE-SUB: 娴嬭瘯鐩爣 sdurws_ird_diagnostics_contract_test 鐩撮摼浠栧崟鍏冧骇鍝佺洰鏍?sdurws_ird_testkit锛堝厑璁稿舰鎬佷粎鍚屽崟鍏冭娴嬬洰鏍囷紱璺ㄥ崟鍏冮渶姹傜粡 testkit 鏇胯韩鎴?DTB 搂4.5 鐧昏锛?[ird_gates] IRD-GATE-SUB: 娴嬭瘯鐩爣 sdurws_ird_evidence_test 鐩撮摼浠栧崟鍏冧骇鍝佺洰鏍?sdurws_ird_testkit锛堝厑璁稿舰鎬佷粎鍚屽崟鍏冭娴嬬洰鏍囷紱璺ㄥ崟鍏冮渶姹傜粡 testkit 鏇胯韩鎴?DTB 搂4.5 鐧昏锛?[ird_gates] IRD-GATE-SUB: 娴嬭瘯鐩爣 sdurws_ird_evidence_contract_test 鐩撮摼浠栧崟鍏冧骇鍝佺洰鏍?sdurws_ird_testkit锛堝厑璁稿舰鎬佷粎鍚屽崟鍏冭娴嬬洰鏍囷紱璺ㄥ崟鍏冮渶姹傜粡 testkit 鏇胯韩鎴?DTB 搂4.5 鐧昏锛?[ird_gates] IRD-GATE-SUB: 娴嬭瘯鐩爣 sdurws_ird_execution_test 鐩撮摼浠栧崟鍏冧骇鍝佺洰鏍?sdurws_ird_testkit锛堝厑璁稿舰鎬佷粎鍚屽崟鍏冭娴嬬洰鏍囷紱璺ㄥ崟鍏冮渶姹傜粡 testkit 鏇胯韩鎴?DTB 搂4.5 鐧昏锛?[ird_gates] IRD-GATE-SUB: 娴嬭瘯鐩爣 sdurws_ird_execution_contract_test 鐩撮摼浠栧崟鍏冧骇鍝佺洰鏍?sdurws_ird_testkit锛堝厑璁稿舰鎬佷粎鍚屽崟鍏冭娴嬬洰鏍囷紱璺ㄥ崟鍏冮渶姹傜粡 testkit 鏇胯韩鎴?DTB 搂4.5 鐧昏锛?[ird_gates] IRD-GATE-LIB: 鐩爣 sdurws_ird_io 閾炬帴鏈煡鐩爣鏃?libzip::zip锛堜笉鍦?ird/妗嗘灦鍩虹嚎/gtest 璇嶈〃锛涘灞炵涓夋柟鏂板渚濊禆锛屽厛鐧昏 DTB 鍐嶆墿璇嶈〃锛?[ird_gates] IRD-GATE-LIB: 鐩爣 sdurws_ird_io 閾炬帴鏈煡鐩爣鏃?expat::expat锛堜笉鍦?ird/妗嗘灦鍩虹嚎/gtest 璇嶈〃锛涘灞炵涓夋柟鏂板渚濊禆锛屽厛鐧昏 DTB 鍐嶆墿璇嶈〃锛?[ird_gates] IRD-GATE-SUB: 娴嬭瘯鐩爣 sdurws_ird_io_test 鐩撮摼浠栧崟鍏冧骇鍝佺洰鏍?sdurws_ird_testkit锛堝厑璁稿舰鎬佷粎鍚屽崟鍏冭娴嬬洰鏍囷紱璺ㄥ崟鍏冮渶姹傜粡 testkit 鏇胯韩鎴?DTB 搂4.5 鐧昏锛?[ird_gates] IRD-GATE-LIB: 鐩爣 sdurws_ird_io_test 閾炬帴鏈煡鐩爣鏃?libzip::zip锛堜笉鍦?ird/妗嗘灦鍩虹嚎/gtest 璇嶈〃锛涘灞炵涓夋柟鏂板渚濊禆锛屽厛鐧昏 DTB 鍐嶆墿璇嶈〃锛?[ird_gates] IRD-GATE-SUB: 娴嬭瘯鐩爣 sdurws_ird_io_contract_test 鐩撮摼浠栧崟鍏冧骇鍝佺洰鏍?sdurws_ird_testkit锛堝厑璁稿舰鎬佷粎鍚屽崟鍏冭娴嬬洰鏍囷紱璺ㄥ崟鍏冮渶姹傜粡 testkit 鏇胯韩鎴?DTB 搂4.5 鐧昏锛?[ird_gates] IRD-GATE-LIB: 鐩爣 sdurws_ird_io_contract_test 閾炬帴鏈煡鐩爣鏃?libzip::zip锛堜笉鍦?ird/妗嗘灦鍩虹嚎/gtest 璇嶈〃锛涘灞炵涓夋柟鏂板渚濊禆锛屽厛鐧昏 DTB 鍐嶆墿璇嶈〃锛?[ird_gates] IRD-GATE-SUB: 娴嬭瘯鐩爣 sdurws_ird_policy_test 鐩撮摼浠栧崟鍏冧骇鍝佺洰鏍?sdurws_ird_testkit锛堝厑璁稿舰鎬佷粎鍚屽崟鍏冭娴嬬洰鏍囷紱璺ㄥ崟鍏冮渶姹傜粡 testkit 鏇胯韩鎴?DTB 搂4.5 鐧昏锛?[ird_gates] IRD-GATE-SUB: 娴嬭瘯鐩爣 sdurws_ird_policy_contract_test 鐩撮摼浠栧崟鍏冧骇鍝佺洰鏍?sdurws_ird_testkit锛堝厑璁稿舰鎬佷粎鍚屽崟鍏冭娴嬬洰鏍囷紱璺ㄥ崟鍏冮渶姹傜粡 testkit 鏇胯韩鎴?DTB 搂4.5 鐧昏锛?[ird_gates] IRD-GATE-SUB: 娴嬭瘯鐩爣 sdurws_ird_project_test 鐩撮摼浠栧崟鍏冧骇鍝佺洰鏍?sdurws_ird_testkit锛堝厑璁稿舰鎬佷粎鍚屽崟鍏冭娴嬬洰鏍囷紱璺ㄥ崟鍏冮渶姹傜粡 testkit 鏇胯韩鎴?DTB 搂4.5 鐧昏锛?[ird_gates] IRD-GATE-SUB: 娴嬭瘯鐩爣 sdurws_ird_project_contract_test 鐩撮摼浠栧崟鍏冧骇鍝佺洰鏍?sdurws_ird_testkit锛堝厑璁稿舰鎬佷粎鍚屽崟鍏冭娴嬬洰鏍囷紱璺ㄥ崟鍏冮渶姹傜粡 testkit 鏇胯韩鎴?DTB 搂4.5 鐧昏锛?[ird_gates] IRD-GATE-SUB: 娴嬭瘯鐩爣 sdurws_ird_reporting_test 鐩撮摼浠栧崟鍏冧骇鍝佺洰鏍?sdurws_ird_testkit锛堝厑璁稿舰鎬佷粎鍚屽崟鍏冭娴嬬洰鏍囷紱璺ㄥ崟鍏冮渶姹傜粡 testkit 鏇胯韩鎴?DTB 搂4.5 鐧昏锛?[ird_gates] IRD-GATE-SUB: 娴嬭瘯鐩爣 sdurws_ird_reporting_contract_test 鐩撮摼浠栧崟鍏冧骇鍝佺洰鏍?sdurws_ird_testkit锛堝厑璁稿舰鎬佷粎鍚屽崟鍏冭娴嬬洰鏍囷紱璺ㄥ崟鍏冮渶姹傜粡 testkit 鏇胯韩鎴?DTB 搂4.5 鐧昏锛?[ird_gates] IRD-GATE-SUB: 娴嬭瘯鐩爣 sdurws_ird_runtime_test 鐩撮摼浠栧崟鍏冧骇鍝佺洰鏍?sdurws_ird_testkit锛堝厑璁稿舰鎬佷粎鍚屽崟鍏冭娴嬬洰鏍囷紱璺ㄥ崟鍏冮渶姹傜粡 testkit 鏇胯韩鎴?DTB 搂4.5 鐧昏锛?[ird_gates] IRD-GATE-SUB: 琛ㄥ渚濊禆杈?->testkit锛坰durws_ird_testdata_lint 鈫?sdurws_ird_testkit锛変笉鍦?ARCH 搂3.5 鐧藉悕鍗?[ird_gates] IRD-GATE-T1: 浜у搧鐩爣 sdurws_ird_testdata_lint 閾炬帴 testkit锛坱estkit.md 搂2.4 T-1锛氫骇鍝佺洰鏍囦笉寰楅摼鎺?鍖呭惈 testkit锛?[ird_gates] IRD-GATE-R3: L2 鐩爣 sdurws_ird_ui 閾炬帴 Qt 搴?Qt6::Core锛圢FR-MNT-01锛氳绠楁牳蹇冮浂 Qt锛涗緥澶栦粎 ui 鐣岄潰鐩爣褰㈡€侊級
  [ird_gates] IRD-GATE-R3: L2 鐩爣 sdurws_ird_ui 閾炬帴 Qt 搴?Qt6::Gui锛圢FR-MNT-01锛氳绠楁牳蹇冮浂 Qt锛涗緥澶栦粎 ui 鐣岄潰鐩爣褰㈡€侊級
  [ird_gates] IRD-GATE-R3: L2 鐩爣 sdurws_ird_ui 閾炬帴 Qt 搴?Qt6::Widgets锛圢FR-MNT-01锛氳绠楁牳蹇冮浂 Qt锛涗緥澶栦粎 ui 鐣岄潰鐩爣褰㈡€侊級
  [ird_gates] IRD-GATE-SUB: 娴嬭瘯鐩爣 sdurws_ird_ui_test 鐩撮摼浠栧崟鍏冧骇鍝佺洰鏍?sdurws_ird_testkit锛堝厑璁稿舰鎬佷粎鍚屽崟鍏冭娴嬬洰鏍囷紱璺ㄥ崟鍏冮渶姹傜粡 testkit 鏇胯韩鎴?DTB 搂4.5 鐧昏锛?[ird_gates] IRD-GATE-SUB: 娴嬭瘯鐩爣 sdurws_ird_ui_contract_test 鐩撮摼浠栧崟鍏冧骇鍝佺洰鏍?sdurws_ird_testkit锛堝厑璁稿舰鎬佷粎鍚屽崟鍏冭娴嬬洰鏍囷紱璺ㄥ崟鍏冮渶姹傜粡 testkit 鏇胯韩鎴?DTB 搂4.5 鐧昏锛?[ird_gates] IRD-GATE-SUB: 琛ㄥ渚濊禆杈?->ui锛坰durws_ird_ui_gui_test 鈫?sdurws_ird_ui锛変笉鍦?ARCH 搂3.5 鐧藉悕鍗?[ird_gates] IRD-GATE-SUB: 琛ㄥ渚濊禆杈?->testkit锛坰durws_ird_ui_gui_test 鈫?sdurws_ird_testkit锛変笉鍦?ARCH 搂3.5 鐧藉悕鍗?[ird_gates] IRD-GATE-T1: 浜у搧鐩爣 sdurws_ird_ui_gui_test 閾炬帴 testkit锛坱estkit.md 搂2.4 T-1锛氫骇鍝佺洰鏍囦笉寰楅摼鎺?鍖呭惈 testkit锛?[ird_gates] IRD-GATE-R4: project 浜у搧闈㈠彂鐜?RobWork 瀛楅潰閲?1 澶勶紙鐤戝墠缂€鎷兼帴/鍓ョ锛夛細D:/10_Source_Repos/21_robot/RobWork/RobWork/RobWorkStudio/src/rwslibs/industrialrobot/project/src/ProjectStoreImpl.cpp锛堜緥澶栭』 DTB 搂4.5 鐧昏锛?[ird_gates] IRD-GATE-R3: ui 浜у搧闈㈢枒浼煎寘鍚?Qt 绫诲ご锛圦+澶у啓绾﹀畾锛夛細D:/10_Source_Repos/21_robot/RobWork/RobWork/RobWorkStudio/src/rwslibs/industrialrobot/ui/include/sdurws/ird/ui/ICommandRegistry.hpp
  [ird_gates] IRD-GATE-R3: ui 浜у搧闈㈢枒浼煎寘鍚?Qt 绫诲ご锛圦+澶у啓绾﹀畾锛夛細D:/10_Source_Repos/21_robot/RobWork/RobWork/RobWorkStudio/src/rwslibs/industrialrobot/ui/include/sdurws/ird/ui/IGlobalShortcutRegistry.hpp
  [ird_gates] IRD-GATE-R3: ui 浜у搧闈㈢枒浼煎寘鍚?Qt 绫诲ご锛圦+澶у啓绾﹀畾锛夛細D:/10_Source_Repos/21_robot/RobWork/RobWork/RobWorkStudio/src/rwslibs/industrialrobot/ui/src/AboutDialog.cpp
  [ird_gates] IRD-GATE-R3: ui 浜у搧闈㈢枒浼煎寘鍚?Qt 绫诲ご锛圦+澶у啓绾﹀畾锛夛細D:/10_Source_Repos/21_robot/RobWork/RobWork/RobWorkStudio/src/rwslibs/industrialrobot/ui/src/CommandInteractionBridge.cpp
  [ird_gates] IRD-GATE-R3: ui 浜у搧闈㈢枒浼煎寘鍚?Qt 绫诲ご锛圦+澶у啓绾﹀畾锛夛細D:/10_Source_Repos/21_robot/RobWork/RobWork/RobWorkStudio/src/rwslibs/industrialrobot/ui/src/CommandPalette.cpp
  [ird_gates] IRD-GATE-R3: ui 浜у搧闈㈢枒浼煎寘鍚?Qt 绫诲ご锛圦+澶у啓绾﹀畾锛夛細D:/10_Source_Repos/21_robot/RobWork/RobWork/RobWorkStudio/src/rwslibs/industrialrobot/ui/src/CommandPalette_p.hpp
  [ird_gates] IRD-GATE-R3: ui 浜у搧闈㈠寘鍚?Qt 澶达細D:/10_Source_Repos/21_robot/RobWork/RobWork/RobWorkStudio/src/rwslibs/industrialrobot/ui/src/CommandRegistry.cpp锛圢FR-MNT-01锛歀2 璁＄畻鍐呮牳闆?Qt锛?[ird_gates] IRD-GATE-R3: ui 浜у搧闈㈢枒浼煎寘鍚?Qt 绫诲ご锛圦+澶у啓绾﹀畾锛夛細D:/10_Source_Repos/21_robot/RobWork/RobWork/RobWorkStudio/src/rwslibs/industrialrobot/ui/src/DiagnosticPresentation.cpp
  [ird_gates] IRD-GATE-R3: ui 浜у搧闈㈠寘鍚?Qt 澶达細D:/10_Source_Repos/21_robot/RobWork/RobWork/RobWorkStudio/src/rwslibs/industrialrobot/ui/src/GlobalShortcutRegistry.cpp锛圢FR-MNT-01锛歀2 璁＄畻鍐呮牳闆?Qt锛?[ird_gates] IRD-GATE-R3: ui 浜у搧闈㈢枒浼煎寘鍚?Qt 绫诲ご锛圦+澶у啓绾﹀畾锛夛細D:/10_Source_Repos/21_robot/RobWork/RobWork/RobWorkStudio/src/rwslibs/industrialrobot/ui/src/ParamTablePanel.cpp
  [ird_gates] IRD-GATE-R3: ui 浜у搧闈㈢枒浼煎寘鍚?Qt 绫诲ご锛圦+澶у啓绾﹀畾锛夛細D:/10_Source_Repos/21_robot/RobWork/RobWork/RobWorkStudio/src/rwslibs/industrialrobot/ui/src/PolicySummaryCard.cpp
  [ird_gates] IRD-GATE-R3: ui 浜у搧闈㈢枒浼煎寘鍚?Qt 绫诲ご锛圦+澶у啓绾﹀畾锛夛細D:/10_Source_Repos/21_robot/RobWork/RobWork/RobWorkStudio/src/rwslibs/industrialrobot/ui/src/ShellSupport.cpp
  [ird_gates] IRD-GATE-R3: ui 浜у搧闈㈢枒浼煎寘鍚?Qt 绫诲ご锛圦+澶у啓绾﹀畾锛夛細D:/10_Source_Repos/21_robot/RobWork/RobWork/RobWorkStudio/src/rwslibs/industrialrobot/ui/src/View3DPlaceholder.cpp
  [ird_gates] IRD-GATE-R3: ui 浜у搧闈㈢枒浼煎寘鍚?Qt 绫诲ご锛圦+澶у啓绾﹀畾锛夛細D:/10_Source_Repos/21_robot/RobWork/RobWork/RobWorkStudio/src/rwslibs/industrialrobot/ui/src/WorkbenchShell.cpp
  [ird_gates] IRD-GATE-R3: ui 浜у搧闈㈢枒浼煎寘鍚?Qt 绫诲ご锛圦+澶у啓绾﹀畾锛夛細D:/10_Source_Repos/21_robot/RobWork/RobWork/RobWorkStudio/src/rwslibs/industrialrobot/ui/src/WorkbenchShell_p.hpp
  ==============================================================
  CMake Error at cmake/ird_gates.cmake:767 (message):
    [ird_gates] 渚濊禆绾㈢嚎/琛ヤ竵闂ㄧ瀛樺湪 44 澶勫懡涓€斺€旀寜 ARCH
    搂3.2 SA-10 鍒ゆ瀯寤哄け璐ワ紱渚嬪鍙粡 DTB 搂4.5 鐧昏鍐?
  
D:\software\Microsoft Visual Studio\2022\Community\MSBuild\Microsoft\VC\v170\Microsoft.CppCommon.targets(254,5): error MSB8066: “D:\10_Source_Repos\21_robot\RobWork\build\CMakeFiles\e40f33939983c9e6b16d79306cec3367\ird_gates.rule”的自定义生成已退出，代码为 1。 [D:\10_Source_Repos\21_robot\RobWork\build\RobWorkStudio\src\rwslibs\industrialrobot\ird_gates.vcxproj]
