# WP-19-T02 集成模式构建日志（sdurws_ird_selection＋_plugin＋_test＋_contract_test＋ird_gates）
# 命令: cmake --build build --config Release --target sdurws_ird_selection sdurws_ird_selection_plugin sdurws_ird_selection_test sdurws_ird_selection_contract_test（退出码 0；输出 error 计数 0——下文全量，中间产物清除后真实重编）
#       cmake --build build --config Release --target ird_gates（退出码 0——全部检查通过零命中＋引擎自测 9 例按预期）
# 配置: cmake -S pipeline-wt/RobWork -B pipeline-wt/build -G "Visual Studio 17 2022" -A x64 -DRWS_BUILD_INDUSTRIALROBOT=ON（CMakeCache 确认 RWS_BUILD_INDUSTRIALROBOT:BOOL=ON）
# 生成时间: 2026-10-06T22:44:37+0800
#==================================================================
适用于 .NET Framework MSBuild 版本 17.12.6+db5f6012c

  Auto build dll exports
  sdurw_core.vcxproj -> D:\10_Source_Repos\21_robot\RobWork\build\pipeline-wt\build\RobWork\bin\Release\sdurw_core.dll
  Auto build dll exports
  sdurw_common.vcxproj -> D:\10_Source_Repos\21_robot\RobWork\build\pipeline-wt\build\RobWork\bin\Release\sdurw_common.dll
  Auto build dll exports
  sdurw_math.vcxproj -> D:\10_Source_Repos\21_robot\RobWork\build\pipeline-wt\build\RobWork\bin\Release\sdurw_math.dll
  Automatic MOC for target sdurws_ird_core
  sdurws_ird_core.vcxproj -> D:\10_Source_Repos\21_robot\RobWork\build\pipeline-wt\build\RobWorkStudio\libs\Release\sdurws_ird_core.lib
  Automatic MOC for target sdurws_ird_evidence
  sdurws_ird_evidence.vcxproj -> D:\10_Source_Repos\21_robot\RobWork\build\pipeline-wt\build\RobWorkStudio\libs\Release\sdurws_ird_evidence.lib
  Automatic MOC for target sdurws_ird_selection
  Building Custom Rule D:/10_Source_Repos/21_robot/RobWork/build/pipeline-wt/RobWork/RobWorkStudio/src/rwslibs/industrialrobot/selection/CMakeLists.txt
  DiagCodes.cpp
  mocs_compilation_Release.cpp
  sdurws_ird_selection.vcxproj -> D:\10_Source_Repos\21_robot\RobWork\build\pipeline-wt\build\RobWorkStudio\libs\Release\sdurws_ird_selection.lib
适用于 .NET Framework MSBuild 版本 17.12.6+db5f6012c

  Auto build dll exports
  sdurw_core.vcxproj -> D:\10_Source_Repos\21_robot\RobWork\build\pipeline-wt\build\RobWork\bin\Release\sdurw_core.dll
  Auto build dll exports
  sdurw_common.vcxproj -> D:\10_Source_Repos\21_robot\RobWork\build\pipeline-wt\build\RobWork\bin\Release\sdurw_common.dll
  Auto build dll exports
  sdurw_math.vcxproj -> D:\10_Source_Repos\21_robot\RobWork\build\pipeline-wt\build\RobWork\bin\Release\sdurw_math.dll
  Automatic MOC for target sdurws_ird_core
  sdurws_ird_core.vcxproj -> D:\10_Source_Repos\21_robot\RobWork\build\pipeline-wt\build\RobWorkStudio\libs\Release\sdurws_ird_core.lib
  Automatic MOC for target sdurws_ird_evidence
  sdurws_ird_evidence.vcxproj -> D:\10_Source_Repos\21_robot\RobWork\build\pipeline-wt\build\RobWorkStudio\libs\Release\sdurws_ird_evidence.lib
  Automatic MOC for target sdurws_ird_selection
  sdurws_ird_selection.vcxproj -> D:\10_Source_Repos\21_robot\RobWork\build\pipeline-wt\build\RobWorkStudio\libs\Release\sdurws_ird_selection.lib
  Automatic MOC for target sdurws_ird_selection_plugin
  Building Custom Rule D:/10_Source_Repos/21_robot/RobWork/build/pipeline-wt/RobWork/RobWorkStudio/src/rwslibs/industrialrobot/selection/CMakeLists.txt
  SelectionPluginAssembly.cpp
  mocs_compilation_Release.cpp
  sdurws_ird_selection_plugin.vcxproj -> D:\10_Source_Repos\21_robot\RobWork\build\pipeline-wt\build\RobWorkStudio\libs\Release\sdurws_ird_selection_plugin.lib
适用于 .NET Framework MSBuild 版本 17.12.6+db5f6012c

  Auto build dll exports
  sdurw_core.vcxproj -> D:\10_Source_Repos\21_robot\RobWork\build\pipeline-wt\build\RobWork\bin\Release\sdurw_core.dll
  Auto build dll exports
  sdurw_common.vcxproj -> D:\10_Source_Repos\21_robot\RobWork\build\pipeline-wt\build\RobWork\bin\Release\sdurw_common.dll
  Auto build dll exports
  sdurw_math.vcxproj -> D:\10_Source_Repos\21_robot\RobWork\build\pipeline-wt\build\RobWork\bin\Release\sdurw_math.dll
  Automatic MOC for target sdurws_ird_core
  sdurws_ird_core.vcxproj -> D:\10_Source_Repos\21_robot\RobWork\build\pipeline-wt\build\RobWorkStudio\libs\Release\sdurws_ird_core.lib
  Automatic MOC for target sdurws_ird_evidence
  sdurws_ird_evidence.vcxproj -> D:\10_Source_Repos\21_robot\RobWork\build\pipeline-wt\build\RobWorkStudio\libs\Release\sdurws_ird_evidence.lib
  Automatic MOC for target sdurws_ird_selection
  sdurws_ird_selection.vcxproj -> D:\10_Source_Repos\21_robot\RobWork\build\pipeline-wt\build\RobWorkStudio\libs\Release\sdurws_ird_selection.lib
  Automatic MOC for target sdurws_ird_testkit
  sdurws_ird_testkit.vcxproj -> D:\10_Source_Repos\21_robot\RobWork\build\pipeline-wt\build\RobWorkStudio\libs\Release\sdurws_ird_testkit.lib
  Automatic MOC for target sdurws_ird_selection_test
  Building Custom Rule D:/10_Source_Repos/21_robot/RobWork/build/pipeline-wt/RobWork/RobWorkStudio/src/rwslibs/industrialrobot/selection/CMakeLists.txt
  TestMainReport.cpp
  DiagCodesTest.cpp
  BuildRedLineTest.cpp
  mocs_compilation_Release.cpp
  sdurws_ird_selection_test.vcxproj -> D:\10_Source_Repos\21_robot\RobWork\build\pipeline-wt\build\RobWorkStudio\bin\Release\sdurws_ird_selection_test.exe
适用于 .NET Framework MSBuild 版本 17.12.6+db5f6012c

  Auto build dll exports
  sdurw_core.vcxproj -> D:\10_Source_Repos\21_robot\RobWork\build\pipeline-wt\build\RobWork\bin\Release\sdurw_core.dll
  Auto build dll exports
  sdurw_common.vcxproj -> D:\10_Source_Repos\21_robot\RobWork\build\pipeline-wt\build\RobWork\bin\Release\sdurw_common.dll
  Auto build dll exports
  sdurw_math.vcxproj -> D:\10_Source_Repos\21_robot\RobWork\build\pipeline-wt\build\RobWork\bin\Release\sdurw_math.dll
  Automatic MOC for target sdurws_ird_core
  sdurws_ird_core.vcxproj -> D:\10_Source_Repos\21_robot\RobWork\build\pipeline-wt\build\RobWorkStudio\libs\Release\sdurws_ird_core.lib
  Automatic MOC for target sdurws_ird_evidence
  sdurws_ird_evidence.vcxproj -> D:\10_Source_Repos\21_robot\RobWork\build\pipeline-wt\build\RobWorkStudio\libs\Release\sdurws_ird_evidence.lib
  Automatic MOC for target sdurws_ird_selection
  sdurws_ird_selection.vcxproj -> D:\10_Source_Repos\21_robot\RobWork\build\pipeline-wt\build\RobWorkStudio\libs\Release\sdurws_ird_selection.lib
  Automatic MOC for target sdurws_ird_selection_plugin
  sdurws_ird_selection_plugin.vcxproj -> D:\10_Source_Repos\21_robot\RobWork\build\pipeline-wt\build\RobWorkStudio\libs\Release\sdurws_ird_selection_plugin.lib
  Automatic MOC for target sdurws_ird_testkit
  sdurws_ird_testkit.vcxproj -> D:\10_Source_Repos\21_robot\RobWork\build\pipeline-wt\build\RobWorkStudio\libs\Release\sdurws_ird_testkit.lib
  Automatic MOC for target sdurws_ird_selection_contract_test
  Building Custom Rule D:/10_Source_Repos/21_robot/RobWork/build/pipeline-wt/RobWork/RobWorkStudio/src/rwslibs/industrialrobot/selection/CMakeLists.txt
  ContractTestMain.cpp
  BuildGraphContractTest.cpp
  SelectionPluginAssemblyContractTest.cpp
  mocs_compilation_Release.cpp
  sdurws_ird_selection_contract_test.vcxproj -> D:\10_Source_Repos\21_robot\RobWork\build\pipeline-wt\build\RobWorkStudio\bin\Release\sdurws_ird_selection_contract_test.exe
#==================================================================
# ird_gates 门禁输出（cmake -P 脚本段中文为控制台编码直出，与 wp18-t02 先例留痕形态一致；命中码与结论行可读）
#==================================================================
适用于 .NET Framework MSBuild 版本 17.12.6+db5f6012c

  ird_gates：依赖红线与补丁门禁（R-1~R-5/T-1/T-2/SUB/SA-02＋引擎自测）
  [ird_gates] 鑷祴 pass_clean锛氬共鍑€澶瑰叿閫氳繃锛堟棤璇姤锛?[ird_gates] 鑷祴 pass_r4comment锛氬共鍑€澶瑰叿閫氳繃锛堟棤璇姤锛?[ird_gates] 鑷祴 fail_r1锛氭寜棰勬湡妫€鍑?IRD-GATE-R1
  [ird_gates] 鑷祴 fail_t1锛氭寜棰勬湡妫€鍑?IRD-GATE-T1
  [ird_gates] 鑷祴 fail_r5锛氭寜棰勬湡妫€鍑?IRD-GATE-R5
  [ird_gates] 鑷祴 fail_sub锛氭寜棰勬湡妫€鍑?IRD-GATE-SUB
  [ird_gates] 鑷祴 fail_r3锛氭寜棰勬湡妫€鍑?IRD-GATE-R3
  [ird_gates] 鑷祴 fail_r4锛氭寜棰勬湡妫€鍑?IRD-GATE-R4
  [ird_gates] 鑷祴 fail_t2锛氭寜棰勬湡妫€鍑?IRD-GATE-T2
  ==============================================================
  [ird_gates] 鎵弿鏍癸細D:/10_Source_Repos/21_robot/RobWork/build/pipeline-wt/RobWork/RobWorkStudio/src/rwslibs/industrialrobot
  [ird_gates] 鍏ㄩ儴妫€鏌ラ€氳繃锛歊-1/R-2/R-3/R-4/R-5/T-1/T-2/SUB/GRAPH/LIB/SA02 闆跺懡涓?==============================================================
#==================================================================
# 测试执行（选段尾部——两可执行文件直接运行，退出码均 0；gtest XML＋ird-test-report.json 见本目录）
#==================================================================

[----------] Global test environment tear-down
[==========] 7 tests from 2 test suites ran. (1 ms total)
[  PASSED  ] 7 tests.

[----------] Global test environment tear-down
[==========] 9 tests from 2 test suites ran. (2 ms total)
[  PASSED  ] 9 tests.
