# WP-19-T02 独立冒烟构建日志（全树，含 selection 四目标）
# 配置: cmake -S pipeline-wt/RobWork/RobWorkStudio/src/rwslibs/industrialrobot -B pipeline-wt/build-smoke -G "Visual Studio 17 2022" -A x64 -DCMAKE_TOOLCHAIN_FILE=vcpkg/scripts/buildsystems/vcpkg.cmake -DCMAKE_PREFIX_PATH=D:/software/Qt/6.11.1/msvc2022_64（配置成功）
# 构建: cmake --build pipeline-wt/build-smoke --config Release（退出码 0；输出 error 计数 0——下文全量）
# selection 产物: sdurws_ird_selection.lib／_plugin.lib／_test.exe／_contract_test.exe（build-smoke/selection/Release/，运行期 DLL 已随 POST_BUILD 拷贝）
# 生成时间: 2026-10-06T22:44:38+0800
#==================================================================
适用于 .NET Framework MSBuild 版本 17.12.6+db5f6012c

  sdurws_ird_core.vcxproj -> D:\10_Source_Repos\21_robot\RobWork\build\pipeline-wt\build-smoke\core\Release\sdurws_ird_core.lib
  sdurws_ird_core_test.vcxproj -> D:\10_Source_Repos\21_robot\RobWork\build\pipeline-wt\build-smoke\core\Release\sdurws_ird_core_test.exe
  sdurws_ird_diagnostics.vcxproj -> D:\10_Source_Repos\21_robot\RobWork\build\pipeline-wt\build-smoke\diagnostics\Release\sdurws_ird_diagnostics.lib
  sdurws_ird_io.vcxproj -> D:\10_Source_Repos\21_robot\RobWork\build\pipeline-wt\build-smoke\io\Release\sdurws_ird_io.lib
  sdurws_ird_policy.vcxproj -> D:\10_Source_Repos\21_robot\RobWork\build\pipeline-wt\build-smoke\policy\Release\sdurws_ird_policy.lib
  sdurws_ird_project.vcxproj -> D:\10_Source_Repos\21_robot\RobWork\build\pipeline-wt\build-smoke\project\Release\sdurws_ird_project.lib
  sdurws_ird_runtime.vcxproj -> D:\10_Source_Repos\21_robot\RobWork\build\pipeline-wt\build-smoke\runtime\Release\sdurws_ird_runtime.lib
  sdurws_ird_modeling.vcxproj -> D:\10_Source_Repos\21_robot\RobWork\build\pipeline-wt\build-smoke\modeling\Release\sdurws_ird_modeling.lib
  sdurws_ird_demo6r.vcxproj -> D:\10_Source_Repos\21_robot\RobWork\build\pipeline-wt\build-smoke\modeling\Release\sdurws_ird_demo6r.exe
  sdurws_ird_testkit.vcxproj -> D:\10_Source_Repos\21_robot\RobWork\build\pipeline-wt\build-smoke\testkit\Release\sdurws_ird_testkit.lib
  sdurws_ird_diagnostics_contract_test.vcxproj -> D:\10_Source_Repos\21_robot\RobWork\build\pipeline-wt\build-smoke\diagnostics\Release\sdurws_ird_diagnostics_contract_test.exe
  sdurws_ird_diagnostics_test.vcxproj -> D:\10_Source_Repos\21_robot\RobWork\build\pipeline-wt\build-smoke\diagnostics\Release\sdurws_ird_diagnostics_test.exe
  sdurws_ird_evidence.vcxproj -> D:\10_Source_Repos\21_robot\RobWork\build\pipeline-wt\build-smoke\evidence\Release\sdurws_ird_evidence.lib
  sdurws_ird_drivetrain.vcxproj -> D:\10_Source_Repos\21_robot\RobWork\build\pipeline-wt\build-smoke\drivetrain\Release\sdurws_ird_drivetrain.lib
  sdurws_ird_drivetrain_contract_test.vcxproj -> D:\10_Source_Repos\21_robot\RobWork\build\pipeline-wt\build-smoke\drivetrain\Release\sdurws_ird_drivetrain_contract_test.exe
  sdurws_ird_drivetrain_test.vcxproj -> D:\10_Source_Repos\21_robot\RobWork\build\pipeline-wt\build-smoke\drivetrain\Release\sdurws_ird_drivetrain_test.exe
  sdurws_ird_evidence_contract_test.vcxproj -> D:\10_Source_Repos\21_robot\RobWork\build\pipeline-wt\build-smoke\evidence\Release\sdurws_ird_evidence_contract_test.exe
  sdurws_ird_evidence_test.vcxproj -> D:\10_Source_Repos\21_robot\RobWork\build\pipeline-wt\build-smoke\evidence\Release\sdurws_ird_evidence_test.exe
  sdurws_ird_execution.vcxproj -> D:\10_Source_Repos\21_robot\RobWork\build\pipeline-wt\build-smoke\execution\Release\sdurws_ird_execution.lib
  sdurws_ird_execution_worker.vcxproj -> D:\10_Source_Repos\21_robot\RobWork\build\pipeline-wt\build-smoke\execution\Release\sdurws_ird_execution_worker.exe
  sdurws_ird_execution_contract_test.vcxproj -> D:\10_Source_Repos\21_robot\RobWork\build\pipeline-wt\build-smoke\execution\Release\sdurws_ird_execution_contract_test.exe
  sdurws_ird_execution_test.vcxproj -> D:\10_Source_Repos\21_robot\RobWork\build\pipeline-wt\build-smoke\execution\Release\sdurws_ird_execution_test.exe
  sdurws_ird_io_contract_test.vcxproj -> D:\10_Source_Repos\21_robot\RobWork\build\pipeline-wt\build-smoke\io\Release\sdurws_ird_io_contract_test.exe
  sdurws_ird_io_test.vcxproj -> D:\10_Source_Repos\21_robot\RobWork\build\pipeline-wt\build-smoke\io\Release\sdurws_ird_io_test.exe
  sdurws_ird_kinematics.vcxproj -> D:\10_Source_Repos\21_robot\RobWork\build\pipeline-wt\build-smoke\kinematics\Release\sdurws_ird_kinematics.lib
  sdurws_ird_ui.vcxproj -> D:\10_Source_Repos\21_robot\RobWork\build\pipeline-wt\build-smoke\ui\Release\sdurws_ird_ui.lib
  Automatic MOC for target sdurws_ird_kinematics_plugin
  sdurws_ird_kinematics_plugin.vcxproj -> D:\10_Source_Repos\21_robot\RobWork\build\pipeline-wt\build-smoke\kinematics\Release\sdurws_ird_kinematics_plugin.lib
  sdurws_ird_kinematics_app.vcxproj -> D:\10_Source_Repos\21_robot\RobWork\build\pipeline-wt\build-smoke\kinematics\Release\sdurws_ird_kinematics_app.exe
  sdurws_ird_kinematics_contract_test.vcxproj -> D:\10_Source_Repos\21_robot\RobWork\build\pipeline-wt\build-smoke\kinematics\Release\sdurws_ird_kinematics_contract_test.exe
  sdurws_ird_kinematics_test.vcxproj -> D:\10_Source_Repos\21_robot\RobWork\build\pipeline-wt\build-smoke\kinematics\Release\sdurws_ird_kinematics_test.exe
  Automatic MOC for target sdurws_ird_modeling_plugin
  sdurws_ird_modeling_plugin.vcxproj -> D:\10_Source_Repos\21_robot\RobWork\build\pipeline-wt\build-smoke\modeling\Release\sdurws_ird_modeling_plugin.lib
  sdurws_ird_modeling_app.vcxproj -> D:\10_Source_Repos\21_robot\RobWork\build\pipeline-wt\build-smoke\modeling\Release\sdurws_ird_modeling_app.exe
  sdurws_ird_modeling_contract_test.vcxproj -> D:\10_Source_Repos\21_robot\RobWork\build\pipeline-wt\build-smoke\modeling\Release\sdurws_ird_modeling_contract_test.exe
  sdurws_ird_modeling_gui_test.vcxproj -> D:\10_Source_Repos\21_robot\RobWork\build\pipeline-wt\build-smoke\modeling\Release\sdurws_ird_modeling_gui_test.exe
  sdurws_ird_modeling_test.vcxproj -> D:\10_Source_Repos\21_robot\RobWork\build\pipeline-wt\build-smoke\modeling\Release\sdurws_ird_modeling_test.exe
  sdurws_ird_policy_contract_test.vcxproj -> D:\10_Source_Repos\21_robot\RobWork\build\pipeline-wt\build-smoke\policy\Release\sdurws_ird_policy_contract_test.exe
  sdurws_ird_policy_test.vcxproj -> D:\10_Source_Repos\21_robot\RobWork\build\pipeline-wt\build-smoke\policy\Release\sdurws_ird_policy_test.exe
  sdurws_ird_project_contract_test.vcxproj -> D:\10_Source_Repos\21_robot\RobWork\build\pipeline-wt\build-smoke\project\Release\sdurws_ird_project_contract_test.exe
  sdurws_ird_project_test.vcxproj -> D:\10_Source_Repos\21_robot\RobWork\build\pipeline-wt\build-smoke\project\Release\sdurws_ird_project_test.exe
  sdurws_ird_reporting.vcxproj -> D:\10_Source_Repos\21_robot\RobWork\build\pipeline-wt\build-smoke\reporting\Release\sdurws_ird_reporting.lib
  sdurws_ird_reporting_contract_test.vcxproj -> D:\10_Source_Repos\21_robot\RobWork\build\pipeline-wt\build-smoke\reporting\Release\sdurws_ird_reporting_contract_test.exe
  sdurws_ird_reporting_test.vcxproj -> D:\10_Source_Repos\21_robot\RobWork\build\pipeline-wt\build-smoke\reporting\Release\sdurws_ird_reporting_test.exe
  sdurws_ird_requirements.vcxproj -> D:\10_Source_Repos\21_robot\RobWork\build\pipeline-wt\build-smoke\requirements\Release\sdurws_ird_requirements.lib
  Automatic MOC for target sdurws_ird_requirements_plugin
  sdurws_ird_requirements_plugin.vcxproj -> D:\10_Source_Repos\21_robot\RobWork\build\pipeline-wt\build-smoke\requirements\Release\sdurws_ird_requirements_plugin.lib
  sdurws_ird_requirements_app.vcxproj -> D:\10_Source_Repos\21_robot\RobWork\build\pipeline-wt\build-smoke\requirements\Release\sdurws_ird_requirements_app.exe
  sdurws_ird_requirements_contract_test.vcxproj -> D:\10_Source_Repos\21_robot\RobWork\build\pipeline-wt\build-smoke\requirements\Release\sdurws_ird_requirements_contract_test.exe
  sdurws_ird_requirements_gui_test.vcxproj -> D:\10_Source_Repos\21_robot\RobWork\build\pipeline-wt\build-smoke\requirements\Release\sdurws_ird_requirements_gui_test.exe
  sdurws_ird_requirements_test.vcxproj -> D:\10_Source_Repos\21_robot\RobWork\build\pipeline-wt\build-smoke\requirements\Release\sdurws_ird_requirements_test.exe
  sdurws_ird_runtime_test.vcxproj -> D:\10_Source_Repos\21_robot\RobWork\build\pipeline-wt\build-smoke\runtime\Release\sdurws_ird_runtime_test.exe
  sdurws_ird_selection.vcxproj -> D:\10_Source_Repos\21_robot\RobWork\build\pipeline-wt\build-smoke\selection\Release\sdurws_ird_selection.lib
  sdurws_ird_selection_plugin.vcxproj -> D:\10_Source_Repos\21_robot\RobWork\build\pipeline-wt\build-smoke\selection\Release\sdurws_ird_selection_plugin.lib
  sdurws_ird_selection_contract_test.vcxproj -> D:\10_Source_Repos\21_robot\RobWork\build\pipeline-wt\build-smoke\selection\Release\sdurws_ird_selection_contract_test.exe
  sdurws_ird_selection_test.vcxproj -> D:\10_Source_Repos\21_robot\RobWork\build\pipeline-wt\build-smoke\selection\Release\sdurws_ird_selection_test.exe
  sdurws_ird_testdata_lint.vcxproj -> D:\10_Source_Repos\21_robot\RobWork\build\pipeline-wt\build-smoke\testkit\Release\sdurws_ird_testdata_lint.exe
  sdurws_ird_testkit_prochelper.vcxproj -> D:\10_Source_Repos\21_robot\RobWork\build\pipeline-wt\build-smoke\testkit\Release\sdurws_ird_testkit_prochelper.exe
  sdurws_ird_testkit_test.vcxproj -> D:\10_Source_Repos\21_robot\RobWork\build\pipeline-wt\build-smoke\testkit\Release\sdurws_ird_testkit_test.exe
  sdurws_ird_ui_app.vcxproj -> D:\10_Source_Repos\21_robot\RobWork\build\pipeline-wt\build-smoke\ui\Release\sdurws_ird_ui_app.exe
  sdurws_ird_ui_contract_test.vcxproj -> D:\10_Source_Repos\21_robot\RobWork\build\pipeline-wt\build-smoke\ui\Release\sdurws_ird_ui_contract_test.exe
  sdurws_ird_ui_gui_test.vcxproj -> D:\10_Source_Repos\21_robot\RobWork\build\pipeline-wt\build-smoke\ui\Release\sdurws_ird_ui_gui_test.exe
  sdurws_ird_ui_test.vcxproj -> D:\10_Source_Repos\21_robot\RobWork\build\pipeline-wt\build-smoke\ui\Release\sdurws_ird_ui_test.exe
  sdurws_ird_workflow.vcxproj -> D:\10_Source_Repos\21_robot\RobWork\build\pipeline-wt\build-smoke\workflow\Release\sdurws_ird_workflow.lib
  sdurws_ird_workflow_plugin.vcxproj -> D:\10_Source_Repos\21_robot\RobWork\build\pipeline-wt\build-smoke\workflow\Release\sdurws_ird_workflow_plugin.lib
  sdurws_ird_workflow_contract_test.vcxproj -> D:\10_Source_Repos\21_robot\RobWork\build\pipeline-wt\build-smoke\workflow\Release\sdurws_ird_workflow_contract_test.exe
  sdurws_ird_workflow_test.vcxproj -> D:\10_Source_Repos\21_robot\RobWork\build\pipeline-wt\build-smoke\workflow\Release\sdurws_ird_workflow_test.exe
