[==========] Running 34 tests from 4 test suites.
[----------] Global test environment set-up.
[----------] 5 tests from KinBuildGraph
[ RUN      ] KinBuildGraph.UnitEdgesSixRegisteredAndClosed_WP15T02_ACC3
[       OK ] KinBuildGraph.UnitEdgesSixRegisteredAndClosed_WP15T02_ACC3 (0 ms)
[ RUN      ] KinBuildGraph.SixRegisteredEdgesPresent_WP15T02_ACC3
[       OK ] KinBuildGraph.SixRegisteredEdgesPresent_WP15T02_ACC3 (0 ms)
[ RUN      ] KinBuildGraph.NoBusinessUnitOrExtraPlatformEdge_WP15T02_ACC5
[       OK ] KinBuildGraph.NoBusinessUnitOrExtraPlatformEdge_WP15T02_ACC5 (0 ms)
[ RUN      ] KinBuildGraph.NoTestkitEdgeOnProductTarget_WP15T02_ACC3
[       OK ] KinBuildGraph.NoTestkitEdgeOnProductTarget_WP15T02_ACC3 (0 ms)
[ RUN      ] KinBuildGraph.IncludeFaceMatchesRegisteredEdges_WP15T02_ACC5
[       OK ] KinBuildGraph.IncludeFaceMatchesRegisteredEdges_WP15T02_ACC5 (4 ms)
[----------] 5 tests from KinBuildGraph (5 ms total)

[----------] 6 tests from KinPoseMetricsEval
[ RUN      ] KinPoseMetricsEval.DescriptorMatchesSection43Row_WP15T03_ACC4
[       OK ] KinPoseMetricsEval.DescriptorMatchesSection43Row_WP15T03_ACC4 (0 ms)
[ RUN      ] KinPoseMetricsEval.KeyWordFormGateCompliant_WP15T03_ACC4
[       OK ] KinPoseMetricsEval.KeyWordFormGateCompliant_WP15T03_ACC4 (0 ms)
[ RUN      ] KinPoseMetricsEval.HostInjectionFactoryProducesEvaluator_WP15T03_ACC4
[       OK ] KinPoseMetricsEval.HostInjectionFactoryProducesEvaluator_WP15T03_ACC4 (0 ms)
[ RUN      ] KinPoseMetricsEval.AssemblyFailFastRejectsIllegalQuery_WP15T03_ACC3
[       OK ] KinPoseMetricsEval.AssemblyFailFastRejectsIllegalQuery_WP15T03_ACC3 (0 ms)
[ RUN      ] KinPoseMetricsEval.StructuredErrorMaterialNoTcp_WP15T03_ACC3
[       OK ] KinPoseMetricsEval.StructuredErrorMaterialNoTcp_WP15T03_ACC3 (0 ms)
[ RUN      ] KinPoseMetricsEval.DeterministicBytesAcrossCallsAndModes_WP15T03_ACC4
[       OK ] KinPoseMetricsEval.DeterministicBytesAcrossCallsAndModes_WP15T03_ACC4 (0 ms)
[----------] 6 tests from KinPoseMetricsEval (0 ms total)

[----------] 9 tests from KinTaskPointIkEval
[ RUN      ] KinTaskPointIkEval.DescriptorMatchesSection43Row_WP15T04_ACC5
[       OK ] KinTaskPointIkEval.DescriptorMatchesSection43Row_WP15T04_ACC5 (0 ms)
[ RUN      ] KinTaskPointIkEval.KeyWordFormGateCompliant_WP15T04_ACC5
[       OK ] KinTaskPointIkEval.KeyWordFormGateCompliant_WP15T04_ACC5 (0 ms)
[ RUN      ] KinTaskPointIkEval.HostInjectionFactoryProducesEvaluator_WP15T04_ACC5
[       OK ] KinTaskPointIkEval.HostInjectionFactoryProducesEvaluator_WP15T04_ACC5 (0 ms)
[ RUN      ] KinTaskPointIkEval.AssemblyFailsFastOnIllegalQuery_WP15T04_ACC4
[       OK ] KinTaskPointIkEval.AssemblyFailsFastOnIllegalQuery_WP15T04_ACC4 (0 ms)
[ RUN      ] KinTaskPointIkEval.EvaluateSuccessProducesBoundPayload_WP15T04_ACC4
[       OK ] KinTaskPointIkEval.EvaluateSuccessProducesBoundPayload_WP15T04_ACC4 (0 ms)
[ RUN      ] KinTaskPointIkEval.SearchExhaustedDeliversRecordAndDiag_WP15T04_ACC2
[       OK ] KinTaskPointIkEval.SearchExhaustedDeliversRecordAndDiag_WP15T04_ACC2 (1 ms)
[ RUN      ] KinTaskPointIkEval.AnalyticBoundDeliversProofMaterial_WP15T04_ACC4
[       OK ] KinTaskPointIkEval.AnalyticBoundDeliversProofMaterial_WP15T04_ACC4 (0 ms)
[ RUN      ] KinTaskPointIkEval.CancellationYieldsZeroMaterial_WP15T04_ACC2
[       OK ] KinTaskPointIkEval.CancellationYieldsZeroMaterial_WP15T04_ACC2 (0 ms)
[ RUN      ] KinTaskPointIkEval.DeterministicAndModeSensitivePayload_WP15T04_ACC3
[       OK ] KinTaskPointIkEval.DeterministicAndModeSensitivePayload_WP15T04_ACC3 (0 ms)
[----------] 9 tests from KinTaskPointIkEval (1 ms total)

[----------] 14 tests from KinTaskPointsBatchEval
[ RUN      ] KinTaskPointsBatchEval.DescriptorMatchesSection43Row_WP15T05_ACC4
[       OK ] KinTaskPointsBatchEval.DescriptorMatchesSection43Row_WP15T05_ACC4 (0 ms)
[ RUN      ] KinTaskPointsBatchEval.ExpansionAppliesToNotApplicableAndDedup_WP15T05_ACC1
[       OK ] KinTaskPointsBatchEval.ExpansionAppliesToNotApplicableAndDedup_WP15T05_ACC1 (0 ms)
[ RUN      ] KinTaskPointsBatchEval.DanglingStationReferenceYieldsInputInvalid_WP15T05_ACC1
[       OK ] KinTaskPointsBatchEval.DanglingStationReferenceYieldsInputInvalid_WP15T05_ACC1 (0 ms)
[ RUN      ] KinTaskPointsBatchEval.PerItemStatesIndependent_WP15T05_ACC1
[       OK ] KinTaskPointsBatchEval.PerItemStatesIndependent_WP15T05_ACC1 (0 ms)
[ RUN      ] KinTaskPointsBatchEval.CaseCompletionMatrixMaterial_WP15T05_ACC2
[       OK ] KinTaskPointsBatchEval.CaseCompletionMatrixMaterial_WP15T05_ACC2 (0 ms)
[ RUN      ] KinTaskPointsBatchEval.CancellationMarksNotRunAndIncomplete_WP15T05_ACC2
[       OK ] KinTaskPointsBatchEval.CancellationMarksNotRunAndIncomplete_WP15T05_ACC2 (0 ms)
[ RUN      ] KinTaskPointsBatchEval.BuilderOutputShapeAndVerdictInputs_WP15T05_ACC3
[       OK ] KinTaskPointsBatchEval.BuilderOutputShapeAndVerdictInputs_WP15T05_ACC3 (0 ms)
[ RUN      ] KinTaskPointsBatchEval.ProofProducerReboundToBatchKey_WP15T05_ACC3
[       OK ] KinTaskPointsBatchEval.ProofProducerReboundToBatchKey_WP15T05_ACC3 (0 ms)
[ RUN      ] KinTaskPointsBatchEval.PerBatchCancelProbeProgressAndWatermark_WP15T05_ACC4
[       OK ] KinTaskPointsBatchEval.PerBatchCancelProbeProgressAndWatermark_WP15T05_ACC4 (0 ms)
[ RUN      ] KinTaskPointsBatchEval.DefaultBatchSizeIs256_WP15T05_ACC4
[       OK ] KinTaskPointsBatchEval.DefaultBatchSizeIs256_WP15T05_ACC4 (1 ms)
[ RUN      ] KinTaskPointsBatchEval.TotalOrderIndependentOfInjectionOrder_WP15T05_ACC5
[       OK ] KinTaskPointsBatchEval.TotalOrderIndependentOfInjectionOrder_WP15T05_ACC5 (0 ms)
[ RUN      ] KinTaskPointsBatchEval.ThreadCountEquivalence_WP15T05_ACC5
[       OK ] KinTaskPointsBatchEval.ThreadCountEquivalence_WP15T05_ACC5 (0 ms)
[ RUN      ] KinTaskPointsBatchEval.ShardsAreContiguousRanges_WP15T05_ACC5
[       OK ] KinTaskPointsBatchEval.ShardsAreContiguousRanges_WP15T05_ACC5 (0 ms)
[ RUN      ] KinTaskPointsBatchEval.CapabilityDeclarationValues_WP15T05_ACC4
[       OK ] KinTaskPointsBatchEval.CapabilityDeclarationValues_WP15T05_ACC4 (0 ms)
[----------] 14 tests from KinTaskPointsBatchEval (2 ms total)

[----------] Global test environment tear-down
[==========] 34 tests from 4 test suites ran. (10 ms total)
[  PASSED  ] 34 tests.
