适用于 .NET Framework MSBuild 版本 17.12.6+db5f6012c

D:\software\Microsoft Visual Studio\2022\Community\MSBuild\Microsoft\VC\v170\Microsoft.CppBuild.targets(541,5): warning MSB8029: 中间目录或输出目录无法驻留在临时目录下，因为这可能会导致增量生成出现问题。 [C:\Users\zgl18\AppData\Local\Temp\ird-smoke-wp02-t11\ZERO_CHECK.vcxproj]
  1>Checking Build System
D:\software\Microsoft Visual Studio\2022\Community\MSBuild\Microsoft\VC\v170\Microsoft.CppBuild.targets(541,5): warning MSB8029: 中间目录或输出目录无法驻留在临时目录下，因为这可能会导致增量生成出现问题。 [C:\Users\zgl18\AppData\Local\Temp\ird-smoke-wp02-t11\core\sdurws_ird_core.vcxproj]
  Building Custom Rule D:/10_Source_Repos/21_robot/RobWork/RobWork/RobWorkStudio/src/rwslibs/industrialrobot/core/CMakeLists.txt
  Core.cpp
  Identity.cpp
  Digest.cpp
  Provenance.cpp
  Units.cpp
  Compare.cpp
  Evaluation.cpp
  DiagData.cpp
  Events.cpp
  正在生成代码...
  sdurws_ird_core.vcxproj -> C:\Users\zgl18\AppData\Local\Temp\ird-smoke-wp02-t11\core\Release\sdurws_ird_core.lib
D:\software\Microsoft Visual Studio\2022\Community\MSBuild\Microsoft\VC\v170\Microsoft.CppBuild.targets(541,5): warning MSB8029: 中间目录或输出目录无法驻留在临时目录下，因为这可能会导致增量生成出现问题。 [C:\Users\zgl18\AppData\Local\Temp\ird-smoke-wp02-t11\testkit\sdurws_ird_testkit.vcxproj]
  Building Custom Rule D:/10_Source_Repos/21_robot/RobWork/RobWork/RobWorkStudio/src/rwslibs/industrialrobot/testkit/CMakeLists.txt
  TestPaths.cpp
  JsonLite.cpp
  Fault.cpp
  Dataset.cpp
  ToleranceProfile.cpp
  Check.cpp
  ContractCheck.cpp
  Fixture.cpp
  Report.cpp
  ProcessRunner.cpp
  正在生成代码...
  sdurws_ird_testkit.vcxproj -> C:\Users\zgl18\AppData\Local\Temp\ird-smoke-wp02-t11\testkit\Release\sdurws_ird_testkit.lib
D:\software\Microsoft Visual Studio\2022\Community\MSBuild\Microsoft\VC\v170\Microsoft.CppBuild.targets(541,5): warning MSB8029: 中间目录或输出目录无法驻留在临时目录下，因为这可能会导致增量生成出现问题。 [C:\Users\zgl18\AppData\Local\Temp\ird-smoke-wp02-t11\testkit\sdurws_ird_testkit_prochelper.vcxproj]
  Building Custom Rule D:/10_Source_Repos/21_robot/RobWork/RobWork/RobWorkStudio/src/rwslibs/industrialrobot/testkit/CMakeLists.txt
  main.cpp
  sdurws_ird_testkit_prochelper.vcxproj -> C:\Users\zgl18\AppData\Local\Temp\ird-smoke-wp02-t11\testkit\Release\sdurws_ird_testkit_prochelper.exe
D:\software\Microsoft Visual Studio\2022\Community\MSBuild\Microsoft\VC\v170\Microsoft.CppBuild.targets(541,5): warning MSB8029: 中间目录或输出目录无法驻留在临时目录下，因为这可能会导致增量生成出现问题。 [C:\Users\zgl18\AppData\Local\Temp\ird-smoke-wp02-t11\testkit\sdurws_ird_testkit_test.vcxproj]
  Building Custom Rule D:/10_Source_Repos/21_robot/RobWork/RobWork/RobWorkStudio/src/rwslibs/industrialrobot/testkit/CMakeLists.txt
  TestPathsTest.cpp
  JsonLiteTest.cpp
  FaultTest.cpp
  DatasetTest.cpp
  ToleranceProfileTest.cpp
  CheckTest.cpp
  ContractCheckTest.cpp
  SetCheckTest.cpp
  FixtureTest.cpp
  ReportTest.cpp
  ProcessRunnerTest.cpp
  CoreIntegrationExampleTest.cpp
  TestMain.cpp
  BuildRedLineTest.cpp
  正在生成代码...
  sdurws_ird_testkit_test.vcxproj -> C:\Users\zgl18\AppData\Local\Temp\ird-smoke-wp02-t11\testkit\Release\sdurws_ird_testkit_test.exe
  D:\10_Source_Repos\21_robot\RobWork\vcpkg\installed\x64-windows\bin\gtest.dll -> C:\Users\zgl18\AppData\Local\Temp\ird-smoke-wp02-t11\testkit\Release\gtest.dll done
