Note: Google Test filter = HostMigration*
[==========] Running 10 tests from 5 test suites.
[----------] Global test environment set-up.
[----------] 2 tests from HostMigrationTreeNodesProvider
[ RUN      ] HostMigrationTreeNodesProvider.SuppliesModelingObjectsWithClosedChildren
D:\10_Source_Repos\21_robot\wt-acc-wp13-t20-r2\RobWork\RobWorkStudio\src\rwslibs\industrialrobot\modeling\test\HostMigrationTest.cpp(230): error: Expected equality of these values:
  fx.tree->domainKey()
    Which is: "modeling-x"
  "modeling"

[  FAILED  ] HostMigrationTreeNodesProvider.SuppliesModelingObjectsWithClosedChildren (0 ms)
[ RUN      ] HostMigrationTreeNodesProvider.FeedsSharedProjectTreeModelRebuild
[       OK ] HostMigrationTreeNodesProvider.FeedsSharedProjectTreeModelRebuild (0 ms)
[----------] 2 tests from HostMigrationTreeNodesProvider (0 ms total)

[----------] 5 tests from HostMigrationPropertyPages
[ RUN      ] HostMigrationPropertyPages.JointCommonFieldsWithEditableOutlet
D:\10_Source_Repos\21_robot\wt-acc-wp13-t20-r2\RobWork\RobWorkStudio\src\rwslibs\industrialrobot\modeling\test\HostMigrationTest.cpp(315): error: Expected equality of these values:
  fx.pages->domainKey()
    Which is: "modeling-x"
  "modeling"

[  FAILED  ] HostMigrationPropertyPages.JointCommonFieldsWithEditableOutlet (0 ms)
[ RUN      ] HostMigrationPropertyPages.LinkReadOnlyMassWithPropertiesEntry
[       OK ] HostMigrationPropertyPages.LinkReadOnlyMassWithPropertiesEntry (0 ms)
[ RUN      ] HostMigrationPropertyPages.NonDomainObjectGetsNoAnswer
[       OK ] HostMigrationPropertyPages.NonDomainObjectGetsNoAnswer (0 ms)
[ RUN      ] HostMigrationPropertyPages.OutletTranslatesEditsToDomainFlow
[       OK ] HostMigrationPropertyPages.OutletTranslatesEditsToDomainFlow (0 ms)
[ RUN      ] HostMigrationPropertyPages.ComplexPageActivationThreeBranches
[       OK ] HostMigrationPropertyPages.ComplexPageActivationThreeBranches (0 ms)
[----------] 5 tests from HostMigrationPropertyPages (0 ms total)

[----------] 1 test from HostMigrationSelectionAdapter
[ RUN      ] HostMigrationSelectionAdapter.DownstreamHighlightAndUpstreamPick
[       OK ] HostMigrationSelectionAdapter.DownstreamHighlightAndUpstreamPick (0 ms)
[----------] 1 test from HostMigrationSelectionAdapter (0 ms total)

[----------] 1 test from HostMigrationEndToEnd
[ RUN      ] HostMigrationEndToEnd.TreeToInspectorToComplexToHighlight
D:\10_Source_Repos\21_robot\wt-acc-wp13-t20-r2\RobWork\RobWorkStudio\src\rwslibs\industrialrobot\modeling\test\HostMigrationTest.cpp(614): error: Expected equality of these values:
  inspector.view().domainKey
    Which is: "modeling-x"
  "modeling"

[  FAILED  ] HostMigrationEndToEnd.TreeToInspectorToComplexToHighlight (0 ms)
[----------] 1 test from HostMigrationEndToEnd (0 ms total)

[----------] 1 test from HostMigrationModuleWiring
[ RUN      ] HostMigrationModuleWiring.SharedSurfaceProvidersFeedSharedTree
D:\10_Source_Repos\21_robot\wt-acc-wp13-t20-r2\RobWork\RobWorkStudio\src\rwslibs\industrialrobot\modeling\test\HostMigrationModuleTest.cpp(46): error: Expected equality of these values:
  handles.treeNodes->domainKey()
    Which is: "modeling-x"
  "modeling"

D:\10_Source_Repos\21_robot\wt-acc-wp13-t20-r2\RobWork\RobWorkStudio\src\rwslibs\industrialrobot\modeling\test\HostMigrationModuleTest.cpp(47): error: Expected equality of these values:
  handles.propertyPages->domainKey()
    Which is: "modeling-x"
  "modeling"

[  FAILED  ] HostMigrationModuleWiring.SharedSurfaceProvidersFeedSharedTree (0 ms)
[----------] 1 test from HostMigrationModuleWiring (0 ms total)

[----------] Global test environment tear-down
[==========] 10 tests from 5 test suites ran. (1 ms total)
[  PASSED  ] 6 tests.
[  FAILED  ] 4 tests, listed below:
[  FAILED  ] HostMigrationTreeNodesProvider.SuppliesModelingObjectsWithClosedChildren
[  FAILED  ] HostMigrationPropertyPages.JointCommonFieldsWithEditableOutlet
[  FAILED  ] HostMigrationEndToEnd.TreeToInspectorToComplexToHighlight
[  FAILED  ] HostMigrationModuleWiring.SharedSurfaceProvidersFeedSharedTree

 4 FAILED TESTS
