CMake is re-running because D:/10_Source_Repos/21_robot/RobWork/build/acc-wp24-t09-bld/RobWorkStudio/src/rwslibs/industrialrobot/ui/CMakeFiles/generate.stamp is out-of-date.
  the file 'D:/10_Source_Repos/21_robot/RobWork/build/acc-wp24-t09-wt/RobWork/RobWorkStudio/src/rwslibs/industrialrobot/ui/CMakeLists.txt'
  is newer than 'D:/10_Source_Repos/21_robot/RobWork/build/acc-wp24-t09-bld/RobWorkStudio/src/rwslibs/industrialrobot/ui/CMakeFiles/generate.stamp.depend'
  result='-1'
-- Selecting Windows SDK version 10.0.22621.0 to target Windows 10.0.26200.
-- RobWork: Build configuration: none
-- RobWork: Version 26.9.29
-- RobWork: ROOT - D:/10_Source_Repos/21_robot/RobWork/build/acc-wp24-t09-wt/RobWork/RobWork
-- RobWork: Boost version 1.92.0 found!
-- RobWork: OpenGL and GLUT ENABLED! FOUND!
-- RobWork: XERCES ENABLED! FOUND!
-- RobWork: Yaobi ENABLED! NOT FOUND! Using RobWork native Yaobi.
-- RobWork: PQP ENABLED! Using RobWork native PQP.
-- Eigen3 version .. found in D:/10_Source_Repos/21_robot/RobWork/vcpkg/installed/x64-windows/include/eigen3, but at least version 2.91.0 is required
-- Eigen3 version .. found in D:/10_Source_Repos/21_robot/RobWork/vcpkg/installed/x64-windows/include/eigen3, but at least version 2.91.0 is required
-- RobWork: EIGEN3 .. Found w. Hunter
-- RobWork: Qhull Found
-- Could NOT find PkgConfig (missing: PKG_CONFIG_EXECUTABLE) 
-- USE_FCL ON : FCL not Found
-- USE_CSGJS ON: Enabled by default
-- USE_Bullet OFF : Disable Hard Coded
-- USE_SWIG OFF : Swig not Found
-- USE_LUA OFF : Swig not found
-- USE_ASSIMP OFF : Assimp not found and is now DISABLED!
-- USE_Python ON : Python  Found
-- USE_numpy OFF : Python Not Found
-- USE_gtest  OFF : Disabled by default
-- USE_Mathematica OFF : Disabled by default
-- USE_RW_ASSERT ON : Enabled by Default
-- USE_OpenMP ON : OpenMP 2.0 CXX FOUND! - Specification date 200203
-- RobWork: RW C flags: 
-- RobWork: RW CXX flags: -EHa -bigobj /MP -openmp
-- RobWork: RW definitions: -DNOMINMAX;-DBIND_FORTRAN_LOWERCASE_UNDERSCORE;-DWIN32_LEAN_AND_MEAN;-D_WIN32_WINNT=0x0501;-D_SCL_SECURE_NO_WARNINGS;-D_CRT_SECURE_NO_WARNINGS;-D_CRT_SECURE_NO_DEPRECATE;-DMSVC_AMD64
-- RobWork: RW linker flags: 
CMake Warning (dev) at RobWork/cmake/RobWorkMacros.cmake:497 (install):
  Policy CMP0177 is not set: install() DESTINATION paths are normalized.  Run
  "cmake --help-policy CMP0177" for policy details.  Use the cmake_policy
  command to set the policy and suppress this warning.
Call Stack (most recent call first):
  RobWork/ext/csgjs/src/CMakeLists.txt:13 (rw_add_includes)
This warning is for project developers.  Use -Wno-dev to suppress it.

-- BUILD_sdurw_core  ON : Enabled by default.
-- BUILD_sdurw_plugin  ON : Enabled by default.
-- BUILD_sdurw_common  ON : Enabled by default.
-- BUILD_sdurw_math  ON : Enabled by default.
-- BUILD_sdurw_kinematics  ON : Enabled by default.
-- BUILD_sdurw_geometry  ON : Enabled by default.
-- BUILD_sdurw_sensor  ON : Enabled by default.
-- BUILD_sdurw_graspplanning  ON : Enabled by default.
-- BUILD_sdurw_models  ON : Enabled by default.
-- BUILD_sdurw_trajectory  ON : Enabled by default.
-- BUILD_sdurw_proximity  ON : Enabled by default.
-- BUILD_sdurw_graphics  ON : Enabled by default.
-- BUILD_sdurw_invkin  ON : Enabled by default.
-- BUILD_sdurw_pathplanning  ON : Enabled by default.
-- BUILD_sdurw_loaders  ON : Enabled by default.
-- BUILD_sdurw  ON : Enabled by default.
-- BUILD_sdurw_algorithms  ON : Enabled by default.
-- BUILD_sdurw_task  ON : Enabled by default.
-- BUILD_sdurw_assembly  ON : Enabled by default.
-- BUILD_sdurw_calibration  ON : Enabled by default.
-- BUILD_sdurw_control  ON : Enabled by default.
-- BUILD_sdurw_opengl  ON : Enabled by default.
-- BUILD_sdurw_mathematica  OFF : Disabled by default.
-- BUILD_sdurw_proximitystrategies  ON : Enabled by default.
-- sdurw_proximitystrategies: Not building Bullet interface since Bullet is disabled!
-- sdurw_proximitystrategies: Not building FCL interface since FCL is disabled!
-- BUILD_sdurw_proximitystrategies.rwplugin  ON : Enabled by default.
-- BUILD_sdurw_pathoptimization  ON : Enabled by default.
-- BUILD_sdurw_pathplanners  ON : Enabled by default.
-- BUILD_sdurw_simulation  ON : Enabled by default.
-- BUILD_sdurw_java  OFF : SWIG not found!
-- BUILD_sdurw_python  OFF : SWIG not found!
-- BUILD_sdurw_lua  OFF : Lua not found!
-- BUILD_sdurw_softbody  OFF : Disabled by default.
-- BUILD_sdurw_csg  ON : Enabled by default.
-- BUILD_sdurw_analytic_geometry  ON : Enabled by default.
-- BUILD_sdurw_simplefinger  ON : Enabled by default.
-- BUILD_sdurw_sandbox  OFF : Disabled by default.
-- RobWork: system id= 
-- RobWork tests ENABLED!
-- RobWork example DISABLED!
-- Current Git revision is 4dc5c4e9-dirty
-- RobWorkStudio: Build configuration: none
-- RobWorkStudio: Version 26.9.29
-- RobWorkStudio: ROOT dir: D:/10_Source_Repos/21_robot/RobWork/build/acc-wp24-t09-wt/RobWork/RobWorkStudio
CMake Warning (dev) at D:/10_Source_Repos/21_robot/RobWork/vcpkg/scripts/buildsystems/vcpkg.cmake:939 (_find_package):
  Policy CMP0148 is not set: The FindPythonInterp and FindPythonLibs modules
  are removed.  Run "cmake --help-policy CMP0148" for policy details.  Use
  the cmake_policy command to set the policy and suppress this warning.

Call Stack (most recent call first):
  RobWorkStudio/cmake/RobWorkStudioSetup.cmake:50 (find_package)
  RobWorkStudio/CMakeLists.txt:89 (include)
This warning is for project developers.  Use -Wno-dev to suppress it.

CMake Warning (dev) at D:/10_Source_Repos/21_robot/RobWork/vcpkg/scripts/buildsystems/vcpkg.cmake:939 (_find_package):
  Policy CMP0148 is not set: The FindPythonInterp and FindPythonLibs modules
  are removed.  Run "cmake --help-policy CMP0148" for policy details.  Use
  the cmake_policy command to set the policy and suppress this warning.

Call Stack (most recent call first):
  RobWorkStudio/cmake/RobWorkStudioSetup.cmake:51 (find_package)
  RobWorkStudio/CMakeLists.txt:89 (include)
This warning is for project developers.  Use -Wno-dev to suppress it.

-- 
-- Found Python interpreter 3.13.11
-- Found Python libraries 3.13.11
-- RobWorkStudio: Using Qt 6.11.1.
-- RobWork: OpenGL and GLUT ENABLED! FOUND!
-- RobWorkStudio: SWIG 3+ not found!
-- RobWorkStudio: Lua DISABLED!
-- QCodeEditor not found building internal target
-- RobWorkStudio: Adding RWS CXX flags:  -EHa -bigobj /MP -openmp
-- RobWorkStudio: Addubg RWS definitions: -DNOMINMAX;-DBIND_FORTRAN_LOWERCASE_UNDERSCORE;-DWIN32_LEAN_AND_MEAN;-D_WIN32_WINNT=0x0501;-D_SCL_SECURE_NO_WARNINGS;-D_CRT_SECURE_NO_WARNINGS;-D_CRT_SECURE_NO_DEPRECATE;-DMSVC_AMD64;-DQT_DEBUG
-- RobWorkStudio: Using static linking of default plugins!
CMake Warning (dev) at RobWorkStudio/ext/qtpropertybrowser/CMakeLists.txt:66 (install):
  Policy CMP0177 is not set: install() DESTINATION paths are normalized.  Run
  "cmake --help-policy CMP0177" for policy details.  Use the cmake_policy
  command to set the policy and suppress this warning.
This warning is for project developers.  Use -Wno-dev to suppress it.

CMake Deprecation Warning at RobWorkStudio/ext/QCodeEditor/CMakeLists.txt:1 (cmake_minimum_required):
  Compatibility with CMake < 3.10 will be removed from a future version of
  CMake.

  Update the VERSION argument <min> value.  Or, use the <min>...<max> syntax
  to tell CMake that the project requires at least <min> but has been updated
  to work with policies introduced by <max> or earlier.


-- BUILD_sdurws  ON : Enabled by default.
-- BUILD_sdurws_plugin.rwplugin  ON : Enabled by default.
-- BUILD_sdurws_atask  ON : Enabled by default.
-- BUILD_sdurws_gtask  ON : Enabled by default.
-- BUILD_sdurws_jog  ON : Enabled by default.
-- BUILD_sdurws_log  ON : Enabled by default.
-- BUILD_sdurws_playback  ON : Enabled by default.
-- BUILD_sdurws_propertyview  ON : Enabled by default.
-- BUILD_sdurws_treeview  ON : Enabled by default.
-- BUILD_sdurws_planning  ON : Enabled by default.
-- BUILD_sdurws_pythoneditor  ON : Enabled by default.
-- BUILD_sdurws_sensors  ON : Enabled by default.
-- BUILD_sdurws_workcelleditor  ON : Enabled by default.
-- BUILD_sdurws_workcelleditorplugin  ON : Enabled by default.
-- USE STATIC PLUGINS
-- BUILD_sdurws_robworkstudioapp  ON : Enabled by default.
-- BUILD_sdurws_lua  OFF : SWIG not found!
-- BUILD_sdurws_java  OFF : SWIG not found!
-- BUILD_sdurws_python  OFF : SWIG not found!
-- BUILD_sdurws_luaeditor  OFF : Disabled by default.
-- BUILD_sdurws_luapl  OFF : Disabled by default.
-- BUILD_RobWorkStudio  ON : Enabled by default.
-- RobWorkStudio: platform  
-- RobWorkStudio: tests DISABLED!
-- Current Git revision is 4dc5c4e9-dirty
-- RobWorkSim: Build configuration: none
-- RobWorkSim: Version 26.9.29
-- RobWorkSim: ROOT dir: D:/10_Source_Repos/21_robot/RobWork/build/acc-wp24-t09-wt/RobWork/RobWorkSim
CMake Warning (dev) at D:/10_Source_Repos/21_robot/RobWork/vcpkg/scripts/buildsystems/vcpkg.cmake:939 (_find_package):
  Policy CMP0148 is not set: The FindPythonInterp and FindPythonLibs modules
  are removed.  Run "cmake --help-policy CMP0148" for policy details.  Use
  the cmake_policy command to set the policy and suppress this warning.

Call Stack (most recent call first):
  RobWorkSim/cmake/RobWorkSimSetup.cmake:34 (find_package)
  RobWorkSim/CMakeLists.txt:71 (include)
This warning is for project developers.  Use -Wno-dev to suppress it.

CMake Warning (dev) at D:/10_Source_Repos/21_robot/RobWork/vcpkg/scripts/buildsystems/vcpkg.cmake:939 (_find_package):
  Policy CMP0148 is not set: The FindPythonInterp and FindPythonLibs modules
  are removed.  Run "cmake --help-policy CMP0148" for policy details.  Use
  the cmake_policy command to set the policy and suppress this warning.

Call Stack (most recent call first):
  RobWorkSim/cmake/RobWorkSimSetup.cmake:35 (find_package)
  RobWorkSim/CMakeLists.txt:71 (include)
This warning is for project developers.  Use -Wno-dev to suppress it.

CMake Warning (dev) at D:/10_Source_Repos/21_robot/RobWork/vcpkg/scripts/buildsystems/vcpkg.cmake:939 (_find_package):
  Policy CMP0148 is not set: The FindPythonInterp and FindPythonLibs modules
  are removed.  Run "cmake --help-policy CMP0148" for policy details.  Use
  the cmake_policy command to set the policy and suppress this warning.

Call Stack (most recent call first):
  RobWorkSim/cmake/RobWorkSimSetup.cmake:41 (find_package)
  RobWorkSim/CMakeLists.txt:71 (include)
This warning is for project developers.  Use -Wno-dev to suppress it.

-- RobWorkSim: Python interpreter 3.13.11 Found
-- RobWorkSim: Python libraries 3.13.11 Found
-- RobWorkSim: SWIG 3+ not found!
-- RobWorkSim: Lua DISABLED!
-- RobWorkSim: Bullet enabled
CMake Warning (dev) at D:/10_Source_Repos/21_robot/RobWork/vcpkg/scripts/buildsystems/vcpkg.cmake:939 (_find_package):
  Policy CMP0074 is not set: find_package uses <PackageName>_ROOT variables.
  Run "cmake --help-policy CMP0074" for policy details.  Use the cmake_policy
  command to set the policy and suppress this warning.

  CMake variable ODE_ROOT is set to:

    ODE_DIR-NOTFOUND

  For compatibility, CMake is ignoring the variable.
Call Stack (most recent call first):
  RobWorkSim/cmake/RobWorkSimSetup.cmake:181 (find_package)
  RobWorkSim/CMakeLists.txt:71 (include)
This warning is for project developers.  Use -Wno-dev to suppress it.

-- RobWorkSim: ODE disabled.
-- RobWorkSim: RobWorkPhysicsEngine enabled.
-- RobWorkSim: RWPhysics enabled.
-- RobWorkSim: Adding RWSIM CXX flags: -EHa -bigobj /MP -openmp 
-- BUILD_sdurwsim  ON : Enabled by default.
-- BUILD_sdurwsim_gui  ON : Enabled by default.
-- BUILD_sdurwsim_ode  OFF : Disabled by default.
-- BUILD_sdurwsim_bullet  ON : Enabled by default.
-- Bullet will be compiled with single precision.
-- BUILD_sdurwsim_lua  OFF : SWIG not found!
-- BUILD_sdurwsim_java  OFF : SWIG not found!
-- BUILD_sdurwsim_python  OFF : SWIG not found!
-- BUILD_SimulatorLogViewer  ON : Enabled by default.
-- BUILD_sdurwsim_test  ON : Enabled by default.
-- BUILD_RWSimulatorPlugin  ON : Enabled by default.
-- BUILD_SimUtilityPlugin  ON : Enabled by default.
-- BUILD_GraspTableGeneratorPlugin  ON : Enabled by default.
-- BUILD_RWSimPlugin  ON : Enabled by default.
-- BUILD_SimTaskPlugin  ON : Enabled by default.
-- BUILD_EngineTestPlugin  ON : Enabled by default.
-- RobWork tests DISABLED!
-- Configuring done (6.8s)
-- Generating done (23.4s)
-- Build files have been written to: D:/10_Source_Repos/21_robot/RobWork/build/acc-wp24-t09-bld
适用于 .NET Framework MSBuild 版本 17.12.6+db5f6012c

  1>Checking Build System
  pqp.vcxproj -> D:\10_Source_Repos\21_robot\RobWork\build\acc-wp24-t09-bld\RobWork\libs\Release\pqp.lib
  Automatic MOC for target qtpropertybrowser
  qtpropertybrowser.vcxproj -> D:\10_Source_Repos\21_robot\RobWork\build\acc-wp24-t09-bld\RobWorkStudio\libs\Release\qtpropertybrowser.lib
  ExtensionRegistry.cpp
  Log.cpp
  Plugin.cpp
  RobWork.cpp
  Auto build dll exports
    正在创建库 D:/10_Source_Repos/21_robot/RobWork/build/acc-wp24-t09-bld/RobWork/libs/Release/sdurw_core.lib 和对象 D:/10_Source_Repos/21_robot/RobWork/build/acc-wp24-t09-bld/RobWork/libs/Release/sdurw_core.exp
  sdurw_core.vcxproj -> D:\10_Source_Repos\21_robot\RobWork\build\acc-wp24-t09-bld\RobWork\bin\Release\sdurw_core.dll
  Auto build dll exports
  sdurw_common.vcxproj -> D:\10_Source_Repos\21_robot\RobWork\build\acc-wp24-t09-bld\RobWork\bin\Release\sdurw_common.dll
  Auto build dll exports
  sdurw_math.vcxproj -> D:\10_Source_Repos\21_robot\RobWork\build\acc-wp24-t09-bld\RobWork\bin\Release\sdurw_math.dll
  Auto build dll exports
  sdurw_kinematics.vcxproj -> D:\10_Source_Repos\21_robot\RobWork\build\acc-wp24-t09-bld\RobWork\bin\Release\sdurw_kinematics.dll
  Auto build dll exports
  sdurw_geometry.vcxproj -> D:\10_Source_Repos\21_robot\RobWork\build\acc-wp24-t09-bld\RobWork\bin\Release\sdurw_geometry.dll
  Auto build dll exports
  sdurw_sensor.vcxproj -> D:\10_Source_Repos\21_robot\RobWork\build\acc-wp24-t09-bld\RobWork\bin\Release\sdurw_sensor.dll
  Auto build dll exports
  sdurw_models.vcxproj -> D:\10_Source_Repos\21_robot\RobWork\build\acc-wp24-t09-bld\RobWork\bin\Release\sdurw_models.dll
  Auto build dll exports
  sdurw_control.vcxproj -> D:\10_Source_Repos\21_robot\RobWork\build\acc-wp24-t09-bld\RobWork\bin\Release\sdurw_control.dll
  Auto build dll exports
  sdurw_graphics.vcxproj -> D:\10_Source_Repos\21_robot\RobWork\build\acc-wp24-t09-bld\RobWork\bin\Release\sdurw_graphics.dll
  DistanceCalculator.cpp
D:\10_Source_Repos\21_robot\RobWork\build\acc-wp24-t09-wt\RobWork\RobWork\src\rw\proximity\DistanceCalculator.cpp(229,9): warning C4101: “i”: 未引用的局部变量 [D:\10_Source_Repos\21_robot\RobWork\build\acc-wp24-t09-bld\RobWork\src\rw\proximity\sdurw_proximity.vcxproj]
  Auto build dll exports
    正在创建库 D:/10_Source_Repos/21_robot/RobWork/build/acc-wp24-t09-bld/RobWork/libs/Release/sdurw_proximity.lib 和对象 D:/10_Source_Repos/21_robot/RobWork/build/acc-wp24-t09-bld/RobWork/libs/Release/sdurw_proximity.exp
  sdurw_proximity.vcxproj -> D:\10_Source_Repos\21_robot\RobWork\build\acc-wp24-t09-bld\RobWork\bin\Release\sdurw_proximity.dll
  Auto build dll exports
  sdurw_trajectory.vcxproj -> D:\10_Source_Repos\21_robot\RobWork\build\acc-wp24-t09-bld\RobWork\bin\Release\sdurw_trajectory.dll
  Model3DFactory.cpp
  XMLRWLoader.cpp
  Auto build dll exports
    正在创建库 D:/10_Source_Repos/21_robot/RobWork/build/acc-wp24-t09-bld/RobWork/libs/Release/sdurw_loaders.lib 和对象 D:/10_Source_Repos/21_robot/RobWork/build/acc-wp24-t09-bld/RobWork/libs/Release/sdurw_loaders.exp
  sdurw_loaders.vcxproj -> D:\10_Source_Repos\21_robot\RobWork\build\acc-wp24-t09-bld\RobWork\bin\Release\sdurw_loaders.dll
  RenderText.cpp
  SceneOpenGL.cpp
D:\10_Source_Repos\21_robot\RobWork\build\acc-wp24-t09-wt\RobWork\RobWork\src\rwlibs\opengl\RenderText.cpp(163,41): warning C4244: “参数”: 从“T”转换到“GLfloat”，可能丢失数据 [D:\10_Source_Repos\21_robot\RobWork\build\acc-wp24-t09-bld\RobWork\src\rwlibs\opengl\sdurw_opengl.vcxproj]
D:\10_Source_Repos\21_robot\RobWork\build\acc-wp24-t09-wt\RobWork\RobWork\src\rwlibs\opengl\RenderText.cpp(163,41): warning C4244:         with [D:\10_Source_Repos\21_robot\RobWork\build\acc-wp24-t09-bld\RobWork\src\rwlibs\opengl\sdurw_opengl.vcxproj]
D:\10_Source_Repos\21_robot\RobWork\build\acc-wp24-t09-wt\RobWork\RobWork\src\rwlibs\opengl\RenderText.cpp(163,41): warning C4244:         [ [D:\10_Source_Repos\21_robot\RobWork\build\acc-wp24-t09-bld\RobWork\src\rwlibs\opengl\sdurw_opengl.vcxproj]
D:\10_Source_Repos\21_robot\RobWork\build\acc-wp24-t09-wt\RobWork\RobWork\src\rwlibs\opengl\RenderText.cpp(163,41): warning C4244:             T=double [D:\10_Source_Repos\21_robot\RobWork\build\acc-wp24-t09-bld\RobWork\src\rwlibs\opengl\sdurw_opengl.vcxproj]
D:\10_Source_Repos\21_robot\RobWork\build\acc-wp24-t09-wt\RobWork\RobWork\src\rwlibs\opengl\RenderText.cpp(163,41): warning C4244:         ] [D:\10_Source_Repos\21_robot\RobWork\build\acc-wp24-t09-bld\RobWork\src\rwlibs\opengl\sdurw_opengl.vcxproj]
D:\10_Source_Repos\21_robot\RobWork\build\acc-wp24-t09-wt\RobWork\RobWork\src\rwlibs\opengl\RenderText.cpp(163,33): warning C4244: “参数”: 从“T”转换到“GLfloat”，可能丢失数据 [D:\10_Source_Repos\21_robot\RobWork\build\acc-wp24-t09-bld\RobWork\src\rwlibs\opengl\sdurw_opengl.vcxproj]
D:\10_Source_Repos\21_robot\RobWork\build\acc-wp24-t09-wt\RobWork\RobWork\src\rwlibs\opengl\RenderText.cpp(163,33): warning C4244:         with [D:\10_Source_Repos\21_robot\RobWork\build\acc-wp24-t09-bld\RobWork\src\rwlibs\opengl\sdurw_opengl.vcxproj]
D:\10_Source_Repos\21_robot\RobWork\build\acc-wp24-t09-wt\RobWork\RobWork\src\rwlibs\opengl\RenderText.cpp(163,33): warning C4244:         [ [D:\10_Source_Repos\21_robot\RobWork\build\acc-wp24-t09-bld\RobWork\src\rwlibs\opengl\sdurw_opengl.vcxproj]
D:\10_Source_Repos\21_robot\RobWork\build\acc-wp24-t09-wt\RobWork\RobWork\src\rwlibs\opengl\RenderText.cpp(163,33): warning C4244:             T=double [D:\10_Source_Repos\21_robot\RobWork\build\acc-wp24-t09-bld\RobWork\src\rwlibs\opengl\sdurw_opengl.vcxproj]
D:\10_Source_Repos\21_robot\RobWork\build\acc-wp24-t09-wt\RobWork\RobWork\src\rwlibs\opengl\RenderText.cpp(163,33): warning C4244:         ] [D:\10_Source_Repos\21_robot\RobWork\build\acc-wp24-t09-bld\RobWork\src\rwlibs\opengl\sdurw_opengl.vcxproj]
D:\10_Source_Repos\21_robot\RobWork\build\acc-wp24-t09-wt\RobWork\RobWork\src\rwlibs\opengl\RenderText.cpp(163,25): warning C4244: “参数”: 从“T”转换到“GLfloat”，可能丢失数据 [D:\10_Source_Repos\21_robot\RobWork\build\acc-wp24-t09-bld\RobWork\src\rwlibs\opengl\sdurw_opengl.vcxproj]
D:\10_Source_Repos\21_robot\RobWork\build\acc-wp24-t09-wt\RobWork\RobWork\src\rwlibs\opengl\RenderText.cpp(163,25): warning C4244:         with [D:\10_Source_Repos\21_robot\RobWork\build\acc-wp24-t09-bld\RobWork\src\rwlibs\opengl\sdurw_opengl.vcxproj]
D:\10_Source_Repos\21_robot\RobWork\build\acc-wp24-t09-wt\RobWork\RobWork\src\rwlibs\opengl\RenderText.cpp(163,25): warning C4244:         [ [D:\10_Source_Repos\21_robot\RobWork\build\acc-wp24-t09-bld\RobWork\src\rwlibs\opengl\sdurw_opengl.vcxproj]
D:\10_Source_Repos\21_robot\RobWork\build\acc-wp24-t09-wt\RobWork\RobWork\src\rwlibs\opengl\RenderText.cpp(163,25): warning C4244:             T=double [D:\10_Source_Repos\21_robot\RobWork\build\acc-wp24-t09-bld\RobWork\src\rwlibs\opengl\sdurw_opengl.vcxproj]
D:\10_Source_Repos\21_robot\RobWork\build\acc-wp24-t09-wt\RobWork\RobWork\src\rwlibs\opengl\RenderText.cpp(163,25): warning C4244:         ] [D:\10_Source_Repos\21_robot\RobWork\build\acc-wp24-t09-bld\RobWork\src\rwlibs\opengl\sdurw_opengl.vcxproj]
  #include <rwlibs/os/glext_win32.hpp> is deprecated, use #include <rwlibs/opengl/glext_win32.hpp> instead
  Auto build dll exports
    正在创建库 D:/10_Source_Repos/21_robot/RobWork/build/acc-wp24-t09-bld/RobWork/libs/Release/sdurw_opengl.lib 和对象 D:/10_Source_Repos/21_robot/RobWork/build/acc-wp24-t09-bld/RobWork/libs/Release/sdurw_opengl.exp
  sdurw_opengl.vcxproj -> D:\10_Source_Repos\21_robot\RobWork\build\acc-wp24-t09-bld\RobWork\bin\Release\sdurw_opengl.dll
  yaobi.vcxproj -> D:\10_Source_Repos\21_robot\RobWork\build\acc-wp24-t09-bld\RobWork\libs\Release\yaobi.lib
  ProximityStrategyFactory.cpp
  Auto build dll exports
    正在创建库 D:/10_Source_Repos/21_robot/RobWork/build/acc-wp24-t09-bld/RobWork/libs/Release/sdurw_proximitystrategies.lib 和对象 D:/10_Source_Repos/21_robot/RobWork/build/acc-wp24-t09-bld/RobWork/libs/Release/sdurw_proximitystrategies.exp
  sdurw_proximitystrategies.vcxproj -> D:\10_Source_Repos\21_robot\RobWork\build\acc-wp24-t09-bld\RobWork\bin\Release\sdurw_proximitystrategies.dll
  Auto build dll exports
  sdurw_simulation.vcxproj -> D:\10_Source_Repos\21_robot\RobWork\build\acc-wp24-t09-bld\RobWork\bin\Release\sdurw_simulation.dll
  TaskLoader.cpp
  TaskSaver.cpp
  Auto build dll exports
    正在创建库 D:/10_Source_Repos/21_robot/RobWork/build/acc-wp24-t09-bld/RobWork/libs/Release/sdurw_task.lib 和对象 D:/10_Source_Repos/21_robot/RobWork/build/acc-wp24-t09-bld/RobWork/libs/Release/sdurw_task.exp
  sdurw_task.vcxproj -> D:\10_Source_Repos\21_robot\RobWork\build\acc-wp24-t09-bld\RobWork\bin\Release\sdurw_task.dll
  Automatic MOC for target sdurws
  mocs_compilation_Release.cpp
  AboutBox.cpp
  HelpAssistant.cpp
  RobWorkStudio.cpp
  RobWorkStudioPlugin.cpp
  PyPlugin.cpp
  PythonRunner.cpp
D:\10_Source_Repos\21_robot\RobWork\build\acc-wp24-t09-wt\RobWork\RobWorkStudio\src\rws\pythonpluginloader\PythonRunner.cpp(105,9): warning C4996: 'Py_SetProgramName': deprecated in 3.11 [D:\10_Source_Repos\21_robot\RobWork\build\acc-wp24-t09-bld\RobWorkStudio\src\rws\sdurws.vcxproj]
D:\10_Source_Repos\21_robot\RobWork\build\acc-wp24-t09-wt\RobWork\RobWorkStudio\src\rws\RobWorkStudio.cpp(484,22): warning C4267: “=”: 从“size_t”转换到“int”，可能丢失数据 [D:\10_Source_Repos\21_robot\RobWork\build\acc-wp24-t09-bld\RobWorkStudio\src\rws\sdurws.vcxproj]
  sdurws.vcxproj -> D:\10_Source_Repos\21_robot\RobWork\build\acc-wp24-t09-bld\RobWorkStudio\libs\Release\sdurws.lib
  Auto build dll exports
  sdurw_invkin.vcxproj -> D:\10_Source_Repos\21_robot\RobWork\build\acc-wp24-t09-bld\RobWork\bin\Release\sdurw_invkin.dll
  Auto build dll exports
  sdurw_algorithms.vcxproj -> D:\10_Source_Repos\21_robot\RobWork\build\acc-wp24-t09-bld\RobWork\bin\Release\sdurw_algorithms.dll
  Auto build dll exports
  sdurw_graspplanning.vcxproj -> D:\10_Source_Repos\21_robot\RobWork\build\acc-wp24-t09-bld\RobWork\bin\Release\sdurw_graspplanning.dll
  Auto build dll exports
  sdurw_pathplanning.vcxproj -> D:\10_Source_Repos\21_robot\RobWork\build\acc-wp24-t09-bld\RobWork\bin\Release\sdurw_pathplanning.dll
  Auto build dll exports
  sdurw_plugin.vcxproj -> D:\10_Source_Repos\21_robot\RobWork\build\acc-wp24-t09-bld\RobWork\bin\Release\sdurw_plugin.dll
  Auto build dll exports
  sdurw_assembly.vcxproj -> D:\10_Source_Repos\21_robot\RobWork\build\acc-wp24-t09-bld\RobWork\bin\Release\sdurw_assembly.dll
  Auto build dll exports
  sdurw_pathplanners.vcxproj -> D:\10_Source_Repos\21_robot\RobWork\build\acc-wp24-t09-bld\RobWork\bin\Release\sdurw_pathplanners.dll
  Automatic MOC and UIC for target sdurwsim
  ContactDetector.cpp
  Auto build dll exports
    正在创建库 D:/10_Source_Repos/21_robot/RobWork/build/acc-wp24-t09-bld/RobWorkSim/libs/Release/sdurwsim.lib 和对象 D:/10_Source_Repos/21_robot/RobWork/build/acc-wp24-t09-bld/RobWorkSim/libs/Release/sdurwsim.exp
  sdurwsim.vcxproj -> D:\10_Source_Repos\21_robot\RobWork\build\acc-wp24-t09-bld\RobWorkSim\bin\Release\sdurwsim.dll
  Automatic MOC and UIC for target RWSimulatorPlugin
  RWSimulatorPlugin.cpp
  mocs_compilation_Release.cpp
D:\10_Source_Repos\21_robot\RobWork\build\acc-wp24-t09-wt\RobWork\RobWork\src\rw\math\Math.hpp(223,42): warning C4003: 类函数宏的调用“min”参数不足 [D:\10_Source_Repos\21_robot\RobWork\build\acc-wp24-t09-bld\RobWorkSim\src\rwsimlibs\plugins\RWSimulatorPlugin.vcxproj]
  (编译源文件“../../../../../acc-wp24-t09-wt/RobWork/RobWorkSim/src/rwsimlibs/plugins/RWSimulatorPlugin.cpp”)
  
D:\10_Source_Repos\21_robot\RobWork\build\acc-wp24-t09-wt\RobWork\RobWork\src\rw\math\Math.hpp(223,51): warning C4003: 类函数宏的调用“max”参数不足 [D:\10_Source_Repos\21_robot\RobWork\build\acc-wp24-t09-bld\RobWorkSim\src\rwsimlibs\plugins\RWSimulatorPlugin.vcxproj]
  (编译源文件“../../../../../acc-wp24-t09-wt/RobWork/RobWorkSim/src/rwsimlibs/plugins/RWSimulatorPlugin.cpp”)
  
D:\10_Source_Repos\21_robot\RobWork\build\acc-wp24-t09-wt\RobWork\RobWork\src\rw\math\Math.hpp(430,23): warning C4003: 类函数宏的调用“min”参数不足 [D:\10_Source_Repos\21_robot\RobWork\build\acc-wp24-t09-bld\RobWorkSim\src\rwsimlibs\plugins\RWSimulatorPlugin.vcxproj]
  (编译源文件“../../../../../acc-wp24-t09-wt/RobWork/RobWorkSim/src/rwsimlibs/plugins/RWSimulatorPlugin.cpp”)
  
D:\10_Source_Repos\21_robot\RobWork\build\acc-wp24-t09-wt\RobWork\RobWork\src\rw\math\Math.hpp(430,23): error C2059: 语法错误:“const” [D:\10_Source_Repos\21_robot\RobWork\build\acc-wp24-t09-bld\RobWorkSim\src\rwsimlibs\plugins\RWSimulatorPlugin.vcxproj]
  (编译源文件“../../../../../acc-wp24-t09-wt/RobWork/RobWorkSim/src/rwsimlibs/plugins/RWSimulatorPlugin.cpp”)
  
D:\10_Source_Repos\21_robot\RobWork\build\acc-wp24-t09-wt\RobWork\RobWork\src\rw\math\Math.hpp(430,23): error C2334: “:”的前面有意外标记；跳过明显的函数体 [D:\10_Source_Repos\21_robot\RobWork\build\acc-wp24-t09-bld\RobWorkSim\src\rwsimlibs\plugins\RWSimulatorPlugin.vcxproj]
  (编译源文件“../../../../../acc-wp24-t09-wt/RobWork/RobWorkSim/src/rwsimlibs/plugins/RWSimulatorPlugin.cpp”)
  
D:\10_Source_Repos\21_robot\RobWork\build\acc-wp24-t09-wt\RobWork\RobWork\src\rw\math\Math.hpp(444,23): warning C4003: 类函数宏的调用“max”参数不足 [D:\10_Source_Repos\21_robot\RobWork\build\acc-wp24-t09-bld\RobWorkSim\src\rwsimlibs\plugins\RWSimulatorPlugin.vcxproj]
  (编译源文件“../../../../../acc-wp24-t09-wt/RobWork/RobWorkSim/src/rwsimlibs/plugins/RWSimulatorPlugin.cpp”)
  
D:\10_Source_Repos\21_robot\RobWork\build\acc-wp24-t09-wt\RobWork\RobWork\src\rw\math\Math.hpp(507,38): warning C4003: 类函数宏的调用“min”参数不足 [D:\10_Source_Repos\21_robot\RobWork\build\acc-wp24-t09-bld\RobWorkSim\src\rwsimlibs\plugins\RWSimulatorPlugin.vcxproj]
  (编译源文件“../../../../../acc-wp24-t09-wt/RobWork/RobWorkSim/src/rwsimlibs/plugins/RWSimulatorPlugin.cpp”)
  
D:\10_Source_Repos\21_robot\RobWork\build\acc-wp24-t09-wt\RobWork\RobWork\src\rw\math\Math.hpp(522,38): warning C4003: 类函数宏的调用“max”参数不足 [D:\10_Source_Repos\21_robot\RobWork\build\acc-wp24-t09-bld\RobWorkSim\src\rwsimlibs\plugins\RWSimulatorPlugin.vcxproj]
  (编译源文件“../../../../../acc-wp24-t09-wt/RobWork/RobWorkSim/src/rwsimlibs/plugins/RWSimulatorPlugin.cpp”)
  
D:\10_Source_Repos\21_robot\RobWork\build\acc-wp24-t09-wt\RobWork\RobWork\src\rw\math\Math.hpp(692,6): error C2143: 语法错误: 缺少“)”(在“;”的前面) [D:\10_Source_Repos\21_robot\RobWork\build\acc-wp24-t09-bld\RobWorkSim\src\rwsimlibs\plugins\RWSimulatorPlugin.vcxproj]
  (编译源文件“../../../../../acc-wp24-t09-wt/RobWork/RobWorkSim/src/rwsimlibs/plugins/RWSimulatorPlugin.cpp”)
  
D:\10_Source_Repos\21_robot\RobWork\build\acc-wp24-t09-wt\RobWork\RobWork\src\rw\math\Math.hpp(692,6): error C2059: 语法错误:“)” [D:\10_Source_Repos\21_robot\RobWork\build\acc-wp24-t09-bld\RobWorkSim\src\rwsimlibs\plugins\RWSimulatorPlugin.vcxproj]
  (编译源文件“../../../../../acc-wp24-t09-wt/RobWork/RobWorkSim/src/rwsimlibs/plugins/RWSimulatorPlugin.cpp”)
  
D:\10_Source_Repos\21_robot\RobWork\build\acc-wp24-t09-wt\RobWork\RobWork\src\rw\math\Math.hpp(692,6): error C2238: 意外的标记位于“;”之前 [D:\10_Source_Repos\21_robot\RobWork\build\acc-wp24-t09-bld\RobWorkSim\src\rwsimlibs\plugins\RWSimulatorPlugin.vcxproj]
  (编译源文件“../../../../../acc-wp24-t09-wt/RobWork/RobWorkSim/src/rwsimlibs/plugins/RWSimulatorPlugin.cpp”)
  
D:\10_Source_Repos\21_robot\RobWork\build\acc-wp24-t09-wt\RobWork\RobWork\src\rw\math\Math.hpp(695,2): error C2059: 语法错误:“}” [D:\10_Source_Repos\21_robot\RobWork\build\acc-wp24-t09-bld\RobWorkSim\src\rwsimlibs\plugins\RWSimulatorPlugin.vcxproj]
  (编译源文件“../../../../../acc-wp24-t09-wt/RobWork/RobWorkSim/src/rwsimlibs/plugins/RWSimulatorPlugin.cpp”)
  
D:\10_Source_Repos\21_robot\RobWork\build\acc-wp24-t09-wt\RobWork\RobWork\src\rw\math\Math.hpp(695,2): error C2143: 语法错误: 缺少“;”(在“}”的前面) [D:\10_Source_Repos\21_robot\RobWork\build\acc-wp24-t09-bld\RobWorkSim\src\rwsimlibs\plugins\RWSimulatorPlugin.vcxproj]
  (编译源文件“../../../../../acc-wp24-t09-wt/RobWork/RobWorkSim/src/rwsimlibs/plugins/RWSimulatorPlugin.cpp”)
  
D:\10_Source_Repos\21_robot\RobWork\build\acc-wp24-t09-wt\RobWork\RobWork\src\rw\math\Math.hpp(223,42): error C2059: 语法错误:“)” [D:\10_Source_Repos\21_robot\RobWork\build\acc-wp24-t09-bld\RobWorkSim\src\rwsimlibs\plugins\RWSimulatorPlugin.vcxproj]
  (编译源文件“../../../../../acc-wp24-t09-wt/RobWork/RobWorkSim/src/rwsimlibs/plugins/RWSimulatorPlugin.cpp”)
  
D:\10_Source_Repos\21_robot\RobWork\build\acc-wp24-t09-wt\RobWork\RobWork\src\rw\math\VelocityScrew6D.hpp(130,51): error C2039: "Transform3D": 不是 "rw::rw::math" 的成员 [D:\10_Source_Repos\21_robot\RobWork\build\acc-wp24-t09-bld\RobWorkSim\src\rwsimlibs\plugins\RWSimulatorPlugin.vcxproj]
  (编译源文件“../../../../../acc-wp24-t09-wt/RobWork/RobWorkSim/src/rwsimlibs/plugins/RWSimulatorPlugin.cpp”)
      D:\10_Source_Repos\21_robot\RobWork\build\acc-wp24-t09-wt\RobWork\RobWork\src\rw\math\VelocityScrew6D.hpp(36,26):
      参见“rw::rw::math”的声明
      D:\10_Source_Repos\21_robot\RobWork\build\acc-wp24-t09-wt\RobWork\RobWork\src\rw\math\VelocityScrew6D.hpp(130,51):
      模板实例化上下文(最早的实例化上下文)为
          D:\10_Source_Repos\21_robot\RobWork\build\acc-wp24-t09-wt\RobWork\RobWork\src\rw\math\VelocityScrew6D.hpp(62,40):
          在编译类模板“rw::rw::math::VelocityScrew6D”时
  
D:\10_Source_Repos\21_robot\RobWork\build\acc-wp24-t09-wt\RobWork\RobWork\src\rw\math\VelocityScrew6D.hpp(130,35): error C4430: 缺少类型说明符 - 假定为 int。注意: C++ 不支持默认 int [D:\10_Source_Repos\21_robot\RobWork\build\acc-wp24-t09-bld\RobWorkSim\src\rwsimlibs\plugins\RWSimulatorPlugin.vcxproj]
  (编译源文件“../../../../../acc-wp24-t09-wt/RobWork/RobWorkSim/src/rwsimlibs/plugins/RWSimulatorPlugin.cpp”)
  
D:\10_Source_Repos\21_robot\RobWork\build\acc-wp24-t09-wt\RobWork\RobWork\src\rw\math\VelocityScrew6D.hpp(130,62): error C2143: 语法错误: 缺少“,”(在“<”的前面) [D:\10_Source_Repos\21_robot\RobWork\build\acc-wp24-t09-bld\RobWorkSim\src\rwsimlibs\plugins\RWSimulatorPlugin.vcxproj]
  (编译源文件“../../../../../acc-wp24-t09-wt/RobWork/RobWorkSim/src/rwsimlibs/plugins/RWSimulatorPlugin.cpp”)
  
D:\10_Source_Repos\21_robot\RobWork\build\acc-wp24-t09-wt\RobWork\RobWork\src\rw\math\VelocityScrew6D.hpp(138,26): error C4430: 缺少类型说明符 - 假定为 int。注意: C++ 不支持默认 int [D:\10_Source_Repos\21_robot\RobWork\build\acc-wp24-t09-bld\RobWorkSim\src\rwsimlibs\plugins\RWSimulatorPlugin.vcxproj]
  (编译源文件“../../../../../acc-wp24-t09-wt/RobWork/RobWorkSim/src/rwsimlibs/plugins/RWSimulatorPlugin.cpp”)
  
D:\10_Source_Repos\21_robot\RobWork\build\acc-wp24-t09-wt\RobWork\RobWork\src\rw\math\VelocityScrew6D.hpp(138,40): error C2143: 语法错误: 缺少“,”(在“<”的前面) [D:\10_Source_Repos\21_robot\RobWork\build\acc-wp24-t09-bld\RobWorkSim\src\rwsimlibs\plugins\RWSimulatorPlugin.vcxproj]
  (编译源文件“../../../../../acc-wp24-t09-wt/RobWork/RobWorkSim/src/rwsimlibs/plugins/RWSimulatorPlugin.cpp”)
  
D:\10_Source_Repos\21_robot\RobWork\build\acc-wp24-t09-wt\RobWork\RobWork\src\rw\math\VelocityScrew6D.hpp(138,9): error C2535: “rw::rw::math::VelocityScrew6D<T>::VelocityScrew6D(const int)”: 已经定义或声明成员函数 [D:\10_Source_Repos\21_robot\RobWork\build\acc-wp24-t09-bld\RobWorkSim\src\rwsimlibs\plugins\RWSimulatorPlugin.vcxproj]
  (编译源文件“../../../../../acc-wp24-t09-wt/RobWork/RobWorkSim/src/rwsimlibs/plugins/RWSimulatorPlugin.cpp”)
      D:\10_Source_Repos\21_robot\RobWork\build\acc-wp24-t09-wt\RobWork\RobWork\src\rw\math\VelocityScrew6D.hpp(130,9):
      参见“rw::rw::math::VelocityScrew6D<T>::VelocityScrew6D”的声明
  
D:\10_Source_Repos\21_robot\RobWork\build\acc-wp24-t09-wt\RobWork\RobWork\src\rw\math\VelocityScrew6D.hpp(145,9): error C4430: 缺少类型说明符 - 假定为 int。注意: C++ 不支持默认 int [D:\10_Source_Repos\21_robot\RobWork\build\acc-wp24-t09-bld\RobWorkSim\src\rwsimlibs\plugins\RWSimulatorPlugin.vcxproj]
  (编译源文件“../../../../../acc-wp24-t09-wt/RobWork/RobWorkSim/src/rwsimlibs/plugins/RWSimulatorPlugin.cpp”)
  
D:\10_Source_Repos\21_robot\RobWork\build\acc-wp24-t09-wt\RobWork\RobWork\src\rw\math\VelocityScrew6D.hpp(145,23): error C2143: 语法错误: 缺少“;”(在“<”的前面) [D:\10_Source_Repos\21_robot\RobWork\build\acc-wp24-t09-bld\RobWorkSim\src\rwsimlibs\plugins\RWSimulatorPlugin.vcxproj]
  (编译源文件“../../../../../acc-wp24-t09-wt/RobWork/RobWorkSim/src/rwsimlibs/plugins/RWSimulatorPlugin.cpp”)
  
D:\10_Source_Repos\21_robot\RobWork\build\acc-wp24-t09-wt\RobWork\RobWork\src\rw\math\VelocityScrew6D.hpp(146,9): error C2334: “{”的前面有意外标记；跳过明显的函数体 [D:\10_Source_Repos\21_robot\RobWork\build\acc-wp24-t09-bld\RobWorkSim\src\rwsimlibs\plugins\RWSimulatorPlugin.vcxproj]
  (编译源文件“../../../../../acc-wp24-t09-wt/RobWork/RobWorkSim/src/rwsimlibs/plugins/RWSimulatorPlugin.cpp”)
  
D:\10_Source_Repos\21_robot\RobWork\build\acc-wp24-t09-wt\RobWork\RobWork\src\rw\math\VelocityScrew6D.hpp(156,9): error C4430: 缺少类型说明符 - 假定为 int。注意: C++ 不支持默认 int [D:\10_Source_Repos\21_robot\RobWork\build\acc-wp24-t09-bld\RobWorkSim\src\rwsimlibs\plugins\RWSimulatorPlugin.vcxproj]
  (编译源文件“../../../../../acc-wp24-t09-wt/RobWork/RobWorkSim/src/rwsimlibs/plugins/RWSimulatorPlugin.cpp”)
  
D:\10_Source_Repos\21_robot\RobWork\build\acc-wp24-t09-wt\RobWork\RobWork\src\rw\math\VelocityScrew6D.hpp(156,18): error C2143: 语法错误: 缺少“;”(在“<”的前面) [D:\10_Source_Repos\21_robot\RobWork\build\acc-wp24-t09-bld\RobWorkSim\src\rwsimlibs\plugins\RWSimulatorPlugin.vcxproj]
  (编译源文件“../../../../../acc-wp24-t09-wt/RobWork/RobWorkSim/src/rwsimlibs/plugins/RWSimulatorPlugin.cpp”)
  
D:\10_Source_Repos\21_robot\RobWork\build\acc-wp24-t09-wt\RobWork\RobWork\src\rw\math\VelocityScrew6D.hpp(156,41): error C2334: “{”的前面有意外标记；跳过明显的函数体 [D:\10_Source_Repos\21_robot\RobWork\build\acc-wp24-t09-bld\RobWorkSim\src\rwsimlibs\plugins\RWSimulatorPlugin.vcxproj]
  (编译源文件“../../../../../acc-wp24-t09-wt/RobWork/RobWorkSim/src/rwsimlibs/plugins/RWSimulatorPlugin.cpp”)
  
D:\10_Source_Repos\21_robot\RobWork\build\acc-wp24-t09-wt\RobWork\RobWork\src\rw\math\VelocityScrew6D.hpp(373,70): error C2039: "Transform3D": 不是 "rw::rw::math" 的成员 [D:\10_Source_Repos\21_robot\RobWork\build\acc-wp24-t09-bld\RobWorkSim\src\rwsimlibs\plugins\RWSimulatorPlugin.vcxproj]
  (编译源文件“../../../../../acc-wp24-t09-wt/RobWork/RobWorkSim/src/rwsimlibs/plugins/RWSimulatorPlugin.cpp”)
      D:\10_Source_Repos\21_robot\RobWork\build\acc-wp24-t09-wt\RobWork\RobWork\src\rw\math\VelocityScrew6D.hpp(36,26):
      参见“rw::rw::math”的声明
  
D:\10_Source_Repos\21_robot\RobWork\build\acc-wp24-t09-wt\RobWork\RobWork\src\rw\math\VelocityScrew6D.hpp(373,54): error C4430: 缺少类型说明符 - 假定为 int。注意: C++ 不支持默认 int [D:\10_Source_Repos\21_robot\RobWork\build\acc-wp24-t09-bld\RobWorkSim\src\rwsimlibs\plugins\RWSimulatorPlugin.vcxproj]
  (编译源文件“../../../../../acc-wp24-t09-wt/RobWork/RobWorkSim/src/rwsimlibs/plugins/RWSimulatorPlugin.cpp”)
  
D:\10_Source_Repos\21_robot\RobWork\build\acc-wp24-t09-wt\RobWork\RobWork\src\rw\math\VelocityScrew6D.hpp(373,81): error C2143: 语法错误: 缺少“,”(在“<”的前面) [D:\10_Source_Repos\21_robot\RobWork\build\acc-wp24-t09-bld\RobWorkSim\src\rwsimlibs\plugins\RWSimulatorPlugin.vcxproj]
  (编译源文件“../../../../../acc-wp24-t09-wt/RobWork/RobWorkSim/src/rwsimlibs/plugins/RWSimulatorPlugin.cpp”)
  
D:\10_Source_Repos\21_robot\RobWork\build\acc-wp24-t09-wt\RobWork\RobWork\src\rw\math\VelocityScrew6D.hpp(373,43): error C2803: “operator *”必须至少有一个类类型的形参 [D:\10_Source_Repos\21_robot\RobWork\build\acc-wp24-t09-bld\RobWorkSim\src\rwsimlibs\plugins\RWSimulatorPlugin.vcxproj]
  (编译源文件“../../../../../acc-wp24-t09-wt/RobWork/RobWorkSim/src/rwsimlibs/plugins/RWSimulatorPlugin.cpp”)
  
D:\10_Source_Repos\21_robot\RobWork\build\acc-wp24-t09-wt\RobWork\RobWork\src\rw\math\VelocityScrew6D.hpp(376,19): error C2327: “rw::rw::math::VelocityScrew6D<T>::Vector3D”: 不是类型名称、静态或枚举数 [D:\10_Source_Repos\21_robot\RobWork\build\acc-wp24-t09-bld\RobWorkSim\src\rwsimlibs\plugins\RWSimulatorPlugin.vcxproj]
  (编译源文件“../../../../../acc-wp24-t09-wt/RobWork/RobWorkSim/src/rwsimlibs/plugins/RWSimulatorPlugin.cpp”)
      D:\10_Source_Repos\21_robot\RobWork\build\acc-wp24-t09-wt\RobWork\RobWork\src\rw\math\VelocityScrew6D.hpp(376,19):
      参见“rw::rw::math::VelocityScrew6D<T>::Vector3D”的声明
  
D:\10_Source_Repos\21_robot\RobWork\build\acc-wp24-t09-wt\RobWork\RobWork\src\rw\math\VelocityScrew6D.hpp(376,13): error C4430: 缺少类型说明符 - 假定为 int。注意: C++ 不支持默认 int [D:\10_Source_Repos\21_robot\RobWork\build\acc-wp24-t09-bld\RobWorkSim\src\rwsimlibs\plugins\RWSimulatorPlugin.vcxproj]
  (编译源文件“../../../../../acc-wp24-t09-wt/RobWork/RobWorkSim/src/rwsimlibs/plugins/RWSimulatorPlugin.cpp”)
  
D:\10_Source_Repos\21_robot\RobWork\build\acc-wp24-t09-wt\RobWork\RobWork\src\rw\math\VelocityScrew6D.hpp(376,27): error C2143: 语法错误: 缺少“;”(在“<”的前面) [D:\10_Source_Repos\21_robot\RobWork\build\acc-wp24-t09-bld\RobWorkSim\src\rwsimlibs\plugins\RWSimulatorPlugin.vcxproj]
  (编译源文件“../../../../../acc-wp24-t09-wt/RobWork/RobWorkSim/src/rwsimlibs/plugins/RWSimulatorPlugin.cpp”)
  
D:\10_Source_Repos\21_robot\RobWork\build\acc-wp24-t09-wt\RobWork\RobWork\src\rw\math\VelocityScrew6D.hpp(376,19): error C2086: “const int rw::rw::math::VelocityScrew6D<T>::Vector3D”: 重定义 [D:\10_Source_Repos\21_robot\RobWork\build\acc-wp24-t09-bld\RobWorkSim\src\rwsimlibs\plugins\RWSimulatorPlugin.vcxproj]
  (编译源文件“../../../../../acc-wp24-t09-wt/RobWork/RobWorkSim/src/rwsimlibs/plugins/RWSimulatorPlugin.cpp”)
  
D:\10_Source_Repos\21_robot\RobWork\build\acc-wp24-t09-wt\RobWork\RobWork\src\rw\math\VelocityScrew6D.hpp(376,51): error C2238: 意外的标记位于“;”之前 [D:\10_Source_Repos\21_robot\RobWork\build\acc-wp24-t09-bld\RobWorkSim\src\rwsimlibs\plugins\RWSimulatorPlugin.vcxproj]
  (编译源文件“../../../../../acc-wp24-t09-wt/RobWork/RobWorkSim/src/rwsimlibs/plugins/RWSimulatorPlugin.cpp”)
  
D:\10_Source_Repos\21_robot\RobWork\build\acc-wp24-t09-wt\RobWork\RobWork\src\rw\math\VelocityScrew6D.hpp(377,19): error C2327: “rw::rw::math::VelocityScrew6D<T>::EAA”: 不是类型名称、静态或枚举数 [D:\10_Source_Repos\21_robot\RobWork\build\acc-wp24-t09-bld\RobWorkSim\src\rwsimlibs\plugins\RWSimulatorPlugin.vcxproj]
  (编译源文件“../../../../../acc-wp24-t09-wt/RobWork/RobWorkSim/src/rwsimlibs/plugins/RWSimulatorPlugin.cpp”)
      D:\10_Source_Repos\21_robot\RobWork\build\acc-wp24-t09-wt\RobWork\RobWork\src\rw\math\VelocityScrew6D.hpp(377,19):
      参见“rw::rw::math::VelocityScrew6D<T>::EAA”的声明
  
D:\10_Source_Repos\21_robot\RobWork\build\acc-wp24-t09-wt\RobWork\RobWork\src\rw\math\VelocityScrew6D.hpp(377,13): error C4430: 缺少类型说明符 - 假定为 int。注意: C++ 不支持默认 int [D:\10_Source_Repos\21_robot\RobWork\build\acc-wp24-t09-bld\RobWorkSim\src\rwsimlibs\plugins\RWSimulatorPlugin.vcxproj]
  (编译源文件“../../../../../acc-wp24-t09-wt/RobWork/RobWorkSim/src/rwsimlibs/plugins/RWSimulatorPlugin.cpp”)
  
D:\10_Source_Repos\21_robot\RobWork\build\acc-wp24-t09-wt\RobWork\RobWork\src\rw\math\VelocityScrew6D.hpp(377,22): error C2143: 语法错误: 缺少“;”(在“<”的前面) [D:\10_Source_Repos\21_robot\RobWork\build\acc-wp24-t09-bld\RobWorkSim\src\rwsimlibs\plugins\RWSimulatorPlugin.vcxproj]
  (编译源文件“../../../../../acc-wp24-t09-wt/RobWork/RobWorkSim/src/rwsimlibs/plugins/RWSimulatorPlugin.cpp”)
  
D:\10_Source_Repos\21_robot\RobWork\build\acc-wp24-t09-wt\RobWork\RobWork\src\rw\math\VelocityScrew6D.hpp(377,19): error C2086: “const int rw::rw::math::VelocityScrew6D<T>::EAA”: 重定义 [D:\10_Source_Repos\21_robot\RobWork\build\acc-wp24-t09-bld\RobWorkSim\src\rwsimlibs\plugins\RWSimulatorPlugin.vcxproj]
  (编译源文件“../../../../../acc-wp24-t09-wt/RobWork/RobWorkSim/src/rwsimlibs/plugins/RWSimulatorPlugin.cpp”)
  
D:\10_Source_Repos\21_robot\RobWork\build\acc-wp24-t09-wt\RobWork\RobWork\src\rw\math\VelocityScrew6D.hpp(377,52): error C2238: 意外的标记位于“;”之前 [D:\10_Source_Repos\21_robot\RobWork\build\acc-wp24-t09-bld\RobWorkSim\src\rwsimlibs\plugins\RWSimulatorPlugin.vcxproj]
  (编译源文件“../../../../../acc-wp24-t09-wt/RobWork/RobWorkSim/src/rwsimlibs/plugins/RWSimulatorPlugin.cpp”)
  
D:\10_Source_Repos\21_robot\RobWork\build\acc-wp24-t09-wt\RobWork\RobWork\src\rw\math\VelocityScrew6D.hpp(378,19): error C2327: “rw::rw::math::VelocityScrew6D<T>::EAA”: 不是类型名称、静态或枚举数 [D:\10_Source_Repos\21_robot\RobWork\build\acc-wp24-t09-bld\RobWorkSim\src\rwsimlibs\plugins\RWSimulatorPlugin.vcxproj]
  (编译源文件“../../../../../acc-wp24-t09-wt/RobWork/RobWorkSim/src/rwsimlibs/plugins/RWSimulatorPlugin.cpp”)
      D:\10_Source_Repos\21_robot\RobWork\build\acc-wp24-t09-wt\RobWork\RobWork\src\rw\math\VelocityScrew6D.hpp(378,19):
      参见“rw::rw::math::VelocityScrew6D<T>::EAA”的声明
  
D:\10_Source_Repos\21_robot\RobWork\build\acc-wp24-t09-wt\RobWork\RobWork\src\rw\math\VelocityScrew6D.hpp(378,13): error C4430: 缺少类型说明符 - 假定为 int。注意: C++ 不支持默认 int [D:\10_Source_Repos\21_robot\RobWork\build\acc-wp24-t09-bld\RobWorkSim\src\rwsimlibs\plugins\RWSimulatorPlugin.vcxproj]
  (编译源文件“../../../../../acc-wp24-t09-wt/RobWork/RobWorkSim/src/rwsimlibs/plugins/RWSimulatorPlugin.cpp”)
  
D:\10_Source_Repos\21_robot\RobWork\build\acc-wp24-t09-wt\RobWork\RobWork\src\rw\math\VelocityScrew6D.hpp(378,22): error C2143: 语法错误: 缺少“;”(在“<”的前面) [D:\10_Source_Repos\21_robot\RobWork\build\acc-wp24-t09-bld\RobWorkSim\src\rwsimlibs\plugins\RWSimulatorPlugin.vcxproj]
  (编译源文件“../../../../../acc-wp24-t09-wt/RobWork/RobWorkSim/src/rwsimlibs/plugins/RWSimulatorPlugin.cpp”)
  
D:\10_Source_Repos\21_robot\RobWork\build\acc-wp24-t09-wt\RobWork\RobWork\src\rw\math\VelocityScrew6D.hpp(378,19): error C2086: “const int rw::rw::math::VelocityScrew6D<T>::EAA”: 重定义 [D:\10_Source_Repos\21_robot\RobWork\build\acc-wp24-t09-bld\RobWorkSim\src\rwsimlibs\plugins\RWSimulatorPlugin.vcxproj]
  (编译源文件“../../../../../acc-wp24-t09-wt/RobWork/RobWorkSim/src/rwsimlibs/plugins/RWSimulatorPlugin.cpp”)
  
D:\10_Source_Repos\21_robot\RobWork\build\acc-wp24-t09-wt\RobWork\RobWork\src\rw\math\VelocityScrew6D.hpp(378,52): error C2238: 意外的标记位于“;”之前 [D:\10_Source_Repos\21_robot\RobWork\build\acc-wp24-t09-bld\RobWorkSim\src\rwsimlibs\plugins\RWSimulatorPlugin.vcxproj]
  (编译源文件“../../../../../acc-wp24-t09-wt/RobWork/RobWorkSim/src/rwsimlibs/plugins/RWSimulatorPlugin.cpp”)
  
D:\10_Source_Repos\21_robot\RobWork\build\acc-wp24-t09-wt\RobWork\RobWork\src\rw\math\VelocityScrew6D.hpp(379,19): error C2327: “rw::rw::math::VelocityScrew6D<T>::Vector3D”: 不是类型名称、静态或枚举数 [D:\10_Source_Repos\21_robot\RobWork\build\acc-wp24-t09-bld\RobWorkSim\src\rwsimlibs\plugins\RWSimulatorPlugin.vcxproj]
  (编译源文件“../../../../../acc-wp24-t09-wt/RobWork/RobWorkSim/src/rwsimlibs/plugins/RWSimulatorPlugin.cpp”)
      D:\10_Source_Repos\21_robot\RobWork\build\acc-wp24-t09-wt\RobWork\RobWork\src\rw\math\VelocityScrew6D.hpp(379,19):
      参见“rw::rw::math::VelocityScrew6D<T>::Vector3D”的声明
  
D:\10_Source_Repos\21_robot\RobWork\build\acc-wp24-t09-wt\RobWork\RobWork\src\rw\math\VelocityScrew6D.hpp(379,13): error C4430: 缺少类型说明符 - 假定为 int。注意: C++ 不支持默认 int [D:\10_Source_Repos\21_robot\RobWork\build\acc-wp24-t09-bld\RobWorkSim\src\rwsimlibs\plugins\RWSimulatorPlugin.vcxproj]
  (编译源文件“../../../../../acc-wp24-t09-wt/RobWork/RobWorkSim/src/rwsimlibs/plugins/RWSimulatorPlugin.cpp”)
  
D:\10_Source_Repos\21_robot\RobWork\build\acc-wp24-t09-wt\RobWork\RobWork\src\rw\math\VelocityScrew6D.hpp(379,27): error C2143: 语法错误: 缺少“;”(在“<”的前面) [D:\10_Source_Repos\21_robot\RobWork\build\acc-wp24-t09-bld\RobWorkSim\src\rwsimlibs\plugins\RWSimulatorPlugin.vcxproj]
  (编译源文件“../../../../../acc-wp24-t09-wt/RobWork/RobWorkSim/src/rwsimlibs/plugins/RWSimulatorPlugin.cpp”)
  
D:\10_Source_Repos\21_robot\RobWork\build\acc-wp24-t09-wt\RobWork\RobWork\src\rw\math\VelocityScrew6D.hpp(379,19): error C2086: “const int rw::rw::math::VelocityScrew6D<T>::Vector3D”: 重定义 [D:\10_Source_Repos\21_robot\RobWork\build\acc-wp24-t09-bld\RobWorkSim\src\rwsimlibs\plugins\RWSimulatorPlugin.vcxproj]
  (编译源文件“../../../../../acc-wp24-t09-wt/RobWork/RobWorkSim/src/rwsimlibs/plugins/RWSimulatorPlugin.cpp”)
  
D:\10_Source_Repos\21_robot\RobWork\build\acc-wp24-t09-wt\RobWork\RobWork\src\rw\math\VelocityScrew6D.hpp(379,75): error C2238: 意外的标记位于“;”之前 [D:\10_Source_Repos\21_robot\RobWork\build\acc-wp24-t09-bld\RobWorkSim\src\rwsimlibs\plugins\RWSimulatorPlugin.vcxproj]
  (编译源文件“../../../../../acc-wp24-t09-wt/RobWork/RobWorkSim/src/rwsimlibs/plugins/RWSimulatorPlugin.cpp”)
  
D:\10_Source_Repos\21_robot\RobWork\build\acc-wp24-t09-wt\RobWork\RobWork\src\rw\math\VelocityScrew6D.hpp(380,13): error C2059: 语法错误:“return” [D:\10_Source_Repos\21_robot\RobWork\build\acc-wp24-t09-bld\RobWorkSim\src\rwsimlibs\plugins\RWSimulatorPlugin.vcxproj]
  (编译源文件“../../../../../acc-wp24-t09-wt/RobWork/RobWorkSim/src/rwsimlibs/plugins/RWSimulatorPlugin.cpp”)
  
D:\10_Source_Repos\21_robot\RobWork\build\acc-wp24-t09-wt\RobWork\RobWork\src\rw\math\VelocityScrew6D.hpp(380,49): error C2238: 意外的标记位于“;”之前 [D:\10_Source_Repos\21_robot\RobWork\build\acc-wp24-t09-bld\RobWorkSim\src\rwsimlibs\plugins\RWSimulatorPlugin.vcxproj]
  (编译源文件“../../../../../acc-wp24-t09-wt/RobWork/RobWorkSim/src/rwsimlibs/plugins/RWSimulatorPlugin.cpp”)
  
D:\10_Source_Repos\21_robot\RobWork\build\acc-wp24-t09-wt\RobWork\RobWork\src\rw\math\VelocityScrew6D.hpp(87,17): error C3878: 语法错误:“expression”后出现意外标记“RW__message” [D:\10_Source_Repos\21_robot\RobWork\build\acc-wp24-t09-bld\RobWorkSim\src\rwsimlibs\plugins\RWSimulatorPlugin.vcxproj]
  (编译源文件“../../../../../acc-wp24-t09-wt/RobWork/RobWorkSim/src/rwsimlibs/plugins/RWSimulatorPlugin.cpp”)
      D:\10_Source_Repos\21_robot\RobWork\build\acc-wp24-t09-wt\RobWork\RobWork\src\rw\math\VelocityScrew6D.hpp(84,29):
      此诊断出现在编译器生成的函数“rw::rw::math::VelocityScrew6D<T>::VelocityScrew6D(const Eigen::MatrixBase<OtherDerived> &)”中
  
D:\10_Source_Repos\21_robot\RobWork\build\acc-wp24-t09-wt\RobWork\RobWork\src\rw\math\VelocityScrew6D.hpp(87,17): message : 已跳过错误恢复:“标识符 ( 字符串” [D:\10_Source_Repos\21_robot\RobWork\build\acc-wp24-t09-bld\RobWorkSim\src\rwsimlibs\plugins\RWSimulatorPlugin.vcxproj]
  (编译源文件“../../../../../acc-wp24-t09-wt/RobWork/RobWorkSim/src/rwsimlibs/plugins/RWSimulatorPlugin.cpp”)
      D:\10_Source_Repos\21_robot\RobWork\build\acc-wp24-t09-wt\RobWork\RobWork\src\rw\math\VelocityScrew6D.hpp(84,29):
      此诊断出现在编译器生成的函数“rw::rw::math::VelocityScrew6D<T>::VelocityScrew6D(const Eigen::MatrixBase<OtherDerived> &)”中
  
D:\10_Source_Repos\21_robot\RobWork\build\acc-wp24-t09-wt\RobWork\RobWork\src\rw\math\VelocityScrew6D.hpp(87,17): error C2760: 语法错误: 此处出现意外的“,”；应为“;” [D:\10_Source_Repos\21_robot\RobWork\build\acc-wp24-t09-bld\RobWorkSim\src\rwsimlibs\plugins\RWSimulatorPlugin.vcxproj]
  (编译源文件“../../../../../acc-wp24-t09-wt/RobWork/RobWorkSim/src/rwsimlibs/plugins/RWSimulatorPlugin.cpp”)
      D:\10_Source_Repos\21_robot\RobWork\build\acc-wp24-t09-wt\RobWork\RobWork\src\rw\math\VelocityScrew6D.hpp(84,29):
      此诊断出现在编译器生成的函数“rw::rw::math::VelocityScrew6D<T>::VelocityScrew6D(const Eigen::MatrixBase<OtherDerived> &)”中
  
D:\10_Source_Repos\21_robot\RobWork\build\acc-wp24-t09-wt\RobWork\RobWork\src\rw\math\VelocityScrew6D.hpp(87,17): error C3878: 语法错误:“expression-statement”后出现意外标记“,” [D:\10_Source_Repos\21_robot\RobWork\build\acc-wp24-t09-bld\RobWorkSim\src\rwsimlibs\plugins\RWSimulatorPlugin.vcxproj]
  (编译源文件“../../../../../acc-wp24-t09-wt/RobWork/RobWorkSim/src/rwsimlibs/plugins/RWSimulatorPlugin.cpp”)
      D:\10_Source_Repos\21_robot\RobWork\build\acc-wp24-t09-wt\RobWork\RobWork\src\rw\math\VelocityScrew6D.hpp(84,29):
      此诊断出现在编译器生成的函数“rw::rw::math::VelocityScrew6D<T>::VelocityScrew6D(const Eigen::MatrixBase<OtherDerived> &)”中
  
D:\10_Source_Repos\21_robot\RobWork\build\acc-wp24-t09-wt\RobWork\RobWork\src\rw\math\VelocityScrew6D.hpp(87,17): message : 已跳过错误恢复:“,” [D:\10_Source_Repos\21_robot\RobWork\build\acc-wp24-t09-bld\RobWorkSim\src\rwsimlibs\plugins\RWSimulatorPlugin.vcxproj]
  (编译源文件“../../../../../acc-wp24-t09-wt/RobWork/RobWorkSim/src/rwsimlibs/plugins/RWSimulatorPlugin.cpp”)
      D:\10_Source_Repos\21_robot\RobWork\build\acc-wp24-t09-wt\RobWork\RobWork\src\rw\math\VelocityScrew6D.hpp(84,29):
      此诊断出现在编译器生成的函数“rw::rw::math::VelocityScrew6D<T>::VelocityScrew6D(const Eigen::MatrixBase<OtherDerived> &)”中
  
D:\10_Source_Repos\21_robot\RobWork\build\acc-wp24-t09-wt\RobWork\RobWork\src\rw\math\VelocityScrew6D.hpp(87,17): error C7510: “Message”: 类型 从属名称的使用必须以“typename”为前缀 [D:\10_Source_Repos\21_robot\RobWork\build\acc-wp24-t09-bld\RobWorkSim\src\rwsimlibs\plugins\RWSimulatorPlugin.vcxproj]
  (编译源文件“../../../../../acc-wp24-t09-wt/RobWork/RobWorkSim/src/rwsimlibs/plugins/RWSimulatorPlugin.cpp”)
      D:\10_Source_Repos\21_robot\RobWork\build\acc-wp24-t09-wt\RobWork\RobWork\src\rw\math\VelocityScrew6D.hpp(84,29):
      此诊断出现在编译器生成的函数“rw::rw::math::VelocityScrew6D<T>::VelocityScrew6D(const Eigen::MatrixBase<OtherDerived> &)”中
  
D:\10_Source_Repos\21_robot\RobWork\build\acc-wp24-t09-wt\RobWork\RobWork\src\rw\math\VelocityScrew6D.hpp(431,9): error C2255: “friend”: 不允许位于类定义之外 [D:\10_Source_Repos\21_robot\RobWork\build\acc-wp24-t09-bld\RobWorkSim\src\rwsimlibs\plugins\RWSimulatorPlugin.vcxproj]
  (编译源文件“../../../../../acc-wp24-t09-wt/RobWork/RobWorkSim/src/rwsimlibs/plugins/RWSimulatorPlugin.cpp”)
  
D:\10_Source_Repos\21_robot\RobWork\build\acc-wp24-t09-wt\RobWork\RobWork\src\rw\math\VelocityScrew6D.hpp(431,9): error C2143: 语法错误: 缺少“;”(在“<cv-qualifier>”的前面) [D:\10_Source_Repos\21_robot\RobWork\build\acc-wp24-t09-bld\RobWorkSim\src\rwsimlibs\plugins\RWSimulatorPlugin.vcxproj]
  (编译源文件“../../../../../acc-wp24-t09-wt/RobWork/RobWorkSim/src/rwsimlibs/plugins/RWSimulatorPlugin.cpp”)
  
D:\10_Source_Repos\21_robot\RobWork\build\acc-wp24-t09-wt\RobWork\RobWork\src\rw\math\VelocityScrew6D.hpp(138,9): error C2535: “rw::rw::math::VelocityScrew6D<double>::VelocityScrew6D(const int)”: 已经定义或声明成员函数 [D:\10_Source_Repos\21_robot\RobWork\build\acc-wp24-t09-bld\RobWorkSim\src\rwsimlibs\plugins\RWSimulatorPlugin.vcxproj]
  (编译源文件“../../../../../acc-wp24-t09-wt/RobWork/RobWorkSim/src/rwsimlibs/plugins/RWSimulatorPlugin.cpp”)
      D:\10_Source_Repos\21_robot\RobWork\build\acc-wp24-t09-wt\RobWork\RobWork\src\rw\math\VelocityScrew6D.hpp(130,9):
      参见“rw::rw::math::VelocityScrew6D<double>::VelocityScrew6D”的声明
  
D:\10_Source_Repos\21_robot\RobWork\build\acc-wp24-t09-wt\RobWork\RobWork\src\rw\math\VelocityScrew6D.hpp(376,19): error C2327: “rw::rw::math::VelocityScrew6D<double>::Vector3D”: 不是类型名称、静态或枚举数 [D:\10_Source_Repos\21_robot\RobWork\build\acc-wp24-t09-bld\RobWorkSim\src\rwsimlibs\plugins\RWSimulatorPlugin.vcxproj]
  (编译源文件“../../../../../acc-wp24-t09-wt/RobWork/RobWorkSim/src/rwsimlibs/plugins/RWSimulatorPlugin.cpp”)
      D:\10_Source_Repos\21_robot\RobWork\build\acc-wp24-t09-wt\RobWork\RobWork\src\rw\math\VelocityScrew6D.hpp(376,19):
      参见“rw::rw::math::VelocityScrew6D<double>::Vector3D”的声明
  
D:\10_Source_Repos\21_robot\RobWork\build\acc-wp24-t09-wt\RobWork\RobWork\src\rw\math\VelocityScrew6D.hpp(376,19): error C2086: “const int rw::rw::math::VelocityScrew6D<double>::Vector3D”: 重定义 [D:\10_Source_Repos\21_robot\RobWork\build\acc-wp24-t09-bld\RobWorkSim\src\rwsimlibs\plugins\RWSimulatorPlugin.vcxproj]
  (编译源文件“../../../../../acc-wp24-t09-wt/RobWork/RobWorkSim/src/rwsimlibs/plugins/RWSimulatorPlugin.cpp”)
  
D:\10_Source_Repos\21_robot\RobWork\build\acc-wp24-t09-wt\RobWork\RobWork\src\rw\math\VelocityScrew6D.hpp(377,19): error C2327: “rw::rw::math::VelocityScrew6D<double>::EAA”: 不是类型名称、静态或枚举数 [D:\10_Source_Repos\21_robot\RobWork\build\acc-wp24-t09-bld\RobWorkSim\src\rwsimlibs\plugins\RWSimulatorPlugin.vcxproj]
  (编译源文件“../../../../../acc-wp24-t09-wt/RobWork/RobWorkSim/src/rwsimlibs/plugins/RWSimulatorPlugin.cpp”)
      D:\10_Source_Repos\21_robot\RobWork\build\acc-wp24-t09-wt\RobWork\RobWork\src\rw\math\VelocityScrew6D.hpp(377,19):
      参见“rw::rw::math::VelocityScrew6D<double>::EAA”的声明
  
D:\10_Source_Repos\21_robot\RobWork\build\acc-wp24-t09-wt\RobWork\RobWork\src\rw\math\VelocityScrew6D.hpp(377,19): error C2086: “const int rw::rw::math::VelocityScrew6D<double>::EAA”: 重定义 [D:\10_Source_Repos\21_robot\RobWork\build\acc-wp24-t09-bld\RobWorkSim\src\rwsimlibs\plugins\RWSimulatorPlugin.vcxproj]
  (编译源文件“../../../../../acc-wp24-t09-wt/RobWork/RobWorkSim/src/rwsimlibs/plugins/RWSimulatorPlugin.cpp”)
  
D:\10_Source_Repos\21_robot\RobWork\build\acc-wp24-t09-wt\RobWork\RobWork\src\rw\math\VelocityScrew6D.hpp(378,19): error C2327: “rw::rw::math::VelocityScrew6D<double>::EAA”: 不是类型名称、静态或枚举数 [D:\10_Source_Repos\21_robot\RobWork\build\acc-wp24-t09-bld\RobWorkSim\src\rwsimlibs\plugins\RWSimulatorPlugin.vcxproj]
  (编译源文件“../../../../../acc-wp24-t09-wt/RobWork/RobWorkSim/src/rwsimlibs/plugins/RWSimulatorPlugin.cpp”)
      D:\10_Source_Repos\21_robot\RobWork\build\acc-wp24-t09-wt\RobWork\RobWork\src\rw\math\VelocityScrew6D.hpp(378,19):
      参见“rw::rw::math::VelocityScrew6D<double>::EAA”的声明
  
D:\10_Source_Repos\21_robot\RobWork\build\acc-wp24-t09-wt\RobWork\RobWork\src\rw\math\VelocityScrew6D.hpp(378,19): error C2086: “const int rw::rw::math::VelocityScrew6D<double>::EAA”: 重定义 [D:\10_Source_Repos\21_robot\RobWork\build\acc-wp24-t09-bld\RobWorkSim\src\rwsimlibs\plugins\RWSimulatorPlugin.vcxproj]
  (编译源文件“../../../../../acc-wp24-t09-wt/RobWork/RobWorkSim/src/rwsimlibs/plugins/RWSimulatorPlugin.cpp”)
  
D:\10_Source_Repos\21_robot\RobWork\build\acc-wp24-t09-wt\RobWork\RobWork\src\rw\math\VelocityScrew6D.hpp(379,19): error C2327: “rw::rw::math::VelocityScrew6D<double>::Vector3D”: 不是类型名称、静态或枚举数 [D:\10_Source_Repos\21_robot\RobWork\build\acc-wp24-t09-bld\RobWorkSim\src\rwsimlibs\plugins\RWSimulatorPlugin.vcxproj]
  (编译源文件“../../../../../acc-wp24-t09-wt/RobWork/RobWorkSim/src/rwsimlibs/plugins/RWSimulatorPlugin.cpp”)
      D:\10_Source_Repos\21_robot\RobWork\build\acc-wp24-t09-wt\RobWork\RobWork\src\rw\math\VelocityScrew6D.hpp(379,19):
      参见“rw::rw::math::VelocityScrew6D<double>::Vector3D”的声明
  
D:\10_Source_Repos\21_robot\RobWork\build\acc-wp24-t09-wt\RobWork\RobWork\src\rw\math\VelocityScrew6D.hpp(379,19): error C2086: “const int rw::rw::math::VelocityScrew6D<double>::Vector3D”: 重定义 [D:\10_Source_Repos\21_robot\RobWork\build\acc-wp24-t09-bld\RobWorkSim\src\rwsimlibs\plugins\RWSimulatorPlugin.vcxproj]
  (编译源文件“../../../../../acc-wp24-t09-wt/RobWork/RobWorkSim/src/rwsimlibs/plugins/RWSimulatorPlugin.cpp”)
  
D:\10_Source_Repos\21_robot\RobWork\build\acc-wp24-t09-wt\RobWork\RobWork\src\rw\math\VelocityScrew6D.hpp(138,9): error C2535: “rw::rw::math::VelocityScrew6D<float>::VelocityScrew6D(const int)”: 已经定义或声明成员函数 [D:\10_Source_Repos\21_robot\RobWork\build\acc-wp24-t09-bld\RobWorkSim\src\rwsimlibs\plugins\RWSimulatorPlugin.vcxproj]
  (编译源文件“../../../../../acc-wp24-t09-wt/RobWork/RobWorkSim/src/rwsimlibs/plugins/RWSimulatorPlugin.cpp”)
      D:\10_Source_Repos\21_robot\RobWork\build\acc-wp24-t09-wt\RobWork\RobWork\src\rw\math\VelocityScrew6D.hpp(130,9):
      参见“rw::rw::math::VelocityScrew6D<float>::VelocityScrew6D”的声明
  
D:\10_Source_Repos\21_robot\RobWork\build\acc-wp24-t09-wt\RobWork\RobWork\src\rw\math\VelocityScrew6D.hpp(373,43): error C2556: “const rw::rw::math::VelocityScrew6D<float> rw::rw::math::operator *(const int)”: 重载函数与“const rw::rw::math::VelocityScrew6D<double> rw::rw::math::operator *(const int)”只是在返回类型上不同 [D:\10_Source_Repos\21_robot\RobWork\build\acc-wp24-t09-bld\RobWorkSim\src\rwsimlibs\plugins\RWSimulatorPlugin.vcxproj]
  (编译源文件“../../../../../acc-wp24-t09-wt/RobWork/RobWorkSim/src/rwsimlibs/plugins/RWSimulatorPlugin.cpp”)
      D:\10_Source_Repos\21_robot\RobWork\build\acc-wp24-t09-wt\RobWork\RobWork\src\rw\math\VelocityScrew6D.hpp(373,43):
      参见“rw::rw::math::operator *”的声明
  
D:\10_Source_Repos\21_robot\RobWork\build\acc-wp24-t09-wt\RobWork\RobWork\src\rw\math\VelocityScrew6D.hpp(376,19): error C2327: “rw::rw::math::VelocityScrew6D<float>::Vector3D”: 不是类型名称、静态或枚举数 [D:\10_Source_Repos\21_robot\RobWork\build\acc-wp24-t09-bld\RobWorkSim\src\rwsimlibs\plugins\RWSimulatorPlugin.vcxproj]
  (编译源文件“../../../../../acc-wp24-t09-wt/RobWork/RobWorkSim/src/rwsimlibs/plugins/RWSimulatorPlugin.cpp”)
      D:\10_Source_Repos\21_robot\RobWork\build\acc-wp24-t09-wt\RobWork\RobWork\src\rw\math\VelocityScrew6D.hpp(376,19):
      参见“rw::rw::math::VelocityScrew6D<float>::Vector3D”的声明
  
D:\10_Source_Repos\21_robot\RobWork\build\acc-wp24-t09-wt\RobWork\RobWork\src\rw\math\VelocityScrew6D.hpp(376,19): error C2086: “const int rw::rw::math::VelocityScrew6D<float>::Vector3D”: 重定义 [D:\10_Source_Repos\21_robot\RobWork\build\acc-wp24-t09-bld\RobWorkSim\src\rwsimlibs\plugins\RWSimulatorPlugin.vcxproj]
  (编译源文件“../../../../../acc-wp24-t09-wt/RobWork/RobWorkSim/src/rwsimlibs/plugins/RWSimulatorPlugin.cpp”)
  
D:\10_Source_Repos\21_robot\RobWork\build\acc-wp24-t09-wt\RobWork\RobWork\src\rw\math\VelocityScrew6D.hpp(377,19): error C2327: “rw::rw::math::VelocityScrew6D<float>::EAA”: 不是类型名称、静态或枚举数 [D:\10_Source_Repos\21_robot\RobWork\build\acc-wp24-t09-bld\RobWorkSim\src\rwsimlibs\plugins\RWSimulatorPlugin.vcxproj]
  (编译源文件“../../../../../acc-wp24-t09-wt/RobWork/RobWorkSim/src/rwsimlibs/plugins/RWSimulatorPlugin.cpp”)
      D:\10_Source_Repos\21_robot\RobWork\build\acc-wp24-t09-wt\RobWork\RobWork\src\rw\math\VelocityScrew6D.hpp(377,19):
      参见“rw::rw::math::VelocityScrew6D<float>::EAA”的声明
  
D:\10_Source_Repos\21_robot\RobWork\build\acc-wp24-t09-wt\RobWork\RobWork\src\rw\math\VelocityScrew6D.hpp(377,19): error C2086: “const int rw::rw::math::VelocityScrew6D<float>::EAA”: 重定义 [D:\10_Source_Repos\21_robot\RobWork\build\acc-wp24-t09-bld\RobWorkSim\src\rwsimlibs\plugins\RWSimulatorPlugin.vcxproj]
  (编译源文件“../../../../../acc-wp24-t09-wt/RobWork/RobWorkSim/src/rwsimlibs/plugins/RWSimulatorPlugin.cpp”)
  
D:\10_Source_Repos\21_robot\RobWork\build\acc-wp24-t09-wt\RobWork\RobWork\src\rw\math\VelocityScrew6D.hpp(378,19): error C2327: “rw::rw::math::VelocityScrew6D<float>::EAA”: 不是类型名称、静态或枚举数 [D:\10_Source_Repos\21_robot\RobWork\build\acc-wp24-t09-bld\RobWorkSim\src\rwsimlibs\plugins\RWSimulatorPlugin.vcxproj]
  (编译源文件“../../../../../acc-wp24-t09-wt/RobWork/RobWorkSim/src/rwsimlibs/plugins/RWSimulatorPlugin.cpp”)
      D:\10_Source_Repos\21_robot\RobWork\build\acc-wp24-t09-wt\RobWork\RobWork\src\rw\math\VelocityScrew6D.hpp(378,19):
      参见“rw::rw::math::VelocityScrew6D<float>::EAA”的声明
  
D:\10_Source_Repos\21_robot\RobWork\build\acc-wp24-t09-wt\RobWork\RobWork\src\rw\math\VelocityScrew6D.hpp(378,19): error C2086: “const int rw::rw::math::VelocityScrew6D<float>::EAA”: 重定义 [D:\10_Source_Repos\21_robot\RobWork\build\acc-wp24-t09-bld\RobWorkSim\src\rwsimlibs\plugins\RWSimulatorPlugin.vcxproj]
  (编译源文件“../../../../../acc-wp24-t09-wt/RobWork/RobWorkSim/src/rwsimlibs/plugins/RWSimulatorPlugin.cpp”)
  
D:\10_Source_Repos\21_robot\RobWork\build\acc-wp24-t09-wt\RobWork\RobWork\src\rw\math\VelocityScrew6D.hpp(379,19): error C2327: “rw::rw::math::VelocityScrew6D<float>::Vector3D”: 不是类型名称、静态或枚举数 [D:\10_Source_Repos\21_robot\RobWork\build\acc-wp24-t09-bld\RobWorkSim\src\rwsimlibs\plugins\RWSimulatorPlugin.vcxproj]
  (编译源文件“../../../../../acc-wp24-t09-wt/RobWork/RobWorkSim/src/rwsimlibs/plugins/RWSimulatorPlugin.cpp”)
      D:\10_Source_Repos\21_robot\RobWork\build\acc-wp24-t09-wt\RobWork\RobWork\src\rw\math\VelocityScrew6D.hpp(379,19):
      参见“rw::rw::math::VelocityScrew6D<float>::Vector3D”的声明
  
D:\10_Source_Repos\21_robot\RobWork\build\acc-wp24-t09-wt\RobWork\RobWork\src\rw\math\VelocityScrew6D.hpp(379,19): error C1003: 错误计数超过 100；正在停止编译 [D:\10_Source_Repos\21_robot\RobWork\build\acc-wp24-t09-bld\RobWorkSim\src\rwsimlibs\plugins\RWSimulatorPlugin.vcxproj]
  (编译源文件“../../../../../acc-wp24-t09-wt/RobWork/RobWorkSim/src/rwsimlibs/plugins/RWSimulatorPlugin.cpp”)
  
  Automatic MOC and UIC for target sdurwsim_bullet
  Building Custom Rule D:/10_Source_Repos/21_robot/RobWork/build/acc-wp24-t09-wt/RobWork/RobWorkSim/src/rwsimlibs/bullet/CMakeLists.txt
  Auto build dll exports
  sdurwsim_bullet.vcxproj -> D:\10_Source_Repos\21_robot\RobWork\build\acc-wp24-t09-bld\RobWorkSim\bin\Release\sdurwsim_bullet.dll
  Automatic MOC and UIC for target bt_plugin.rwplugin
  Building Custom Rule D:/10_Source_Repos/21_robot/RobWork/build/acc-wp24-t09-wt/RobWork/RobWorkSim/src/rwsimlibs/bullet/CMakeLists.txt
  BtPlugin.cpp
D:\10_Source_Repos\21_robot\RobWork\vcpkg\installed\x64-windows\include\eigen3\Eigen\src\Core\products\Parallelizer.h(144,50): error C2589: “(”:“::”右边的非法标记 [D:\10_Source_Repos\21_robot\RobWork\build\acc-wp24-t09-bld\RobWorkSim\src\rwsimlibs\bullet\bt_plugin.rwplugin.vcxproj]
  (编译源文件“../../../../../acc-wp24-t09-wt/RobWork/RobWorkSim/src/rwsimlibs/bullet/BtPlugin.cpp”)
  
D:\10_Source_Repos\21_robot\RobWork\vcpkg\installed\x64-windows\include\eigen3\Eigen\src\Core\products\Parallelizer.h(144,70): error C2059: 语法错误:“)” [D:\10_Source_Repos\21_robot\RobWork\build\acc-wp24-t09-bld\RobWorkSim\src\rwsimlibs\bullet\bt_plugin.rwplugin.vcxproj]
  (编译源文件“../../../../../acc-wp24-t09-wt/RobWork/RobWorkSim/src/rwsimlibs/bullet/BtPlugin.cpp”)
  
  Auto build dll exports
  sdurw_analytic_geometry.vcxproj -> D:\10_Source_Repos\21_robot\RobWork\build\acc-wp24-t09-bld\RobWork\bin\Release\sdurw_analytic_geometry.dll
  sdurw_analytic_geometry.rwplugin.vcxproj -> D:\10_Source_Repos\21_robot\RobWork\build\acc-wp24-t09-bld\RobWork\bin\Release\sdurw_analytic_geometry.rwplugin.dll
  ProximityStrategyPlugin.cpp
    正在创建库 D:/10_Source_Repos/21_robot/RobWork/build/acc-wp24-t09-bld/RobWork/bin/Release/sdurw_proximitystrategies.rwplugin.lib 和对象 D:/10_Source_Repos/21_robot/RobWork/build/acc-wp24-t09-bld/RobWork/bin/Release/sdurw_proximitystrategies.rwplugin.exp
  sdurw_proximitystrategies.rwplugin.vcxproj -> D:\10_Source_Repos\21_robot\RobWork\build\acc-wp24-t09-bld\RobWork\bin\Release\sdurw_proximitystrategies.rwplugin.dll
  sdurw_csgjs.vcxproj -> D:\10_Source_Repos\21_robot\RobWork\build\acc-wp24-t09-bld\RobWork\libs\Release\sdurw_csgjs.lib
  Auto build dll exports
  sdurw_csg.vcxproj -> D:\10_Source_Repos\21_robot\RobWork\build\acc-wp24-t09-bld\RobWork\bin\Release\sdurw_csg.dll
  Auto build dll exports
  sdurw_simplefinger.vcxproj -> D:\10_Source_Repos\21_robot\RobWork\build\acc-wp24-t09-bld\RobWork\bin\Release\sdurw_simplefinger.dll
  sdurw_simplefinger.rwplugin.vcxproj -> D:\10_Source_Repos\21_robot\RobWork\build\acc-wp24-t09-bld\RobWork\bin\Release\sdurw_simplefinger.rwplugin.dll
  Automatic MOC for target sdurws_atask
  mocs_compilation_Release.cpp
  ATaskVisPlugin.cpp
    正在创建库 D:/10_Source_Repos/21_robot/RobWork/build/acc-wp24-t09-bld/RobWorkStudio/libs/Release/sdurws_atask.lib 和对象 D:/10_Source_Repos/21_robot/RobWork/build/acc-wp24-t09-bld/RobWorkStudio/libs/Release/sdurws_atask.exp
  sdurws_atask.vcxproj -> D:\10_Source_Repos\21_robot\RobWork\build\acc-wp24-t09-bld\RobWorkStudio\libs\plugins\Release\sdurws_atask.dll
  Automatic MOC for target sdurws_gtask
  mocs_compilation_Release.cpp
  GTaskVisPlugin.cpp
    正在创建库 D:/10_Source_Repos/21_robot/RobWork/build/acc-wp24-t09-bld/RobWorkStudio/libs/Release/sdurws_gtask.lib 和对象 D:/10_Source_Repos/21_robot/RobWork/build/acc-wp24-t09-bld/RobWorkStudio/libs/Release/sdurws_gtask.exp
  sdurws_gtask.vcxproj -> D:\10_Source_Repos\21_robot\RobWork\build\acc-wp24-t09-bld\RobWorkStudio\libs\plugins\Release\sdurws_gtask.dll
  Automatic MOC for target sdurws_ird_core
  sdurws_ird_core.vcxproj -> D:\10_Source_Repos\21_robot\RobWork\build\acc-wp24-t09-bld\RobWorkStudio\libs\Release\sdurws_ird_core.lib
  Automatic MOC for target sdurws_ird_diagnostics
  sdurws_ird_diagnostics.vcxproj -> D:\10_Source_Repos\21_robot\RobWork\build\acc-wp24-t09-bld\RobWorkStudio\libs\Release\sdurws_ird_diagnostics.lib
  Automatic MOC for target sdurws_ird_evidence
  sdurws_ird_evidence.vcxproj -> D:\10_Source_Repos\21_robot\RobWork\build\acc-wp24-t09-bld\RobWorkStudio\libs\Release\sdurws_ird_evidence.lib
  Automatic MOC for target sdurws_ird_project
  sdurws_ird_project.vcxproj -> D:\10_Source_Repos\21_robot\RobWork\build\acc-wp24-t09-bld\RobWorkStudio\libs\Release\sdurws_ird_project.lib
  Automatic MOC for target sdurws_ird_execution
  sdurws_ird_execution.vcxproj -> D:\10_Source_Repos\21_robot\RobWork\build\acc-wp24-t09-bld\RobWorkStudio\libs\Release\sdurws_ird_execution.lib
  Automatic MOC for target sdurws_ird_io
  sdurws_ird_io.vcxproj -> D:\10_Source_Repos\21_robot\RobWork\build\acc-wp24-t09-bld\RobWorkStudio\libs\Release\sdurws_ird_io.lib
  Automatic MOC for target sdurws_ird_policy
  sdurws_ird_policy.vcxproj -> D:\10_Source_Repos\21_robot\RobWork\build\acc-wp24-t09-bld\RobWorkStudio\libs\Release\sdurws_ird_policy.lib
  Automatic MOC for target sdurws_ird_runtime
  sdurws_ird_runtime.vcxproj -> D:\10_Source_Repos\21_robot\RobWork\build\acc-wp24-t09-bld\RobWorkStudio\libs\Release\sdurws_ird_runtime.lib
  Automatic MOC for target sdurws_ird_kinematics
  sdurws_ird_kinematics.vcxproj -> D:\10_Source_Repos\21_robot\RobWork\build\acc-wp24-t09-bld\RobWorkStudio\libs\Release\sdurws_ird_kinematics.lib
  Automatic MOC for target sdurws_ird_ui
  sdurws_ird_ui.vcxproj -> D:\10_Source_Repos\21_robot\RobWork\build\acc-wp24-t09-bld\RobWorkStudio\libs\Release\sdurws_ird_ui.lib
  Automatic MOC for target sdurws_ird_kinematics_plugin
  sdurws_ird_kinematics_plugin.vcxproj -> D:\10_Source_Repos\21_robot\RobWork\build\acc-wp24-t09-bld\RobWorkStudio\libs\Release\sdurws_ird_kinematics_plugin.lib
  Automatic MOC for target sdurws_ird_modeling
  sdurws_ird_modeling.vcxproj -> D:\10_Source_Repos\21_robot\RobWork\build\acc-wp24-t09-bld\RobWorkStudio\libs\Release\sdurws_ird_modeling.lib
  Automatic MOC for target sdurws_ird_modeling_plugin
  sdurws_ird_modeling_plugin.vcxproj -> D:\10_Source_Repos\21_robot\RobWork\build\acc-wp24-t09-bld\RobWorkStudio\libs\Release\sdurws_ird_modeling_plugin.lib
  Automatic MOC for target sdurws_ird_requirements
  sdurws_ird_requirements.vcxproj -> D:\10_Source_Repos\21_robot\RobWork\build\acc-wp24-t09-bld\RobWorkStudio\libs\Release\sdurws_ird_requirements.lib
  Automatic MOC for target sdurws_ird_requirements_plugin
  sdurws_ird_requirements_plugin.vcxproj -> D:\10_Source_Repos\21_robot\RobWork\build\acc-wp24-t09-bld\RobWorkStudio\libs\Release\sdurws_ird_requirements_plugin.lib
  Automatic MOC for target sdurws_ird_ui_plugin
  mocs_compilation_Release.cpp
  UiPlugin.cpp
    正在创建库 D:/10_Source_Repos/21_robot/RobWork/build/acc-wp24-t09-bld/RobWorkStudio/libs/Release/sdurws_ird_ui_plugin.lib 和对象 D:/10_Source_Repos/21_robot/RobWork/build/acc-wp24-t09-bld/RobWorkStudio/libs/Release/sdurws_ird_ui_plugin.exp
  sdurws_ird_ui_plugin.vcxproj -> D:\10_Source_Repos\21_robot\RobWork\build\acc-wp24-t09-bld\RobWorkStudio\libs\Release\sdurws_ird_ui_plugin.dll
  Automatic MOC for target sdurws_plugin.rwplugin
    正在创建库 D:/10_Source_Repos/21_robot/RobWork/build/acc-wp24-t09-bld/RobWorkStudio/bin/Release/sdurws_plugin.rwplugin.lib 和对象 D:/10_Source_Repos/21_robot/RobWork/build/acc-wp24-t09-bld/RobWorkStudio/bin/Release/sdurws_plugin.rwplugin.exp
  sdurws_plugin.rwplugin.vcxproj -> D:\10_Source_Repos\21_robot\RobWork\build\acc-wp24-t09-bld\RobWorkStudio\bin\Release\sdurws_plugin.rwplugin.dll
  D:\10_Source_Repos\21_robot\RobWork\vcpkg\installed\x64-windows\bin\xerces-c_3_3.dll -> D:\10_Source_Repos\21_robot\RobWork\build\acc-wp24-t09-bld\RobWorkStudio\bin\Release\xerces-c_3_3.dll done
-- Installing: D:/10_Source_Repos/21_robot/RobWork/build/acc-staging-mut1/bin/sdurws_ird_studio.exe
-- Up-to-date: D:/10_Source_Repos/21_robot/RobWork/build/acc-staging-mut1/bin
-- Installing: D:/10_Source_Repos/21_robot/RobWork/build/acc-staging-mut1/bin/boost_filesystem-vc143-mt-x64-1_92.dll
-- Installing: D:/10_Source_Repos/21_robot/RobWork/build/acc-staging-mut1/bin/boost_program_options-vc143-mt-x64-1_92.dll
-- Installing: D:/10_Source_Repos/21_robot/RobWork/build/acc-staging-mut1/bin/boost_thread-vc143-mt-x64-1_92.dll
-- Installing: D:/10_Source_Repos/21_robot/RobWork/build/acc-staging-mut1/bin/freeglut.dll
-- Installing: D:/10_Source_Repos/21_robot/RobWork/build/acc-staging-mut1/bin/qhull_r.dll
-- Installing: D:/10_Source_Repos/21_robot/RobWork/build/acc-staging-mut1/bin/sdurw_algorithms.dll
-- Installing: D:/10_Source_Repos/21_robot/RobWork/build/acc-staging-mut1/bin/sdurw_analytic_geometry.dll
-- Installing: D:/10_Source_Repos/21_robot/RobWork/build/acc-staging-mut1/bin/sdurw_analytic_geometry.rwplugin.dll
-- Installing: D:/10_Source_Repos/21_robot/RobWork/build/acc-staging-mut1/bin/sdurw_assembly.dll
-- Installing: D:/10_Source_Repos/21_robot/RobWork/build/acc-staging-mut1/bin/sdurw_calibration.dll
-- Installing: D:/10_Source_Repos/21_robot/RobWork/build/acc-staging-mut1/bin/sdurw_common.dll
-- Installing: D:/10_Source_Repos/21_robot/RobWork/build/acc-staging-mut1/bin/sdurw_control.dll
-- Installing: D:/10_Source_Repos/21_robot/RobWork/build/acc-staging-mut1/bin/sdurw_core.dll
-- Installing: D:/10_Source_Repos/21_robot/RobWork/build/acc-staging-mut1/bin/sdurw_csg.dll
-- Installing: D:/10_Source_Repos/21_robot/RobWork/build/acc-staging-mut1/bin/sdurw_geometry.dll
-- Installing: D:/10_Source_Repos/21_robot/RobWork/build/acc-staging-mut1/bin/sdurw_graphics.dll
-- Installing: D:/10_Source_Repos/21_robot/RobWork/build/acc-staging-mut1/bin/sdurw_graspplanning.dll
-- Installing: D:/10_Source_Repos/21_robot/RobWork/build/acc-staging-mut1/bin/sdurw_invkin.dll
-- Installing: D:/10_Source_Repos/21_robot/RobWork/build/acc-staging-mut1/bin/sdurw_kinematics.dll
-- Installing: D:/10_Source_Repos/21_robot/RobWork/build/acc-staging-mut1/bin/sdurw_loaders.dll
-- Installing: D:/10_Source_Repos/21_robot/RobWork/build/acc-staging-mut1/bin/sdurw_math.dll
-- Installing: D:/10_Source_Repos/21_robot/RobWork/build/acc-staging-mut1/bin/sdurw_models.dll
-- Installing: D:/10_Source_Repos/21_robot/RobWork/build/acc-staging-mut1/bin/sdurw_opengl.dll
-- Installing: D:/10_Source_Repos/21_robot/RobWork/build/acc-staging-mut1/bin/sdurw_pathoptimization.dll
-- Installing: D:/10_Source_Repos/21_robot/RobWork/build/acc-staging-mut1/bin/sdurw_pathplanners.dll
-- Installing: D:/10_Source_Repos/21_robot/RobWork/build/acc-staging-mut1/bin/sdurw_pathplanning.dll
-- Installing: D:/10_Source_Repos/21_robot/RobWork/build/acc-staging-mut1/bin/sdurw_plugin.dll
-- Installing: D:/10_Source_Repos/21_robot/RobWork/build/acc-staging-mut1/bin/sdurw_proximity.dll
-- Installing: D:/10_Source_Repos/21_robot/RobWork/build/acc-staging-mut1/bin/sdurw_proximitystrategies.dll
-- Installing: D:/10_Source_Repos/21_robot/RobWork/build/acc-staging-mut1/bin/sdurw_proximitystrategies.rwplugin.dll
-- Installing: D:/10_Source_Repos/21_robot/RobWork/build/acc-staging-mut1/bin/sdurw_sensor.dll
-- Installing: D:/10_Source_Repos/21_robot/RobWork/build/acc-staging-mut1/bin/sdurw_simplefinger.dll
-- Installing: D:/10_Source_Repos/21_robot/RobWork/build/acc-staging-mut1/bin/sdurw_simplefinger.rwplugin.dll
-- Installing: D:/10_Source_Repos/21_robot/RobWork/build/acc-staging-mut1/bin/sdurw_simulation.dll
-- Installing: D:/10_Source_Repos/21_robot/RobWork/build/acc-staging-mut1/bin/sdurw_task.dll
-- Installing: D:/10_Source_Repos/21_robot/RobWork/build/acc-staging-mut1/bin/sdurw_trajectory.dll
-- Installing: D:/10_Source_Repos/21_robot/RobWork/build/acc-staging-mut1/bin/xerces-c_3_3.dll
-- Installing: D:/10_Source_Repos/21_robot/RobWork/build/acc-staging-mut1/bin/sdurwsim.dll
-- Installing: D:/10_Source_Repos/21_robot/RobWork/build/acc-staging-mut1/bin/Qt6Core.dll
-- Installing: D:/10_Source_Repos/21_robot/RobWork/build/acc-staging-mut1/bin/Qt6Gui.dll
-- Installing: D:/10_Source_Repos/21_robot/RobWork/build/acc-staging-mut1/bin/Qt6Widgets.dll
-- Installing: D:/10_Source_Repos/21_robot/RobWork/build/acc-staging-mut1/bin/Qt6OpenGL.dll
-- Installing: D:/10_Source_Repos/21_robot/RobWork/build/acc-staging-mut1/bin/Qt6OpenGLWidgets.dll
-- Installing: D:/10_Source_Repos/21_robot/RobWork/build/acc-staging-mut1/bin/Qt6Test.dll
-- Installing: D:/10_Source_Repos/21_robot/RobWork/build/acc-staging-mut1/plugins/platforms
-- Installing: D:/10_Source_Repos/21_robot/RobWork/build/acc-staging-mut1/plugins/platforms/qminimal.dll
-- Installing: D:/10_Source_Repos/21_robot/RobWork/build/acc-staging-mut1/plugins/platforms/qoffscreen.dll
-- Installing: D:/10_Source_Repos/21_robot/RobWork/build/acc-staging-mut1/plugins/platforms/qwindows.dll
-- Installing: D:/10_Source_Repos/21_robot/RobWork/build/acc-staging-mut1/plugins/styles
-- Installing: D:/10_Source_Repos/21_robot/RobWork/build/acc-staging-mut1/plugins/styles/qmodernwindowsstyle.dll
-- Installing: D:/10_Source_Repos/21_robot/RobWork/build/acc-staging-mut1/plugins/imageformats
-- Installing: D:/10_Source_Repos/21_robot/RobWork/build/acc-staging-mut1/plugins/imageformats/qgif.dll
-- Installing: D:/10_Source_Repos/21_robot/RobWork/build/acc-staging-mut1/plugins/imageformats/qico.dll
-- Installing: D:/10_Source_Repos/21_robot/RobWork/build/acc-staging-mut1/plugins/imageformats/qjpeg.dll
-- Installing: D:/10_Source_Repos/21_robot/RobWork/build/acc-staging-mut1/plugins/imageformats/qsvg.dll
-- Installing: D:/10_Source_Repos/21_robot/RobWork/build/acc-staging-mut1/bin/qt.conf
-- Installing: D:/10_Source_Repos/21_robot/RobWork/build/acc-staging-mut1/share/baseline.md
