-- Installing: D:/10_Source_Repos/21_robot/RobWork/build/staging-wp24-t09/bin/sdurws_ird_studio.exe
-- Installing: D:/10_Source_Repos/21_robot/RobWork/build/staging-wp24-t09/bin/sdurws_ird_execution_worker.exe
-- Up-to-date: D:/10_Source_Repos/21_robot/RobWork/build/staging-wp24-t09/bin
-- Installing: D:/10_Source_Repos/21_robot/RobWork/build/staging-wp24-t09/bin/boost_filesystem-vc143-mt-x64-1_92.dll
-- Installing: D:/10_Source_Repos/21_robot/RobWork/build/staging-wp24-t09/bin/boost_program_options-vc143-mt-x64-1_92.dll
-- Installing: D:/10_Source_Repos/21_robot/RobWork/build/staging-wp24-t09/bin/boost_thread-vc143-mt-x64-1_92.dll
-- Installing: D:/10_Source_Repos/21_robot/RobWork/build/staging-wp24-t09/bin/freeglut.dll
-- Installing: D:/10_Source_Repos/21_robot/RobWork/build/staging-wp24-t09/bin/qhull_r.dll
-- Installing: D:/10_Source_Repos/21_robot/RobWork/build/staging-wp24-t09/bin/sdurw_algorithms.dll
-- Installing: D:/10_Source_Repos/21_robot/RobWork/build/staging-wp24-t09/bin/sdurw_analytic_geometry.dll
-- Installing: D:/10_Source_Repos/21_robot/RobWork/build/staging-wp24-t09/bin/sdurw_analytic_geometry.rwplugin.dll
-- Installing: D:/10_Source_Repos/21_robot/RobWork/build/staging-wp24-t09/bin/sdurw_assembly.dll
-- Installing: D:/10_Source_Repos/21_robot/RobWork/build/staging-wp24-t09/bin/sdurw_calibration.dll
-- Installing: D:/10_Source_Repos/21_robot/RobWork/build/staging-wp24-t09/bin/sdurw_common.dll
-- Installing: D:/10_Source_Repos/21_robot/RobWork/build/staging-wp24-t09/bin/sdurw_control.dll
-- Installing: D:/10_Source_Repos/21_robot/RobWork/build/staging-wp24-t09/bin/sdurw_core.dll
-- Installing: D:/10_Source_Repos/21_robot/RobWork/build/staging-wp24-t09/bin/sdurw_csg.dll
-- Installing: D:/10_Source_Repos/21_robot/RobWork/build/staging-wp24-t09/bin/sdurw_geometry.dll
-- Installing: D:/10_Source_Repos/21_robot/RobWork/build/staging-wp24-t09/bin/sdurw_graphics.dll
-- Installing: D:/10_Source_Repos/21_robot/RobWork/build/staging-wp24-t09/bin/sdurw_graspplanning.dll
-- Installing: D:/10_Source_Repos/21_robot/RobWork/build/staging-wp24-t09/bin/sdurw_invkin.dll
-- Installing: D:/10_Source_Repos/21_robot/RobWork/build/staging-wp24-t09/bin/sdurw_kinematics.dll
-- Installing: D:/10_Source_Repos/21_robot/RobWork/build/staging-wp24-t09/bin/sdurw_loaders.dll
-- Installing: D:/10_Source_Repos/21_robot/RobWork/build/staging-wp24-t09/bin/sdurw_math.dll
-- Installing: D:/10_Source_Repos/21_robot/RobWork/build/staging-wp24-t09/bin/sdurw_models.dll
-- Installing: D:/10_Source_Repos/21_robot/RobWork/build/staging-wp24-t09/bin/sdurw_opengl.dll
-- Installing: D:/10_Source_Repos/21_robot/RobWork/build/staging-wp24-t09/bin/sdurw_pathoptimization.dll
-- Installing: D:/10_Source_Repos/21_robot/RobWork/build/staging-wp24-t09/bin/sdurw_pathplanners.dll
-- Installing: D:/10_Source_Repos/21_robot/RobWork/build/staging-wp24-t09/bin/sdurw_pathplanning.dll
-- Installing: D:/10_Source_Repos/21_robot/RobWork/build/staging-wp24-t09/bin/sdurw_plugin.dll
-- Installing: D:/10_Source_Repos/21_robot/RobWork/build/staging-wp24-t09/bin/sdurw_proximity.dll
-- Installing: D:/10_Source_Repos/21_robot/RobWork/build/staging-wp24-t09/bin/sdurw_proximitystrategies.dll
-- Installing: D:/10_Source_Repos/21_robot/RobWork/build/staging-wp24-t09/bin/sdurw_proximitystrategies.rwplugin.dll
-- Installing: D:/10_Source_Repos/21_robot/RobWork/build/staging-wp24-t09/bin/sdurw_sensor.dll
-- Installing: D:/10_Source_Repos/21_robot/RobWork/build/staging-wp24-t09/bin/sdurw_simplefinger.dll
-- Installing: D:/10_Source_Repos/21_robot/RobWork/build/staging-wp24-t09/bin/sdurw_simplefinger.rwplugin.dll
-- Installing: D:/10_Source_Repos/21_robot/RobWork/build/staging-wp24-t09/bin/sdurw_simulation.dll
-- Installing: D:/10_Source_Repos/21_robot/RobWork/build/staging-wp24-t09/bin/sdurw_task.dll
-- Installing: D:/10_Source_Repos/21_robot/RobWork/build/staging-wp24-t09/bin/sdurw_trajectory.dll
-- Installing: D:/10_Source_Repos/21_robot/RobWork/build/staging-wp24-t09/bin/xerces-c_3_3.dll
-- Installing: D:/10_Source_Repos/21_robot/RobWork/build/staging-wp24-t09/bin/sdurwsim.dll
-- Installing: D:/10_Source_Repos/21_robot/RobWork/build/staging-wp24-t09/bin/Qt6Core.dll
-- Installing: D:/10_Source_Repos/21_robot/RobWork/build/staging-wp24-t09/bin/Qt6Gui.dll
-- Installing: D:/10_Source_Repos/21_robot/RobWork/build/staging-wp24-t09/bin/Qt6Widgets.dll
-- Installing: D:/10_Source_Repos/21_robot/RobWork/build/staging-wp24-t09/bin/Qt6OpenGL.dll
-- Installing: D:/10_Source_Repos/21_robot/RobWork/build/staging-wp24-t09/bin/Qt6OpenGLWidgets.dll
-- Installing: D:/10_Source_Repos/21_robot/RobWork/build/staging-wp24-t09/bin/Qt6Test.dll
-- Installing: D:/10_Source_Repos/21_robot/RobWork/build/staging-wp24-t09/plugins/platforms
-- Installing: D:/10_Source_Repos/21_robot/RobWork/build/staging-wp24-t09/plugins/platforms/qminimal.dll
-- Installing: D:/10_Source_Repos/21_robot/RobWork/build/staging-wp24-t09/plugins/platforms/qoffscreen.dll
-- Installing: D:/10_Source_Repos/21_robot/RobWork/build/staging-wp24-t09/plugins/platforms/qwindows.dll
-- Installing: D:/10_Source_Repos/21_robot/RobWork/build/staging-wp24-t09/plugins/styles
-- Installing: D:/10_Source_Repos/21_robot/RobWork/build/staging-wp24-t09/plugins/styles/qmodernwindowsstyle.dll
-- Installing: D:/10_Source_Repos/21_robot/RobWork/build/staging-wp24-t09/plugins/imageformats
-- Installing: D:/10_Source_Repos/21_robot/RobWork/build/staging-wp24-t09/plugins/imageformats/qgif.dll
-- Installing: D:/10_Source_Repos/21_robot/RobWork/build/staging-wp24-t09/plugins/imageformats/qico.dll
-- Installing: D:/10_Source_Repos/21_robot/RobWork/build/staging-wp24-t09/plugins/imageformats/qjpeg.dll
-- Installing: D:/10_Source_Repos/21_robot/RobWork/build/staging-wp24-t09/plugins/imageformats/qsvg.dll
-- Installing: D:/10_Source_Repos/21_robot/RobWork/build/staging-wp24-t09/bin/qt.conf
-- Installing: D:/10_Source_Repos/21_robot/RobWork/build/staging-wp24-t09/share/baseline.md
