[==========] Running 11 tests from 2 test suites.
[----------] Global test environment set-up.
[----------] 5 tests from KinBuildGraph
[ RUN      ] KinBuildGraph.UnitEdgesSixRegisteredAndClosed_WP15T02_ACC3
[       OK ] KinBuildGraph.UnitEdgesSixRegisteredAndClosed_WP15T02_ACC3 (0 ms)
[ RUN      ] KinBuildGraph.SixRegisteredEdgesPresent_WP15T02_ACC3
[       OK ] KinBuildGraph.SixRegisteredEdgesPresent_WP15T02_ACC3 (0 ms)
[ RUN      ] KinBuildGraph.NoBusinessUnitOrExtraPlatformEdge_WP15T02_ACC5
[       OK ] KinBuildGraph.NoBusinessUnitOrExtraPlatformEdge_WP15T02_ACC5 (0 ms)
[ RUN      ] KinBuildGraph.NoTestkitEdgeOnProductTarget_WP15T02_ACC3
[       OK ] KinBuildGraph.NoTestkitEdgeOnProductTarget_WP15T02_ACC3 (0 ms)
[ RUN      ] KinBuildGraph.IncludeFaceMatchesRegisteredEdges_WP15T02_ACC5
[       OK ] KinBuildGraph.IncludeFaceMatchesRegisteredEdges_WP15T02_ACC5 (1 ms)
[----------] 5 tests from KinBuildGraph (2 ms total)

[----------] 6 tests from KinPoseMetricsEval
[ RUN      ] KinPoseMetricsEval.DescriptorMatchesSection43Row_WP15T03_ACC4
[       OK ] KinPoseMetricsEval.DescriptorMatchesSection43Row_WP15T03_ACC4 (0 ms)
[ RUN      ] KinPoseMetricsEval.KeyWordFormGateCompliant_WP15T03_ACC4
[       OK ] KinPoseMetricsEval.KeyWordFormGateCompliant_WP15T03_ACC4 (0 ms)
[ RUN      ] KinPoseMetricsEval.HostInjectionFactoryProducesEvaluator_WP15T03_ACC4
[       OK ] KinPoseMetricsEval.HostInjectionFactoryProducesEvaluator_WP15T03_ACC4 (0 ms)
[ RUN      ] KinPoseMetricsEval.AssemblyFailFastRejectsIllegalQuery_WP15T03_ACC3
[       OK ] KinPoseMetricsEval.AssemblyFailFastRejectsIllegalQuery_WP15T03_ACC3 (0 ms)
[ RUN      ] KinPoseMetricsEval.StructuredErrorMaterialNoTcp_WP15T03_ACC3
[       OK ] KinPoseMetricsEval.StructuredErrorMaterialNoTcp_WP15T03_ACC3 (0 ms)
[ RUN      ] KinPoseMetricsEval.DeterministicBytesAcrossCallsAndModes_WP15T03_ACC4
[       OK ] KinPoseMetricsEval.DeterministicBytesAcrossCallsAndModes_WP15T03_ACC4 (0 ms)
[----------] 6 tests from KinPoseMetricsEval (0 ms total)

[----------] Global test environment tear-down
[==========] 11 tests from 2 test suites ran. (3 ms total)
[  PASSED  ] 11 tests.
