[==========] Running 40 tests from 7 test suites.
[----------] Global test environment set-up.
[----------] 1 test from UiGuiPlacement
[ RUN      ] UiGuiPlacement.GuiTargetRegistration_UI_GUIBUILD
[       OK ] UiGuiPlacement.GuiTargetRegistration_UI_GUIBUILD (0 ms)
[----------] 1 test from UiGuiPlacement (0 ms total)

[----------] 6 tests from WorkbenchShellGuiTest
[ RUN      ] WorkbenchShellGuiTest.FiveZoneLayout_PersistsAcrossSessions_UI_WB_1
[       OK ] WorkbenchShellGuiTest.FiveZoneLayout_PersistsAcrossSessions_UI_WB_1 (457 ms)
[ RUN      ] WorkbenchShellGuiTest.ResetLayout_RestoresFactory_UI_WB_2
[       OK ] WorkbenchShellGuiTest.ResetLayout_RestoresFactory_UI_WB_2 (197 ms)
[ RUN      ] WorkbenchShellGuiTest.CorruptLayoutMemory_FallsBackWithDevDiagnostic_UI_WB_3
[       OK ] WorkbenchShellGuiTest.CorruptLayoutMemory_FallsBackWithDevDiagnostic_UI_WB_3 (137 ms)
[ RUN      ] WorkbenchShellGuiTest.NoProjectHomepage_CommandGating_UI_SES_1
[       OK ] WorkbenchShellGuiTest.NoProjectHomepage_CommandGating_UI_SES_1 (143 ms)
[ RUN      ] WorkbenchShellGuiTest.RecentProjects_CapDedupPersist_PM_10_PM_14
[       OK ] WorkbenchShellGuiTest.RecentProjects_CapDedupPersist_PM_10_PM_14 (73 ms)
[ RUN      ] WorkbenchShellGuiTest.CentralView3DPlaceholder_RegistrationAndRedLines_UX11_KIN06
[       OK ] WorkbenchShellGuiTest.CentralView3DPlaceholder_RegistrationAndRedLines_UX11_KIN06 (142 ms)
[----------] 6 tests from WorkbenchShellGuiTest (1153 ms total)

[----------] 12 tests from WorkbenchContentGuiTest
[ RUN      ] WorkbenchContentGuiTest.TwoPhaseAssemblyContract_UI_SPLIT
[       OK ] WorkbenchContentGuiTest.TwoPhaseAssemblyContract_UI_SPLIT (13 ms)
[ RUN      ] WorkbenchContentGuiTest.BuildValidationRejectsIncompleteDeps_UI_SPLIT
[       OK ] WorkbenchContentGuiTest.BuildValidationRejectsIncompleteDeps_UI_SPLIT (1 ms)
[ RUN      ] WorkbenchContentGuiTest.EmbeddedMemoryFlagsOnlyBoundary_UI_SPLIT
[       OK ] WorkbenchContentGuiTest.EmbeddedMemoryFlagsOnlyBoundary_UI_SPLIT (33 ms)
[ RUN      ] WorkbenchContentGuiTest.EmbeddedCorruptMemoryFallsBackWithDevDiagnostic_UI_SPLIT
[       OK ] WorkbenchContentGuiTest.EmbeddedCorruptMemoryFallsBackWithDevDiagnostic_UI_SPLIT (27 ms)
[ RUN      ] WorkbenchContentGuiTest.SessionEntryOverrideRoutesShellEntries_UI_SPLIT
[       OK ] WorkbenchContentGuiTest.SessionEntryOverrideRoutesShellEntries_UI_SPLIT (13 ms)
[ RUN      ] WorkbenchContentGuiTest.SaveCloseEntryOverrideRoutesShellEntries_UI_SPLIT
[       OK ] WorkbenchContentGuiTest.SaveCloseEntryOverrideRoutesShellEntries_UI_SPLIT (13 ms)
[ RUN      ] WorkbenchContentGuiTest.EmbeddedCentralYieldPage_UI_SPLIT
[       OK ] WorkbenchContentGuiTest.EmbeddedCentralYieldPage_UI_SPLIT (14 ms)
[ RUN      ] WorkbenchContentGuiTest.ContentCommandRegistryAccessorServesLiveRegistry_B1_UI_T19
[       OK ] WorkbenchContentGuiTest.ContentCommandRegistryAccessorServesLiveRegistry_B1_UI_T19 (13 ms)
[ RUN      ] WorkbenchContentGuiTest.StagePanelPageHostingAndSwitching_WP24_T03B
[       OK ] WorkbenchContentGuiTest.StagePanelPageHostingAndSwitching_WP24_T03B (15 ms)
[ RUN      ] WorkbenchContentGuiTest.DomainCommandRegistrationAndHonestFeedback_WP24_T03B
[       OK ] WorkbenchContentGuiTest.DomainCommandRegistrationAndHonestFeedback_WP24_T03B (11 ms)
[ RUN      ] WorkbenchContentGuiTest.DomainCommandCatalogTenRegisteredDeterministic_WP24_T03B
[       OK ] WorkbenchContentGuiTest.DomainCommandCatalogTenRegisteredDeterministic_WP24_T03B (41 ms)
[ RUN      ] WorkbenchContentGuiTest.DomainCommandGatingNoProjectAndReadonly_WP24_T03B
[       OK ] WorkbenchContentGuiTest.DomainCommandGatingNoProjectAndReadonly_WP24_T03B (16 ms)
[----------] 12 tests from WorkbenchContentGuiTest (215 ms total)

[----------] 3 tests from CommandPaletteGuiTest
[ RUN      ] CommandPaletteGuiTest.PaletteOpensViaDefaultShortcut_UI_PALETTE_1
[       OK ] CommandPaletteGuiTest.PaletteOpensViaDefaultShortcut_UI_PALETTE_1 (128 ms)
[ RUN      ] CommandPaletteGuiTest.PaletteFilterNavigateExecute_UI_PALETTE_2
[       OK ] CommandPaletteGuiTest.PaletteFilterNavigateExecute_UI_PALETTE_2 (164 ms)
[ RUN      ] CommandPaletteGuiTest.UserRebindPersistsAcrossSessions_UI_PALETTE_3
[       OK ] CommandPaletteGuiTest.UserRebindPersistsAcrossSessions_UI_PALETTE_3 (304 ms)
[----------] 3 tests from CommandPaletteGuiTest (598 ms total)

[----------] 5 tests from PolicySummaryCardGuiTest
[ RUN      ] PolicySummaryCardGuiTest.LoadedProjection_RendersModelRows_UI_T07_ACC1_ACC3
[       OK ] PolicySummaryCardGuiTest.LoadedProjection_RendersModelRows_UI_T07_ACC1_ACC3 (115 ms)
[ RUN      ] PolicySummaryCardGuiTest.Unloaded_RendersPlaceholder_UI_T07_ACC1
[       OK ] PolicySummaryCardGuiTest.Unloaded_RendersPlaceholder_UI_T07_ACC1 (114 ms)
[ RUN      ] PolicySummaryCardGuiTest.CardIsReadOnly_NoEditableControls_UI_T07_ACC1
[       OK ] PolicySummaryCardGuiTest.CardIsReadOnly_NoEditableControls_UI_T07_ACC1 (138 ms)
[ RUN      ] PolicySummaryCardGuiTest.EditEntry_ShowsDeferredNotice_UI_T07_ACC2
[       OK ] PolicySummaryCardGuiTest.EditEntry_ShowsDeferredNotice_UI_T07_ACC2 (121 ms)
[ RUN      ] PolicySummaryCardGuiTest.RefreshOnContextInjection_UI_T07_ACC3
[       OK ] PolicySummaryCardGuiTest.RefreshOnContextInjection_UI_T07_ACC3 (144 ms)
[----------] 5 tests from PolicySummaryCardGuiTest (635 ms total)

[----------] 10 tests from ParamTablePanelGuiTest
[ RUN      ] ParamTablePanelGuiTest.StructureAndValueUnitColumns_UI_T08_ACC1
[       OK ] ParamTablePanelGuiTest.StructureAndValueUnitColumns_UI_T08_ACC1 (106 ms)
[ RUN      ] ParamTablePanelGuiTest.InPlaceErrorKeepsValue_UI_T08_ACC1
[       OK ] ParamTablePanelGuiTest.InPlaceErrorKeepsValue_UI_T08_ACC1 (100 ms)
[ RUN      ] ParamTablePanelGuiTest.ApplyViaInlineConfirmRegion_UX07_UI_T08_ACC1
[       OK ] ParamTablePanelGuiTest.ApplyViaInlineConfirmRegion_UX07_UI_T08_ACC1 (126 ms)
[ RUN      ] ParamTablePanelGuiTest.ConfirmRegionDeclineKeepsStaged_UX07_UI_T08_ACC1
[       OK ] ParamTablePanelGuiTest.ConfirmRegionDeclineKeepsStaged_UX07_UI_T08_ACC1 (108 ms)
[ RUN      ] ParamTablePanelGuiTest.CancelRestore_UI_T08_ACC1
[       OK ] ParamTablePanelGuiTest.CancelRestore_UI_T08_ACC1 (121 ms)
[ RUN      ] ParamTablePanelGuiTest.BatchPasteImpactDetail_UI_T08_ACC1
[       OK ] ParamTablePanelGuiTest.BatchPasteImpactDetail_UI_T08_ACC1 (164 ms)
[ RUN      ] ParamTablePanelGuiTest.NoOutletDisablesApply_UI_T08_ACC2
[       OK ] ParamTablePanelGuiTest.NoOutletDisablesApply_UI_T08_ACC2 (119 ms)
[ RUN      ] ParamTablePanelGuiTest.DevDiagnosticsToggleNeverEntersEditSet_UX04_UX07_UI_T08_ACC1
[       OK ] ParamTablePanelGuiTest.DevDiagnosticsToggleNeverEntersEditSet_UX04_UX07_UI_T08_ACC1 (116 ms)
[ RUN      ] ParamTablePanelGuiTest.UnitSwitchIsDisplayOnly_KIN12_UI_T08_ACC1
[       OK ] ParamTablePanelGuiTest.UnitSwitchIsDisplayOnly_KIN12_UI_T08_ACC1 (107 ms)
[ RUN      ] ParamTablePanelGuiTest.FilterRowsByKeySubstring_UI_T08_ACC1
[       OK ] ParamTablePanelGuiTest.FilterRowsByKeySubstring_UI_T08_ACC1 (116 ms)
[----------] 10 tests from ParamTablePanelGuiTest (1186 ms total)

[----------] 3 tests from AboutDialogGuiTest
[ RUN      ] AboutDialogGuiTest.AboutDialogShowsBaselineAndListSameSource_UI_PLG_2_UI_T10_ACC1
[       OK ] AboutDialogGuiTest.AboutDialogShowsBaselineAndListSameSource_UI_PLG_2_UI_T10_ACC1 (194 ms)
[ RUN      ] AboutDialogGuiTest.AboutDialogWithoutSourceShowsPlaceholders_UI_PLG_2_UI_T10
[       OK ] AboutDialogGuiTest.AboutDialogWithoutSourceShowsPlaceholders_UI_PLG_2_UI_T10 (194 ms)
[ RUN      ] AboutDialogGuiTest.HelpContentsMissingManualGivesVisibleFeedback_UX14_UI_T10
[       OK ] AboutDialogGuiTest.HelpContentsMissingManualGivesVisibleFeedback_UX14_UI_T10 (124 ms)
[----------] 3 tests from AboutDialogGuiTest (513 ms total)

[----------] Global test environment tear-down
[==========] 40 tests from 7 test suites ran. (4302 ms total)
[  PASSED  ] 40 tests.
