适用于 .NET Framework MSBuild 版本 17.12.6+db5f6012c

  ird_gates：依赖红线与补丁门禁（R-1~R-5/T-1/T-2/SUB/SA-02＋引擎自测）
  IRD-GATE-SUB: 娴嬭瘯鐩爣 sdurws_ird_diagnostics_contract_test 鐩撮摼浠栧崟鍏冧骇鍝佺洰鏍?sdurws_ird_testkit锛堝厑璁稿舰鎬佷粎鍚屽崟鍏冭娴嬬洰鏍囷紱璺ㄥ崟鍏冮渶姹傜粡 testkit 鏇胯韩鎴?DTB 搂4.5 鐧昏锛?IRD-GATE-SUB: 娴嬭瘯鐩爣 sdurws_ird_evidence_test 鐩撮摼浠栧崟鍏冧骇鍝佺洰鏍?sdurws_ird_testkit锛堝厑璁稿舰鎬佷粎鍚屽崟鍏冭娴嬬洰鏍囷紱璺ㄥ崟鍏冮渶姹傜粡 testkit 鏇胯韩鎴?DTB 搂4.5 鐧昏锛?IRD-GATE-SUB: 娴嬭瘯鐩爣 sdurws_ird_evidence_contract_test 鐩撮摼浠栧崟鍏冧骇鍝佺洰鏍?sdurws_ird_testkit锛堝厑璁稿舰鎬佷粎鍚屽崟鍏冭娴嬬洰鏍囷紱璺ㄥ崟鍏冮渶姹傜粡 testkit 鏇胯韩鎴?DTB 搂4.5 鐧昏锛?IRD-GATE-SUB: 娴嬭瘯鐩爣 sdurws_ird_policy_test 鐩撮摼浠栧崟鍏冧骇鍝佺洰鏍?sdurws_ird_testkit锛堝厑璁稿舰鎬佷粎鍚屽崟鍏冭娴嬬洰鏍囷紱璺ㄥ崟鍏冮渶姹傜粡 testkit 鏇胯韩鎴?DTB 搂4.5 鐧昏锛?IRD-GATE-SUB: 娴嬭瘯鐩爣 sdurws_ird_policy_contract_test 鐩撮摼浠栧崟鍏冧骇鍝佺洰鏍?sdurws_ird_testkit锛堝厑璁稿舰鎬佷粎鍚屽崟鍏冭娴嬬洰鏍囷紱璺ㄥ崟鍏冮渶姹傜粡 testkit 鏇胯韩鎴?DTB 搂4.5 鐧昏锛?IRD-GATE-SUB: 娴嬭瘯鐩爣 sdurws_ird_project_test 鐩撮摼浠栧崟鍏冧骇鍝佺洰鏍?sdurws_ird_testkit锛堝厑璁稿舰鎬佷粎鍚屽崟鍏冭娴嬬洰鏍囷紱璺ㄥ崟鍏冮渶姹傜粡 testkit 鏇胯韩鎴?DTB 搂4.5 鐧昏锛?IRD-GATE-SUB: 娴嬭瘯鐩爣 sdurws_ird_project_contract_test 鐩撮摼浠栧崟鍏冧骇鍝佺洰鏍?sdurws_ird_testkit锛堝厑璁稿舰鎬佷粎鍚屽崟鍏冭娴嬬洰鏍囷紱璺ㄥ崟鍏冮渶姹傜粡 testkit 鏇胯韩鎴?DTB 搂4.5 鐧昏锛?IRD-GATE-SUB: 娴嬭瘯鐩爣 sdurws_ird_runtime_test 鐩撮摼浠栧崟鍏冧骇鍝佺洰鏍?sdurws_ird_testkit锛堝厑璁稿舰鎬佷粎鍚屽崟鍏冭娴嬬洰鏍囷紱璺ㄥ崟鍏冮渶姹傜粡 testkit 鏇胯韩鎴?DTB 搂4.5 鐧昏锛?IRD-GATE-SUB: 琛ㄥ渚濊禆杈?->testkit锛坰durws_ird_testdata_lint 鈫?sdurws_ird_testkit锛変笉鍦?ARCH 搂3.5 鐧藉悕鍗?IRD-GATE-T1: 浜у搧鐩爣 sdurws_ird_testdata_lint 閾炬帴 testkit锛坱estkit.md 搂2.4 T-1锛氫骇鍝佺洰鏍囦笉寰楅摼鎺?鍖呭惈 testkit锛?IRD-GATE-R4: project 浜у搧闈㈠彂鐜?RobWork 瀛楅潰閲?1 澶勶紙鐤戝墠缂€鎷兼帴/鍓ョ锛夛細D:/10_Source_Repos/21_robot/RobWork/RobWork/RobWorkStudio/src/rwslibs/industrialrobot/project/src/ProjectStoreImpl.cpp锛堜緥澶栭』 DTB 搂4.5 鐧昏锛?[ird_gates] 鑷祴 pass_clean锛氬共鍑€澶瑰叿閫氳繃锛堟棤璇姤锛?[ird_gates] 鑷祴 pass_r4comment锛氬共鍑€澶瑰叿閫氳繃锛堟棤璇姤锛?[ird_gates] 鑷祴 fail_r1锛氭寜棰勬湡妫€鍑?IRD-GATE-R1
  [ird_gates] 鑷祴 fail_t1锛氭寜棰勬湡妫€鍑?IRD-GATE-T1
  [ird_gates] 鑷祴 fail_r5锛氭寜棰勬湡妫€鍑?IRD-GATE-R5
  [ird_gates] 鑷祴 fail_sub锛氭寜棰勬湡妫€鍑?IRD-GATE-SUB
  [ird_gates] 鑷祴 fail_r3锛氭寜棰勬湡妫€鍑?IRD-GATE-R3
  [ird_gates] 鑷祴 fail_r4锛氭寜棰勬湡妫€鍑?IRD-GATE-R4
  [ird_gates] 鑷祴 fail_t2锛氭寜棰勬湡妫€鍑?IRD-GATE-T2
  ==============================================================
  [ird_gates] 鎵弿鏍癸細D:/10_Source_Repos/21_robot/RobWork/RobWork/RobWorkStudio/src/rwslibs/industrialrobot
  [ird_gates] 鍛戒腑 11 椤癸細
  [ird_gates] IRD-GATE-SUB: 娴嬭瘯鐩爣 sdurws_ird_diagnostics_contract_test 鐩撮摼浠栧崟鍏冧骇鍝佺洰鏍?sdurws_ird_testkit锛堝厑璁稿舰鎬佷粎鍚屽崟鍏冭娴嬬洰鏍囷紱璺ㄥ崟鍏冮渶姹傜粡 testkit 鏇胯韩鎴?DTB 搂4.5 鐧昏锛?[ird_gates] IRD-GATE-SUB: 娴嬭瘯鐩爣 sdurws_ird_evidence_test 鐩撮摼浠栧崟鍏冧骇鍝佺洰鏍?sdurws_ird_testkit锛堝厑璁稿舰鎬佷粎鍚屽崟鍏冭娴嬬洰鏍囷紱璺ㄥ崟鍏冮渶姹傜粡 testkit 鏇胯韩鎴?DTB 搂4.5 鐧昏锛?[ird_gates] IRD-GATE-SUB: 娴嬭瘯鐩爣 sdurws_ird_evidence_contract_test 鐩撮摼浠栧崟鍏冧骇鍝佺洰鏍?sdurws_ird_testkit锛堝厑璁稿舰鎬佷粎鍚屽崟鍏冭娴嬬洰鏍囷紱璺ㄥ崟鍏冮渶姹傜粡 testkit 鏇胯韩鎴?DTB 搂4.5 鐧昏锛?[ird_gates] IRD-GATE-SUB: 娴嬭瘯鐩爣 sdurws_ird_policy_test 鐩撮摼浠栧崟鍏冧骇鍝佺洰鏍?sdurws_ird_testkit锛堝厑璁稿舰鎬佷粎鍚屽崟鍏冭娴嬬洰鏍囷紱璺ㄥ崟鍏冮渶姹傜粡 testkit 鏇胯韩鎴?DTB 搂4.5 鐧昏锛?[ird_gates] IRD-GATE-SUB: 娴嬭瘯鐩爣 sdurws_ird_policy_contract_test 鐩撮摼浠栧崟鍏冧骇鍝佺洰鏍?sdurws_ird_testkit锛堝厑璁稿舰鎬佷粎鍚屽崟鍏冭娴嬬洰鏍囷紱璺ㄥ崟鍏冮渶姹傜粡 testkit 鏇胯韩鎴?DTB 搂4.5 鐧昏锛?[ird_gates] IRD-GATE-SUB: 娴嬭瘯鐩爣 sdurws_ird_project_test 鐩撮摼浠栧崟鍏冧骇鍝佺洰鏍?sdurws_ird_testkit锛堝厑璁稿舰鎬佷粎鍚屽崟鍏冭娴嬬洰鏍囷紱璺ㄥ崟鍏冮渶姹傜粡 testkit 鏇胯韩鎴?DTB 搂4.5 鐧昏锛?[ird_gates] IRD-GATE-SUB: 娴嬭瘯鐩爣 sdurws_ird_project_contract_test 鐩撮摼浠栧崟鍏冧骇鍝佺洰鏍?sdurws_ird_testkit锛堝厑璁稿舰鎬佷粎鍚屽崟鍏冭娴嬬洰鏍囷紱璺ㄥ崟鍏冮渶姹傜粡 testkit 鏇胯韩鎴?DTB 搂4.5 鐧昏锛?[ird_gates] IRD-GATE-SUB: 娴嬭瘯鐩爣 sdurws_ird_runtime_test 鐩撮摼浠栧崟鍏冧骇鍝佺洰鏍?sdurws_ird_testkit锛堝厑璁稿舰鎬佷粎鍚屽崟鍏冭娴嬬洰鏍囷紱璺ㄥ崟鍏冮渶姹傜粡 testkit 鏇胯韩鎴?DTB 搂4.5 鐧昏锛?[ird_gates] IRD-GATE-SUB: 琛ㄥ渚濊禆杈?->testkit锛坰durws_ird_testdata_lint 鈫?sdurws_ird_testkit锛変笉鍦?ARCH 搂3.5 鐧藉悕鍗?[ird_gates] IRD-GATE-T1: 浜у搧鐩爣 sdurws_ird_testdata_lint 閾炬帴 testkit锛坱estkit.md 搂2.4 T-1锛氫骇鍝佺洰鏍囦笉寰楅摼鎺?鍖呭惈 testkit锛?[ird_gates] IRD-GATE-R4: project 浜у搧闈㈠彂鐜?RobWork 瀛楅潰閲?1 澶勶紙鐤戝墠缂€鎷兼帴/鍓ョ锛夛細D:/10_Source_Repos/21_robot/RobWork/RobWork/RobWorkStudio/src/rwslibs/industrialrobot/project/src/ProjectStoreImpl.cpp锛堜緥澶栭』 DTB 搂4.5 鐧昏锛?==============================================================
  CMake Error at cmake/ird_gates.cmake:767 (message):
    [ird_gates] 渚濊禆绾㈢嚎/琛ヤ竵闂ㄧ瀛樺湪 11 澶勫懡涓€斺€旀寜 ARCH
    搂3.2 SA-10 鍒ゆ瀯寤哄け璐ワ紱渚嬪鍙粡 DTB 搂4.5 鐧昏鍐?
  
D:\software\Microsoft Visual Studio\2022\Community\MSBuild\Microsoft\VC\v170\Microsoft.CppCommon.targets(254,5): error MSB8066: “D:\10_Source_Repos\21_robot\RobWork\build\CMakeFiles\e40f33939983c9e6b16d79306cec3367\ird_gates.rule”的自定义生成已退出，代码为 1。 [D:\10_Source_Repos\21_robot\RobWork\build\RobWorkStudio\src\rwslibs\industrialrobot\ird_gates.vcxproj]

------ 实施者注记（wp04-t15，2026-09-17）------
rc=1（命中 11 项＝wp04-t14 基线 9 项＋本任务新增 2 项，新增项均为已登记例外类的同型实例）：
  新增命中（逐条）：
  - IRD-GATE-SUB: 测试目标 sdurws_ird_project_test 直链他单元产品目标 sdurws_ird_testkit
  - IRD-GATE-SUB: 测试目标 sdurws_ird_project_contract_test 直链他单元产品目标 sdurws_ird_testkit
  处置依据：PRJ-T15 契约 interUnit=true 判定（消费 testkit 公共测试设施——FaultInterceptor/
  TempDir/TestProcessRunner/EventWatch/ContractCheck/RecordListener）；testkit.md §10.2 project 行
  （交接表登记的 testkit 消费方）；DTB §4.5 登记册既有例外行「各 _test/_contract_test 经
  testkit/policy 替身消费（生效，2026-09-10）」；T-1 红线面未动——产品目标 sdurws_ird_project
  零 testkit 边由 LinkageContractTest.NoTestkitEdge_DT_BUILD_T1 双侧钉住（本任务增量修订）。
  待办（归 WP-01-T03 登记册持续维护，非本任务 allowedFiles）：DTB §4.5 增补上述两条 SUB 实例行。
  门禁自测（pass_clean/pass_r4comment/fail_r1/fail_t1/fail_r5/fail_sub/fail_r3/fail_r4/fail_t2）全部按预期通过。
