== 冒烟配置（vcpkg toolchain）==
-- Selecting Windows SDK version 10.0.22621.0 to target Windows 10.0.26200.
-- industrialrobot: standalone smoke mode（独立冒烟，不代表集成构建）
-- Configuring done (0.0s)
-- Generating done (0.5s)
-- Build files have been written to: D:/10_Source_Repos/21_robot/RobWork/build-smoke-wp09-t06
== 配置 EXIT=0 ==
适用于 .NET Framework MSBuild 版本 17.12.6+db5f6012c

  1>Checking Build System
  sdurws_ird_core.vcxproj -> D:\10_Source_Repos\21_robot\RobWork\build-smoke-wp09-t06\core\Release\sdurws_ird_core.lib
  sdurws_ird_core_test.vcxproj -> D:\10_Source_Repos\21_robot\RobWork\build-smoke-wp09-t06\core\Release\sdurws_ird_core_test.exe
  sdurws_ird_diagnostics.vcxproj -> D:\10_Source_Repos\21_robot\RobWork\build-smoke-wp09-t06\diagnostics\Release\sdurws_ird_diagnostics.lib
  sdurws_ird_diagnostics_contract_test.vcxproj -> D:\10_Source_Repos\21_robot\RobWork\build-smoke-wp09-t06\diagnostics\Release\sdurws_ird_diagnostics_contract_test.exe
  sdurws_ird_diagnostics_test.vcxproj -> D:\10_Source_Repos\21_robot\RobWork\build-smoke-wp09-t06\diagnostics\Release\sdurws_ird_diagnostics_test.exe
  sdurws_ird_evidence.vcxproj -> D:\10_Source_Repos\21_robot\RobWork\build-smoke-wp09-t06\evidence\Release\sdurws_ird_evidence.lib
  sdurws_ird_testkit.vcxproj -> D:\10_Source_Repos\21_robot\RobWork\build-smoke-wp09-t06\testkit\Release\sdurws_ird_testkit.lib
  sdurws_ird_evidence_contract_test.vcxproj -> D:\10_Source_Repos\21_robot\RobWork\build-smoke-wp09-t06\evidence\Release\sdurws_ird_evidence_contract_test.exe
  sdurws_ird_evidence_test.vcxproj -> D:\10_Source_Repos\21_robot\RobWork\build-smoke-wp09-t06\evidence\Release\sdurws_ird_evidence_test.exe
  sdurws_ird_policy.vcxproj -> D:\10_Source_Repos\21_robot\RobWork\build-smoke-wp09-t06\policy\Release\sdurws_ird_policy.lib
  sdurws_ird_policy_contract_test.vcxproj -> D:\10_Source_Repos\21_robot\RobWork\build-smoke-wp09-t06\policy\Release\sdurws_ird_policy_contract_test.exe
  sdurws_ird_policy_test.vcxproj -> D:\10_Source_Repos\21_robot\RobWork\build-smoke-wp09-t06\policy\Release\sdurws_ird_policy_test.exe
  sdurws_ird_runtime.vcxproj -> D:\10_Source_Repos\21_robot\RobWork\build-smoke-wp09-t06\runtime\Release\sdurws_ird_runtime.lib
  sdurws_ird_runtime_test.vcxproj -> D:\10_Source_Repos\21_robot\RobWork\build-smoke-wp09-t06\runtime\Release\sdurws_ird_runtime_test.exe
  sdurws_ird_testdata_lint.vcxproj -> D:\10_Source_Repos\21_robot\RobWork\build-smoke-wp09-t06\testkit\Release\sdurws_ird_testdata_lint.exe
  sdurws_ird_testkit_prochelper.vcxproj -> D:\10_Source_Repos\21_robot\RobWork\build-smoke-wp09-t06\testkit\Release\sdurws_ird_testkit_prochelper.exe
  sdurws_ird_testkit_test.vcxproj -> D:\10_Source_Repos\21_robot\RobWork\build-smoke-wp09-t06\testkit\Release\sdurws_ird_testkit_test.exe
  Building Custom Rule D:/10_Source_Repos/21_robot/RobWork/RobWork/RobWorkStudio/src/rwslibs/industrialrobot/CMakeLists.txt
== 构建 EXIT=0 ==
