适用于 .NET Framework MSBuild 版本 17.12.6+db5f6012c

  sdurws_ird_core.vcxproj -> D:\10_Source_Repos\21_robot\RobWork\build\pipeline-wt2\build-smoke\core\Release\sdurws_ird_core.lib
  sdurws_ird_diagnostics.vcxproj -> D:\10_Source_Repos\21_robot\RobWork\build\pipeline-wt2\build-smoke\diagnostics\Release\sdurws_ird_diagnostics.lib
  sdurws_ird_io.vcxproj -> D:\10_Source_Repos\21_robot\RobWork\build\pipeline-wt2\build-smoke\io\Release\sdurws_ird_io.lib
  sdurws_ird_policy.vcxproj -> D:\10_Source_Repos\21_robot\RobWork\build\pipeline-wt2\build-smoke\policy\Release\sdurws_ird_policy.lib
  sdurws_ird_project.vcxproj -> D:\10_Source_Repos\21_robot\RobWork\build\pipeline-wt2\build-smoke\project\Release\sdurws_ird_project.lib
  sdurws_ird_runtime.vcxproj -> D:\10_Source_Repos\21_robot\RobWork\build\pipeline-wt2\build-smoke\runtime\Release\sdurws_ird_runtime.lib
  sdurws_ird_modeling.vcxproj -> D:\10_Source_Repos\21_robot\RobWork\build\pipeline-wt2\build-smoke\modeling\Release\sdurws_ird_modeling.lib
  sdurws_ird_ui.vcxproj -> D:\10_Source_Repos\21_robot\RobWork\build\pipeline-wt2\build-smoke\ui\Release\sdurws_ird_ui.lib
  Automatic MOC for target sdurws_ird_modeling_plugin
  sdurws_ird_modeling_plugin.vcxproj -> D:\10_Source_Repos\21_robot\RobWork\build\pipeline-wt2\build-smoke\modeling\Release\sdurws_ird_modeling_plugin.lib
  sdurws_ird_testkit.vcxproj -> D:\10_Source_Repos\21_robot\RobWork\build\pipeline-wt2\build-smoke\testkit\Release\sdurws_ird_testkit.lib
  sdurws_ird_modeling_test.vcxproj -> D:\10_Source_Repos\21_robot\RobWork\build\pipeline-wt2\build-smoke\modeling\Release\sdurws_ird_modeling_test.exe
适用于 .NET Framework MSBuild 版本 17.12.6+db5f6012c

  sdurws_ird_core.vcxproj -> D:\10_Source_Repos\21_robot\RobWork\build\pipeline-wt2\build-smoke\core\Release\sdurws_ird_core.lib
  sdurws_ird_diagnostics.vcxproj -> D:\10_Source_Repos\21_robot\RobWork\build\pipeline-wt2\build-smoke\diagnostics\Release\sdurws_ird_diagnostics.lib
  sdurws_ird_io.vcxproj -> D:\10_Source_Repos\21_robot\RobWork\build\pipeline-wt2\build-smoke\io\Release\sdurws_ird_io.lib
  sdurws_ird_policy.vcxproj -> D:\10_Source_Repos\21_robot\RobWork\build\pipeline-wt2\build-smoke\policy\Release\sdurws_ird_policy.lib
  sdurws_ird_project.vcxproj -> D:\10_Source_Repos\21_robot\RobWork\build\pipeline-wt2\build-smoke\project\Release\sdurws_ird_project.lib
  sdurws_ird_runtime.vcxproj -> D:\10_Source_Repos\21_robot\RobWork\build\pipeline-wt2\build-smoke\runtime\Release\sdurws_ird_runtime.lib
  sdurws_ird_modeling.vcxproj -> D:\10_Source_Repos\21_robot\RobWork\build\pipeline-wt2\build-smoke\modeling\Release\sdurws_ird_modeling.lib
  sdurws_ird_testkit.vcxproj -> D:\10_Source_Repos\21_robot\RobWork\build\pipeline-wt2\build-smoke\testkit\Release\sdurws_ird_testkit.lib
  sdurws_ird_modeling_contract_test.vcxproj -> D:\10_Source_Repos\21_robot\RobWork\build\pipeline-wt2\build-smoke\modeling\Release\sdurws_ird_modeling_contract_test.exe
