适用于 .NET Framework MSBuild 版本 17.12.6+db5f6012c

  Auto build dll exports
  sdurw_core.vcxproj -> D:\10_Source_Repos\21_robot\wt_wp24t03_fix\build\RobWork\bin\Release\sdurw_core.dll
  Auto build dll exports
  sdurw_common.vcxproj -> D:\10_Source_Repos\21_robot\wt_wp24t03_fix\build\RobWork\bin\Release\sdurw_common.dll
  Auto build dll exports
  sdurw_math.vcxproj -> D:\10_Source_Repos\21_robot\wt_wp24t03_fix\build\RobWork\bin\Release\sdurw_math.dll
  Auto build dll exports
  sdurw_kinematics.vcxproj -> D:\10_Source_Repos\21_robot\wt_wp24t03_fix\build\RobWork\bin\Release\sdurw_kinematics.dll
  Auto build dll exports
  sdurw_geometry.vcxproj -> D:\10_Source_Repos\21_robot\wt_wp24t03_fix\build\RobWork\bin\Release\sdurw_geometry.dll
  Auto build dll exports
  sdurw_analytic_geometry.vcxproj -> D:\10_Source_Repos\21_robot\wt_wp24t03_fix\build\RobWork\bin\Release\sdurw_analytic_geometry.dll
  sdurw_analytic_geometry.rwplugin.vcxproj -> D:\10_Source_Repos\21_robot\wt_wp24t03_fix\build\RobWork\bin\Release\sdurw_analytic_geometry.rwplugin.dll
  pqp.vcxproj -> D:\10_Source_Repos\21_robot\wt_wp24t03_fix\build\RobWork\libs\Release\pqp.lib
  Auto build dll exports
  sdurw_sensor.vcxproj -> D:\10_Source_Repos\21_robot\wt_wp24t03_fix\build\RobWork\bin\Release\sdurw_sensor.dll
  Auto build dll exports
  sdurw_models.vcxproj -> D:\10_Source_Repos\21_robot\wt_wp24t03_fix\build\RobWork\bin\Release\sdurw_models.dll
  Auto build dll exports
  sdurw_proximity.vcxproj -> D:\10_Source_Repos\21_robot\wt_wp24t03_fix\build\RobWork\bin\Release\sdurw_proximity.dll
  Auto build dll exports
  sdurw_graphics.vcxproj -> D:\10_Source_Repos\21_robot\wt_wp24t03_fix\build\RobWork\bin\Release\sdurw_graphics.dll
  Auto build dll exports
  sdurw_trajectory.vcxproj -> D:\10_Source_Repos\21_robot\wt_wp24t03_fix\build\RobWork\bin\Release\sdurw_trajectory.dll
  Auto build dll exports
  sdurw_loaders.vcxproj -> D:\10_Source_Repos\21_robot\wt_wp24t03_fix\build\RobWork\bin\Release\sdurw_loaders.dll
  yaobi.vcxproj -> D:\10_Source_Repos\21_robot\wt_wp24t03_fix\build\RobWork\libs\Release\yaobi.lib
  Auto build dll exports
  sdurw_proximitystrategies.vcxproj -> D:\10_Source_Repos\21_robot\wt_wp24t03_fix\build\RobWork\bin\Release\sdurw_proximitystrategies.dll
  sdurw_proximitystrategies.rwplugin.vcxproj -> D:\10_Source_Repos\21_robot\wt_wp24t03_fix\build\RobWork\bin\Release\sdurw_proximitystrategies.rwplugin.dll
  sdurw_csgjs.vcxproj -> D:\10_Source_Repos\21_robot\wt_wp24t03_fix\build\RobWork\libs\Release\sdurw_csgjs.lib
  Auto build dll exports
  sdurw_csg.vcxproj -> D:\10_Source_Repos\21_robot\wt_wp24t03_fix\build\RobWork\bin\Release\sdurw_csg.dll
  Auto build dll exports
  sdurw_simplefinger.vcxproj -> D:\10_Source_Repos\21_robot\wt_wp24t03_fix\build\RobWork\bin\Release\sdurw_simplefinger.dll
  sdurw_simplefinger.rwplugin.vcxproj -> D:\10_Source_Repos\21_robot\wt_wp24t03_fix\build\RobWork\bin\Release\sdurw_simplefinger.rwplugin.dll
  Automatic MOC for target qtpropertybrowser
  qtpropertybrowser.vcxproj -> D:\10_Source_Repos\21_robot\wt_wp24t03_fix\build\RobWorkStudio\libs\Release\qtpropertybrowser.lib
  Auto build dll exports
  sdurw_graspplanning.vcxproj -> D:\10_Source_Repos\21_robot\wt_wp24t03_fix\build\RobWork\bin\Release\sdurw_graspplanning.dll
  Auto build dll exports
  sdurw_invkin.vcxproj -> D:\10_Source_Repos\21_robot\wt_wp24t03_fix\build\RobWork\bin\Release\sdurw_invkin.dll
  Auto build dll exports
  sdurw_pathplanning.vcxproj -> D:\10_Source_Repos\21_robot\wt_wp24t03_fix\build\RobWork\bin\Release\sdurw_pathplanning.dll
  Auto build dll exports
  sdurw_plugin.vcxproj -> D:\10_Source_Repos\21_robot\wt_wp24t03_fix\build\RobWork\bin\Release\sdurw_plugin.dll
  Auto build dll exports
  sdurw_task.vcxproj -> D:\10_Source_Repos\21_robot\wt_wp24t03_fix\build\RobWork\bin\Release\sdurw_task.dll
  Auto build dll exports
  sdurw_assembly.vcxproj -> D:\10_Source_Repos\21_robot\wt_wp24t03_fix\build\RobWork\bin\Release\sdurw_assembly.dll
  Auto build dll exports
  sdurw_opengl.vcxproj -> D:\10_Source_Repos\21_robot\wt_wp24t03_fix\build\RobWork\bin\Release\sdurw_opengl.dll
  Automatic MOC for target sdurws
  sdurws.vcxproj -> D:\10_Source_Repos\21_robot\wt_wp24t03_fix\build\RobWorkStudio\libs\Release\sdurws.lib
  Automatic MOC for target sdurws_atask
  sdurws_atask.vcxproj -> D:\10_Source_Repos\21_robot\wt_wp24t03_fix\build\RobWorkStudio\libs\plugins\Release\sdurws_atask.dll
  Automatic MOC for target sdurws_gtask
  sdurws_gtask.vcxproj -> D:\10_Source_Repos\21_robot\wt_wp24t03_fix\build\RobWorkStudio\libs\plugins\Release\sdurws_gtask.dll
  Auto build dll exports
  sdurw_control.vcxproj -> D:\10_Source_Repos\21_robot\wt_wp24t03_fix\build\RobWork\bin\Release\sdurw_control.dll
  Auto build dll exports
  sdurw_simulation.vcxproj -> D:\10_Source_Repos\21_robot\wt_wp24t03_fix\build\RobWork\bin\Release\sdurw_simulation.dll
  Automatic MOC for target sdurws_ird_core
  sdurws_ird_core.vcxproj -> D:\10_Source_Repos\21_robot\wt_wp24t03_fix\build\RobWorkStudio\libs\Release\sdurws_ird_core.lib
  Automatic MOC for target sdurws_ird_diagnostics
  sdurws_ird_diagnostics.vcxproj -> D:\10_Source_Repos\21_robot\wt_wp24t03_fix\build\RobWorkStudio\libs\Release\sdurws_ird_diagnostics.lib
  Automatic MOC for target sdurws_ird_io
  sdurws_ird_io.vcxproj -> D:\10_Source_Repos\21_robot\wt_wp24t03_fix\build\RobWorkStudio\libs\Release\sdurws_ird_io.lib
  Automatic MOC for target sdurws_ird_policy
  sdurws_ird_policy.vcxproj -> D:\10_Source_Repos\21_robot\wt_wp24t03_fix\build\RobWorkStudio\libs\Release\sdurws_ird_policy.lib
  Automatic MOC for target sdurws_ird_project
  sdurws_ird_project.vcxproj -> D:\10_Source_Repos\21_robot\wt_wp24t03_fix\build\RobWorkStudio\libs\Release\sdurws_ird_project.lib
  Auto build dll exports
  sdurw_algorithms.vcxproj -> D:\10_Source_Repos\21_robot\wt_wp24t03_fix\build\RobWork\bin\Release\sdurw_algorithms.dll
  Auto build dll exports
  sdurw_pathplanners.vcxproj -> D:\10_Source_Repos\21_robot\wt_wp24t03_fix\build\RobWork\bin\Release\sdurw_pathplanners.dll
  Automatic MOC and UIC for target sdurwsim
  Auto build dll exports
  sdurwsim.vcxproj -> D:\10_Source_Repos\21_robot\wt_wp24t03_fix\build\RobWorkSim\bin\Release\sdurwsim.dll
  Automatic MOC for target sdurws_ird_runtime
  sdurws_ird_runtime.vcxproj -> D:\10_Source_Repos\21_robot\wt_wp24t03_fix\build\RobWorkStudio\libs\Release\sdurws_ird_runtime.lib
  Automatic MOC for target sdurws_ird_modeling
  sdurws_ird_modeling.vcxproj -> D:\10_Source_Repos\21_robot\wt_wp24t03_fix\build\RobWorkStudio\libs\Release\sdurws_ird_modeling.lib
  Automatic MOC for target sdurws_ird_ui
  sdurws_ird_ui.vcxproj -> D:\10_Source_Repos\21_robot\wt_wp24t03_fix\build\RobWorkStudio\libs\Release\sdurws_ird_ui.lib
  Automatic MOC for target sdurws_ird_modeling_plugin
  sdurws_ird_modeling_plugin.vcxproj -> D:\10_Source_Repos\21_robot\wt_wp24t03_fix\build\RobWorkStudio\libs\Release\sdurws_ird_modeling_plugin.lib
  Automatic MOC for target sdurws_ird_ui_plugin
    正在创建库 D:/10_Source_Repos/21_robot/wt_wp24t03_fix/build/RobWorkStudio/libs/Release/sdurws_ird_ui_plugin.lib 和对象 D:/10_Source_Repos/21_robot/wt_wp24t03_fix/build/RobWorkStudio/libs/Release/sdurws_ird_ui_plugin.exp
  sdurws_ird_ui_plugin.vcxproj -> D:\10_Source_Repos\21_robot\wt_wp24t03_fix\build\RobWorkStudio\libs\Release\sdurws_ird_ui_plugin.dll
  Automatic MOC for target sdurws_plugin.rwplugin
  sdurws_plugin.rwplugin.vcxproj -> D:\10_Source_Repos\21_robot\wt_wp24t03_fix\build\RobWorkStudio\bin\Release\sdurws_plugin.rwplugin.dll
  Automatic MOC for target QCodeEditor
  QCodeEditor.vcxproj -> D:\10_Source_Repos\21_robot\wt_wp24t03_fix\build\RobWorkStudio\libs\Release\QCodeEditor.lib
  Auto build dll exports
  sdurw_pathoptimization.vcxproj -> D:\10_Source_Repos\21_robot\wt_wp24t03_fix\build\RobWork\bin\Release\sdurw_pathoptimization.dll
  Automatic MOC for target sdurws_jog
  sdurws_jog.vcxproj -> D:\10_Source_Repos\21_robot\wt_wp24t03_fix\build\RobWorkStudio\libs\Release\sdurws_jog.lib
  Automatic MOC for target sdurws_log
  sdurws_log.vcxproj -> D:\10_Source_Repos\21_robot\wt_wp24t03_fix\build\RobWorkStudio\libs\Release\sdurws_log.lib
  Automatic MOC for target sdurws_planning
  sdurws_planning.vcxproj -> D:\10_Source_Repos\21_robot\wt_wp24t03_fix\build\RobWorkStudio\libs\Release\sdurws_planning.lib
  Automatic MOC for target sdurws_playback
  sdurws_playback.vcxproj -> D:\10_Source_Repos\21_robot\wt_wp24t03_fix\build\RobWorkStudio\libs\Release\sdurws_playback.lib
  Automatic MOC for target sdurws_propertyview
  sdurws_propertyview.vcxproj -> D:\10_Source_Repos\21_robot\wt_wp24t03_fix\build\RobWorkStudio\libs\Release\sdurws_propertyview.lib
  Automatic MOC for target sdurws_pythoneditor
  sdurws_pythoneditor.vcxproj -> D:\10_Source_Repos\21_robot\wt_wp24t03_fix\build\RobWorkStudio\libs\Release\sdurws_pythoneditor.lib
  Automatic MOC for target sdurws_sensors
  sdurws_sensors.vcxproj -> D:\10_Source_Repos\21_robot\wt_wp24t03_fix\build\RobWorkStudio\libs\Release\sdurws_sensors.lib
  Automatic MOC for target sdurws_treeview
  sdurws_treeview.vcxproj -> D:\10_Source_Repos\21_robot\wt_wp24t03_fix\build\RobWorkStudio\libs\Release\sdurws_treeview.lib
  Automatic MOC for target sdurws_workcelleditor
  sdurws_workcelleditor.vcxproj -> D:\10_Source_Repos\21_robot\wt_wp24t03_fix\build\RobWorkStudio\libs\Release\sdurws_workcelleditor.lib
  Automatic MOC for target sdurws_workcelleditorplugin
  sdurws_workcelleditorplugin.vcxproj -> D:\10_Source_Repos\21_robot\wt_wp24t03_fix\build\RobWorkStudio\libs\Release\sdurws_workcelleditorplugin.lib
  Automatic MOC for target sdurws_robworkstudioapp
  sdurws_robworkstudioapp.vcxproj -> D:\10_Source_Repos\21_robot\wt_wp24t03_fix\build\RobWorkStudio\libs\Release\sdurws_robworkstudioapp.lib
  Automatic MOC for target RobWorkStudio
  RobWorkStudio.vcxproj -> D:\10_Source_Repos\21_robot\wt_wp24t03_fix\build\RobWorkStudio\bin\Release\RobWorkStudio.exe
  	Copying RobWork runtime DLLs next to RobWorkStudio
  Auto build dll exports
  sdurw_calibration.vcxproj -> D:\10_Source_Repos\21_robot\wt_wp24t03_fix\build\RobWork\bin\Release\sdurw_calibration.dll
  Automatic MOC for target sdurws_ird_core_test
  sdurws_ird_core_test.vcxproj -> D:\10_Source_Repos\21_robot\wt_wp24t03_fix\build\RobWorkStudio\bin\Release\sdurws_ird_core_test.exe
  Automatic MOC for target sdurws_ird_demo6r
  sdurws_ird_demo6r.vcxproj -> D:\10_Source_Repos\21_robot\wt_wp24t03_fix\build\RobWorkStudio\bin\Release\sdurws_ird_demo6r.exe
  Automatic MOC for target sdurws_ird_testkit
  sdurws_ird_testkit.vcxproj -> D:\10_Source_Repos\21_robot\wt_wp24t03_fix\build\RobWorkStudio\libs\Release\sdurws_ird_testkit.lib
  Automatic MOC for target sdurws_ird_diagnostics_contract_test
  sdurws_ird_diagnostics_contract_test.vcxproj -> D:\10_Source_Repos\21_robot\wt_wp24t03_fix\build\RobWorkStudio\bin\Release\sdurws_ird_diagnostics_contract_test.exe
  Automatic MOC for target sdurws_ird_diagnostics_test
  sdurws_ird_diagnostics_test.vcxproj -> D:\10_Source_Repos\21_robot\wt_wp24t03_fix\build\RobWorkStudio\bin\Release\sdurws_ird_diagnostics_test.exe
  Automatic MOC for target sdurws_ird_evidence
  sdurws_ird_evidence.vcxproj -> D:\10_Source_Repos\21_robot\wt_wp24t03_fix\build\RobWorkStudio\libs\Release\sdurws_ird_evidence.lib
  Automatic MOC for target sdurws_ird_evidence_contract_test
  sdurws_ird_evidence_contract_test.vcxproj -> D:\10_Source_Repos\21_robot\wt_wp24t03_fix\build\RobWorkStudio\bin\Release\sdurws_ird_evidence_contract_test.exe
  Automatic MOC for target sdurws_ird_evidence_test
  sdurws_ird_evidence_test.vcxproj -> D:\10_Source_Repos\21_robot\wt_wp24t03_fix\build\RobWorkStudio\bin\Release\sdurws_ird_evidence_test.exe
  Automatic MOC for target sdurws_ird_execution
  sdurws_ird_execution.vcxproj -> D:\10_Source_Repos\21_robot\wt_wp24t03_fix\build\RobWorkStudio\libs\Release\sdurws_ird_execution.lib
  Automatic MOC for target sdurws_ird_execution_worker
  sdurws_ird_execution_worker.vcxproj -> D:\10_Source_Repos\21_robot\wt_wp24t03_fix\build\RobWorkStudio\bin\Release\sdurws_ird_execution_worker.exe
  Automatic MOC for target sdurws_ird_execution_contract_test
  sdurws_ird_execution_contract_test.vcxproj -> D:\10_Source_Repos\21_robot\wt_wp24t03_fix\build\RobWorkStudio\bin\Release\sdurws_ird_execution_contract_test.exe
  Automatic MOC for target sdurws_ird_execution_test
  sdurws_ird_execution_test.vcxproj -> D:\10_Source_Repos\21_robot\wt_wp24t03_fix\build\RobWorkStudio\bin\Release\sdurws_ird_execution_test.exe
  Automatic MOC for target sdurws_ird_io_contract_test
  sdurws_ird_io_contract_test.vcxproj -> D:\10_Source_Repos\21_robot\wt_wp24t03_fix\build\RobWorkStudio\bin\Release\sdurws_ird_io_contract_test.exe
  Automatic MOC for target sdurws_ird_io_test
  sdurws_ird_io_test.vcxproj -> D:\10_Source_Repos\21_robot\wt_wp24t03_fix\build\RobWorkStudio\bin\Release\sdurws_ird_io_test.exe
  Automatic MOC for target sdurws_ird_kinematics
  sdurws_ird_kinematics.vcxproj -> D:\10_Source_Repos\21_robot\wt_wp24t03_fix\build\RobWorkStudio\libs\Release\sdurws_ird_kinematics.lib
  Automatic MOC for target sdurws_ird_kinematics_plugin
  sdurws_ird_kinematics_plugin.vcxproj -> D:\10_Source_Repos\21_robot\wt_wp24t03_fix\build\RobWorkStudio\libs\Release\sdurws_ird_kinematics_plugin.lib
  Automatic MOC for target sdurws_ird_kinematics_app
  sdurws_ird_kinematics_app.vcxproj -> D:\10_Source_Repos\21_robot\wt_wp24t03_fix\build\RobWorkStudio\bin\Release\sdurws_ird_kinematics_app.exe
  Automatic MOC for target sdurws_ird_kinematics_contract_test
  sdurws_ird_kinematics_contract_test.vcxproj -> D:\10_Source_Repos\21_robot\wt_wp24t03_fix\build\RobWorkStudio\bin\Release\sdurws_ird_kinematics_contract_test.exe
  Automatic MOC for target sdurws_ird_kinematics_test
  sdurws_ird_kinematics_test.vcxproj -> D:\10_Source_Repos\21_robot\wt_wp24t03_fix\build\RobWorkStudio\bin\Release\sdurws_ird_kinematics_test.exe
  Automatic MOC for target sdurws_ird_modeling_app
  sdurws_ird_modeling_app.vcxproj -> D:\10_Source_Repos\21_robot\wt_wp24t03_fix\build\RobWorkStudio\bin\Release\sdurws_ird_modeling_app.exe
  Automatic MOC for target sdurws_ird_modeling_contract_test
  sdurws_ird_modeling_contract_test.vcxproj -> D:\10_Source_Repos\21_robot\wt_wp24t03_fix\build\RobWorkStudio\bin\Release\sdurws_ird_modeling_contract_test.exe
  Automatic MOC for target sdurws_ird_modeling_test
  sdurws_ird_modeling_test.vcxproj -> D:\10_Source_Repos\21_robot\wt_wp24t03_fix\build\RobWorkStudio\bin\Release\sdurws_ird_modeling_test.exe
  Automatic MOC for target sdurws_ird_policy_contract_test
  sdurws_ird_policy_contract_test.vcxproj -> D:\10_Source_Repos\21_robot\wt_wp24t03_fix\build\RobWorkStudio\bin\Release\sdurws_ird_policy_contract_test.exe
  Automatic MOC for target sdurws_ird_policy_test
  sdurws_ird_policy_test.vcxproj -> D:\10_Source_Repos\21_robot\wt_wp24t03_fix\build\RobWorkStudio\bin\Release\sdurws_ird_policy_test.exe
  Automatic MOC for target sdurws_ird_project_contract_test
  sdurws_ird_project_contract_test.vcxproj -> D:\10_Source_Repos\21_robot\wt_wp24t03_fix\build\RobWorkStudio\bin\Release\sdurws_ird_project_contract_test.exe
  Automatic MOC for target sdurws_ird_project_test
  sdurws_ird_project_test.vcxproj -> D:\10_Source_Repos\21_robot\wt_wp24t03_fix\build\RobWorkStudio\bin\Release\sdurws_ird_project_test.exe
  Automatic MOC for target sdurws_ird_reporting
  sdurws_ird_reporting.vcxproj -> D:\10_Source_Repos\21_robot\wt_wp24t03_fix\build\RobWorkStudio\libs\Release\sdurws_ird_reporting.lib
  Automatic MOC for target sdurws_ird_reporting_contract_test
  sdurws_ird_reporting_contract_test.vcxproj -> D:\10_Source_Repos\21_robot\wt_wp24t03_fix\build\RobWorkStudio\bin\Release\sdurws_ird_reporting_contract_test.exe
  Automatic MOC for target sdurws_ird_reporting_test
  sdurws_ird_reporting_test.vcxproj -> D:\10_Source_Repos\21_robot\wt_wp24t03_fix\build\RobWorkStudio\bin\Release\sdurws_ird_reporting_test.exe
  Automatic MOC for target sdurws_ird_requirements
  sdurws_ird_requirements.vcxproj -> D:\10_Source_Repos\21_robot\wt_wp24t03_fix\build\RobWorkStudio\libs\Release\sdurws_ird_requirements.lib
  Automatic MOC for target sdurws_ird_requirements_contract_test
  sdurws_ird_requirements_contract_test.vcxproj -> D:\10_Source_Repos\21_robot\wt_wp24t03_fix\build\RobWorkStudio\bin\Release\sdurws_ird_requirements_contract_test.exe
  Automatic MOC for target sdurws_ird_requirements_plugin
  sdurws_ird_requirements_plugin.vcxproj -> D:\10_Source_Repos\21_robot\wt_wp24t03_fix\build\RobWorkStudio\libs\Release\sdurws_ird_requirements_plugin.lib
  Automatic MOC for target sdurws_ird_requirements_test
  sdurws_ird_requirements_test.vcxproj -> D:\10_Source_Repos\21_robot\wt_wp24t03_fix\build\RobWorkStudio\bin\Release\sdurws_ird_requirements_test.exe
  Automatic MOC for target sdurws_ird_runtime_test
  sdurws_ird_runtime_test.vcxproj -> D:\10_Source_Repos\21_robot\wt_wp24t03_fix\build\RobWorkStudio\bin\Release\sdurws_ird_runtime_test.exe
  Automatic MOC for target sdurws_ird_testdata_lint
  sdurws_ird_testdata_lint.vcxproj -> D:\10_Source_Repos\21_robot\wt_wp24t03_fix\build\RobWorkStudio\bin\Release\sdurws_ird_testdata_lint.exe
  Automatic MOC for target sdurws_ird_testkit_prochelper
  sdurws_ird_testkit_prochelper.vcxproj -> D:\10_Source_Repos\21_robot\wt_wp24t03_fix\build\RobWorkStudio\bin\Release\sdurws_ird_testkit_prochelper.exe
  Automatic MOC for target sdurws_ird_testkit_test
  sdurws_ird_testkit_test.vcxproj -> D:\10_Source_Repos\21_robot\wt_wp24t03_fix\build\RobWorkStudio\bin\Release\sdurws_ird_testkit_test.exe
  Automatic MOC for target sdurws_ird_ui_app
  sdurws_ird_ui_app.vcxproj -> D:\10_Source_Repos\21_robot\wt_wp24t03_fix\build\RobWorkStudio\bin\Release\sdurws_ird_ui_app.exe
  Automatic MOC for target sdurws_ird_ui_contract_test
  sdurws_ird_ui_contract_test.vcxproj -> D:\10_Source_Repos\21_robot\wt_wp24t03_fix\build\RobWorkStudio\bin\Release\sdurws_ird_ui_contract_test.exe
  Automatic MOC for target sdurws_ird_ui_gui_test
  sdurws_ird_ui_gui_test.vcxproj -> D:\10_Source_Repos\21_robot\wt_wp24t03_fix\build\RobWorkStudio\bin\Release\sdurws_ird_ui_gui_test.exe
  Automatic MOC for target sdurws_ird_ui_test
  sdurws_ird_ui_test.vcxproj -> D:\10_Source_Repos\21_robot\wt_wp24t03_fix\build\RobWorkStudio\bin\Release\sdurws_ird_ui_test.exe
  Automatic MOC and UIC for target sdurwsim_test
  Auto build dll exports
  sdurwsim_test.vcxproj -> D:\10_Source_Repos\21_robot\wt_wp24t03_fix\build\RobWorkSim\bin\Release\sdurwsim_test.dll
V1_EXIT=0
