[==========] Running 31 tests from 2 test suites.
[----------] Global test environment set-up.
[----------] 29 tests from ModelingPanelGuiTest
[ RUN      ] ModelingPanelGuiTest.PropertyFormFullClear_RowCountStableAcrossRefresh_MDL07_UI_T27
[       OK ] ModelingPanelGuiTest.PropertyFormFullClear_RowCountStableAcrossRefresh_MDL07_UI_T27 (25 ms)
[ RUN      ] ModelingPanelGuiTest.UnitSeparation_EditorTextPurelyNumeric_UX05_UI_T27
[       OK ] ModelingPanelGuiTest.UnitSeparation_EditorTextPurelyNumeric_UX05_UI_T27 (11 ms)
[ RUN      ] ModelingPanelGuiTest.OnlyZeroOffsetEditable_CompositeRowsReadOnly_MDL07_UI_T27
[       OK ] ModelingPanelGuiTest.OnlyZeroOffsetEditable_CompositeRowsReadOnly_MDL07_UI_T27 (13 ms)
[ RUN      ] ModelingPanelGuiTest.JointDetailEditPane_EmptyStateAndBuildOnSelection_UI_T53
[       OK ] ModelingPanelGuiTest.JointDetailEditPane_EmptyStateAndBuildOnSelection_UI_T53 (12 ms)
[ RUN      ] ModelingPanelGuiTest.JointDetailEditPane_OriginEditApplyChain_UI_T53
[       OK ] ModelingPanelGuiTest.JointDetailEditPane_OriginEditApplyChain_UI_T53 (13 ms)
[ RUN      ] ModelingPanelGuiTest.JointDetailEditPane_DhAuthorityRejectsAxisEdit_UI_T53
[       OK ] ModelingPanelGuiTest.JointDetailEditPane_DhAuthorityRejectsAxisEdit_UI_T53 (12 ms)
[ RUN      ] ModelingPanelGuiTest.JointDetailEditPane_ReadOnlySessionDisablesPanel_UI_T53
[       OK ] ModelingPanelGuiTest.JointDetailEditPane_ReadOnlySessionDisablesPanel_UI_T53 (22 ms)
[ RUN      ] ModelingPanelGuiTest.BasePlacementEdit_WholeReplacementChain_UI_T54
[       OK ] ModelingPanelGuiTest.BasePlacementEdit_WholeReplacementChain_UI_T54 (10 ms)
[ RUN      ] ModelingPanelGuiTest.BasePlacementEdit_PresetIdentityRotationRejected_UI_T54
[       OK ] ModelingPanelGuiTest.BasePlacementEdit_PresetIdentityRotationRejected_UI_T54 (11 ms)
[ RUN      ] ModelingPanelGuiTest.BasePlacementEdit_ReadOnlyDisablesApply_UI_T54
[       OK ] ModelingPanelGuiTest.BasePlacementEdit_ReadOnlyDisablesApply_UI_T54 (21 ms)
[ RUN      ] ModelingPanelGuiTest.UnmodifiedEditingFinished_NoDirtyNoApply_ERR01_UI_T27
[       OK ] ModelingPanelGuiTest.UnmodifiedEditingFinished_NoDirtyNoApply_ERR01_UI_T27 (12 ms)
[ RUN      ] ModelingPanelGuiTest.AvailabilityProviderDisabled_ButtonsGreyWithReason_UX02_UI_T27
[       OK ] ModelingPanelGuiTest.AvailabilityProviderDisabled_ButtonsGreyWithReason_UX02_UI_T27 (9 ms)
[ RUN      ] ModelingPanelGuiTest.CommandButtonTooltip_ResolvedFromUiTextKey_UX02_UI_T41B
[       OK ] ModelingPanelGuiTest.CommandButtonTooltip_ResolvedFromUiTextKey_UX02_UI_T41B (10 ms)
[ RUN      ] ModelingPanelGuiTest.MoreActionsCollapse_DefaultCollapsedAndToggle_F502
[       OK ] ModelingPanelGuiTest.MoreActionsCollapse_DefaultCollapsedAndToggle_F502 (12 ms)
[ RUN      ] ModelingPanelGuiTest.ZeroOffsetOutOfRange_InlineWarningKeepsAuthoritative_B1
[       OK ] ModelingPanelGuiTest.ZeroOffsetOutOfRange_InlineWarningKeepsAuthoritative_B1 (12 ms)
[ RUN      ] ModelingPanelGuiTest.IncrementalRefresh_PreservesEditorFocus_B3
[       OK ] ModelingPanelGuiTest.IncrementalRefresh_PreservesEditorFocus_B3 (12 ms)
[ RUN      ] ModelingPanelGuiTest.StatusHistory_AccumulatesAndToggles_B2
[       OK ] ModelingPanelGuiTest.StatusHistory_AccumulatesAndToggles_B2 (11 ms)
[ RUN      ] ModelingPanelGuiTest.ReadOnlySession_AvailabilityRefreshCannotReviveWriteCommands_L7_UI_T43
[       OK ] ModelingPanelGuiTest.ReadOnlySession_AvailabilityRefreshCannotReviveWriteCommands_L7_UI_T43 (10 ms)
[ RUN      ] ModelingPanelGuiTest.StructureButtons_InsertAndRemove_DraftOnly_UI_T47
[       OK ] ModelingPanelGuiTest.StructureButtons_InsertAndRemove_DraftOnly_UI_T47 (23 ms)
[ RUN      ] ModelingPanelGuiTest.StructureButtons_RemoveSelected_DraftOnly_UI_T47
[       OK ] ModelingPanelGuiTest.StructureButtons_RemoveSelected_DraftOnly_UI_T47 (12 ms)
[ RUN      ] ModelingPanelGuiTest.GeometryActionButtons_LoadAndDetach_UI_T48
[       OK ] ModelingPanelGuiTest.GeometryActionButtons_LoadAndDetach_UI_T48 (11 ms)
[ RUN      ] ModelingPanelGuiTest.GeometryCopyButton_VisualToCollision_UI_T49
[       OK ] ModelingPanelGuiTest.GeometryCopyButton_VisualToCollision_UI_T49 (11 ms)
[ RUN      ] ModelingPanelGuiTest.EditingChain_EndToEnd_FourSegments_UI_T50
[       OK ] ModelingPanelGuiTest.EditingChain_EndToEnd_FourSegments_UI_T50 (11 ms)
[ RUN      ] ModelingPanelGuiTest.ToolMountEdit_SelectionDrivenChain_UI_T55
[       OK ] ModelingPanelGuiTest.ToolMountEdit_SelectionDrivenChain_UI_T55 (11 ms)
[ RUN      ] ModelingPanelGuiTest.ScenePoseEdit_SelectionDrivenChain_UI_T55
[       OK ] ModelingPanelGuiTest.ScenePoseEdit_SelectionDrivenChain_UI_T55 (12 ms)
[ RUN      ] ModelingPanelGuiTest.PoseEditPanes_ReadOnlyDisables_UI_T55
[       OK ] ModelingPanelGuiTest.PoseEditPanes_ReadOnlyDisables_UI_T55 (23 ms)
[ RUN      ] ModelingPanelGuiTest.TcpListEdit_AddAndOffsetChain_UI_T57
[       OK ] ModelingPanelGuiTest.TcpListEdit_AddAndOffsetChain_UI_T57 (12 ms)
[ RUN      ] ModelingPanelGuiTest.TcpListEdit_RemoveGuards_UI_T57
[       OK ] ModelingPanelGuiTest.TcpListEdit_RemoveGuards_UI_T57 (11 ms)
[ RUN      ] ModelingPanelGuiTest.TcpPane_ReadOnlyDisables_UI_T57
[       OK ] ModelingPanelGuiTest.TcpPane_ReadOnlyDisables_UI_T57 (22 ms)
[----------] 29 tests from ModelingPanelGuiTest (414 ms total)

[----------] 2 tests from ModelingUiModuleHostWiring
[ RUN      ] ModelingUiModuleHostWiring.TextResolverBoundBeforePanelCreation_NoInternalKeyLeak_UX02_UI_T43
[       OK ] ModelingUiModuleHostWiring.TextResolverBoundBeforePanelCreation_NoInternalKeyLeak_UX02_UI_T43 (8 ms)
[ RUN      ] ModelingUiModuleHostWiring.WritableChain_PendingInitialAndLiveForward_L7_UI_T43
[       OK ] ModelingUiModuleHostWiring.WritableChain_PendingInitialAndLiveForward_L7_UI_T43 (9 ms)
[----------] 2 tests from ModelingUiModuleHostWiring (18 ms total)

[----------] Global test environment tear-down
[==========] 31 tests from 2 test suites ran. (433 ms total)
[  PASSED  ] 31 tests.
