适用于 .NET Framework MSBuild 版本 17.12.6+db5f6012c

D:\software\Microsoft Visual Studio\2022\Community\MSBuild\Microsoft\VC\v170\Microsoft.CppBuild.targets(541,5): warning MSB8029: 中间目录或输出目录无法驻留在临时目录下，因为这可能会导致增量生成出现问题。 [C:\Users\zgl18\AppData\Local\Temp\wp02t05-smoke2\ZERO_CHECK.vcxproj]
D:\software\Microsoft Visual Studio\2022\Community\MSBuild\Microsoft\VC\v170\Microsoft.CppBuild.targets(541,5): warning MSB8029: 中间目录或输出目录无法驻留在临时目录下，因为这可能会导致增量生成出现问题。 [C:\Users\zgl18\AppData\Local\Temp\wp02t05-smoke2\core\sdurws_ird_core.vcxproj]
  sdurws_ird_core.vcxproj -> C:\Users\zgl18\AppData\Local\Temp\wp02t05-smoke2\core\Release\sdurws_ird_core.lib
D:\software\Microsoft Visual Studio\2022\Community\MSBuild\Microsoft\VC\v170\Microsoft.CppBuild.targets(541,5): warning MSB8029: 中间目录或输出目录无法驻留在临时目录下，因为这可能会导致增量生成出现问题。 [C:\Users\zgl18\AppData\Local\Temp\wp02t05-smoke2\core\sdurws_ird_core_test.vcxproj]
  sdurws_ird_core_test.vcxproj -> C:\Users\zgl18\AppData\Local\Temp\wp02t05-smoke2\core\Release\sdurws_ird_core_test.exe
D:\software\Microsoft Visual Studio\2022\Community\MSBuild\Microsoft\VC\v170\Microsoft.CppBuild.targets(541,5): warning MSB8029: 中间目录或输出目录无法驻留在临时目录下，因为这可能会导致增量生成出现问题。 [C:\Users\zgl18\AppData\Local\Temp\wp02t05-smoke2\evidence\sdurws_ird_evidence.vcxproj]
  sdurws_ird_evidence.vcxproj -> C:\Users\zgl18\AppData\Local\Temp\wp02t05-smoke2\evidence\Release\sdurws_ird_evidence.lib
D:\software\Microsoft Visual Studio\2022\Community\MSBuild\Microsoft\VC\v170\Microsoft.CppBuild.targets(541,5): warning MSB8029: 中间目录或输出目录无法驻留在临时目录下，因为这可能会导致增量生成出现问题。 [C:\Users\zgl18\AppData\Local\Temp\wp02t05-smoke2\evidence\sdurws_ird_evidence_test.vcxproj]
  sdurws_ird_evidence_test.vcxproj -> C:\Users\zgl18\AppData\Local\Temp\wp02t05-smoke2\evidence\Release\sdurws_ird_evidence_test.exe
D:\software\Microsoft Visual Studio\2022\Community\MSBuild\Microsoft\VC\v170\Microsoft.CppBuild.targets(541,5): warning MSB8029: 中间目录或输出目录无法驻留在临时目录下，因为这可能会导致增量生成出现问题。 [C:\Users\zgl18\AppData\Local\Temp\wp02t05-smoke2\policy\sdurws_ird_policy.vcxproj]
  sdurws_ird_policy.vcxproj -> C:\Users\zgl18\AppData\Local\Temp\wp02t05-smoke2\policy\Release\sdurws_ird_policy.lib
D:\software\Microsoft Visual Studio\2022\Community\MSBuild\Microsoft\VC\v170\Microsoft.CppBuild.targets(541,5): warning MSB8029: 中间目录或输出目录无法驻留在临时目录下，因为这可能会导致增量生成出现问题。 [C:\Users\zgl18\AppData\Local\Temp\wp02t05-smoke2\policy\sdurws_ird_policy_test.vcxproj]
  sdurws_ird_policy_test.vcxproj -> C:\Users\zgl18\AppData\Local\Temp\wp02t05-smoke2\policy\Release\sdurws_ird_policy_test.exe
D:\software\Microsoft Visual Studio\2022\Community\MSBuild\Microsoft\VC\v170\Microsoft.CppBuild.targets(541,5): warning MSB8029: 中间目录或输出目录无法驻留在临时目录下，因为这可能会导致增量生成出现问题。 [C:\Users\zgl18\AppData\Local\Temp\wp02t05-smoke2\runtime\sdurws_ird_runtime.vcxproj]
  sdurws_ird_runtime.vcxproj -> C:\Users\zgl18\AppData\Local\Temp\wp02t05-smoke2\runtime\Release\sdurws_ird_runtime.lib
D:\software\Microsoft Visual Studio\2022\Community\MSBuild\Microsoft\VC\v170\Microsoft.CppBuild.targets(541,5): warning MSB8029: 中间目录或输出目录无法驻留在临时目录下，因为这可能会导致增量生成出现问题。 [C:\Users\zgl18\AppData\Local\Temp\wp02t05-smoke2\runtime\sdurws_ird_runtime_test.vcxproj]
  sdurws_ird_runtime_test.vcxproj -> C:\Users\zgl18\AppData\Local\Temp\wp02t05-smoke2\runtime\Release\sdurws_ird_runtime_test.exe
D:\software\Microsoft Visual Studio\2022\Community\MSBuild\Microsoft\VC\v170\Microsoft.CppBuild.targets(541,5): warning MSB8029: 中间目录或输出目录无法驻留在临时目录下，因为这可能会导致增量生成出现问题。 [C:\Users\zgl18\AppData\Local\Temp\wp02t05-smoke2\testkit\sdurws_ird_testkit.vcxproj]
  Check.cpp
  sdurws_ird_testkit.vcxproj -> C:\Users\zgl18\AppData\Local\Temp\wp02t05-smoke2\testkit\Release\sdurws_ird_testkit.lib
D:\software\Microsoft Visual Studio\2022\Community\MSBuild\Microsoft\VC\v170\Microsoft.CppBuild.targets(541,5): warning MSB8029: 中间目录或输出目录无法驻留在临时目录下，因为这可能会导致增量生成出现问题。 [C:\Users\zgl18\AppData\Local\Temp\wp02t05-smoke2\testkit\sdurws_ird_testdata_lint.vcxproj]
  sdurws_ird_testdata_lint.vcxproj -> C:\Users\zgl18\AppData\Local\Temp\wp02t05-smoke2\testkit\Release\sdurws_ird_testdata_lint.exe
D:\software\Microsoft Visual Studio\2022\Community\MSBuild\Microsoft\VC\v170\Microsoft.CppBuild.targets(541,5): warning MSB8029: 中间目录或输出目录无法驻留在临时目录下，因为这可能会导致增量生成出现问题。 [C:\Users\zgl18\AppData\Local\Temp\wp02t05-smoke2\testkit\sdurws_ird_testkit_test.vcxproj]
  sdurws_ird_testkit_test.vcxproj -> C:\Users\zgl18\AppData\Local\Temp\wp02t05-smoke2\testkit\Release\sdurws_ird_testkit_test.exe
D:\software\Microsoft Visual Studio\2022\Community\MSBuild\Microsoft\VC\v170\Microsoft.CppBuild.targets(541,5): warning MSB8029: 中间目录或输出目录无法驻留在临时目录下，因为这可能会导致增量生成出现问题。 [C:\Users\zgl18\AppData\Local\Temp\wp02t05-smoke2\ALL_BUILD.vcxproj]
