GATE_PYTHON313_CHECK=True
GATE_START_ISO=2026-10-10T07:59:17.3951574+08:00
GATE_WORKTREE=C:/Users/zgl18/AppData/Local/Temp/gate-tc-work
GATE_JUNCTION_CHECK=vcpkg dir absent expected (no junction supplied)
  -> PASS
  [ird_gates] 鑷祴 fail_r4锛氭寜棰勬湡妫€鍑?IRD-GATE-R4
  [ird_gates] 鑷祴 fail_t2锛氭寜棰勬湡妫€鍑?IRD-GATE-T2
  ==============================================================
  [ird_gates] 鎵弿鏍癸細C:/Users/zgl18/AppData/Local/Temp/gate-tc-work/RobWork/RobWorkStudio/src/rwslibs/industrialrobot
  [ird_gates] 鍏ㄩ儴妫€鏌ラ€氳繃锛歊-1/R-2/R-3/R-4/R-5/T-1/T-2/SUB/GRAPH/LIB/SA02 闆跺懡涓?==============================================================
  -> PASS
  -> PASS
  Automatic MOC for target sdurws_ird_core_test
  sdurws_ird_core_test.vcxproj -> C:\Users\zgl18\AppData\Local\Temp\gate-tc-work\build\RobWorkStudio\bin\Release\sdurws_ird_core_test.exe

100% tests passed, 0 tests failed out of 1

Total Test time (real) =   0.66 sec
  -> PASS
  Automatic MOC for target sdurws_ird_diagnostics_contract_test
  sdurws_ird_diagnostics_contract_test.vcxproj -> C:\Users\zgl18\AppData\Local\Temp\gate-tc-work\build\RobWorkStudio\bin\Release\sdurws_ird_diagnostics_contract_test.exe

100% tests passed, 0 tests failed out of 1

Total Test time (real) =   0.09 sec
  -> PASS
  Automatic MOC for target sdurws_ird_diagnostics_test
  sdurws_ird_diagnostics_test.vcxproj -> C:\Users\zgl18\AppData\Local\Temp\gate-tc-work\build\RobWorkStudio\bin\Release\sdurws_ird_diagnostics_test.exe

100% tests passed, 0 tests failed out of 1

Total Test time (real) =   0.58 sec
  -> PASS
  Automatic MOC for target sdurws_ird_drivetrain_contract_test
  sdurws_ird_drivetrain_contract_test.vcxproj -> C:\Users\zgl18\AppData\Local\Temp\gate-tc-work\build\RobWorkStudio\bin\Release\sdurws_ird_drivetrain_contract_test.exe
Label Time Summary:
ird    =   0.09 sec*proc (1 test)

Total Test time (real) =   0.09 sec
  -> PASS
  Automatic MOC for target sdurws_ird_drivetrain_test
  sdurws_ird_drivetrain_test.vcxproj -> C:\Users\zgl18\AppData\Local\Temp\gate-tc-work\build\RobWorkStudio\bin\Release\sdurws_ird_drivetrain_test.exe
Label Time Summary:
ird    =   0.09 sec*proc (1 test)

Total Test time (real) =   0.09 sec
  -> PASS
  Automatic MOC for target sdurws_ird_dynamics_contract_test
  sdurws_ird_dynamics_contract_test.vcxproj -> C:\Users\zgl18\AppData\Local\Temp\gate-tc-work\build\RobWorkStudio\bin\Release\sdurws_ird_dynamics_contract_test.exe
Label Time Summary:
ird    =   0.08 sec*proc (1 test)

Total Test time (real) =   0.09 sec
  -> PASS
  Automatic MOC for target sdurws_ird_dynamics_test
  sdurws_ird_dynamics_test.vcxproj -> C:\Users\zgl18\AppData\Local\Temp\gate-tc-work\build\RobWorkStudio\bin\Release\sdurws_ird_dynamics_test.exe
Label Time Summary:
ird    =   0.18 sec*proc (1 test)

Total Test time (real) =   0.19 sec
  -> PASS
  Automatic MOC for target sdurws_ird_evidence_contract_test
  sdurws_ird_evidence_contract_test.vcxproj -> C:\Users\zgl18\AppData\Local\Temp\gate-tc-work\build\RobWorkStudio\bin\Release\sdurws_ird_evidence_contract_test.exe

100% tests passed, 0 tests failed out of 1

Total Test time (real) =   0.20 sec
  -> PASS
  Automatic MOC for target sdurws_ird_evidence_test
  sdurws_ird_evidence_test.vcxproj -> C:\Users\zgl18\AppData\Local\Temp\gate-tc-work\build\RobWorkStudio\bin\Release\sdurws_ird_evidence_test.exe

100% tests passed, 0 tests failed out of 1

Total Test time (real) =   0.12 sec
  -> PASS
  Automatic MOC for target sdurws_ird_execution_contract_test
  sdurws_ird_execution_contract_test.vcxproj -> C:\Users\zgl18\AppData\Local\Temp\gate-tc-work\build\RobWorkStudio\bin\Release\sdurws_ird_execution_contract_test.exe

100% tests passed, 0 tests failed out of 1

Total Test time (real) =   3.85 sec
  -> PASS
  Automatic MOC for target sdurws_ird_execution_test
  sdurws_ird_execution_test.vcxproj -> C:\Users\zgl18\AppData\Local\Temp\gate-tc-work\build\RobWorkStudio\bin\Release\sdurws_ird_execution_test.exe

100% tests passed, 0 tests failed out of 1

Total Test time (real) =   3.37 sec
  -> PASS
  Automatic MOC for target sdurws_ird_io_contract_test
  sdurws_ird_io_contract_test.vcxproj -> C:\Users\zgl18\AppData\Local\Temp\gate-tc-work\build\RobWorkStudio\bin\Release\sdurws_ird_io_contract_test.exe

100% tests passed, 0 tests failed out of 1

Total Test time (real) =   0.77 sec
  -> PASS
  Automatic MOC for target sdurws_ird_io_test
  sdurws_ird_io_test.vcxproj -> C:\Users\zgl18\AppData\Local\Temp\gate-tc-work\build\RobWorkStudio\bin\Release\sdurws_ird_io_test.exe

100% tests passed, 0 tests failed out of 1

Total Test time (real) =   2.13 sec
  -> PASS
  Automatic MOC for target sdurws_ird_kinematics_contract_test
  sdurws_ird_kinematics_contract_test.vcxproj -> C:\Users\zgl18\AppData\Local\Temp\gate-tc-work\build\RobWorkStudio\bin\Release\sdurws_ird_kinematics_contract_test.exe
Label Time Summary:
ird    =   0.11 sec*proc (1 test)

Total Test time (real) =   0.11 sec
  -> PASS
  Automatic MOC for target sdurws_ird_kinematics_test
  sdurws_ird_kinematics_test.vcxproj -> C:\Users\zgl18\AppData\Local\Temp\gate-tc-work\build\RobWorkStudio\bin\Release\sdurws_ird_kinematics_test.exe
Label Time Summary:
ird    =  13.21 sec*proc (1 test)

Total Test time (real) =  13.22 sec
  -> PASS
  Automatic MOC for target sdurws_ird_modeling_contract_test
  sdurws_ird_modeling_contract_test.vcxproj -> C:\Users\zgl18\AppData\Local\Temp\gate-tc-work\build\RobWorkStudio\bin\Release\sdurws_ird_modeling_contract_test.exe
Label Time Summary:
ird    =   0.10 sec*proc (1 test)

Total Test time (real) =   0.10 sec
  -> PASS
  Automatic MOC for target sdurws_ird_modeling_gui_test
  sdurws_ird_modeling_gui_test.vcxproj -> C:\Users\zgl18\AppData\Local\Temp\gate-tc-work\build\RobWorkStudio\bin\Release\sdurws_ird_modeling_gui_test.exe
Label Time Summary:
ird_gui    =   1.59 sec*proc (1 test)

Total Test time (real) =   1.61 sec
  -> PASS
  Automatic MOC for target sdurws_ird_modeling_test
  sdurws_ird_modeling_test.vcxproj -> C:\Users\zgl18\AppData\Local\Temp\gate-tc-work\build\RobWorkStudio\bin\Release\sdurws_ird_modeling_test.exe
Label Time Summary:
ird    =   2.24 sec*proc (1 test)

Total Test time (real) =   2.25 sec
  -> PASS
  Automatic MOC for target sdurws_ird_optimization_contract_test
  sdurws_ird_optimization_contract_test.vcxproj -> C:\Users\zgl18\AppData\Local\Temp\gate-tc-work\build\RobWorkStudio\bin\Release\sdurws_ird_optimization_contract_test.exe
Label Time Summary:
ird    =   1.34 sec*proc (1 test)

Total Test time (real) =   1.34 sec
  -> PASS
  Automatic MOC for target sdurws_ird_optimization_test
  sdurws_ird_optimization_test.vcxproj -> C:\Users\zgl18\AppData\Local\Temp\gate-tc-work\build\RobWorkStudio\bin\Release\sdurws_ird_optimization_test.exe
Label Time Summary:
ird    =   0.17 sec*proc (1 test)

Total Test time (real) =   0.17 sec
  -> PASS
  Automatic MOC for target sdurws_ird_policy_contract_test
  sdurws_ird_policy_contract_test.vcxproj -> C:\Users\zgl18\AppData\Local\Temp\gate-tc-work\build\RobWorkStudio\bin\Release\sdurws_ird_policy_contract_test.exe

100% tests passed, 0 tests failed out of 1

Total Test time (real) =   0.49 sec
  -> PASS
  Automatic MOC for target sdurws_ird_policy_test
  sdurws_ird_policy_test.vcxproj -> C:\Users\zgl18\AppData\Local\Temp\gate-tc-work\build\RobWorkStudio\bin\Release\sdurws_ird_policy_test.exe

100% tests passed, 0 tests failed out of 1

Total Test time (real) =   0.89 sec
  -> PASS
  Automatic MOC for target sdurws_ird_project_contract_test
  sdurws_ird_project_contract_test.vcxproj -> C:\Users\zgl18\AppData\Local\Temp\gate-tc-work\build\RobWorkStudio\bin\Release\sdurws_ird_project_contract_test.exe

100% tests passed, 0 tests failed out of 1

Total Test time (real) =   8.93 sec
  -> PASS
  Automatic MOC for target sdurws_ird_project_test
  sdurws_ird_project_test.vcxproj -> C:\Users\zgl18\AppData\Local\Temp\gate-tc-work\build\RobWorkStudio\bin\Release\sdurws_ird_project_test.exe

100% tests passed, 0 tests failed out of 1

Total Test time (real) =  19.64 sec
  -> PASS
  Automatic MOC for target sdurws_ird_reporting_contract_test
  sdurws_ird_reporting_contract_test.vcxproj -> C:\Users\zgl18\AppData\Local\Temp\gate-tc-work\build\RobWorkStudio\bin\Release\sdurws_ird_reporting_contract_test.exe

100% tests passed, 0 tests failed out of 1

Total Test time (real) =   0.11 sec
  -> PASS
  Automatic MOC for target sdurws_ird_reporting_test
  sdurws_ird_reporting_test.vcxproj -> C:\Users\zgl18\AppData\Local\Temp\gate-tc-work\build\RobWorkStudio\bin\Release\sdurws_ird_reporting_test.exe

100% tests passed, 0 tests failed out of 1

Total Test time (real) =   0.38 sec
  -> PASS
  Automatic MOC for target sdurws_ird_requirements_contract_test
  sdurws_ird_requirements_contract_test.vcxproj -> C:\Users\zgl18\AppData\Local\Temp\gate-tc-work\build\RobWorkStudio\bin\Release\sdurws_ird_requirements_contract_test.exe
Label Time Summary:
ird    =   0.11 sec*proc (1 test)

Total Test time (real) =   0.11 sec
  -> PASS
  Automatic MOC for target sdurws_ird_requirements_gui_test
  sdurws_ird_requirements_gui_test.vcxproj -> C:\Users\zgl18\AppData\Local\Temp\gate-tc-work\build\RobWorkStudio\bin\Release\sdurws_ird_requirements_gui_test.exe
Label Time Summary:
ird_gui    =   1.47 sec*proc (1 test)

Total Test time (real) =   1.48 sec
  -> PASS
  Automatic MOC for target sdurws_ird_requirements_test
  sdurws_ird_requirements_test.vcxproj -> C:\Users\zgl18\AppData\Local\Temp\gate-tc-work\build\RobWorkStudio\bin\Release\sdurws_ird_requirements_test.exe
Label Time Summary:
ird    =   0.24 sec*proc (1 test)

Total Test time (real) =   0.24 sec
  -> PASS
  Automatic MOC for target sdurws_ird_runtime_test
  sdurws_ird_runtime_test.vcxproj -> C:\Users\zgl18\AppData\Local\Temp\gate-tc-work\build\RobWorkStudio\bin\Release\sdurws_ird_runtime_test.exe
Label Time Summary:
ird    =   2.34 sec*proc (1 test)

Total Test time (real) =   2.35 sec
  -> PASS
  Automatic MOC for target sdurws_ird_selection_contract_test
  sdurws_ird_selection_contract_test.vcxproj -> C:\Users\zgl18\AppData\Local\Temp\gate-tc-work\build\RobWorkStudio\bin\Release\sdurws_ird_selection_contract_test.exe
Label Time Summary:
ird    =   0.13 sec*proc (1 test)

Total Test time (real) =   0.14 sec
  -> PASS
  Automatic MOC for target sdurws_ird_selection_test
  sdurws_ird_selection_test.vcxproj -> C:\Users\zgl18\AppData\Local\Temp\gate-tc-work\build\RobWorkStudio\bin\Release\sdurws_ird_selection_test.exe
Label Time Summary:
ird    =   0.15 sec*proc (1 test)

Total Test time (real) =   0.16 sec
  -> PASS
  Automatic MOC for target sdurws_ird_testkit_test
  sdurws_ird_testkit_test.vcxproj -> C:\Users\zgl18\AppData\Local\Temp\gate-tc-work\build\RobWorkStudio\bin\Release\sdurws_ird_testkit_test.exe

100% tests passed, 0 tests failed out of 1

Total Test time (real) =   9.61 sec
  -> PASS
  Automatic MOC for target sdurws_ird_trajectory_contract_test
  sdurws_ird_trajectory_contract_test.vcxproj -> C:\Users\zgl18\AppData\Local\Temp\gate-tc-work\build\RobWorkStudio\bin\Release\sdurws_ird_trajectory_contract_test.exe
Label Time Summary:
ird    =   0.56 sec*proc (1 test)

Total Test time (real) =   0.56 sec
  -> PASS
  Automatic MOC for target sdurws_ird_trajectory_test
  sdurws_ird_trajectory_test.vcxproj -> C:\Users\zgl18\AppData\Local\Temp\gate-tc-work\build\RobWorkStudio\bin\Release\sdurws_ird_trajectory_test.exe
Label Time Summary:
ird    =   1.20 sec*proc (1 test)

Total Test time (real) =   1.20 sec
  -> PASS
  Automatic MOC for target sdurws_ird_ui_contract_test
  sdurws_ird_ui_contract_test.vcxproj -> C:\Users\zgl18\AppData\Local\Temp\gate-tc-work\build\RobWorkStudio\bin\Release\sdurws_ird_ui_contract_test.exe
Label Time Summary:
ird    =   0.12 sec*proc (1 test)

Total Test time (real) =   0.12 sec
  -> PASS
  Automatic MOC for target sdurws_ird_ui_gui_test
  sdurws_ird_ui_gui_test.vcxproj -> C:\Users\zgl18\AppData\Local\Temp\gate-tc-work\build\RobWorkStudio\bin\Release\sdurws_ird_ui_gui_test.exe
Label Time Summary:
ird_gui    =   7.66 sec*proc (1 test)

Total Test time (real) =   7.67 sec
  -> PASS
  Automatic MOC for target sdurws_ird_ui_test
  sdurws_ird_ui_test.vcxproj -> C:\Users\zgl18\AppData\Local\Temp\gate-tc-work\build\RobWorkStudio\bin\Release\sdurws_ird_ui_test.exe
Label Time Summary:
ird    =   2.42 sec*proc (1 test)

Total Test time (real) =   2.42 sec
  -> PASS
  Automatic MOC for target sdurws_ird_workflow_contract_test
  sdurws_ird_workflow_contract_test.vcxproj -> C:\Users\zgl18\AppData\Local\Temp\gate-tc-work\build\RobWorkStudio\bin\Release\sdurws_ird_workflow_contract_test.exe
Label Time Summary:
ird    =   6.11 sec*proc (1 test)

Total Test time (real) =   6.11 sec
  -> PASS
  Automatic MOC for target sdurws_ird_workflow_test
  sdurws_ird_workflow_test.vcxproj -> C:\Users\zgl18\AppData\Local\Temp\gate-tc-work\build\RobWorkStudio\bin\Release\sdurws_ird_workflow_test.exe
Label Time Summary:
ird    =   0.25 sec*proc (1 test)

Total Test time (real) =   0.25 sec
  -> PASS
  -> PASS
  -> PASS
  D:\10_Source_Repos\21_robot\RobWork\vcpkg\installed\x64-windows\bin\gtest_main.dll -> C:\Users\zgl18\AppData\Local\Temp\gate-tc-work\smoke\core\Release\gtest_main.dll done
  D:\10_Source_Repos\21_robot\RobWork\vcpkg\installed\x64-windows\bin\gtest.dll -> C:\Users\zgl18\AppData\Local\Temp\gate-tc-work\smoke\core\Release\gtest.dll done

100% tests passed, 0 tests failed out of 1

Total Test time (real) =   0.33 sec
  -> PASS
  D:\10_Source_Repos\21_robot\RobWork\vcpkg\installed\x64-windows\bin\gtest_main.dll -> C:\Users\zgl18\AppData\Local\Temp\gate-tc-work\smoke\diagnostics\Release\gtest_main.dll done
  D:\10_Source_Repos\21_robot\RobWork\vcpkg\installed\x64-windows\bin\gtest.dll -> C:\Users\zgl18\AppData\Local\Temp\gate-tc-work\smoke\diagnostics\Release\gtest.dll done

100% tests passed, 0 tests failed out of 1

Total Test time (real) =   0.12 sec
  -> PASS
  正在生成代码...
  sdurws_ird_diagnostics_test.vcxproj -> C:\Users\zgl18\AppData\Local\Temp\gate-tc-work\smoke\diagnostics\Release\sdurws_ird_diagnostics_test.exe

100% tests passed, 0 tests failed out of 1

Total Test time (real) =   0.60 sec
  -> PASS
  sdurws_ird_drivetrain_contract_test.vcxproj -> C:\Users\zgl18\AppData\Local\Temp\gate-tc-work\smoke\drivetrain\Release\sdurws_ird_drivetrain_contract_test.exe
  D:\10_Source_Repos\21_robot\RobWork\vcpkg\installed\x64-windows\bin\gtest.dll -> C:\Users\zgl18\AppData\Local\Temp\gate-tc-work\smoke\drivetrain\Release\gtest.dll done
Label Time Summary:
ird    =   0.16 sec*proc (1 test)

Total Test time (real) =   0.16 sec
  -> PASS
  正在生成代码...
  sdurws_ird_drivetrain_test.vcxproj -> C:\Users\zgl18\AppData\Local\Temp\gate-tc-work\smoke\drivetrain\Release\sdurws_ird_drivetrain_test.exe
Label Time Summary:
ird    =   0.12 sec*proc (1 test)

Total Test time (real) =   0.12 sec
  -> PASS
  sdurws_ird_dynamics_contract_test.vcxproj -> C:\Users\zgl18\AppData\Local\Temp\gate-tc-work\smoke\dynamics\Release\sdurws_ird_dynamics_contract_test.exe
  D:\10_Source_Repos\21_robot\RobWork\vcpkg\installed\x64-windows\bin\gtest.dll -> C:\Users\zgl18\AppData\Local\Temp\gate-tc-work\smoke\dynamics\Release\gtest.dll done
Label Time Summary:
ird    =   0.15 sec*proc (1 test)

Total Test time (real) =   0.15 sec
  -> PASS
  正在生成代码...
  sdurws_ird_dynamics_test.vcxproj -> C:\Users\zgl18\AppData\Local\Temp\gate-tc-work\smoke\dynamics\Release\sdurws_ird_dynamics_test.exe
Label Time Summary:
ird    =   0.22 sec*proc (1 test)

Total Test time (real) =   0.22 sec
  -> PASS
  D:\10_Source_Repos\21_robot\RobWork\vcpkg\installed\x64-windows\bin\gtest_main.dll -> C:\Users\zgl18\AppData\Local\Temp\gate-tc-work\smoke\evidence\Release\gtest_main.dll done
  D:\10_Source_Repos\21_robot\RobWork\vcpkg\installed\x64-windows\bin\gtest.dll -> C:\Users\zgl18\AppData\Local\Temp\gate-tc-work\smoke\evidence\Release\gtest.dll done

100% tests passed, 0 tests failed out of 1

Total Test time (real) =   0.10 sec
  -> PASS
  正在生成代码...
  sdurws_ird_evidence_test.vcxproj -> C:\Users\zgl18\AppData\Local\Temp\gate-tc-work\smoke\evidence\Release\sdurws_ird_evidence_test.exe

100% tests passed, 0 tests failed out of 1

Total Test time (real) =   0.16 sec
  -> PASS
  sdurws_ird_execution_contract_test.vcxproj -> C:\Users\zgl18\AppData\Local\Temp\gate-tc-work\smoke\execution\Release\sdurws_ird_execution_contract_test.exe
  D:\10_Source_Repos\21_robot\RobWork\vcpkg\installed\x64-windows\bin\gtest.dll -> C:\Users\zgl18\AppData\Local\Temp\gate-tc-work\smoke\execution\Release\gtest.dll done

100% tests passed, 0 tests failed out of 1

Total Test time (real) =   3.61 sec
  -> PASS
  正在生成代码...
  sdurws_ird_execution_test.vcxproj -> C:\Users\zgl18\AppData\Local\Temp\gate-tc-work\smoke\execution\Release\sdurws_ird_execution_test.exe

100% tests passed, 0 tests failed out of 1

Total Test time (real) =   3.77 sec
  -> PASS
  D:\10_Source_Repos\21_robot\RobWork\vcpkg\installed\x64-windows\bin\bz2.dll -> C:\Users\zgl18\AppData\Local\Temp\gate-tc-work\smoke\io\Release\bz2.dll done
  D:\10_Source_Repos\21_robot\RobWork\vcpkg\installed\x64-windows\bin\z.dll -> C:\Users\zgl18\AppData\Local\Temp\gate-tc-work\smoke\io\Release\z.dll done

100% tests passed, 0 tests failed out of 1

Total Test time (real) =   0.73 sec
  -> PASS
  正在生成代码...
  sdurws_ird_io_test.vcxproj -> C:\Users\zgl18\AppData\Local\Temp\gate-tc-work\smoke\io\Release\sdurws_ird_io_test.exe

100% tests passed, 0 tests failed out of 1

Total Test time (real) =   1.85 sec
  -> PASS
  sdurws_ird_kinematics_contract_test.vcxproj -> C:\Users\zgl18\AppData\Local\Temp\gate-tc-work\smoke\kinematics\Release\sdurws_ird_kinematics_contract_test.exe
  D:\10_Source_Repos\21_robot\RobWork\vcpkg\installed\x64-windows\bin\gtest.dll -> C:\Users\zgl18\AppData\Local\Temp\gate-tc-work\smoke\kinematics\Release\gtest.dll done
Label Time Summary:
ird    =   0.26 sec*proc (1 test)

Total Test time (real) =   0.26 sec
  -> PASS
  正在生成代码...
  sdurws_ird_kinematics_test.vcxproj -> C:\Users\zgl18\AppData\Local\Temp\gate-tc-work\smoke\kinematics\Release\sdurws_ird_kinematics_test.exe
Label Time Summary:
ird    =   7.96 sec*proc (1 test)

Total Test time (real) =   7.97 sec
  -> PASS
  sdurws_ird_modeling_contract_test.vcxproj -> C:\Users\zgl18\AppData\Local\Temp\gate-tc-work\smoke\modeling\Release\sdurws_ird_modeling_contract_test.exe
  D:\10_Source_Repos\21_robot\RobWork\vcpkg\installed\x64-windows\bin\gtest.dll -> C:\Users\zgl18\AppData\Local\Temp\gate-tc-work\smoke\modeling\Release\gtest.dll done
Label Time Summary:
ird    =   0.25 sec*proc (1 test)

Total Test time (real) =   0.26 sec
  -> PASS
  正在生成代码...
  sdurws_ird_modeling_gui_test.vcxproj -> C:\Users\zgl18\AppData\Local\Temp\gate-tc-work\smoke\modeling\Release\sdurws_ird_modeling_gui_test.exe
Label Time Summary:
ird_gui    =   1.52 sec*proc (1 test)

Total Test time (real) =   1.52 sec
  -> PASS
  D:\10_Source_Repos\21_robot\RobWork\vcpkg\installed\x64-windows\bin\bz2.dll -> C:\Users\zgl18\AppData\Local\Temp\gate-tc-work\smoke\modeling\Release\bz2.dll done
  D:\10_Source_Repos\21_robot\RobWork\vcpkg\installed\x64-windows\bin\z.dll -> C:\Users\zgl18\AppData\Local\Temp\gate-tc-work\smoke\modeling\Release\z.dll done
Label Time Summary:
ird    =   0.52 sec*proc (1 test)

Total Test time (real) =   0.52 sec
  -> PASS
  sdurws_ird_optimization_contract_test.vcxproj -> C:\Users\zgl18\AppData\Local\Temp\gate-tc-work\smoke\optimization\Release\sdurws_ird_optimization_contract_test.exe
  D:\10_Source_Repos\21_robot\RobWork\vcpkg\installed\x64-windows\bin\gtest.dll -> C:\Users\zgl18\AppData\Local\Temp\gate-tc-work\smoke\optimization\Release\gtest.dll done
Label Time Summary:
ird    =   1.61 sec*proc (1 test)

Total Test time (real) =   1.61 sec
  -> PASS
  正在生成代码...
  sdurws_ird_optimization_test.vcxproj -> C:\Users\zgl18\AppData\Local\Temp\gate-tc-work\smoke\optimization\Release\sdurws_ird_optimization_test.exe
Label Time Summary:
ird    =   0.38 sec*proc (1 test)

Total Test time (real) =   0.38 sec
  -> PASS
  D:\10_Source_Repos\21_robot\RobWork\vcpkg\installed\x64-windows\bin\gtest_main.dll -> C:\Users\zgl18\AppData\Local\Temp\gate-tc-work\smoke\policy\Release\gtest_main.dll done
  D:\10_Source_Repos\21_robot\RobWork\vcpkg\installed\x64-windows\bin\gtest.dll -> C:\Users\zgl18\AppData\Local\Temp\gate-tc-work\smoke\policy\Release\gtest.dll done

100% tests passed, 0 tests failed out of 1

Total Test time (real) =   0.17 sec
  -> PASS
  正在生成代码...
  sdurws_ird_policy_test.vcxproj -> C:\Users\zgl18\AppData\Local\Temp\gate-tc-work\smoke\policy\Release\sdurws_ird_policy_test.exe

100% tests passed, 0 tests failed out of 1

Total Test time (real) =   0.24 sec
  -> PASS
  sdurws_ird_project_contract_test.vcxproj -> C:\Users\zgl18\AppData\Local\Temp\gate-tc-work\smoke\project\Release\sdurws_ird_project_contract_test.exe
  D:\10_Source_Repos\21_robot\RobWork\vcpkg\installed\x64-windows\bin\gtest.dll -> C:\Users\zgl18\AppData\Local\Temp\gate-tc-work\smoke\project\Release\gtest.dll done

100% tests passed, 0 tests failed out of 1

Total Test time (real) =   7.74 sec
  -> PASS
  正在生成代码...
  sdurws_ird_project_test.vcxproj -> C:\Users\zgl18\AppData\Local\Temp\gate-tc-work\smoke\project\Release\sdurws_ird_project_test.exe

100% tests passed, 0 tests failed out of 1

Total Test time (real) =  17.16 sec
  -> PASS
  sdurws_ird_reporting_contract_test.vcxproj -> C:\Users\zgl18\AppData\Local\Temp\gate-tc-work\smoke\reporting\Release\sdurws_ird_reporting_contract_test.exe
  D:\10_Source_Repos\21_robot\RobWork\vcpkg\installed\x64-windows\bin\gtest.dll -> C:\Users\zgl18\AppData\Local\Temp\gate-tc-work\smoke\reporting\Release\gtest.dll done

100% tests passed, 0 tests failed out of 1

Total Test time (real) =   0.22 sec
  -> PASS
  正在生成代码...
  sdurws_ird_reporting_test.vcxproj -> C:\Users\zgl18\AppData\Local\Temp\gate-tc-work\smoke\reporting\Release\sdurws_ird_reporting_test.exe

100% tests passed, 0 tests failed out of 1

Total Test time (real) =   0.52 sec
  -> PASS
  sdurws_ird_requirements_contract_test.vcxproj -> C:\Users\zgl18\AppData\Local\Temp\gate-tc-work\smoke\requirements\Release\sdurws_ird_requirements_contract_test.exe
  D:\10_Source_Repos\21_robot\RobWork\vcpkg\installed\x64-windows\bin\gtest.dll -> C:\Users\zgl18\AppData\Local\Temp\gate-tc-work\smoke\requirements\Release\gtest.dll done
Label Time Summary:
ird    =   0.23 sec*proc (1 test)

Total Test time (real) =   0.23 sec
  -> PASS
  正在生成代码...
  sdurws_ird_requirements_gui_test.vcxproj -> C:\Users\zgl18\AppData\Local\Temp\gate-tc-work\smoke\requirements\Release\sdurws_ird_requirements_gui_test.exe
Label Time Summary:
ird_gui    =   3.15 sec*proc (1 test)

Total Test time (real) =   3.16 sec
  -> PASS
  正在生成代码...
  sdurws_ird_requirements_test.vcxproj -> C:\Users\zgl18\AppData\Local\Temp\gate-tc-work\smoke\requirements\Release\sdurws_ird_requirements_test.exe
Label Time Summary:
ird    =   0.36 sec*proc (1 test)

Total Test time (real) =   0.37 sec
  -> PASS
  D:\10_Source_Repos\21_robot\RobWork\vcpkg\installed\x64-windows\bin\gtest_main.dll -> C:\Users\zgl18\AppData\Local\Temp\gate-tc-work\smoke\runtime\Release\gtest_main.dll done
  D:\10_Source_Repos\21_robot\RobWork\vcpkg\installed\x64-windows\bin\gtest.dll -> C:\Users\zgl18\AppData\Local\Temp\gate-tc-work\smoke\runtime\Release\gtest.dll done
Label Time Summary:
ird    =   0.24 sec*proc (1 test)

Total Test time (real) =   0.24 sec
  -> PASS
  sdurws_ird_selection_contract_test.vcxproj -> C:\Users\zgl18\AppData\Local\Temp\gate-tc-work\smoke\selection\Release\sdurws_ird_selection_contract_test.exe
  D:\10_Source_Repos\21_robot\RobWork\vcpkg\installed\x64-windows\bin\gtest.dll -> C:\Users\zgl18\AppData\Local\Temp\gate-tc-work\smoke\selection\Release\gtest.dll done
Label Time Summary:
ird    =   0.32 sec*proc (1 test)

Total Test time (real) =   0.32 sec
  -> PASS
  正在生成代码...
  sdurws_ird_selection_test.vcxproj -> C:\Users\zgl18\AppData\Local\Temp\gate-tc-work\smoke\selection\Release\sdurws_ird_selection_test.exe
Label Time Summary:
ird    =   0.29 sec*proc (1 test)

Total Test time (real) =   0.29 sec
  -> PASS
  sdurws_ird_testkit_test.vcxproj -> C:\Users\zgl18\AppData\Local\Temp\gate-tc-work\smoke\testkit\Release\sdurws_ird_testkit_test.exe
  D:\10_Source_Repos\21_robot\RobWork\vcpkg\installed\x64-windows\bin\gtest.dll -> C:\Users\zgl18\AppData\Local\Temp\gate-tc-work\smoke\testkit\Release\gtest.dll done

100% tests passed, 0 tests failed out of 1

Total Test time (real) =   9.72 sec
  -> PASS
  sdurws_ird_trajectory_contract_test.vcxproj -> C:\Users\zgl18\AppData\Local\Temp\gate-tc-work\smoke\trajectory\Release\sdurws_ird_trajectory_contract_test.exe
  D:\10_Source_Repos\21_robot\RobWork\vcpkg\installed\x64-windows\bin\gtest.dll -> C:\Users\zgl18\AppData\Local\Temp\gate-tc-work\smoke\trajectory\Release\gtest.dll done
Label Time Summary:
ird    =   0.23 sec*proc (1 test)

Total Test time (real) =   0.23 sec
  -> PASS
  正在生成代码...
  sdurws_ird_trajectory_test.vcxproj -> C:\Users\zgl18\AppData\Local\Temp\gate-tc-work\smoke\trajectory\Release\sdurws_ird_trajectory_test.exe
Label Time Summary:
ird    =   0.16 sec*proc (1 test)

Total Test time (real) =   0.16 sec
  -> PASS
  sdurws_ird_ui_contract_test.vcxproj -> C:\Users\zgl18\AppData\Local\Temp\gate-tc-work\smoke\ui\Release\sdurws_ird_ui_contract_test.exe
  D:\10_Source_Repos\21_robot\RobWork\vcpkg\installed\x64-windows\bin\gtest.dll -> C:\Users\zgl18\AppData\Local\Temp\gate-tc-work\smoke\ui\Release\gtest.dll done
Label Time Summary:
ird    =   0.24 sec*proc (1 test)

Total Test time (real) =   0.24 sec
  -> PASS
  正在生成代码...
  sdurws_ird_ui_gui_test.vcxproj -> C:\Users\zgl18\AppData\Local\Temp\gate-tc-work\smoke\ui\Release\sdurws_ird_ui_gui_test.exe
Label Time Summary:
ird_gui    =   5.63 sec*proc (1 test)

Total Test time (real) =   5.64 sec
  -> PASS
  正在生成代码...
  sdurws_ird_ui_test.vcxproj -> C:\Users\zgl18\AppData\Local\Temp\gate-tc-work\smoke\ui\Release\sdurws_ird_ui_test.exe
Label Time Summary:
ird    =   1.77 sec*proc (1 test)

Total Test time (real) =   1.79 sec
  -> PASS
  D:\10_Source_Repos\21_robot\RobWork\vcpkg\installed\x64-windows\bin\bz2.dll -> C:\Users\zgl18\AppData\Local\Temp\gate-tc-work\smoke\workflow\Release\bz2.dll done
  D:\10_Source_Repos\21_robot\RobWork\vcpkg\installed\x64-windows\bin\z.dll -> C:\Users\zgl18\AppData\Local\Temp\gate-tc-work\smoke\workflow\Release\z.dll done
Label Time Summary:
ird    =   3.80 sec*proc (1 test)

Total Test time (real) =   3.80 sec
  -> PASS
  正在生成代码...
  sdurws_ird_workflow_test.vcxproj -> C:\Users\zgl18\AppData\Local\Temp\gate-tc-work\smoke\workflow\Release\sdurws_ird_workflow_test.exe
Label Time Summary:
ird    =   0.31 sec*proc (1 test)

Total Test time (real) =   0.31 sec
  -> PASS

================ gate-all 汇总 ================
PASS  集成树缓存确认（RWS_BUILD_INDUSTRIALROBOT=ON 已在位）
PASS  ird_gates（依赖红线/补丁门禁）
PASS  集成模式测试发现（40 个注册: sdurws_ird_core_test, sdurws_ird_diagnostics_contract_test, sdurws_ird_diagnostics_test, sdurws_ird_drivetrain_contract_test, sdurws_ird_drivetrain_test, sdurws_ird_dynamics_contract_test, sdurws_ird_dynamics_test, sdurws_ird_evidence_contract_test, sdurws_ird_evidence_test, sdurws_ird_execution_contract_test, sdurws_ird_execution_test, sdurws_ird_io_contract_test, sdurws_ird_io_test, sdurws_ird_kinematics_contract_test, sdurws_ird_kinematics_test, sdurws_ird_modeling_contract_test, sdurws_ird_modeling_gui_test, sdurws_ird_modeling_test, sdurws_ird_optimization_contract_test, sdurws_ird_optimization_test, sdurws_ird_policy_contract_test, sdurws_ird_policy_test, sdurws_ird_project_contract_test, sdurws_ird_project_test, sdurws_ird_reporting_contract_test, sdurws_ird_reporting_test, sdurws_ird_requirements_contract_test, sdurws_ird_requirements_gui_test, sdurws_ird_requirements_test, sdurws_ird_runtime_test, sdurws_ird_selection_contract_test, sdurws_ird_selection_test, sdurws_ird_testkit_test, sdurws_ird_trajectory_contract_test, sdurws_ird_trajectory_test, sdurws_ird_ui_contract_test, sdurws_ird_ui_gui_test, sdurws_ird_ui_test, sdurws_ird_workflow_contract_test, sdurws_ird_workflow_test）
PASS  集成测试 sdurws_ird_core_test
PASS  集成测试 sdurws_ird_diagnostics_contract_test
PASS  集成测试 sdurws_ird_diagnostics_test
PASS  集成测试 sdurws_ird_drivetrain_contract_test
PASS  集成测试 sdurws_ird_drivetrain_test
PASS  集成测试 sdurws_ird_dynamics_contract_test
PASS  集成测试 sdurws_ird_dynamics_test
PASS  集成测试 sdurws_ird_evidence_contract_test
PASS  集成测试 sdurws_ird_evidence_test
PASS  集成测试 sdurws_ird_execution_contract_test
PASS  集成测试 sdurws_ird_execution_test
PASS  集成测试 sdurws_ird_io_contract_test
PASS  集成测试 sdurws_ird_io_test
PASS  集成测试 sdurws_ird_kinematics_contract_test
PASS  集成测试 sdurws_ird_kinematics_test
PASS  集成测试 sdurws_ird_modeling_contract_test
PASS  集成测试 sdurws_ird_modeling_gui_test
PASS  集成测试 sdurws_ird_modeling_test
PASS  集成测试 sdurws_ird_optimization_contract_test
PASS  集成测试 sdurws_ird_optimization_test
PASS  集成测试 sdurws_ird_policy_contract_test
PASS  集成测试 sdurws_ird_policy_test
PASS  集成测试 sdurws_ird_project_contract_test
PASS  集成测试 sdurws_ird_project_test
PASS  集成测试 sdurws_ird_reporting_contract_test
PASS  集成测试 sdurws_ird_reporting_test
PASS  集成测试 sdurws_ird_requirements_contract_test
PASS  集成测试 sdurws_ird_requirements_gui_test
PASS  集成测试 sdurws_ird_requirements_test
PASS  集成测试 sdurws_ird_runtime_test
PASS  集成测试 sdurws_ird_selection_contract_test
PASS  集成测试 sdurws_ird_selection_test
PASS  集成测试 sdurws_ird_testkit_test
PASS  集成测试 sdurws_ird_trajectory_contract_test
PASS  集成测试 sdurws_ird_trajectory_test
PASS  集成测试 sdurws_ird_ui_contract_test
PASS  集成测试 sdurws_ird_ui_gui_test
PASS  集成测试 sdurws_ird_ui_test
PASS  集成测试 sdurws_ird_workflow_contract_test
PASS  集成测试 sdurws_ird_workflow_test
PASS  冒烟树配置（standalone smoke，toolchain 在位）
PASS  冒烟模式测试发现（40 个注册）
PASS  冒烟测试 sdurws_ird_core_test
PASS  冒烟测试 sdurws_ird_diagnostics_contract_test
PASS  冒烟测试 sdurws_ird_diagnostics_test
PASS  冒烟测试 sdurws_ird_drivetrain_contract_test
PASS  冒烟测试 sdurws_ird_drivetrain_test
PASS  冒烟测试 sdurws_ird_dynamics_contract_test
PASS  冒烟测试 sdurws_ird_dynamics_test
PASS  冒烟测试 sdurws_ird_evidence_contract_test
PASS  冒烟测试 sdurws_ird_evidence_test
PASS  冒烟测试 sdurws_ird_execution_contract_test
PASS  冒烟测试 sdurws_ird_execution_test
PASS  冒烟测试 sdurws_ird_io_contract_test
PASS  冒烟测试 sdurws_ird_io_test
PASS  冒烟测试 sdurws_ird_kinematics_contract_test
PASS  冒烟测试 sdurws_ird_kinematics_test
PASS  冒烟测试 sdurws_ird_modeling_contract_test
PASS  冒烟测试 sdurws_ird_modeling_gui_test
PASS  冒烟测试 sdurws_ird_modeling_test
PASS  冒烟测试 sdurws_ird_optimization_contract_test
PASS  冒烟测试 sdurws_ird_optimization_test
PASS  冒烟测试 sdurws_ird_policy_contract_test
PASS  冒烟测试 sdurws_ird_policy_test
PASS  冒烟测试 sdurws_ird_project_contract_test
PASS  冒烟测试 sdurws_ird_project_test
PASS  冒烟测试 sdurws_ird_reporting_contract_test
PASS  冒烟测试 sdurws_ird_reporting_test
PASS  冒烟测试 sdurws_ird_requirements_contract_test
PASS  冒烟测试 sdurws_ird_requirements_gui_test
PASS  冒烟测试 sdurws_ird_requirements_test
PASS  冒烟测试 sdurws_ird_runtime_test
PASS  冒烟测试 sdurws_ird_selection_contract_test
PASS  冒烟测试 sdurws_ird_selection_test
PASS  冒烟测试 sdurws_ird_testkit_test
PASS  冒烟测试 sdurws_ird_trajectory_contract_test
PASS  冒烟测试 sdurws_ird_trajectory_test
PASS  冒烟测试 sdurws_ird_ui_contract_test
PASS  冒烟测试 sdurws_ird_ui_gui_test
PASS  冒烟测试 sdurws_ird_ui_test
PASS  冒烟测试 sdurws_ird_workflow_contract_test
PASS  冒烟测试 sdurws_ird_workflow_test
================================================
结果: 85/85 通过
GATE_EXIT=0
GATE_ELAPSED_MIN=40.7
GATE_END_ISO=2026-10-10T08:39:58.9898039+08:00
