适用于 .NET Framework MSBuild 版本 17.12.6+db5f6012c

D:\software\Microsoft Visual Studio\2022\Community\MSBuild\Microsoft\VC\v170\Microsoft.CppBuild.targets(541,5): warning MSB8029: 中间目录或输出目录无法驻留在临时目录下，因为这可能会导致增量生成出现问题。 [C:\Users\zgl18\AppData\Local\Temp\acc-dsl-repro\smoke\ZERO_CHECK.vcxproj]
  1>Checking Build System
D:\software\Microsoft Visual Studio\2022\Community\MSBuild\Microsoft\VC\v170\Microsoft.CppBuild.targets(541,5): warning MSB8029: 中间目录或输出目录无法驻留在临时目录下，因为这可能会导致增量生成出现问题。 [C:\Users\zgl18\AppData\Local\Temp\acc-dsl-repro\smoke\core\sdurws_ird_core.vcxproj]
  Building Custom Rule C:/Users/zgl18/AppData/Local/Temp/acc-dsl-repro/RobWork/RobWorkStudio/src/rwslibs/industrialrobot/core/CMakeLists.txt
  Core.cpp
  Identity.cpp
  Digest.cpp
  Provenance.cpp
  Units.cpp
  Compare.cpp
  Evaluation.cpp
  DiagData.cpp
  Events.cpp
  正在生成代码...
  sdurws_ird_core.vcxproj -> C:\Users\zgl18\AppData\Local\Temp\acc-dsl-repro\smoke\core\Release\sdurws_ird_core.lib
D:\software\Microsoft Visual Studio\2022\Community\MSBuild\Microsoft\VC\v170\Microsoft.CppBuild.targets(541,5): warning MSB8029: 中间目录或输出目录无法驻留在临时目录下，因为这可能会导致增量生成出现问题。 [C:\Users\zgl18\AppData\Local\Temp\acc-dsl-repro\smoke\core\sdurws_ird_core_test.vcxproj]
  Building Custom Rule C:/Users/zgl18/AppData/Local/Temp/acc-dsl-repro/RobWork/RobWorkStudio/src/rwslibs/industrialrobot/core/CMakeLists.txt
  BuildRedLineTest.cpp
  IdentityTest.cpp
  DigestTest.cpp
  ConventionValueSemanticsTest.cpp
  ProvenanceTest.cpp
  UnitsTest.cpp
  CompareTest.cpp
  EvaluationTest.cpp
  DiagDataTest.cpp
  EventsTest.cpp
  正在生成代码...
  sdurws_ird_core_test.vcxproj -> C:\Users\zgl18\AppData\Local\Temp\acc-dsl-repro\smoke\core\Release\sdurws_ird_core_test.exe
  D:\10_Source_Repos\21_robot\RobWork\vcpkg\installed\x64-windows\bin\gtest_main.dll -> C:\Users\zgl18\AppData\Local\Temp\acc-dsl-repro\smoke\core\Release\gtest_main.dll done
  D:\10_Source_Repos\21_robot\RobWork\vcpkg\installed\x64-windows\bin\gtest.dll -> C:\Users\zgl18\AppData\Local\Temp\acc-dsl-repro\smoke\core\Release\gtest.dll done
D:\software\Microsoft Visual Studio\2022\Community\MSBuild\Microsoft\VC\v170\Microsoft.CppBuild.targets(541,5): warning MSB8029: 中间目录或输出目录无法驻留在临时目录下，因为这可能会导致增量生成出现问题。 [C:\Users\zgl18\AppData\Local\Temp\acc-dsl-repro\smoke\diagnostics\sdurws_ird_diagnostics.vcxproj]
  Building Custom Rule C:/Users/zgl18/AppData/Local/Temp/acc-dsl-repro/RobWork/RobWorkStudio/src/rwslibs/industrialrobot/diagnostics/CMakeLists.txt
  Diagnostics.cpp
  Errors.cpp
  DiagCodes.cpp
  ParamSchema.cpp
  Catalog.cpp
  Factory.cpp
  Confirmable.cpp
  Aggregation.cpp
  Logging.cpp
  Redaction.cpp
  CrashReport.cpp
  正在生成代码...
  sdurws_ird_diagnostics.vcxproj -> C:\Users\zgl18\AppData\Local\Temp\acc-dsl-repro\smoke\diagnostics\Release\sdurws_ird_diagnostics.lib
D:\software\Microsoft Visual Studio\2022\Community\MSBuild\Microsoft\VC\v170\Microsoft.CppBuild.targets(541,5): warning MSB8029: 中间目录或输出目录无法驻留在临时目录下，因为这可能会导致增量生成出现问题。 [C:\Users\zgl18\AppData\Local\Temp\acc-dsl-repro\smoke\io\sdurws_ird_io.vcxproj]
  Building Custom Rule C:/Users/zgl18/AppData/Local/Temp/acc-dsl-repro/RobWork/RobWorkStudio/src/rwslibs/industrialrobot/io/CMakeLists.txt
  Io.cpp
  SafePath.cpp
  Budget.cpp
  IoDiagnostics.cpp
  Csv.cpp
  Json.cpp
  ZipChannel.cpp
  ResourceIo.cpp
  TempArea.cpp
  AtomicFile.cpp
  Package.cpp
  正在生成代码...
  sdurws_ird_io.vcxproj -> C:\Users\zgl18\AppData\Local\Temp\acc-dsl-repro\smoke\io\Release\sdurws_ird_io.lib
D:\software\Microsoft Visual Studio\2022\Community\MSBuild\Microsoft\VC\v170\Microsoft.CppBuild.targets(541,5): warning MSB8029: 中间目录或输出目录无法驻留在临时目录下，因为这可能会导致增量生成出现问题。 [C:\Users\zgl18\AppData\Local\Temp\acc-dsl-repro\smoke\policy\sdurws_ird_policy.vcxproj]
  Building Custom Rule C:/Users/zgl18/AppData/Local/Temp/acc-dsl-repro/RobWork/RobWorkStudio/src/rwslibs/industrialrobot/policy/CMakeLists.txt
  Policy.cpp
  Errors.cpp
  Diagnostics.cpp
  PolicyInput.cpp
  PolicyParsing.cpp
  PolicyPort.cpp
  SystemDefaultPolicy.cpp
  正在生成代码...
  sdurws_ird_policy.vcxproj -> C:\Users\zgl18\AppData\Local\Temp\acc-dsl-repro\smoke\policy\Release\sdurws_ird_policy.lib
D:\software\Microsoft Visual Studio\2022\Community\MSBuild\Microsoft\VC\v170\Microsoft.CppBuild.targets(541,5): warning MSB8029: 中间目录或输出目录无法驻留在临时目录下，因为这可能会导致增量生成出现问题。 [C:\Users\zgl18\AppData\Local\Temp\acc-dsl-repro\smoke\project\sdurws_ird_project.vcxproj]
  Building Custom Rule C:/Users/zgl18/AppData/Local/Temp/acc-dsl-repro/RobWork/RobWorkStudio/src/rwslibs/industrialrobot/project/CMakeLists.txt
  Project.cpp
  Codec.cpp
  ObjectStore.cpp
  RevisionIndex.cpp
  TxEngine.cpp
  ProjectStoreImpl.cpp
C:\Users\zgl18\AppData\Local\Temp\acc-dsl-repro\RobWork\RobWorkStudio\src\rwslibs\industrialrobot\project\src\ProjectStoreImpl.cpp(794,5): warning C4297: “sdurws::ird::project::ProjectStore::handlerRegistry”: 假定函数不引发异常，但确实发生了 [C:\Users\zgl18\AppData\Local\Temp\acc-dsl-repro\smoke\project\sdurws_ird_project.vcxproj]
      C:\Users\zgl18\AppData\Local\Temp\acc-dsl-repro\RobWork\RobWorkStudio\src\rwslibs\industrialrobot\project\src\ProjectStoreImpl.cpp(794,5):
      在函数上指定了 __declspec(nothrow)、throw()、noexcept(true)或 noexcept
  
  QueryPortImpl.cpp
  CommandServiceImpl.cpp
  ConfirmationFlow.cpp
  DraftServiceImpl.cpp
  UndoRedoServiceImpl.cpp
  ArchiveServiceImpl.cpp
  AtomicFile.cpp
  StoreLock.cpp
  PathCanonical.cpp
  正在生成代码...
  sdurws_ird_project.vcxproj -> C:\Users\zgl18\AppData\Local\Temp\acc-dsl-repro\smoke\project\Release\sdurws_ird_project.lib
D:\software\Microsoft Visual Studio\2022\Community\MSBuild\Microsoft\VC\v170\Microsoft.CppBuild.targets(541,5): warning MSB8029: 中间目录或输出目录无法驻留在临时目录下，因为这可能会导致增量生成出现问题。 [C:\Users\zgl18\AppData\Local\Temp\acc-dsl-repro\smoke\runtime\sdurws_ird_runtime.vcxproj]
  Building Custom Rule C:/Users/zgl18/AppData/Local/Temp/acc-dsl-repro/RobWork/RobWorkStudio/src/rwslibs/industrialrobot/runtime/CMakeLists.txt
  Runtime.cpp
  Errors.cpp
  DescriptionValidator.cpp
  CanonicalModel.cpp
  Codec.cpp
  NameMap.cpp
  BaseWorldTransform.cpp
  正在生成代码...
  sdurws_ird_runtime.vcxproj -> C:\Users\zgl18\AppData\Local\Temp\acc-dsl-repro\smoke\runtime\Release\sdurws_ird_runtime.lib
D:\software\Microsoft Visual Studio\2022\Community\MSBuild\Microsoft\VC\v170\Microsoft.CppBuild.targets(541,5): warning MSB8029: 中间目录或输出目录无法驻留在临时目录下，因为这可能会导致增量生成出现问题。 [C:\Users\zgl18\AppData\Local\Temp\acc-dsl-repro\smoke\modeling\sdurws_ird_modeling.vcxproj]
  Building Custom Rule C:/Users/zgl18/AppData/Local/Temp/acc-dsl-repro/RobWork/RobWorkStudio/src/rwslibs/industrialrobot/modeling/CMakeLists.txt
  ObjectTypes.cpp
  Errors.cpp
  DiagCodes.cpp
  RobotDesign.cpp
  Parts.cpp
  Codec.cpp
  PropertyEstimation.cpp
  Import.cpp
  XacroExpand.cpp
  Template.cpp
  StructureEdit.cpp
  GeometryLinkEdit.cpp
  Readiness.cpp
  CommandHandlers.cpp
  DhConvert.cpp
  CanonicalBridge.cpp
  Package.cpp
  ModelDiff.cpp
  正在生成代码...
  sdurws_ird_modeling.vcxproj -> C:\Users\zgl18\AppData\Local\Temp\acc-dsl-repro\smoke\modeling\Release\sdurws_ird_modeling.lib
D:\software\Microsoft Visual Studio\2022\Community\MSBuild\Microsoft\VC\v170\Microsoft.CppBuild.targets(541,5): warning MSB8029: 中间目录或输出目录无法驻留在临时目录下，因为这可能会导致增量生成出现问题。 [C:\Users\zgl18\AppData\Local\Temp\acc-dsl-repro\smoke\modeling\sdurws_ird_demo6r.vcxproj]
  Building Custom Rule C:/Users/zgl18/AppData/Local/Temp/acc-dsl-repro/RobWork/RobWorkStudio/src/rwslibs/industrialrobot/modeling/CMakeLists.txt
  Demo6R.cpp
  sdurws_ird_demo6r.vcxproj -> C:\Users\zgl18\AppData\Local\Temp\acc-dsl-repro\smoke\modeling\Release\sdurws_ird_demo6r.exe
D:\software\Microsoft Visual Studio\2022\Community\MSBuild\Microsoft\VC\v170\Microsoft.CppBuild.targets(541,5): warning MSB8029: 中间目录或输出目录无法驻留在临时目录下，因为这可能会导致增量生成出现问题。 [C:\Users\zgl18\AppData\Local\Temp\acc-dsl-repro\smoke\testkit\sdurws_ird_testkit.vcxproj]
  Building Custom Rule C:/Users/zgl18/AppData/Local/Temp/acc-dsl-repro/RobWork/RobWorkStudio/src/rwslibs/industrialrobot/testkit/CMakeLists.txt
  TestPaths.cpp
  JsonLite.cpp
  Fault.cpp
  Dataset.cpp
  ToleranceProfile.cpp
  Check.cpp
  ContractCheck.cpp
  Fixture.cpp
  Report.cpp
  ProcessRunner.cpp
  正在生成代码...
  sdurws_ird_testkit.vcxproj -> C:\Users\zgl18\AppData\Local\Temp\acc-dsl-repro\smoke\testkit\Release\sdurws_ird_testkit.lib
D:\software\Microsoft Visual Studio\2022\Community\MSBuild\Microsoft\VC\v170\Microsoft.CppBuild.targets(541,5): warning MSB8029: 中间目录或输出目录无法驻留在临时目录下，因为这可能会导致增量生成出现问题。 [C:\Users\zgl18\AppData\Local\Temp\acc-dsl-repro\smoke\diagnostics\sdurws_ird_diagnostics_contract_test.vcxproj]
  Building Custom Rule C:/Users/zgl18/AppData/Local/Temp/acc-dsl-repro/RobWork/RobWorkStudio/src/rwslibs/industrialrobot/diagnostics/CMakeLists.txt
  LinkageContractTest.cpp
  ConfirmableProjectStubTest.cpp
  CatalogHostTraceStubTest.cpp
  ScriptedDiagSourceTest.cpp
  DiagContractCheckTest.cpp
  正在生成代码...
  sdurws_ird_diagnostics_contract_test.vcxproj -> C:\Users\zgl18\AppData\Local\Temp\acc-dsl-repro\smoke\diagnostics\Release\sdurws_ird_diagnostics_contract_test.exe
  D:\10_Source_Repos\21_robot\RobWork\vcpkg\installed\x64-windows\bin\gtest_main.dll -> C:\Users\zgl18\AppData\Local\Temp\acc-dsl-repro\smoke\diagnostics\Release\gtest_main.dll done
  D:\10_Source_Repos\21_robot\RobWork\vcpkg\installed\x64-windows\bin\gtest.dll -> C:\Users\zgl18\AppData\Local\Temp\acc-dsl-repro\smoke\diagnostics\Release\gtest.dll done
D:\software\Microsoft Visual Studio\2022\Community\MSBuild\Microsoft\VC\v170\Microsoft.CppBuild.targets(541,5): warning MSB8029: 中间目录或输出目录无法驻留在临时目录下，因为这可能会导致增量生成出现问题。 [C:\Users\zgl18\AppData\Local\Temp\acc-dsl-repro\smoke\diagnostics\sdurws_ird_diagnostics_test.vcxproj]
  Building Custom Rule C:/Users/zgl18/AppData/Local/Temp/acc-dsl-repro/RobWork/RobWorkStudio/src/rwslibs/industrialrobot/diagnostics/CMakeLists.txt
  BuildRedLineTest.cpp
  StableCodeRegistryTest.cpp
  CatalogFactoryTest.cpp
  CatalogLifecycleTest.cpp
  ConfirmableTest.cpp
  AggregationTest.cpp
  LoggingTest.cpp
  RedactionTest.cpp
  CollaborationQueryTest.cpp
  正在生成代码...
  sdurws_ird_diagnostics_test.vcxproj -> C:\Users\zgl18\AppData\Local\Temp\acc-dsl-repro\smoke\diagnostics\Release\sdurws_ird_diagnostics_test.exe
D:\software\Microsoft Visual Studio\2022\Community\MSBuild\Microsoft\VC\v170\Microsoft.CppBuild.targets(541,5): warning MSB8029: 中间目录或输出目录无法驻留在临时目录下，因为这可能会导致增量生成出现问题。 [C:\Users\zgl18\AppData\Local\Temp\acc-dsl-repro\smoke\evidence\sdurws_ird_evidence.vcxproj]
  Building Custom Rule C:/Users/zgl18/AppData/Local/Temp/acc-dsl-repro/RobWork/RobWorkStudio/src/rwslibs/industrialrobot/evidence/CMakeLists.txt
  Evidence.cpp
  Errors.cpp
  Snapshot.cpp
  Slice.cpp
  Verdict.cpp
  Envelope.cpp
  Currentness.cpp
  Compatibility.cpp
  Evaluator.cpp
  正在生成代码...
  sdurws_ird_evidence.vcxproj -> C:\Users\zgl18\AppData\Local\Temp\acc-dsl-repro\smoke\evidence\Release\sdurws_ird_evidence.lib
D:\software\Microsoft Visual Studio\2022\Community\MSBuild\Microsoft\VC\v170\Microsoft.CppBuild.targets(541,5): warning MSB8029: 中间目录或输出目录无法驻留在临时目录下，因为这可能会导致增量生成出现问题。 [C:\Users\zgl18\AppData\Local\Temp\acc-dsl-repro\smoke\drivetrain\sdurws_ird_drivetrain.vcxproj]
  Building Custom Rule C:/Users/zgl18/AppData/Local/Temp/acc-dsl-repro/RobWork/RobWorkStudio/src/rwslibs/industrialrobot/drivetrain/CMakeLists.txt
  DiagCodes.cpp
  MappingCore.cpp
  DriveTrainCodec.cpp
  Evaluator.cpp
  正在生成代码...
  sdurws_ird_drivetrain.vcxproj -> C:\Users\zgl18\AppData\Local\Temp\acc-dsl-repro\smoke\drivetrain\Release\sdurws_ird_drivetrain.lib
D:\software\Microsoft Visual Studio\2022\Community\MSBuild\Microsoft\VC\v170\Microsoft.CppBuild.targets(541,5): warning MSB8029: 中间目录或输出目录无法驻留在临时目录下，因为这可能会导致增量生成出现问题。 [C:\Users\zgl18\AppData\Local\Temp\acc-dsl-repro\smoke\drivetrain\sdurws_ird_drivetrain_contract_test.vcxproj]
  Building Custom Rule C:/Users/zgl18/AppData/Local/Temp/acc-dsl-repro/RobWork/RobWorkStudio/src/rwslibs/industrialrobot/drivetrain/CMakeLists.txt
  ContractTestMain.cpp
  BuildGraphContractTest.cpp
  EvaluatorContractTest.cpp
  GoldenDatasetContractTest.cpp
  正在生成代码...
  sdurws_ird_drivetrain_contract_test.vcxproj -> C:\Users\zgl18\AppData\Local\Temp\acc-dsl-repro\smoke\drivetrain\Release\sdurws_ird_drivetrain_contract_test.exe
  D:\10_Source_Repos\21_robot\RobWork\vcpkg\installed\x64-windows\bin\gtest.dll -> C:\Users\zgl18\AppData\Local\Temp\acc-dsl-repro\smoke\drivetrain\Release\gtest.dll done
D:\software\Microsoft Visual Studio\2022\Community\MSBuild\Microsoft\VC\v170\Microsoft.CppBuild.targets(541,5): warning MSB8029: 中间目录或输出目录无法驻留在临时目录下，因为这可能会导致增量生成出现问题。 [C:\Users\zgl18\AppData\Local\Temp\acc-dsl-repro\smoke\drivetrain\sdurws_ird_drivetrain_test.vcxproj]
  Building Custom Rule C:/Users/zgl18/AppData/Local/Temp/acc-dsl-repro/RobWork/RobWorkStudio/src/rwslibs/industrialrobot/drivetrain/CMakeLists.txt
  TestMainReport.cpp
  DiagCodesTest.cpp
  BuildRedLineTest.cpp
  MappingGoldenTest.cpp
  GoldenDtTest.cpp
  正在生成代码...
  sdurws_ird_drivetrain_test.vcxproj -> C:\Users\zgl18\AppData\Local\Temp\acc-dsl-repro\smoke\drivetrain\Release\sdurws_ird_drivetrain_test.exe
D:\software\Microsoft Visual Studio\2022\Community\MSBuild\Microsoft\VC\v170\Microsoft.CppBuild.targets(541,5): warning MSB8029: 中间目录或输出目录无法驻留在临时目录下，因为这可能会导致增量生成出现问题。 [C:\Users\zgl18\AppData\Local\Temp\acc-dsl-repro\smoke\execution\sdurws_ird_execution.vcxproj]
  Building Custom Rule C:/Users/zgl18/AppData/Local/Temp/acc-dsl-repro/RobWork/RobWorkStudio/src/rwslibs/industrialrobot/execution/CMakeLists.txt
  Execution.cpp
  Errors.cpp
  TaskTypes.cpp
  StateMachine.cpp
  Controller.cpp
  Scheduler.cpp
  RunRegistry.cpp
  Admission.cpp
  EventBus.cpp
  ChannelProtocol.cpp
  WorkerSupervisor.cpp
D:\software\Microsoft Visual Studio\2022\Community\VC\Tools\MSVC\14.42.34433\include\xutility(4709,18): warning C4244: “=”: 从“const wchar_t”转换到“char”，可能丢失数据 [C:\Users\zgl18\AppData\Local\Temp\acc-dsl-repro\smoke\execution\sdurws_ird_execution.vcxproj]
  (编译源文件“../../RobWork/RobWorkStudio/src/rwslibs/industrialrobot/execution/src/WorkerSupervisor.cpp”)
      D:\software\Microsoft Visual Studio\2022\Community\VC\Tools\MSVC\14.42.34433\include\xutility(4709,18):
      模板实例化上下文(最早的实例化上下文)为
          C:\Users\zgl18\AppData\Local\Temp\acc-dsl-repro\RobWork\RobWorkStudio\src\rwslibs\industrialrobot\execution\src\WorkerSupervisor.cpp(301,43):
          查看对正在编译的函数 模板 实例化“std::basic_string<char,std::char_traits<char>,std::allocator<char>>::basic_string<std::_String_const_iterator<std::_String_val<std::_Simple_types<_Elem>>>,0>(_Iter,_Iter,const _Alloc &)”的引用
          with
          [
              _Elem=wchar_t,
              _Iter=std::_String_const_iterator<std::_String_val<std::_Simple_types<wchar_t>>>,
              _Alloc=std::allocator<char>
          ]
              C:\Users\zgl18\AppData\Local\Temp\acc-dsl-repro\RobWork\RobWorkStudio\src\rwslibs\industrialrobot\execution\src\WorkerSupervisor.cpp(299,38):
              请参阅 "sdurws::ird::execution::WorkerSupervisor::spawnNewWorker" 中对 "std::basic_string<char,std::char_traits<char>,std::allocator<char>>::basic_string" 的第一个引用
          D:\software\Microsoft Visual Studio\2022\Community\VC\Tools\MSVC\14.42.34433\include\xstring(793,17):
          查看对正在编译的函数 模板 实例化“void std::basic_string<char,std::char_traits<char>,std::allocator<char>>::_Construct_from_iter<const wchar_t*,const wchar_t*,_Size_type>(_Iter,const _Sent,_Size)”的引用
          with
          [
              _Size_type=unsigned __int64,
              _Iter=const wchar_t *,
              _Sent=const wchar_t *,
              _Size=unsigned __int64
          ]
          D:\software\Microsoft Visual Studio\2022\Community\VC\Tools\MSVC\14.42.34433\include\xstring(949,18):
          查看对正在编译的函数 模板 实例化“_OutIt *std::_Copy_n_unchecked4<const wchar_t*,_Size,char*>(_InIt,_SizeTy,_OutIt)”的引用
          with
          [
              _OutIt=char *,
              _Size=unsigned __int64,
              _InIt=const wchar_t *,
              _SizeTy=unsigned __int64
          ]
  
  Checkpoint.cpp
  CacheCoordinator.cpp
  ChannelPair.cpp
  JobScope.cpp
  MemProbe.cpp
  ProcessLauncher.cpp
  正在生成代码...
  sdurws_ird_execution.vcxproj -> C:\Users\zgl18\AppData\Local\Temp\acc-dsl-repro\smoke\execution\Release\sdurws_ird_execution.lib
D:\software\Microsoft Visual Studio\2022\Community\MSBuild\Microsoft\VC\v170\Microsoft.CppBuild.targets(541,5): warning MSB8029: 中间目录或输出目录无法驻留在临时目录下，因为这可能会导致增量生成出现问题。 [C:\Users\zgl18\AppData\Local\Temp\acc-dsl-repro\smoke\dynamics\sdurws_ird_dynamics.vcxproj]
  Building Custom Rule C:/Users/zgl18/AppData/Local/Temp/acc-dsl-repro/RobWork/RobWorkStudio/src/rwslibs/industrialrobot/dynamics/CMakeLists.txt
  DiagCodes.cpp
  InverseDynamics.cpp
  SeriesBuilder.cpp
  Envelope.cpp
  PowerEnergy.cpp
  ForwardDynamics.cpp
  EvidenceBuilder.cpp
  Replay.cpp
  Commands.cpp
  正在生成代码...
  sdurws_ird_dynamics.vcxproj -> C:\Users\zgl18\AppData\Local\Temp\acc-dsl-repro\smoke\dynamics\Release\sdurws_ird_dynamics.lib
D:\software\Microsoft Visual Studio\2022\Community\MSBuild\Microsoft\VC\v170\Microsoft.CppBuild.targets(541,5): warning MSB8029: 中间目录或输出目录无法驻留在临时目录下，因为这可能会导致增量生成出现问题。 [C:\Users\zgl18\AppData\Local\Temp\acc-dsl-repro\smoke\dynamics\sdurws_ird_dynamics_plugin.vcxproj]
  Building Custom Rule C:/Users/zgl18/AppData/Local/Temp/acc-dsl-repro/RobWork/RobWorkStudio/src/rwslibs/industrialrobot/dynamics/CMakeLists.txt
  DynPanelModel.cpp
  DynPanelCommandCatalog.cpp
  DynCurveChartView.cpp
  DynamicsPanelWidget.cpp
  DynamicsPluginAssembly.cpp
  正在生成代码...
  sdurws_ird_dynamics_plugin.vcxproj -> C:\Users\zgl18\AppData\Local\Temp\acc-dsl-repro\smoke\dynamics\Release\sdurws_ird_dynamics_plugin.lib
D:\software\Microsoft Visual Studio\2022\Community\MSBuild\Microsoft\VC\v170\Microsoft.CppBuild.targets(541,5): warning MSB8029: 中间目录或输出目录无法驻留在临时目录下，因为这可能会导致增量生成出现问题。 [C:\Users\zgl18\AppData\Local\Temp\acc-dsl-repro\smoke\dynamics\sdurws_ird_dynamics_app.vcxproj]
  Building Custom Rule C:/Users/zgl18/AppData/Local/Temp/acc-dsl-repro/RobWork/RobWorkStudio/src/rwslibs/industrialrobot/dynamics/CMakeLists.txt
  HarnessMain.cpp
  sdurws_ird_dynamics_app.vcxproj -> C:\Users\zgl18\AppData\Local\Temp\acc-dsl-repro\smoke\dynamics\Release\sdurws_ird_dynamics_app.exe
D:\software\Microsoft Visual Studio\2022\Community\MSBuild\Microsoft\VC\v170\Microsoft.CppBuild.targets(541,5): warning MSB8029: 中间目录或输出目录无法驻留在临时目录下，因为这可能会导致增量生成出现问题。 [C:\Users\zgl18\AppData\Local\Temp\acc-dsl-repro\smoke\dynamics\sdurws_ird_dynamics_contract_test.vcxproj]
  Building Custom Rule C:/Users/zgl18/AppData/Local/Temp/acc-dsl-repro/RobWork/RobWorkStudio/src/rwslibs/industrialrobot/dynamics/CMakeLists.txt
  ContractTestMain.cpp
  BuildGraphContractTest.cpp
  DynamicsPluginAssemblyContractTest.cpp
  RneaBoundaryContractTest.cpp
  ForwardDynamicsBoundaryContractTest.cpp
  EvidenceBoundaryContractTest.cpp
  EnvelopeBoundaryContractTest.cpp
  CommandsBoundaryContractTest.cpp
  At07CoverageContractTest.cpp
  HandoffBoundaryContractTest.cpp
  正在生成代码...
  sdurws_ird_dynamics_contract_test.vcxproj -> C:\Users\zgl18\AppData\Local\Temp\acc-dsl-repro\smoke\dynamics\Release\sdurws_ird_dynamics_contract_test.exe
  D:\10_Source_Repos\21_robot\RobWork\vcpkg\installed\x64-windows\bin\gtest.dll -> C:\Users\zgl18\AppData\Local\Temp\acc-dsl-repro\smoke\dynamics\Release\gtest.dll done
D:\software\Microsoft Visual Studio\2022\Community\MSBuild\Microsoft\VC\v170\Microsoft.CppBuild.targets(541,5): warning MSB8029: 中间目录或输出目录无法驻留在临时目录下，因为这可能会导致增量生成出现问题。 [C:\Users\zgl18\AppData\Local\Temp\acc-dsl-repro\smoke\dynamics\sdurws_ird_dynamics_test.vcxproj]
  Building Custom Rule C:/Users/zgl18/AppData/Local/Temp/acc-dsl-repro/RobWork/RobWorkStudio/src/rwslibs/industrialrobot/dynamics/CMakeLists.txt
  TestMainReport.cpp
  DiagCodesTest.cpp
  BuildRedLineTest.cpp
  RneaTest.cpp
  StatisticsTest.cpp
  ForwardDynamicsTest.cpp
  EvidenceBuilderTest.cpp
  EnvelopeMergeTest.cpp
  ReplayCurveTest.cpp
  DynPluginPanelTest.cpp
  DynGoldenDatasetTest.cpp
  正在生成代码...
  sdurws_ird_dynamics_test.vcxproj -> C:\Users\zgl18\AppData\Local\Temp\acc-dsl-repro\smoke\dynamics\Release\sdurws_ird_dynamics_test.exe
D:\software\Microsoft Visual Studio\2022\Community\MSBuild\Microsoft\VC\v170\Microsoft.CppBuild.targets(541,5): warning MSB8029: 中间目录或输出目录无法驻留在临时目录下，因为这可能会导致增量生成出现问题。 [C:\Users\zgl18\AppData\Local\Temp\acc-dsl-repro\smoke\evidence\sdurws_ird_evidence_contract_test.vcxproj]
  Building Custom Rule C:/Users/zgl18/AppData/Local/Temp/acc-dsl-repro/RobWork/RobWorkStudio/src/rwslibs/industrialrobot/evidence/CMakeLists.txt
  EnvelopeContractTest.cpp
  EnvelopeAccessorContractTest.cpp
  SliceFixtureContractTest.cpp
  正在生成代码...
  sdurws_ird_evidence_contract_test.vcxproj -> C:\Users\zgl18\AppData\Local\Temp\acc-dsl-repro\smoke\evidence\Release\sdurws_ird_evidence_contract_test.exe
  D:\10_Source_Repos\21_robot\RobWork\vcpkg\installed\x64-windows\bin\gtest_main.dll -> C:\Users\zgl18\AppData\Local\Temp\acc-dsl-repro\smoke\evidence\Release\gtest_main.dll done
  D:\10_Source_Repos\21_robot\RobWork\vcpkg\installed\x64-windows\bin\gtest.dll -> C:\Users\zgl18\AppData\Local\Temp\acc-dsl-repro\smoke\evidence\Release\gtest.dll done
D:\software\Microsoft Visual Studio\2022\Community\MSBuild\Microsoft\VC\v170\Microsoft.CppBuild.targets(541,5): warning MSB8029: 中间目录或输出目录无法驻留在临时目录下，因为这可能会导致增量生成出现问题。 [C:\Users\zgl18\AppData\Local\Temp\acc-dsl-repro\smoke\evidence\sdurws_ird_evidence_test.vcxproj]
  Building Custom Rule C:/Users/zgl18/AppData/Local/Temp/acc-dsl-repro/RobWork/RobWorkStudio/src/rwslibs/industrialrobot/evidence/CMakeLists.txt
  BuildRedLineTest.cpp
  ErrorsTest.cpp
  DependencyTest.cpp
  SnapshotTest.cpp
  SliceTest.cpp
  EvidenceTest.cpp
  VerdictTest.cpp
  EnvelopeTest.cpp
  CurrentnessTest.cpp
  CompatibilityTest.cpp
  EvaluatorTest.cpp
  EvaluatorPortSuiteTest.cpp
  正在生成代码...
  sdurws_ird_evidence_test.vcxproj -> C:\Users\zgl18\AppData\Local\Temp\acc-dsl-repro\smoke\evidence\Release\sdurws_ird_evidence_test.exe
D:\software\Microsoft Visual Studio\2022\Community\MSBuild\Microsoft\VC\v170\Microsoft.CppBuild.targets(541,5): warning MSB8029: 中间目录或输出目录无法驻留在临时目录下，因为这可能会导致增量生成出现问题。 [C:\Users\zgl18\AppData\Local\Temp\acc-dsl-repro\smoke\execution\sdurws_ird_execution_worker.vcxproj]
  Building Custom Rule C:/Users/zgl18/AppData/Local/Temp/acc-dsl-repro/RobWork/RobWorkStudio/src/rwslibs/industrialrobot/execution/CMakeLists.txt
  main.cpp
D:\software\Microsoft Visual Studio\2022\Community\VC\Tools\MSVC\14.42.34433\include\xutility(4709,18): warning C4244: “=”: 从“const wchar_t”转换到“char”，可能丢失数据 [C:\Users\zgl18\AppData\Local\Temp\acc-dsl-repro\smoke\execution\sdurws_ird_execution_worker.vcxproj]
  (编译源文件“../../RobWork/RobWorkStudio/src/rwslibs/industrialrobot/execution/worker/main.cpp”)
      D:\software\Microsoft Visual Studio\2022\Community\VC\Tools\MSVC\14.42.34433\include\xutility(4709,18):
      模板实例化上下文(最早的实例化上下文)为
          C:\Users\zgl18\AppData\Local\Temp\acc-dsl-repro\RobWork\RobWorkStudio\src\rwslibs\industrialrobot\execution\worker\main.cpp(299,37):
          查看对正在编译的函数 模板 实例化“std::basic_string<char,std::char_traits<char>,std::allocator<char>>::basic_string<std::_String_const_iterator<std::_String_val<std::_Simple_types<_Elem>>>,0>(_Iter,_Iter,const _Alloc &)”的引用
          with
          [
              _Elem=wchar_t,
              _Iter=std::_String_const_iterator<std::_String_val<std::_Simple_types<wchar_t>>>,
              _Alloc=std::allocator<char>
          ]
              C:\Users\zgl18\AppData\Local\Temp\acc-dsl-repro\RobWork\RobWorkStudio\src\rwslibs\industrialrobot\execution\worker\main.cpp(299,37):
              请参阅 "`anonymous-namespace'::parseArgs" 中对 "std::basic_string<char,std::char_traits<char>,std::allocator<char>>::basic_string" 的第一个引用
          D:\software\Microsoft Visual Studio\2022\Community\VC\Tools\MSVC\14.42.34433\include\xstring(793,17):
          查看对正在编译的函数 模板 实例化“void std::basic_string<char,std::char_traits<char>,std::allocator<char>>::_Construct_from_iter<const wchar_t*,const wchar_t*,_Size_type>(_Iter,const _Sent,_Size)”的引用
          with
          [
              _Size_type=unsigned __int64,
              _Iter=const wchar_t *,
              _Sent=const wchar_t *,
              _Size=unsigned __int64
          ]
          D:\software\Microsoft Visual Studio\2022\Community\VC\Tools\MSVC\14.42.34433\include\xstring(949,18):
          查看对正在编译的函数 模板 实例化“_OutIt *std::_Copy_n_unchecked4<const wchar_t*,_Size,char*>(_InIt,_SizeTy,_OutIt)”的引用
          with
          [
              _OutIt=char *,
              _Size=unsigned __int64,
              _InIt=const wchar_t *,
              _SizeTy=unsigned __int64
          ]
  
  ChannelProtocol.cpp
  Errors.cpp
  TaskTypes.cpp
  正在生成代码...
  sdurws_ird_execution_worker.vcxproj -> C:\Users\zgl18\AppData\Local\Temp\acc-dsl-repro\smoke\execution\Release\sdurws_ird_execution_worker.exe
D:\software\Microsoft Visual Studio\2022\Community\MSBuild\Microsoft\VC\v170\Microsoft.CppBuild.targets(541,5): warning MSB8029: 中间目录或输出目录无法驻留在临时目录下，因为这可能会导致增量生成出现问题。 [C:\Users\zgl18\AppData\Local\Temp\acc-dsl-repro\smoke\execution\sdurws_ird_execution_contract_test.vcxproj]
  Building Custom Rule C:/Users/zgl18/AppData/Local/Temp/acc-dsl-repro/RobWork/RobWorkStudio/src/rwslibs/industrialrobot/execution/CMakeLists.txt
  ContractTestMain.cpp
  LinkageContractTest.cpp
  IdentityVocabularyContractTest.cpp
  ArchiveCollaborationContractTest.cpp
  EventBusDeliveryContractTest.cpp
  WorkerProcessContractTest.cpp
  CacheJudgeContractTest.cpp
  ArchiveFaultContractTest.cpp
C:\Users\zgl18\AppData\Local\Temp\acc-dsl-repro\RobWork\RobWorkStudio\src\rwslibs\industrialrobot\execution\contract_test\ArchiveFaultContractTest.cpp(718,26): warning C4834: 放弃具有 [[nodiscard]] 属性的函数的返回值 [C:\Users\zgl18\AppData\Local\Temp\acc-dsl-repro\smoke\execution\sdurws_ird_execution_contract_test.vcxproj]
  RecoveryProcessContractTest.cpp
  RecoveryChild.cpp
  正在生成代码...
  sdurws_ird_execution_contract_test.vcxproj -> C:\Users\zgl18\AppData\Local\Temp\acc-dsl-repro\smoke\execution\Release\sdurws_ird_execution_contract_test.exe
  D:\10_Source_Repos\21_robot\RobWork\vcpkg\installed\x64-windows\bin\gtest.dll -> C:\Users\zgl18\AppData\Local\Temp\acc-dsl-repro\smoke\execution\Release\gtest.dll done
D:\software\Microsoft Visual Studio\2022\Community\MSBuild\Microsoft\VC\v170\Microsoft.CppBuild.targets(541,5): warning MSB8029: 中间目录或输出目录无法驻留在临时目录下，因为这可能会导致增量生成出现问题。 [C:\Users\zgl18\AppData\Local\Temp\acc-dsl-repro\smoke\execution\sdurws_ird_execution_test.vcxproj]
  Building Custom Rule C:/Users/zgl18/AppData/Local/Temp/acc-dsl-repro/RobWork/RobWorkStudio/src/rwslibs/industrialrobot/execution/CMakeLists.txt
  TestMainReport.cpp
  BuildRedLineTest.cpp
  TaskStateMachineTest.cpp
  CancelProtocolTest.cpp
  RunRegistryAdmissionTest.cpp
C:\Users\zgl18\AppData\Local\Temp\acc-dsl-repro\RobWork\RobWorkStudio\src\rwslibs\industrialrobot\execution\test\RunRegistryAdmissionTest.cpp(1236,26): warning C4834: 放弃具有 [[nodiscard]] 属性的函数的返回值 [C:\Users\zgl18\AppData\Local\Temp\acc-dsl-repro\smoke\execution\sdurws_ird_execution_test.vcxproj]
C:\Users\zgl18\AppData\Local\Temp\acc-dsl-repro\RobWork\RobWorkStudio\src\rwslibs\industrialrobot\execution\test\RunRegistryAdmissionTest.cpp(1258,26): warning C4834: 放弃具有 [[nodiscard]] 属性的函数的返回值 [C:\Users\zgl18\AppData\Local\Temp\acc-dsl-repro\smoke\execution\sdurws_ird_execution_test.vcxproj]
  SchedulerEventBusTest.cpp
  ChannelProtocolTest.cpp
  ResourceGovernanceTest.cpp
  CheckpointCacheTest.cpp
  ContractSuiteFacilitiesTest.cpp
  正在生成代码...
  sdurws_ird_execution_test.vcxproj -> C:\Users\zgl18\AppData\Local\Temp\acc-dsl-repro\smoke\execution\Release\sdurws_ird_execution_test.exe
D:\software\Microsoft Visual Studio\2022\Community\MSBuild\Microsoft\VC\v170\Microsoft.CppBuild.targets(541,5): warning MSB8029: 中间目录或输出目录无法驻留在临时目录下，因为这可能会导致增量生成出现问题。 [C:\Users\zgl18\AppData\Local\Temp\acc-dsl-repro\smoke\io\sdurws_ird_io_contract_test.vcxproj]
  Building Custom Rule C:/Users/zgl18/AppData/Local/Temp/acc-dsl-repro/RobWork/RobWorkStudio/src/rwslibs/industrialrobot/io/CMakeLists.txt
  ContractTestMain.cpp
  PackageContractTest.cpp
C:\Users\zgl18\AppData\Local\Temp\acc-dsl-repro\RobWork\RobWorkStudio\src\rwslibs\industrialrobot\io\contract_test\PackageContractTest.cpp(719,63): warning C4129: “ ：: 不可识别的字符转义序列 [C:\Users\zgl18\AppData\Local\Temp\acc-dsl-repro\smoke\io\sdurws_ird_io_contract_test.vcxproj]
  正在生成代码...
  sdurws_ird_io_contract_test.vcxproj -> C:\Users\zgl18\AppData\Local\Temp\acc-dsl-repro\smoke\io\Release\sdurws_ird_io_contract_test.exe
  D:\10_Source_Repos\21_robot\RobWork\vcpkg\installed\x64-windows\bin\gtest.dll -> C:\Users\zgl18\AppData\Local\Temp\acc-dsl-repro\smoke\io\Release\gtest.dll done
  D:\10_Source_Repos\21_robot\RobWork\vcpkg\installed\x64-windows\bin\zip.dll -> C:\Users\zgl18\AppData\Local\Temp\acc-dsl-repro\smoke\io\Release\zip.dll done
  D:\10_Source_Repos\21_robot\RobWork\vcpkg\installed\x64-windows\bin\bz2.dll -> C:\Users\zgl18\AppData\Local\Temp\acc-dsl-repro\smoke\io\Release\bz2.dll done
  D:\10_Source_Repos\21_robot\RobWork\vcpkg\installed\x64-windows\bin\z.dll -> C:\Users\zgl18\AppData\Local\Temp\acc-dsl-repro\smoke\io\Release\z.dll done
D:\software\Microsoft Visual Studio\2022\Community\MSBuild\Microsoft\VC\v170\Microsoft.CppBuild.targets(541,5): warning MSB8029: 中间目录或输出目录无法驻留在临时目录下，因为这可能会导致增量生成出现问题。 [C:\Users\zgl18\AppData\Local\Temp\acc-dsl-repro\smoke\io\sdurws_ird_io_test.vcxproj]
  Building Custom Rule C:/Users/zgl18/AppData/Local/Temp/acc-dsl-repro/RobWork/RobWorkStudio/src/rwslibs/industrialrobot/io/CMakeLists.txt
  TestMainReport.cpp
  SafePathTest.cpp
  BudgetTest.cpp
  IoDiagnosticsTest.cpp
  CsvTest.cpp
  JsonTest.cpp
  ZipChannelTest.cpp
  ResourceIoTest.cpp
  ResourceSolidifyTest.cpp
  PackageTest.cpp
  正在生成代码...
  sdurws_ird_io_test.vcxproj -> C:\Users\zgl18\AppData\Local\Temp\acc-dsl-repro\smoke\io\Release\sdurws_ird_io_test.exe
D:\software\Microsoft Visual Studio\2022\Community\MSBuild\Microsoft\VC\v170\Microsoft.CppBuild.targets(541,5): warning MSB8029: 中间目录或输出目录无法驻留在临时目录下，因为这可能会导致增量生成出现问题。 [C:\Users\zgl18\AppData\Local\Temp\acc-dsl-repro\smoke\kinematics\sdurws_ird_kinematics.vcxproj]
  Building Custom Rule C:/Users/zgl18/AppData/Local/Temp/acc-dsl-repro/RobWork/RobWorkStudio/src/rwslibs/industrialrobot/kinematics/CMakeLists.txt
  Errors.cpp
  DiagCodes.cpp
  Fk.cpp
  Evaluators.cpp
  Evidence.cpp
  KinTypes.cpp
  Bounds.cpp
  Ik.cpp
  SolutionSet.cpp
  Sampling.cpp
  Commands.cpp
  Export.cpp
  Recompute.cpp
  AnalysisConfig.cpp
  Render.cpp
  正在生成代码...
  sdurws_ird_kinematics.vcxproj -> C:\Users\zgl18\AppData\Local\Temp\acc-dsl-repro\smoke\kinematics\Release\sdurws_ird_kinematics.lib
D:\software\Microsoft Visual Studio\2022\Community\MSBuild\Microsoft\VC\v170\Microsoft.CppBuild.targets(541,5): warning MSB8029: 中间目录或输出目录无法驻留在临时目录下，因为这可能会导致增量生成出现问题。 [C:\Users\zgl18\AppData\Local\Temp\acc-dsl-repro\smoke\ui\sdurws_ird_ui.vcxproj]
  Building Custom Rule C:/Users/zgl18/AppData/Local/Temp/acc-dsl-repro/RobWork/RobWorkStudio/src/rwslibs/industrialrobot/ui/CMakeLists.txt
  Ui.cpp
  WorkbenchShell.cpp
  WorkbenchContent.cpp
  ShellSupport.cpp
  StatusProjection.cpp
  View3DPlaceholder.cpp
  CommandRegistry.cpp
  GlobalShortcutRegistry.cpp
  CommandPalette.cpp
  PolicySummaryCard.cpp
  DomainReadinessSummaryCard.cpp
  FormEditCommon.cpp
  ParamTablePanel.cpp
  UiText.cpp
  StageNavigationModel.cpp
  AboutDialog.cpp
  UiSessionController.cpp
  DraftController.cpp
  DiagnosticPresentation.cpp
  CommandInteractionBridge.cpp
  正在生成代码...
  正在编译...
  TaskPresentation.cpp
  PluginUiRegistrar.cpp
  HostController.cpp
  RuntimePublishBridge.cpp
  SelectionService.cpp
  IndustrialProjectTree.cpp
  PropertyInspector.cpp
  FlowLayout.cpp
  UiTheme.cpp
  正在生成代码...
  sdurws_ird_ui.vcxproj -> C:\Users\zgl18\AppData\Local\Temp\acc-dsl-repro\smoke\ui\Release\sdurws_ird_ui.lib
D:\software\Microsoft Visual Studio\2022\Community\MSBuild\Microsoft\VC\v170\Microsoft.CppBuild.targets(541,5): warning MSB8029: 中间目录或输出目录无法驻留在临时目录下，因为这可能会导致增量生成出现问题。 [C:\Users\zgl18\AppData\Local\Temp\acc-dsl-repro\smoke\kinematics\sdurws_ird_kinematics_plugin.vcxproj]
  Automatic MOC for target sdurws_ird_kinematics_plugin
  Building Custom Rule C:/Users/zgl18/AppData/Local/Temp/acc-dsl-repro/RobWork/RobWorkStudio/src/rwslibs/industrialrobot/kinematics/CMakeLists.txt
  KinPanelUnits.cpp
  KinPanelCommandCatalog.cpp
  KinPanelModel.cpp
  KinPanelFlows.cpp
  KinematicsPanelWidget.cpp
  KinematicsUiModule.cpp
  KinHostMigrationProviders.cpp
  KinematicsPluginAssembly.cpp
  mocs_compilation_Release.cpp
  正在生成代码...
  sdurws_ird_kinematics_plugin.vcxproj -> C:\Users\zgl18\AppData\Local\Temp\acc-dsl-repro\smoke\kinematics\Release\sdurws_ird_kinematics_plugin.lib
D:\software\Microsoft Visual Studio\2022\Community\MSBuild\Microsoft\VC\v170\Microsoft.CppBuild.targets(541,5): warning MSB8029: 中间目录或输出目录无法驻留在临时目录下，因为这可能会导致增量生成出现问题。 [C:\Users\zgl18\AppData\Local\Temp\acc-dsl-repro\smoke\kinematics\sdurws_ird_kinematics_app.vcxproj]
  Building Custom Rule C:/Users/zgl18/AppData/Local/Temp/acc-dsl-repro/RobWork/RobWorkStudio/src/rwslibs/industrialrobot/kinematics/CMakeLists.txt
  HarnessMain.cpp
  sdurws_ird_kinematics_app.vcxproj -> C:\Users\zgl18\AppData\Local\Temp\acc-dsl-repro\smoke\kinematics\Release\sdurws_ird_kinematics_app.exe
D:\software\Microsoft Visual Studio\2022\Community\MSBuild\Microsoft\VC\v170\Microsoft.CppBuild.targets(541,5): warning MSB8029: 中间目录或输出目录无法驻留在临时目录下，因为这可能会导致增量生成出现问题。 [C:\Users\zgl18\AppData\Local\Temp\acc-dsl-repro\smoke\kinematics\sdurws_ird_kinematics_contract_test.vcxproj]
  Building Custom Rule C:/Users/zgl18/AppData/Local/Temp/acc-dsl-repro/RobWork/RobWorkStudio/src/rwslibs/industrialrobot/kinematics/CMakeLists.txt
  ContractTestMain.cpp
  BuildGraphContractTest.cpp
  PoseMetricsEvaluatorContractTest.cpp
  TaskPointIkEvaluatorContractTest.cpp
  TaskPointsBatchEvaluatorContractTest.cpp
  RegionCoverageEvaluatorContractTest.cpp
  CollisionConsistencyContractTest.cpp
  CommandFacadeContractTest.cpp
  PluginGraphContractTest.cpp
  正在生成代码...
  sdurws_ird_kinematics_contract_test.vcxproj -> C:\Users\zgl18\AppData\Local\Temp\acc-dsl-repro\smoke\kinematics\Release\sdurws_ird_kinematics_contract_test.exe
  D:\10_Source_Repos\21_robot\RobWork\vcpkg\installed\x64-windows\bin\gtest.dll -> C:\Users\zgl18\AppData\Local\Temp\acc-dsl-repro\smoke\kinematics\Release\gtest.dll done
D:\software\Microsoft Visual Studio\2022\Community\MSBuild\Microsoft\VC\v170\Microsoft.CppBuild.targets(541,5): warning MSB8029: 中间目录或输出目录无法驻留在临时目录下，因为这可能会导致增量生成出现问题。 [C:\Users\zgl18\AppData\Local\Temp\acc-dsl-repro\smoke\kinematics\sdurws_ird_kinematics_test.vcxproj]
  Building Custom Rule C:/Users/zgl18/AppData/Local/Temp/acc-dsl-repro/RobWork/RobWorkStudio/src/rwslibs/industrialrobot/kinematics/CMakeLists.txt
  TestMainReport.cpp
  GoldenKinTest.cpp
C:\Users\zgl18\AppData\Local\Temp\acc-dsl-repro\RobWork\RobWorkStudio\src\rwslibs\industrialrobot\kinematics\test\GoldenKinTest.cpp(1215,45): warning C4804: “>”: 在操作中使用类型“bool”不安全 [C:\Users\zgl18\AppData\Local\Temp\acc-dsl-repro\smoke\kinematics\sdurws_ird_kinematics_test.vcxproj]
  ErrorsTest.cpp
  DiagCodesTest.cpp
  BuildRedLineTest.cpp
  FkTest.cpp
  IkTest.cpp
  TaskPointsBatchTest.cpp
  RegionCoverageTest.cpp
  CommandsTest.cpp
C:\Users\zgl18\AppData\Local\Temp\acc-dsl-repro\RobWork\RobWorkStudio\src\rwslibs\industrialrobot\kinematics\test\CommandsTest.cpp(590,5): warning C4834: 放弃具有 [[nodiscard]] 属性的函数的返回值 [C:\Users\zgl18\AppData\Local\Temp\acc-dsl-repro\smoke\kinematics\sdurws_ird_kinematics_test.vcxproj]
C:\Users\zgl18\AppData\Local\Temp\acc-dsl-repro\RobWork\RobWorkStudio\src\rwslibs\industrialrobot\kinematics\test\CommandsTest.cpp(611,5): warning C4834: 放弃具有 [[nodiscard]] 属性的函数的返回值 [C:\Users\zgl18\AppData\Local\Temp\acc-dsl-repro\smoke\kinematics\sdurws_ird_kinematics_test.vcxproj]
  SolutionSetViewTest.cpp
  ExportTest.cpp
  RecomputeTest.cpp
  AnalysisConfigTest.cpp
  RenderTest.cpp
  PluginPanelTest.cpp
  HostMigrationTest.cpp
  正在生成代码...
  sdurws_ird_kinematics_test.vcxproj -> C:\Users\zgl18\AppData\Local\Temp\acc-dsl-repro\smoke\kinematics\Release\sdurws_ird_kinematics_test.exe
D:\software\Microsoft Visual Studio\2022\Community\MSBuild\Microsoft\VC\v170\Microsoft.CppBuild.targets(541,5): warning MSB8029: 中间目录或输出目录无法驻留在临时目录下，因为这可能会导致增量生成出现问题。 [C:\Users\zgl18\AppData\Local\Temp\acc-dsl-repro\smoke\modeling\sdurws_ird_modeling_plugin.vcxproj]
  Automatic MOC for target sdurws_ird_modeling_plugin
  Building Custom Rule C:/Users/zgl18/AppData/Local/Temp/acc-dsl-repro/RobWork/RobWorkStudio/src/rwslibs/industrialrobot/modeling/CMakeLists.txt
  PanelModel.cpp
  PanelEditFlow.cpp
  GeometryResourceFlow.cpp
  PanelCommandCatalog.cpp
  HostMigrationProviders.cpp
  ModelingPanelWidget.cpp
  ModelingUiModule.cpp
  ModelingCommandFlows.cpp
C:\Users\zgl18\AppData\Local\Temp\acc-dsl-repro\RobWork\RobWorkStudio\src\rwslibs\industrialrobot\modeling\plugin\ModelingCommandFlows.cpp(588,37): warning C4003: 类函数宏的调用“QStringLiteral”参数不足 [C:\Users\zgl18\AppData\Local\Temp\acc-dsl-repro\smoke\modeling\sdurws_ird_modeling_plugin.vcxproj]
C:\Users\zgl18\AppData\Local\Temp\acc-dsl-repro\RobWork\RobWorkStudio\src\rwslibs\industrialrobot\modeling\plugin\ModelingCommandFlows.cpp(588,37): warning C4003: 类函数宏的调用“QT_UNICODE_LITERAL”参数不足 [C:\Users\zgl18\AppData\Local\Temp\acc-dsl-repro\smoke\modeling\sdurws_ird_modeling_plugin.vcxproj]
  ModelingAuthorityFlows.cpp
  ModelingXacroBridge.cpp
  ModelingPluginAssembly.cpp
  mocs_compilation_Release.cpp
  正在生成代码...
  sdurws_ird_modeling_plugin.vcxproj -> C:\Users\zgl18\AppData\Local\Temp\acc-dsl-repro\smoke\modeling\Release\sdurws_ird_modeling_plugin.lib
D:\software\Microsoft Visual Studio\2022\Community\MSBuild\Microsoft\VC\v170\Microsoft.CppBuild.targets(541,5): warning MSB8029: 中间目录或输出目录无法驻留在临时目录下，因为这可能会导致增量生成出现问题。 [C:\Users\zgl18\AppData\Local\Temp\acc-dsl-repro\smoke\modeling\sdurws_ird_modeling_app.vcxproj]
  Building Custom Rule C:/Users/zgl18/AppData/Local/Temp/acc-dsl-repro/RobWork/RobWorkStudio/src/rwslibs/industrialrobot/modeling/CMakeLists.txt
  HarnessMain.cpp
  sdurws_ird_modeling_app.vcxproj -> C:\Users\zgl18\AppData\Local\Temp\acc-dsl-repro\smoke\modeling\Release\sdurws_ird_modeling_app.exe
  D:\10_Source_Repos\21_robot\RobWork\vcpkg\installed\x64-windows\bin\libexpat.dll -> C:\Users\zgl18\AppData\Local\Temp\acc-dsl-repro\smoke\modeling\Release\libexpat.dll done
D:\software\Microsoft Visual Studio\2022\Community\MSBuild\Microsoft\VC\v170\Microsoft.CppBuild.targets(541,5): warning MSB8029: 中间目录或输出目录无法驻留在临时目录下，因为这可能会导致增量生成出现问题。 [C:\Users\zgl18\AppData\Local\Temp\acc-dsl-repro\smoke\modeling\sdurws_ird_modeling_contract_test.vcxproj]
  Building Custom Rule C:/Users/zgl18/AppData/Local/Temp/acc-dsl-repro/RobWork/RobWorkStudio/src/rwslibs/industrialrobot/modeling/CMakeLists.txt
  ContractTestMain.cpp
  BuildGraphContractTest.cpp
  DescriptionBridgeContractTest.cpp
  正在生成代码...
  sdurws_ird_modeling_contract_test.vcxproj -> C:\Users\zgl18\AppData\Local\Temp\acc-dsl-repro\smoke\modeling\Release\sdurws_ird_modeling_contract_test.exe
  D:\10_Source_Repos\21_robot\RobWork\vcpkg\installed\x64-windows\bin\gtest.dll -> C:\Users\zgl18\AppData\Local\Temp\acc-dsl-repro\smoke\modeling\Release\gtest.dll done
D:\software\Microsoft Visual Studio\2022\Community\MSBuild\Microsoft\VC\v170\Microsoft.CppBuild.targets(541,5): warning MSB8029: 中间目录或输出目录无法驻留在临时目录下，因为这可能会导致增量生成出现问题。 [C:\Users\zgl18\AppData\Local\Temp\acc-dsl-repro\smoke\modeling\sdurws_ird_modeling_gui_test.vcxproj]
  Building Custom Rule C:/Users/zgl18/AppData/Local/Temp/acc-dsl-repro/RobWork/RobWorkStudio/src/rwslibs/industrialrobot/modeling/CMakeLists.txt
  TestMainReport.cpp
  ModelingPanelGuiTest.cpp
  正在生成代码...
  sdurws_ird_modeling_gui_test.vcxproj -> C:\Users\zgl18\AppData\Local\Temp\acc-dsl-repro\smoke\modeling\Release\sdurws_ird_modeling_gui_test.exe
D:\software\Microsoft Visual Studio\2022\Community\MSBuild\Microsoft\VC\v170\Microsoft.CppBuild.targets(541,5): warning MSB8029: 中间目录或输出目录无法驻留在临时目录下，因为这可能会导致增量生成出现问题。 [C:\Users\zgl18\AppData\Local\Temp\acc-dsl-repro\smoke\modeling\sdurws_ird_modeling_test.vcxproj]
  Building Custom Rule C:/Users/zgl18/AppData/Local/Temp/acc-dsl-repro/RobWork/RobWorkStudio/src/rwslibs/industrialrobot/modeling/CMakeLists.txt
  TestMainReport.cpp
  ObjectTypesTest.cpp
  ErrorsTest.cpp
  DiagCodesTest.cpp
  BuildRedLineTest.cpp
  RobotDesignTest.cpp
  PartsTest.cpp
  CodecTest.cpp
  PropertyEstimationTest.cpp
  ImportTest.cpp
  XacroExpandTest.cpp
  StructureEditTest.cpp
  GeometryLinkEditTest.cpp
  TemplateTest.cpp
  BasePlacementEditTest.cpp
  DhConvertTest.cpp
  CanonicalBridgeTest.cpp
  PackageTest.cpp
  ModelDiffTest.cpp
  ModelingCommandFlowsTest.cpp
C:\Users\zgl18\AppData\Local\Temp\acc-dsl-repro\RobWork\RobWorkStudio\src\rwslibs\industrialrobot\modeling\test\ModelingCommandFlowsTest.cpp(487,14): warning C4834: 放弃具有 [[nodiscard]] 属性的函数的返回值 [C:\Users\zgl18\AppData\Local\Temp\acc-dsl-repro\smoke\modeling\sdurws_ird_modeling_test.vcxproj]
C:\Users\zgl18\AppData\Local\Temp\acc-dsl-repro\RobWork\RobWorkStudio\src\rwslibs\industrialrobot\modeling\test\ModelingCommandFlowsTest.cpp(498,14): warning C4834: 放弃具有 [[nodiscard]] 属性的函数的返回值 [C:\Users\zgl18\AppData\Local\Temp\acc-dsl-repro\smoke\modeling\sdurws_ird_modeling_test.vcxproj]
  正在生成代码...
  正在编译...
  PluginPanelTest.cpp
  HostMigrationTest.cpp
  GoldenDatasetTest.cpp
  GoldenTemplateTest.cpp
  GoldenImportTest.cpp
  正在生成代码...
  sdurws_ird_modeling_test.vcxproj -> C:\Users\zgl18\AppData\Local\Temp\acc-dsl-repro\smoke\modeling\Release\sdurws_ird_modeling_test.exe
  D:\10_Source_Repos\21_robot\RobWork\vcpkg\installed\x64-windows\bin\bz2.dll -> C:\Users\zgl18\AppData\Local\Temp\acc-dsl-repro\smoke\modeling\Release\bz2.dll done
  D:\10_Source_Repos\21_robot\RobWork\vcpkg\installed\x64-windows\bin\z.dll -> C:\Users\zgl18\AppData\Local\Temp\acc-dsl-repro\smoke\modeling\Release\z.dll done
D:\software\Microsoft Visual Studio\2022\Community\MSBuild\Microsoft\VC\v170\Microsoft.CppBuild.targets(541,5): warning MSB8029: 中间目录或输出目录无法驻留在临时目录下，因为这可能会导致增量生成出现问题。 [C:\Users\zgl18\AppData\Local\Temp\acc-dsl-repro\smoke\reporting\sdurws_ird_reporting.vcxproj]
  Building Custom Rule C:/Users/zgl18/AppData/Local/Temp/acc-dsl-repro/RobWork/RobWorkStudio/src/rwslibs/industrialrobot/reporting/CMakeLists.txt
  Reporting.cpp
  Errors.cpp
  Identity.cpp
  ReportModel.cpp
  ReportCodec.cpp
  Sections.cpp
  Builder.cpp
  Render.cpp
  Consistency.cpp
  Archive.cpp
  Export.cpp
  Bundle.cpp
  正在生成代码...
  sdurws_ird_reporting.vcxproj -> C:\Users\zgl18\AppData\Local\Temp\acc-dsl-repro\smoke\reporting\Release\sdurws_ird_reporting.lib
D:\software\Microsoft Visual Studio\2022\Community\MSBuild\Microsoft\VC\v170\Microsoft.CppBuild.targets(541,5): warning MSB8029: 中间目录或输出目录无法驻留在临时目录下，因为这可能会导致增量生成出现问题。 [C:\Users\zgl18\AppData\Local\Temp\acc-dsl-repro\smoke\optimization\sdurws_ird_optimization.vcxproj]
  Building Custom Rule C:/Users/zgl18/AppData/Local/Temp/acc-dsl-repro/RobWork/RobWorkStudio/src/rwslibs/industrialrobot/optimization/CMakeLists.txt
  DiagCodes.cpp
  Types.cpp
  Variable.cpp
  CandidatePatch.cpp
  Constraint.cpp
  Objective.cpp
  Pareto.cpp
  EvaluatorPorts.cpp
  Run.cpp
  Applier.cpp
  Preflight.cpp
  Export.cpp
  正在生成代码...
  sdurws_ird_optimization.vcxproj -> C:\Users\zgl18\AppData\Local\Temp\acc-dsl-repro\smoke\optimization\Release\sdurws_ird_optimization.lib
D:\software\Microsoft Visual Studio\2022\Community\MSBuild\Microsoft\VC\v170\Microsoft.CppBuild.targets(541,5): warning MSB8029: 中间目录或输出目录无法驻留在临时目录下，因为这可能会导致增量生成出现问题。 [C:\Users\zgl18\AppData\Local\Temp\acc-dsl-repro\smoke\optimization\sdurws_ird_optimization_plugin.vcxproj]
  Building Custom Rule C:/Users/zgl18/AppData/Local/Temp/acc-dsl-repro/RobWork/RobWorkStudio/src/rwslibs/industrialrobot/optimization/CMakeLists.txt
  OptimizationPluginAssembly.cpp
  OptPanelModel.cpp
  OptimizationPanelWidget.cpp
  正在生成代码...
  sdurws_ird_optimization_plugin.vcxproj -> C:\Users\zgl18\AppData\Local\Temp\acc-dsl-repro\smoke\optimization\Release\sdurws_ird_optimization_plugin.lib
D:\software\Microsoft Visual Studio\2022\Community\MSBuild\Microsoft\VC\v170\Microsoft.CppBuild.targets(541,5): warning MSB8029: 中间目录或输出目录无法驻留在临时目录下，因为这可能会导致增量生成出现问题。 [C:\Users\zgl18\AppData\Local\Temp\acc-dsl-repro\smoke\optimization\sdurws_ird_optimization_contract_test.vcxproj]
  Building Custom Rule C:/Users/zgl18/AppData/Local/Temp/acc-dsl-repro/RobWork/RobWorkStudio/src/rwslibs/industrialrobot/optimization/CMakeLists.txt
  ContractTestMain.cpp
  BuildGraphContractTest.cpp
  OptimizationPluginAssemblyContractTest.cpp
  VariableContractTest.cpp
  ConstraintContractTest.cpp
  ObjectiveParetoContractTest.cpp
  EvaluatorPortsContractTest.cpp
  ApplierContractTest.cpp
  PreflightContractTest.cpp
  ExportContractTest.cpp
  OptGoldenDatasetContractTest.cpp
  正在生成代码...
  sdurws_ird_optimization_contract_test.vcxproj -> C:\Users\zgl18\AppData\Local\Temp\acc-dsl-repro\smoke\optimization\Release\sdurws_ird_optimization_contract_test.exe
  D:\10_Source_Repos\21_robot\RobWork\vcpkg\installed\x64-windows\bin\gtest.dll -> C:\Users\zgl18\AppData\Local\Temp\acc-dsl-repro\smoke\optimization\Release\gtest.dll done
D:\software\Microsoft Visual Studio\2022\Community\MSBuild\Microsoft\VC\v170\Microsoft.CppBuild.targets(541,5): warning MSB8029: 中间目录或输出目录无法驻留在临时目录下，因为这可能会导致增量生成出现问题。 [C:\Users\zgl18\AppData\Local\Temp\acc-dsl-repro\smoke\optimization\sdurws_ird_optimization_test.vcxproj]
  Building Custom Rule C:/Users/zgl18/AppData/Local/Temp/acc-dsl-repro/RobWork/RobWorkStudio/src/rwslibs/industrialrobot/optimization/CMakeLists.txt
  TestMainReport.cpp
  DiagCodesTest.cpp
  BuildRedLineTest.cpp
  VariableTest.cpp
  CandidatePatchTest.cpp
  ConstraintTest.cpp
  ObjectiveTest.cpp
  ParetoTest.cpp
  EvaluatorPortsTest.cpp
  RunTest.cpp
  ApplierTest.cpp
  PreflightTest.cpp
  BaselineEvaluationTest.cpp
  ExportTest.cpp
  OptPluginPanelTest.cpp
  OptGoldenDatasetTest.cpp
  正在生成代码...
  sdurws_ird_optimization_test.vcxproj -> C:\Users\zgl18\AppData\Local\Temp\acc-dsl-repro\smoke\optimization\Release\sdurws_ird_optimization_test.exe
D:\software\Microsoft Visual Studio\2022\Community\MSBuild\Microsoft\VC\v170\Microsoft.CppBuild.targets(541,5): warning MSB8029: 中间目录或输出目录无法驻留在临时目录下，因为这可能会导致增量生成出现问题。 [C:\Users\zgl18\AppData\Local\Temp\acc-dsl-repro\smoke\policy\sdurws_ird_policy_contract_test.vcxproj]
  Building Custom Rule C:/Users/zgl18/AppData/Local/Temp/acc-dsl-repro/RobWork/RobWorkStudio/src/rwslibs/industrialrobot/policy/CMakeLists.txt
  PolicyCodecFixtureContractTest.cpp
  PolicyTestDoubleBoundaryTest.cpp
  正在生成代码...
  sdurws_ird_policy_contract_test.vcxproj -> C:\Users\zgl18\AppData\Local\Temp\acc-dsl-repro\smoke\policy\Release\sdurws_ird_policy_contract_test.exe
  D:\10_Source_Repos\21_robot\RobWork\vcpkg\installed\x64-windows\bin\gtest_main.dll -> C:\Users\zgl18\AppData\Local\Temp\acc-dsl-repro\smoke\policy\Release\gtest_main.dll done
  D:\10_Source_Repos\21_robot\RobWork\vcpkg\installed\x64-windows\bin\gtest.dll -> C:\Users\zgl18\AppData\Local\Temp\acc-dsl-repro\smoke\policy\Release\gtest.dll done
D:\software\Microsoft Visual Studio\2022\Community\MSBuild\Microsoft\VC\v170\Microsoft.CppBuild.targets(541,5): warning MSB8029: 中间目录或输出目录无法驻留在临时目录下，因为这可能会导致增量生成出现问题。 [C:\Users\zgl18\AppData\Local\Temp\acc-dsl-repro\smoke\policy\sdurws_ird_policy_test.vcxproj]
  Building Custom Rule C:/Users/zgl18/AppData/Local/Temp/acc-dsl-repro/RobWork/RobWorkStudio/src/rwslibs/industrialrobot/policy/CMakeLists.txt
  BuildRedLineTest.cpp
  PolicySetTest.cpp
  PolicyInputTest.cpp
  PolicyParsingTest.cpp
  PolicyPortTest.cpp
  DiagnosticsTest.cpp
  SystemDefaultPolicyTest.cpp
  正在生成代码...
  sdurws_ird_policy_test.vcxproj -> C:\Users\zgl18\AppData\Local\Temp\acc-dsl-repro\smoke\policy\Release\sdurws_ird_policy_test.exe
D:\software\Microsoft Visual Studio\2022\Community\MSBuild\Microsoft\VC\v170\Microsoft.CppBuild.targets(541,5): warning MSB8029: 中间目录或输出目录无法驻留在临时目录下，因为这可能会导致增量生成出现问题。 [C:\Users\zgl18\AppData\Local\Temp\acc-dsl-repro\smoke\project\sdurws_ird_project_contract_test.vcxproj]
  Building Custom Rule C:/Users/zgl18/AppData/Local/Temp/acc-dsl-repro/RobWork/RobWorkStudio/src/rwslibs/industrialrobot/project/CMakeLists.txt
  LinkageContractTest.cpp
  LockContractTest.cpp
  CommandContractTest.cpp
  ArchiveContractTest.cpp
C:\Users\zgl18\AppData\Local\Temp\acc-dsl-repro\RobWork\RobWorkStudio\src\rwslibs\industrialrobot\project\test\ArchiveContractTest.cpp(383,26): warning C4834: 放弃具有 [[nodiscard]] 属性的函数的返回值 [C:\Users\zgl18\AppData\Local\Temp\acc-dsl-repro\smoke\project\sdurws_ird_project_contract_test.vcxproj]
  ProcessCrashContractTest.cpp
  ProcessLockContractTest.cpp
  Tx2DiagnosticRecordContractTest.cpp
  Tx15Child.cpp
D:\software\Microsoft Visual Studio\2022\Community\VC\Tools\MSVC\14.42.34433\include\xutility(4709,18): warning C4244: “=”: 从“const wchar_t”转换到“char”，可能丢失数据 [C:\Users\zgl18\AppData\Local\Temp\acc-dsl-repro\smoke\project\sdurws_ird_project_contract_test.vcxproj]
  (编译源文件“../../RobWork/RobWorkStudio/src/rwslibs/industrialrobot/project/test/Tx15Child.cpp”)
      D:\software\Microsoft Visual Studio\2022\Community\VC\Tools\MSVC\14.42.34433\include\xutility(4709,18):
      模板实例化上下文(最早的实例化上下文)为
          C:\Users\zgl18\AppData\Local\Temp\acc-dsl-repro\RobWork\RobWorkStudio\src\rwslibs\industrialrobot\project\test\Tx15Child.cpp(301,27):
          查看对正在编译的函数 模板 实例化“std::basic_string<char,std::char_traits<char>,std::allocator<char>>::basic_string<std::_String_const_iterator<std::_String_val<std::_Simple_types<_Elem>>>,0>(_Iter,_Iter,const _Alloc &)”的引用
          with
          [
              _Elem=wchar_t,
              _Iter=std::_String_const_iterator<std::_String_val<std::_Simple_types<wchar_t>>>,
              _Alloc=std::allocator<char>
          ]
              C:\Users\zgl18\AppData\Local\Temp\acc-dsl-repro\RobWork\RobWorkStudio\src\rwslibs\industrialrobot\project\test\Tx15Child.cpp(301,27):
              请参阅 "sdurws::ird::project::tx15::`anonymous-namespace'::runCrashCommitChild" 中对 "std::basic_string<char,std::char_traits<char>,std::allocator<char>>::basic_string" 的第一个引用
          D:\software\Microsoft Visual Studio\2022\Community\VC\Tools\MSVC\14.42.34433\include\xstring(793,17):
          查看对正在编译的函数 模板 实例化“void std::basic_string<char,std::char_traits<char>,std::allocator<char>>::_Construct_from_iter<const wchar_t*,const wchar_t*,_Size_type>(_Iter,const _Sent,_Size)”的引用
          with
          [
              _Size_type=unsigned __int64,
              _Iter=const wchar_t *,
              _Sent=const wchar_t *,
              _Size=unsigned __int64
          ]
          D:\software\Microsoft Visual Studio\2022\Community\VC\Tools\MSVC\14.42.34433\include\xstring(949,18):
          查看对正在编译的函数 模板 实例化“_OutIt *std::_Copy_n_unchecked4<const wchar_t*,_Size,char*>(_InIt,_SizeTy,_OutIt)”的引用
          with
          [
              _OutIt=char *,
              _Size=unsigned __int64,
              _InIt=const wchar_t *,
              _SizeTy=unsigned __int64
          ]
  
  StubHandlers.cpp
  正在生成代码...
  sdurws_ird_project_contract_test.vcxproj -> C:\Users\zgl18\AppData\Local\Temp\acc-dsl-repro\smoke\project\Release\sdurws_ird_project_contract_test.exe
  D:\10_Source_Repos\21_robot\RobWork\vcpkg\installed\x64-windows\bin\gtest.dll -> C:\Users\zgl18\AppData\Local\Temp\acc-dsl-repro\smoke\project\Release\gtest.dll done
D:\software\Microsoft Visual Studio\2022\Community\MSBuild\Microsoft\VC\v170\Microsoft.CppBuild.targets(541,5): warning MSB8029: 中间目录或输出目录无法驻留在临时目录下，因为这可能会导致增量生成出现问题。 [C:\Users\zgl18\AppData\Local\Temp\acc-dsl-repro\smoke\project\sdurws_ird_project_test.vcxproj]
  Building Custom Rule C:/Users/zgl18/AppData/Local/Temp/acc-dsl-repro/RobWork/RobWorkStudio/src/rwslibs/industrialrobot/project/CMakeLists.txt
  BuildRedLineTest.cpp
  AtomicFileTest.cpp
  StoreLockTest.cpp
  PathCanonicalTest.cpp
D:\software\Microsoft Visual Studio\2022\Community\VC\Tools\MSVC\14.42.34433\include\xutility(4709,18): warning C4244: “=”: 从“const wchar_t”转换到“char”，可能丢失数据 [C:\Users\zgl18\AppData\Local\Temp\acc-dsl-repro\smoke\project\sdurws_ird_project_test.vcxproj]
  (编译源文件“../../RobWork/RobWorkStudio/src/rwslibs/industrialrobot/project/test/PathCanonicalTest.cpp”)
      D:\software\Microsoft Visual Studio\2022\Community\VC\Tools\MSVC\14.42.34433\include\xutility(4709,18):
      模板实例化上下文(最早的实例化上下文)为
          C:\Users\zgl18\AppData\Local\Temp\acc-dsl-repro\RobWork\RobWorkStudio\src\rwslibs\industrialrobot\project\test\PathCanonicalTest.cpp(150,27):
          查看对正在编译的函数 模板 实例化“std::basic_string<char,std::char_traits<char>,std::allocator<char>>::basic_string<std::_String_const_iterator<std::_String_val<std::_Simple_types<_Elem>>>,0>(_Iter,_Iter,const _Alloc &)”的引用
          with
          [
              _Elem=wchar_t,
              _Iter=std::_String_const_iterator<std::_String_val<std::_Simple_types<wchar_t>>>,
              _Alloc=std::allocator<char>
          ]
              C:\Users\zgl18\AppData\Local\Temp\acc-dsl-repro\RobWork\RobWorkStudio\src\rwslibs\industrialrobot\project\test\PathCanonicalTest.cpp(148,9):
              请参阅 "PathCanonicalTest_SameProject_DifferentSpellings_CanonicalizeEqual_Test::TestBody" 中对 "std::basic_string<char,std::char_traits<char>,std::allocator<char>>::basic_string" 的第一个引用
          D:\software\Microsoft Visual Studio\2022\Community\VC\Tools\MSVC\14.42.34433\include\xstring(793,17):
          查看对正在编译的函数 模板 实例化“void std::basic_string<char,std::char_traits<char>,std::allocator<char>>::_Construct_from_iter<const wchar_t*,const wchar_t*,_Size_type>(_Iter,const _Sent,_Size)”的引用
          with
          [
              _Size_type=unsigned __int64,
              _Iter=const wchar_t *,
              _Sent=const wchar_t *,
              _Size=unsigned __int64
          ]
          D:\software\Microsoft Visual Studio\2022\Community\VC\Tools\MSVC\14.42.34433\include\xstring(949,18):
          查看对正在编译的函数 模板 实例化“_OutIt *std::_Copy_n_unchecked4<const wchar_t*,_Size,char*>(_InIt,_SizeTy,_OutIt)”的引用
          with
          [
              _OutIt=char *,
              _Size=unsigned __int64,
              _InIt=const wchar_t *,
              _SizeTy=unsigned __int64
          ]
  
  PersistenceFormatTest.cpp
  ObjectStoreTest.cpp
  RevisionIndexTest.cpp
  TxEngineTest.cpp
  ProjectStoreTest.cpp
  QueryPortTest.cpp
  CommandServiceTest.cpp
  DraftServiceTest.cpp
C:\Users\zgl18\AppData\Local\Temp\acc-dsl-repro\RobWork\RobWorkStudio\src\rwslibs\industrialrobot\project\test\DraftServiceTest.cpp(420,23): warning C4834: 放弃具有 [[nodiscard]] 属性的函数的返回值 [C:\Users\zgl18\AppData\Local\Temp\acc-dsl-repro\smoke\project\sdurws_ird_project_test.vcxproj]
C:\Users\zgl18\AppData\Local\Temp\acc-dsl-repro\RobWork\RobWorkStudio\src\rwslibs\industrialrobot\project\test\DraftServiceTest.cpp(473,23): warning C4834: 放弃具有 [[nodiscard]] 属性的函数的返回值 [C:\Users\zgl18\AppData\Local\Temp\acc-dsl-repro\smoke\project\sdurws_ird_project_test.vcxproj]
C:\Users\zgl18\AppData\Local\Temp\acc-dsl-repro\RobWork\RobWorkStudio\src\rwslibs\industrialrobot\project\test\DraftServiceTest.cpp(799,23): warning C4834: 放弃具有 [[nodiscard]] 属性的函数的返回值 [C:\Users\zgl18\AppData\Local\Temp\acc-dsl-repro\smoke\project\sdurws_ird_project_test.vcxproj]
C:\Users\zgl18\AppData\Local\Temp\acc-dsl-repro\RobWork\RobWorkStudio\src\rwslibs\industrialrobot\project\test\DraftServiceTest.cpp(1010,9): warning C4834: 放弃具有 [[nodiscard]] 属性的函数的返回值 [C:\Users\zgl18\AppData\Local\Temp\acc-dsl-repro\smoke\project\sdurws_ird_project_test.vcxproj]
C:\Users\zgl18\AppData\Local\Temp\acc-dsl-repro\RobWork\RobWorkStudio\src\rwslibs\industrialrobot\project\test\DraftServiceTest.cpp(1015,9): warning C4834: 放弃具有 [[nodiscard]] 属性的函数的返回值 [C:\Users\zgl18\AppData\Local\Temp\acc-dsl-repro\smoke\project\sdurws_ird_project_test.vcxproj]
C:\Users\zgl18\AppData\Local\Temp\acc-dsl-repro\RobWork\RobWorkStudio\src\rwslibs\industrialrobot\project\test\DraftServiceTest.cpp(1017,9): warning C4834: 放弃具有 [[nodiscard]] 属性的函数的返回值 [C:\Users\zgl18\AppData\Local\Temp\acc-dsl-repro\smoke\project\sdurws_ird_project_test.vcxproj]
C:\Users\zgl18\AppData\Local\Temp\acc-dsl-repro\RobWork\RobWorkStudio\src\rwslibs\industrialrobot\project\test\DraftServiceTest.cpp(1024,5): warning C4834: 放弃具有 [[nodiscard]] 属性的函数的返回值 [C:\Users\zgl18\AppData\Local\Temp\acc-dsl-repro\smoke\project\sdurws_ird_project_test.vcxproj]
C:\Users\zgl18\AppData\Local\Temp\acc-dsl-repro\RobWork\RobWorkStudio\src\rwslibs\industrialrobot\project\test\DraftServiceTest.cpp(1026,5): warning C4834: 放弃具有 [[nodiscard]] 属性的函数的返回值 [C:\Users\zgl18\AppData\Local\Temp\acc-dsl-repro\smoke\project\sdurws_ird_project_test.vcxproj]
C:\Users\zgl18\AppData\Local\Temp\acc-dsl-repro\RobWork\RobWorkStudio\src\rwslibs\industrialrobot\project\test\DraftServiceTest.cpp(1028,5): warning C4834: 放弃具有 [[nodiscard]] 属性的函数的返回值 [C:\Users\zgl18\AppData\Local\Temp\acc-dsl-repro\smoke\project\sdurws_ird_project_test.vcxproj]
C:\Users\zgl18\AppData\Local\Temp\acc-dsl-repro\RobWork\RobWorkStudio\src\rwslibs\industrialrobot\project\test\DraftServiceTest.cpp(1048,5): warning C4834: 放弃具有 [[nodiscard]] 属性的函数的返回值 [C:\Users\zgl18\AppData\Local\Temp\acc-dsl-repro\smoke\project\sdurws_ird_project_test.vcxproj]
  UndoRedoServiceTest.cpp
  ArchiveServiceTest.cpp
C:\Users\zgl18\AppData\Local\Temp\acc-dsl-repro\RobWork\RobWorkStudio\src\rwslibs\industrialrobot\project\test\ArchiveServiceTest.cpp(416,31): warning C4834: 放弃具有 [[nodiscard]] 属性的函数的返回值 [C:\Users\zgl18\AppData\Local\Temp\acc-dsl-repro\smoke\project\sdurws_ird_project_test.vcxproj]
C:\Users\zgl18\AppData\Local\Temp\acc-dsl-repro\RobWork\RobWorkStudio\src\rwslibs\industrialrobot\project\test\ArchiveServiceTest.cpp(424,33): warning C4834: 放弃具有 [[nodiscard]] 属性的函数的返回值 [C:\Users\zgl18\AppData\Local\Temp\acc-dsl-repro\smoke\project\sdurws_ird_project_test.vcxproj]
C:\Users\zgl18\AppData\Local\Temp\acc-dsl-repro\RobWork\RobWorkStudio\src\rwslibs\industrialrobot\project\test\ArchiveServiceTest.cpp(683,33): warning C4834: 放弃具有 [[nodiscard]] 属性的函数的返回值 [C:\Users\zgl18\AppData\Local\Temp\acc-dsl-repro\smoke\project\sdurws_ird_project_test.vcxproj]
C:\Users\zgl18\AppData\Local\Temp\acc-dsl-repro\RobWork\RobWorkStudio\src\rwslibs\industrialrobot\project\test\ArchiveServiceTest.cpp(835,36): warning C4834: 放弃具有 [[nodiscard]] 属性的函数的返回值 [C:\Users\zgl18\AppData\Local\Temp\acc-dsl-repro\smoke\project\sdurws_ird_project_test.vcxproj]
C:\Users\zgl18\AppData\Local\Temp\acc-dsl-repro\RobWork\RobWorkStudio\src\rwslibs\industrialrobot\project\test\ArchiveServiceTest.cpp(845,31): warning C4834: 放弃具有 [[nodiscard]] 属性的函数的返回值 [C:\Users\zgl18\AppData\Local\Temp\acc-dsl-repro\smoke\project\sdurws_ird_project_test.vcxproj]
  Tx11Tx13SuiteTest.cpp
  StubHandlers.cpp
  TestMainReport.cpp
  正在生成代码...
  sdurws_ird_project_test.vcxproj -> C:\Users\zgl18\AppData\Local\Temp\acc-dsl-repro\smoke\project\Release\sdurws_ird_project_test.exe
D:\software\Microsoft Visual Studio\2022\Community\MSBuild\Microsoft\VC\v170\Microsoft.CppBuild.targets(541,5): warning MSB8029: 中间目录或输出目录无法驻留在临时目录下，因为这可能会导致增量生成出现问题。 [C:\Users\zgl18\AppData\Local\Temp\acc-dsl-repro\smoke\reporting\sdurws_ird_reporting_contract_test.vcxproj]
  Building Custom Rule C:/Users/zgl18/AppData/Local/Temp/acc-dsl-repro/RobWork/RobWorkStudio/src/rwslibs/industrialrobot/reporting/CMakeLists.txt
  TestMainReport.cpp
  LinkageContractTest.cpp
  IdentityCrossUnitContractTest.cpp
  EvidenceCrossUnitContractTest.cpp
  SectionCrossUnitContractTest.cpp
  BuilderCrossUnitContractTest.cpp
  RenderCrossUnitContractTest.cpp
  ConsistencyCrossUnitContractTest.cpp
  ArchiveCrossUnitContractTest.cpp
  BundleCrossUnitContractTest.cpp
  ModelSummaryTaskStatusCrossUnitContractTest.cpp
  正在生成代码...
  sdurws_ird_reporting_contract_test.vcxproj -> C:\Users\zgl18\AppData\Local\Temp\acc-dsl-repro\smoke\reporting\Release\sdurws_ird_reporting_contract_test.exe
  D:\10_Source_Repos\21_robot\RobWork\vcpkg\installed\x64-windows\bin\gtest.dll -> C:\Users\zgl18\AppData\Local\Temp\acc-dsl-repro\smoke\reporting\Release\gtest.dll done
D:\software\Microsoft Visual Studio\2022\Community\MSBuild\Microsoft\VC\v170\Microsoft.CppBuild.targets(541,5): warning MSB8029: 中间目录或输出目录无法驻留在临时目录下，因为这可能会导致增量生成出现问题。 [C:\Users\zgl18\AppData\Local\Temp\acc-dsl-repro\smoke\reporting\sdurws_ird_reporting_test.vcxproj]
  Building Custom Rule C:/Users/zgl18/AppData/Local/Temp/acc-dsl-repro/RobWork/RobWorkStudio/src/rwslibs/industrialrobot/reporting/CMakeLists.txt
  TestMainReport.cpp
  BuildRedLineTest.cpp
  ErrorsIdentityTest.cpp
  ReportModelTest.cpp
  SectionsTest.cpp
  SectionProviderTest.cpp
  BuilderTest.cpp
  RenderTest.cpp
  ConsistencyTest.cpp
  ArchiveExportTest.cpp
  BundleTest.cpp
  ModelSummaryTest.cpp
  TaskStatusSourceTest.cpp
  ReportingContractSuiteTest.cpp
  正在生成代码...
  sdurws_ird_reporting_test.vcxproj -> C:\Users\zgl18\AppData\Local\Temp\acc-dsl-repro\smoke\reporting\Release\sdurws_ird_reporting_test.exe
D:\software\Microsoft Visual Studio\2022\Community\MSBuild\Microsoft\VC\v170\Microsoft.CppBuild.targets(541,5): warning MSB8029: 中间目录或输出目录无法驻留在临时目录下，因为这可能会导致增量生成出现问题。 [C:\Users\zgl18\AppData\Local\Temp\acc-dsl-repro\smoke\requirements\sdurws_ird_requirements.vcxproj]
  Building Custom Rule C:/Users/zgl18/AppData/Local/Temp/acc-dsl-repro/RobWork/RobWorkStudio/src/rwslibs/industrialrobot/requirements/CMakeLists.txt
  ObjectTypes.cpp
  Errors.cpp
  DiagCodes.cpp
  RequirementTypes.cpp
  Codec.cpp
  Editor.cpp
  Services.cpp
  Sampling.cpp
  Import.cpp
  Readiness.cpp
  CommandHandlers.cpp
  OrientationResolution.cpp
  Capture.cpp
  TemplateArray.cpp
  正在生成代码...
  sdurws_ird_requirements.vcxproj -> C:\Users\zgl18\AppData\Local\Temp\acc-dsl-repro\smoke\requirements\Release\sdurws_ird_requirements.lib
D:\software\Microsoft Visual Studio\2022\Community\MSBuild\Microsoft\VC\v170\Microsoft.CppBuild.targets(541,5): warning MSB8029: 中间目录或输出目录无法驻留在临时目录下，因为这可能会导致增量生成出现问题。 [C:\Users\zgl18\AppData\Local\Temp\acc-dsl-repro\smoke\requirements\sdurws_ird_requirements_plugin.vcxproj]
  Automatic MOC for target sdurws_ird_requirements_plugin
  Building Custom Rule C:/Users/zgl18/AppData/Local/Temp/acc-dsl-repro/RobWork/RobWorkStudio/src/rwslibs/industrialrobot/requirements/CMakeLists.txt
  PanelTreeModel.cpp
  PanelStationModel.cpp
  PanelRegionModel.cpp
  PanelConditionModel.cpp
  PanelValidationModel.cpp
  PanelCommandCatalog.cpp
  PanelEditFlow.cpp
  ImportWizardFlow.cpp
  RequirementsCommandFlows.cpp
  HostMigrationProviders.cpp
  RequirementsPanelWidget.cpp
  RequirementsUiModule.cpp
  RequirementsPluginAssembly.cpp
  mocs_compilation_Release.cpp
  正在生成代码...
  sdurws_ird_requirements_plugin.vcxproj -> C:\Users\zgl18\AppData\Local\Temp\acc-dsl-repro\smoke\requirements\Release\sdurws_ird_requirements_plugin.lib
D:\software\Microsoft Visual Studio\2022\Community\MSBuild\Microsoft\VC\v170\Microsoft.CppBuild.targets(541,5): warning MSB8029: 中间目录或输出目录无法驻留在临时目录下，因为这可能会导致增量生成出现问题。 [C:\Users\zgl18\AppData\Local\Temp\acc-dsl-repro\smoke\requirements\sdurws_ird_requirements_app.vcxproj]
  Building Custom Rule C:/Users/zgl18/AppData/Local/Temp/acc-dsl-repro/RobWork/RobWorkStudio/src/rwslibs/industrialrobot/requirements/CMakeLists.txt
  RequirementsHarnessMain.cpp
  sdurws_ird_requirements_app.vcxproj -> C:\Users\zgl18\AppData\Local\Temp\acc-dsl-repro\smoke\requirements\Release\sdurws_ird_requirements_app.exe
D:\software\Microsoft Visual Studio\2022\Community\MSBuild\Microsoft\VC\v170\Microsoft.CppBuild.targets(541,5): warning MSB8029: 中间目录或输出目录无法驻留在临时目录下，因为这可能会导致增量生成出现问题。 [C:\Users\zgl18\AppData\Local\Temp\acc-dsl-repro\smoke\requirements\sdurws_ird_requirements_contract_test.vcxproj]
  Building Custom Rule C:/Users/zgl18/AppData/Local/Temp/acc-dsl-repro/RobWork/RobWorkStudio/src/rwslibs/industrialrobot/requirements/CMakeLists.txt
  ContractTestMain.cpp
  BuildGraphContractTest.cpp
  PeerFaceContractTest.cpp
  PluginGraphContractTest.cpp
  正在生成代码...
  sdurws_ird_requirements_contract_test.vcxproj -> C:\Users\zgl18\AppData\Local\Temp\acc-dsl-repro\smoke\requirements\Release\sdurws_ird_requirements_contract_test.exe
  D:\10_Source_Repos\21_robot\RobWork\vcpkg\installed\x64-windows\bin\gtest.dll -> C:\Users\zgl18\AppData\Local\Temp\acc-dsl-repro\smoke\requirements\Release\gtest.dll done
D:\software\Microsoft Visual Studio\2022\Community\MSBuild\Microsoft\VC\v170\Microsoft.CppBuild.targets(541,5): warning MSB8029: 中间目录或输出目录无法驻留在临时目录下，因为这可能会导致增量生成出现问题。 [C:\Users\zgl18\AppData\Local\Temp\acc-dsl-repro\smoke\requirements\sdurws_ird_requirements_gui_test.vcxproj]
  Building Custom Rule C:/Users/zgl18/AppData/Local/Temp/acc-dsl-repro/RobWork/RobWorkStudio/src/rwslibs/industrialrobot/requirements/CMakeLists.txt
  TestMainReport.cpp
  RequirementsSessionGuiTest.cpp
  RequirementsView3DFlowTest.cpp
  正在生成代码...
  sdurws_ird_requirements_gui_test.vcxproj -> C:\Users\zgl18\AppData\Local\Temp\acc-dsl-repro\smoke\requirements\Release\sdurws_ird_requirements_gui_test.exe
D:\software\Microsoft Visual Studio\2022\Community\MSBuild\Microsoft\VC\v170\Microsoft.CppBuild.targets(541,5): warning MSB8029: 中间目录或输出目录无法驻留在临时目录下，因为这可能会导致增量生成出现问题。 [C:\Users\zgl18\AppData\Local\Temp\acc-dsl-repro\smoke\requirements\sdurws_ird_requirements_test.vcxproj]
  Building Custom Rule C:/Users/zgl18/AppData/Local/Temp/acc-dsl-repro/RobWork/RobWorkStudio/src/rwslibs/industrialrobot/requirements/CMakeLists.txt
  TestMainReport.cpp
  ObjectTypesTest.cpp
  ErrorsTest.cpp
  DiagCodesTest.cpp
  BuildRedLineTest.cpp
  RequirementTypesTest.cpp
  CodecTest.cpp
  ServicesTest.cpp
  SamplingTest.cpp
  EditorTest.cpp
  ImportTest.cpp
  ReadinessTest.cpp
  CommandHandlersTest.cpp
  OrientationResolutionTest.cpp
  CaptureTest.cpp
  TemplateArrayTest.cpp
  PluginPanelTest.cpp
  HostMigrationTest.cpp
  GoldenDatasetsContractTest.cpp
  正在生成代码...
  sdurws_ird_requirements_test.vcxproj -> C:\Users\zgl18\AppData\Local\Temp\acc-dsl-repro\smoke\requirements\Release\sdurws_ird_requirements_test.exe
D:\software\Microsoft Visual Studio\2022\Community\MSBuild\Microsoft\VC\v170\Microsoft.CppBuild.targets(541,5): warning MSB8029: 中间目录或输出目录无法驻留在临时目录下，因为这可能会导致增量生成出现问题。 [C:\Users\zgl18\AppData\Local\Temp\acc-dsl-repro\smoke\runtime\sdurws_ird_runtime_test.vcxproj]
  Building Custom Rule C:/Users/zgl18/AppData/Local/Temp/acc-dsl-repro/RobWork/RobWorkStudio/src/rwslibs/industrialrobot/runtime/CMakeLists.txt
  BuildRedLineTest.cpp
  ErrorsTest.cpp
  SourcesTest.cpp
  ExpectedTest.cpp
  DescriptionTest.cpp
  DescriptionValidatorTest.cpp
  CanonicalModelTest.cpp
  CodecTest.cpp
  NameMapTest.cpp
  BaseWorldTransformTest.cpp
  GoldenDataLintTest.cpp
  正在生成代码...
  sdurws_ird_runtime_test.vcxproj -> C:\Users\zgl18\AppData\Local\Temp\acc-dsl-repro\smoke\runtime\Release\sdurws_ird_runtime_test.exe
  D:\10_Source_Repos\21_robot\RobWork\vcpkg\installed\x64-windows\bin\gtest_main.dll -> C:\Users\zgl18\AppData\Local\Temp\acc-dsl-repro\smoke\runtime\Release\gtest_main.dll done
  D:\10_Source_Repos\21_robot\RobWork\vcpkg\installed\x64-windows\bin\gtest.dll -> C:\Users\zgl18\AppData\Local\Temp\acc-dsl-repro\smoke\runtime\Release\gtest.dll done
D:\software\Microsoft Visual Studio\2022\Community\MSBuild\Microsoft\VC\v170\Microsoft.CppBuild.targets(541,5): warning MSB8029: 中间目录或输出目录无法驻留在临时目录下，因为这可能会导致增量生成出现问题。 [C:\Users\zgl18\AppData\Local\Temp\acc-dsl-repro\smoke\selection\sdurws_ird_selection.vcxproj]
  Building Custom Rule C:/Users/zgl18/AppData/Local/Temp/acc-dsl-repro/RobWork/RobWorkStudio/src/rwslibs/industrialrobot/selection/CMakeLists.txt
  DiagCodes.cpp
  CatalogTypes.cpp
  CatalogValidation.cpp
  CapabilityCurve.cpp
  CatalogProvider.cpp
  Screening.cpp
  CombinationCheck.cpp
  FeasibleSet.cpp
  Preference.cpp
  CatalogDiff.cpp
  Backfill.cpp
  正在生成代码...
  sdurws_ird_selection.vcxproj -> C:\Users\zgl18\AppData\Local\Temp\acc-dsl-repro\smoke\selection\Release\sdurws_ird_selection.lib
D:\software\Microsoft Visual Studio\2022\Community\MSBuild\Microsoft\VC\v170\Microsoft.CppBuild.targets(541,5): warning MSB8029: 中间目录或输出目录无法驻留在临时目录下，因为这可能会导致增量生成出现问题。 [C:\Users\zgl18\AppData\Local\Temp\acc-dsl-repro\smoke\selection\sdurws_ird_selection_plugin.vcxproj]
  Building Custom Rule C:/Users/zgl18/AppData/Local/Temp/acc-dsl-repro/RobWork/RobWorkStudio/src/rwslibs/industrialrobot/selection/CMakeLists.txt
  SelectionPluginAssembly.cpp
  SelPanelModel.cpp
  SelPanelCommandCatalog.cpp
  SelCatalogPanelWidget.cpp
  正在生成代码...
  sdurws_ird_selection_plugin.vcxproj -> C:\Users\zgl18\AppData\Local\Temp\acc-dsl-repro\smoke\selection\Release\sdurws_ird_selection_plugin.lib
D:\software\Microsoft Visual Studio\2022\Community\MSBuild\Microsoft\VC\v170\Microsoft.CppBuild.targets(541,5): warning MSB8029: 中间目录或输出目录无法驻留在临时目录下，因为这可能会导致增量生成出现问题。 [C:\Users\zgl18\AppData\Local\Temp\acc-dsl-repro\smoke\selection\sdurws_ird_selection_app.vcxproj]
  Building Custom Rule C:/Users/zgl18/AppData/Local/Temp/acc-dsl-repro/RobWork/RobWorkStudio/src/rwslibs/industrialrobot/selection/CMakeLists.txt
  HarnessMain.cpp
  sdurws_ird_selection_app.vcxproj -> C:\Users\zgl18\AppData\Local\Temp\acc-dsl-repro\smoke\selection\Release\sdurws_ird_selection_app.exe
D:\software\Microsoft Visual Studio\2022\Community\MSBuild\Microsoft\VC\v170\Microsoft.CppBuild.targets(541,5): warning MSB8029: 中间目录或输出目录无法驻留在临时目录下，因为这可能会导致增量生成出现问题。 [C:\Users\zgl18\AppData\Local\Temp\acc-dsl-repro\smoke\selection\sdurws_ird_selection_contract_test.vcxproj]
  Building Custom Rule C:/Users/zgl18/AppData/Local/Temp/acc-dsl-repro/RobWork/RobWorkStudio/src/rwslibs/industrialrobot/selection/CMakeLists.txt
  ContractTestMain.cpp
  BuildGraphContractTest.cpp
  SelectionPluginAssemblyContractTest.cpp
  CatalogIoBoundaryContractTest.cpp
  HardScreeningContractTest.cpp
  CombinationCheckContractTest.cpp
  FeasibleSetContractTest.cpp
  PreferenceDiffContractTest.cpp
  BackfillContractTest.cpp
  SelGoldenDatasetContractTest.cpp
  正在生成代码...
  sdurws_ird_selection_contract_test.vcxproj -> C:\Users\zgl18\AppData\Local\Temp\acc-dsl-repro\smoke\selection\Release\sdurws_ird_selection_contract_test.exe
  D:\10_Source_Repos\21_robot\RobWork\vcpkg\installed\x64-windows\bin\gtest.dll -> C:\Users\zgl18\AppData\Local\Temp\acc-dsl-repro\smoke\selection\Release\gtest.dll done
D:\software\Microsoft Visual Studio\2022\Community\MSBuild\Microsoft\VC\v170\Microsoft.CppBuild.targets(541,5): warning MSB8029: 中间目录或输出目录无法驻留在临时目录下，因为这可能会导致增量生成出现问题。 [C:\Users\zgl18\AppData\Local\Temp\acc-dsl-repro\smoke\selection\sdurws_ird_selection_test.vcxproj]
  Building Custom Rule C:/Users/zgl18/AppData/Local/Temp/acc-dsl-repro/RobWork/RobWorkStudio/src/rwslibs/industrialrobot/selection/CMakeLists.txt
  TestMainReport.cpp
  DiagCodesTest.cpp
  BuildRedLineTest.cpp
  CatalogImportTest.cpp
  CapabilityCurveTest.cpp
  CatalogLockTest.cpp
  ScreeningMotorTest.cpp
  ScreeningGearboxTest.cpp
  CombinationBuilderTest.cpp
  CombinationCheckTest.cpp
  CombinationCheckCodecTest.cpp
  CombinationCheckEvaluatorTest.cpp
  FeasibleSetTest.cpp
  PreferenceFilterTest.cpp
  CatalogDiffTest.cpp
  AxisOutOfScopeTest.cpp
  BackfillTest.cpp
  SelPluginPanelTest.cpp
  SelGoldenDatasetTest.cpp
  正在生成代码...
  sdurws_ird_selection_test.vcxproj -> C:\Users\zgl18\AppData\Local\Temp\acc-dsl-repro\smoke\selection\Release\sdurws_ird_selection_test.exe
D:\software\Microsoft Visual Studio\2022\Community\MSBuild\Microsoft\VC\v170\Microsoft.CppBuild.targets(541,5): warning MSB8029: 中间目录或输出目录无法驻留在临时目录下，因为这可能会导致增量生成出现问题。 [C:\Users\zgl18\AppData\Local\Temp\acc-dsl-repro\smoke\testkit\sdurws_ird_testdata_lint.vcxproj]
  Building Custom Rule C:/Users/zgl18/AppData/Local/Temp/acc-dsl-repro/RobWork/RobWorkStudio/src/rwslibs/industrialrobot/testkit/CMakeLists.txt
  main.cpp
  sdurws_ird_testdata_lint.vcxproj -> C:\Users\zgl18\AppData\Local\Temp\acc-dsl-repro\smoke\testkit\Release\sdurws_ird_testdata_lint.exe
D:\software\Microsoft Visual Studio\2022\Community\MSBuild\Microsoft\VC\v170\Microsoft.CppBuild.targets(541,5): warning MSB8029: 中间目录或输出目录无法驻留在临时目录下，因为这可能会导致增量生成出现问题。 [C:\Users\zgl18\AppData\Local\Temp\acc-dsl-repro\smoke\testkit\sdurws_ird_testkit_prochelper.vcxproj]
  Building Custom Rule C:/Users/zgl18/AppData/Local/Temp/acc-dsl-repro/RobWork/RobWorkStudio/src/rwslibs/industrialrobot/testkit/CMakeLists.txt
  main.cpp
  sdurws_ird_testkit_prochelper.vcxproj -> C:\Users\zgl18\AppData\Local\Temp\acc-dsl-repro\smoke\testkit\Release\sdurws_ird_testkit_prochelper.exe
D:\software\Microsoft Visual Studio\2022\Community\MSBuild\Microsoft\VC\v170\Microsoft.CppBuild.targets(541,5): warning MSB8029: 中间目录或输出目录无法驻留在临时目录下，因为这可能会导致增量生成出现问题。 [C:\Users\zgl18\AppData\Local\Temp\acc-dsl-repro\smoke\testkit\sdurws_ird_testkit_test.vcxproj]
  Building Custom Rule C:/Users/zgl18/AppData/Local/Temp/acc-dsl-repro/RobWork/RobWorkStudio/src/rwslibs/industrialrobot/testkit/CMakeLists.txt
  TestPathsTest.cpp
  JsonLiteTest.cpp
  FaultTest.cpp
  DatasetTest.cpp
  ToleranceProfileTest.cpp
  CheckTest.cpp
  ContractCheckTest.cpp
  SetCheckTest.cpp
  FixtureTest.cpp
  ReportTest.cpp
  ProcessRunnerTest.cpp
C:\Users\zgl18\AppData\Local\Temp\acc-dsl-repro\RobWork\RobWorkStudio\src\rwslibs\industrialrobot\testkit\test\ProcessRunnerTest.cpp(416,5): warning C4129: “d：: 不可识别的字符转义序列 [C:\Users\zgl18\AppData\Local\Temp\acc-dsl-repro\smoke\testkit\sdurws_ird_testkit_test.vcxproj]
C:\Users\zgl18\AppData\Local\Temp\acc-dsl-repro\RobWork\RobWorkStudio\src\rwslibs\industrialrobot\testkit\test\ProcessRunnerTest.cpp(418,5): warning C4129: “d：: 不可识别的字符转义序列 [C:\Users\zgl18\AppData\Local\Temp\acc-dsl-repro\smoke\testkit\sdurws_ird_testkit_test.vcxproj]
  CoreIntegrationExampleTest.cpp
  TestMain.cpp
  BuildRedLineTest.cpp
  正在生成代码...
  sdurws_ird_testkit_test.vcxproj -> C:\Users\zgl18\AppData\Local\Temp\acc-dsl-repro\smoke\testkit\Release\sdurws_ird_testkit_test.exe
  D:\10_Source_Repos\21_robot\RobWork\vcpkg\installed\x64-windows\bin\gtest.dll -> C:\Users\zgl18\AppData\Local\Temp\acc-dsl-repro\smoke\testkit\Release\gtest.dll done
D:\software\Microsoft Visual Studio\2022\Community\MSBuild\Microsoft\VC\v170\Microsoft.CppBuild.targets(541,5): warning MSB8029: 中间目录或输出目录无法驻留在临时目录下，因为这可能会导致增量生成出现问题。 [C:\Users\zgl18\AppData\Local\Temp\acc-dsl-repro\smoke\trajectory\sdurws_ird_trajectory.vcxproj]
  Building Custom Rule C:/Users/zgl18/AppData/Local/Temp/acc-dsl-repro/RobWork/RobWorkStudio/src/rwslibs/industrialrobot/trajectory/CMakeLists.txt
  DiagCodes.cpp
  TrjTypes.cpp
  PlanConfig.cpp
  正在生成代码...
  sdurws_ird_trajectory.vcxproj -> C:\Users\zgl18\AppData\Local\Temp\acc-dsl-repro\smoke\trajectory\Release\sdurws_ird_trajectory.lib
D:\software\Microsoft Visual Studio\2022\Community\MSBuild\Microsoft\VC\v170\Microsoft.CppBuild.targets(541,5): warning MSB8029: 中间目录或输出目录无法驻留在临时目录下，因为这可能会导致增量生成出现问题。 [C:\Users\zgl18\AppData\Local\Temp\acc-dsl-repro\smoke\trajectory\sdurws_ird_trajectory_plugin.vcxproj]
  Building Custom Rule C:/Users/zgl18/AppData/Local/Temp/acc-dsl-repro/RobWork/RobWorkStudio/src/rwslibs/industrialrobot/trajectory/CMakeLists.txt
  TrajectoryPluginAssembly.cpp
  sdurws_ird_trajectory_plugin.vcxproj -> C:\Users\zgl18\AppData\Local\Temp\acc-dsl-repro\smoke\trajectory\Release\sdurws_ird_trajectory_plugin.lib
D:\software\Microsoft Visual Studio\2022\Community\MSBuild\Microsoft\VC\v170\Microsoft.CppBuild.targets(541,5): warning MSB8029: 中间目录或输出目录无法驻留在临时目录下，因为这可能会导致增量生成出现问题。 [C:\Users\zgl18\AppData\Local\Temp\acc-dsl-repro\smoke\trajectory\sdurws_ird_trajectory_contract_test.vcxproj]
  Building Custom Rule C:/Users/zgl18/AppData/Local/Temp/acc-dsl-repro/RobWork/RobWorkStudio/src/rwslibs/industrialrobot/trajectory/CMakeLists.txt
  ContractTestMain.cpp
  BuildGraphContractTest.cpp
  TrajectoryPluginAssemblyContractTest.cpp
  PlanConfigContractTest.cpp
  PathPlannerContractTest.cpp
  正在生成代码...
  sdurws_ird_trajectory_contract_test.vcxproj -> C:\Users\zgl18\AppData\Local\Temp\acc-dsl-repro\smoke\trajectory\Release\sdurws_ird_trajectory_contract_test.exe
  D:\10_Source_Repos\21_robot\RobWork\vcpkg\installed\x64-windows\bin\gtest.dll -> C:\Users\zgl18\AppData\Local\Temp\acc-dsl-repro\smoke\trajectory\Release\gtest.dll done
D:\software\Microsoft Visual Studio\2022\Community\MSBuild\Microsoft\VC\v170\Microsoft.CppBuild.targets(541,5): warning MSB8029: 中间目录或输出目录无法驻留在临时目录下，因为这可能会导致增量生成出现问题。 [C:\Users\zgl18\AppData\Local\Temp\acc-dsl-repro\smoke\trajectory\sdurws_ird_trajectory_test.vcxproj]
  Building Custom Rule C:/Users/zgl18/AppData/Local/Temp/acc-dsl-repro/RobWork/RobWorkStudio/src/rwslibs/industrialrobot/trajectory/CMakeLists.txt
  TestMainReport.cpp
  DiagCodesTest.cpp
  BuildRedLineTest.cpp
  PlanConfigTest.cpp
  正在生成代码...
  sdurws_ird_trajectory_test.vcxproj -> C:\Users\zgl18\AppData\Local\Temp\acc-dsl-repro\smoke\trajectory\Release\sdurws_ird_trajectory_test.exe
D:\software\Microsoft Visual Studio\2022\Community\MSBuild\Microsoft\VC\v170\Microsoft.CppBuild.targets(541,5): warning MSB8029: 中间目录或输出目录无法驻留在临时目录下，因为这可能会导致增量生成出现问题。 [C:\Users\zgl18\AppData\Local\Temp\acc-dsl-repro\smoke\ui\sdurws_ird_ui_app.vcxproj]
  Building Custom Rule C:/Users/zgl18/AppData/Local/Temp/acc-dsl-repro/RobWork/RobWorkStudio/src/rwslibs/industrialrobot/ui/CMakeLists.txt
  HarnessMain.cpp
  PortAdapters.cpp
  DiagnosticsAssembly.cpp
  正在生成代码...
  sdurws_ird_ui_app.vcxproj -> C:\Users\zgl18\AppData\Local\Temp\acc-dsl-repro\smoke\ui\Release\sdurws_ird_ui_app.exe
D:\software\Microsoft Visual Studio\2022\Community\MSBuild\Microsoft\VC\v170\Microsoft.CppBuild.targets(541,5): warning MSB8029: 中间目录或输出目录无法驻留在临时目录下，因为这可能会导致增量生成出现问题。 [C:\Users\zgl18\AppData\Local\Temp\acc-dsl-repro\smoke\ui\sdurws_ird_ui_contract_test.vcxproj]
  Building Custom Rule C:/Users/zgl18/AppData/Local/Temp/acc-dsl-repro/RobWork/RobWorkStudio/src/rwslibs/industrialrobot/ui/CMakeLists.txt
  TestMainReport.cpp
  LinkageContractTest.cpp
  SessionContractTest.cpp
  DraftContractTest.cpp
  InteractionTaskContractTest.cpp
  PeerBridgeContractTest.cpp
  Section12RegistryTest.cpp
  正在生成代码...
  sdurws_ird_ui_contract_test.vcxproj -> C:\Users\zgl18\AppData\Local\Temp\acc-dsl-repro\smoke\ui\Release\sdurws_ird_ui_contract_test.exe
  D:\10_Source_Repos\21_robot\RobWork\vcpkg\installed\x64-windows\bin\gtest.dll -> C:\Users\zgl18\AppData\Local\Temp\acc-dsl-repro\smoke\ui\Release\gtest.dll done
D:\software\Microsoft Visual Studio\2022\Community\MSBuild\Microsoft\VC\v170\Microsoft.CppBuild.targets(541,5): warning MSB8029: 中间目录或输出目录无法驻留在临时目录下，因为这可能会导致增量生成出现问题。 [C:\Users\zgl18\AppData\Local\Temp\acc-dsl-repro\smoke\ui\sdurws_ird_ui_gui_test.vcxproj]
  Building Custom Rule C:/Users/zgl18/AppData/Local/Temp/acc-dsl-repro/RobWork/RobWorkStudio/src/rwslibs/industrialrobot/ui/CMakeLists.txt
  TestMainReport.cpp
  BuildPlacementTest.cpp
  WorkbenchShellGuiTest.cpp
  WorkbenchContentGuiTest.cpp
  CommandPaletteGuiTest.cpp
C:\Users\zgl18\AppData\Local\Temp\acc-dsl-repro\RobWork\RobWorkStudio\src\rwslibs\industrialrobot\ui\gui_test\CommandPaletteGuiTest.cpp(174,36): warning C4834: 放弃具有 [[nodiscard]] 属性的函数的返回值 [C:\Users\zgl18\AppData\Local\Temp\acc-dsl-repro\smoke\ui\sdurws_ird_ui_gui_test.vcxproj]
  PolicySummaryCardGuiTest.cpp
  ParamTablePanelGuiTest.cpp
  AboutDialogGuiTest.cpp
  IndustrialProjectTreeGuiTest.cpp
  PropertyInspectorGuiTest.cpp
  DomainReadinessSummaryCardGuiTest.cpp
  HostIntegrationGuiTest.cpp
  正在生成代码...
  sdurws_ird_ui_gui_test.vcxproj -> C:\Users\zgl18\AppData\Local\Temp\acc-dsl-repro\smoke\ui\Release\sdurws_ird_ui_gui_test.exe
D:\software\Microsoft Visual Studio\2022\Community\MSBuild\Microsoft\VC\v170\Microsoft.CppBuild.targets(541,5): warning MSB8029: 中间目录或输出目录无法驻留在临时目录下，因为这可能会导致增量生成出现问题。 [C:\Users\zgl18\AppData\Local\Temp\acc-dsl-repro\smoke\ui\sdurws_ird_ui_test.vcxproj]
  Building Custom Rule C:/Users/zgl18/AppData/Local/Temp/acc-dsl-repro/RobWork/RobWorkStudio/src/rwslibs/industrialrobot/ui/CMakeLists.txt
  TestMainReport.cpp
  BuildRedLineTest.cpp
  ShellModelTest.cpp
  StatusWordModelTest.cpp
  View3DContractTest.cpp
  CommandRegistryModelTest.cpp
  ShortcutRegistryModelTest.cpp
  PolicySummaryCardTest.cpp
  FormEditModelTest.cpp
  StageNavigationModelTest.cpp
  AboutDialogModelTest.cpp
  SessionControllerModelTest.cpp
  DraftControllerModelTest.cpp
  DiagPresentationModelTest.cpp
  TaskPresentationModelTest.cpp
  CommandInteractionBridgeTest.cpp
  HostControllerModelTest.cpp
  RuntimePublishBridgeTest.cpp
  SelectionServiceTest.cpp
  IndustrialProjectTreeModelTest.cpp
  正在生成代码...
  正在编译...
  PropertyInspectorModelTest.cpp
  正在生成代码...
  sdurws_ird_ui_test.vcxproj -> C:\Users\zgl18\AppData\Local\Temp\acc-dsl-repro\smoke\ui\Release\sdurws_ird_ui_test.exe
D:\software\Microsoft Visual Studio\2022\Community\MSBuild\Microsoft\VC\v170\Microsoft.CppBuild.targets(541,5): warning MSB8029: 中间目录或输出目录无法驻留在临时目录下，因为这可能会导致增量生成出现问题。 [C:\Users\zgl18\AppData\Local\Temp\acc-dsl-repro\smoke\workflow\sdurws_ird_workflow.vcxproj]
  Building Custom Rule C:/Users/zgl18/AppData/Local/Temp/acc-dsl-repro/RobWork/RobWorkStudio/src/rwslibs/industrialrobot/workflow/CMakeLists.txt
  Workflow.cpp
  Types.cpp
  Gate.cpp
  Advice.cpp
  Lifecycle.cpp
  Projection.cpp
  Settings.cpp
  Comparison.cpp
  Commands.cpp
  正在生成代码...
  sdurws_ird_workflow.vcxproj -> C:\Users\zgl18\AppData\Local\Temp\acc-dsl-repro\smoke\workflow\Release\sdurws_ird_workflow.lib
D:\software\Microsoft Visual Studio\2022\Community\MSBuild\Microsoft\VC\v170\Microsoft.CppBuild.targets(541,5): warning MSB8029: 中间目录或输出目录无法驻留在临时目录下，因为这可能会导致增量生成出现问题。 [C:\Users\zgl18\AppData\Local\Temp\acc-dsl-repro\smoke\workflow\sdurws_ird_workflow_plugin.vcxproj]
  Building Custom Rule C:/Users/zgl18/AppData/Local/Temp/acc-dsl-repro/RobWork/RobWorkStudio/src/rwslibs/industrialrobot/workflow/CMakeLists.txt
  WorkflowUiModule.cpp
  WorkflowCommandCatalog.cpp
  WorkflowPluginAssembly.cpp
  正在生成代码...
  sdurws_ird_workflow_plugin.vcxproj -> C:\Users\zgl18\AppData\Local\Temp\acc-dsl-repro\smoke\workflow\Release\sdurws_ird_workflow_plugin.lib
D:\software\Microsoft Visual Studio\2022\Community\MSBuild\Microsoft\VC\v170\Microsoft.CppBuild.targets(541,5): warning MSB8029: 中间目录或输出目录无法驻留在临时目录下，因为这可能会导致增量生成出现问题。 [C:\Users\zgl18\AppData\Local\Temp\acc-dsl-repro\smoke\workflow\sdurws_ird_workflow_contract_test.vcxproj]
  Building Custom Rule C:/Users/zgl18/AppData/Local/Temp/acc-dsl-repro/RobWork/RobWorkStudio/src/rwslibs/industrialrobot/workflow/CMakeLists.txt
  ContractTestMain.cpp
  BuildGraphContractTest.cpp
  PluginRegistrationContractTest.cpp
  GateContractTest.cpp
  NewProjectWizardContractTest.cpp
  OpenWizardContractTest.cpp
C:\Users\zgl18\AppData\Local\Temp\acc-dsl-repro\RobWork\RobWorkStudio\src\rwslibs\industrialrobot\workflow\contract_test\OpenWizardContractTest.cpp(144,32): warning C4834: 放弃具有 [[nodiscard]] 属性的函数的返回值 [C:\Users\zgl18\AppData\Local\Temp\acc-dsl-repro\smoke\workflow\sdurws_ird_workflow_contract_test.vcxproj]
C:\Users\zgl18\AppData\Local\Temp\acc-dsl-repro\RobWork\RobWorkStudio\src\rwslibs\industrialrobot\workflow\contract_test\OpenWizardContractTest.cpp(172,36): warning C4834: 放弃具有 [[nodiscard]] 属性的函数的返回值 [C:\Users\zgl18\AppData\Local\Temp\acc-dsl-repro\smoke\workflow\sdurws_ird_workflow_contract_test.vcxproj]
C:\Users\zgl18\AppData\Local\Temp\acc-dsl-repro\RobWork\RobWorkStudio\src\rwslibs\industrialrobot\workflow\contract_test\OpenWizardContractTest.cpp(205,35): warning C4834: 放弃具有 [[nodiscard]] 属性的函数的返回值 [C:\Users\zgl18\AppData\Local\Temp\acc-dsl-repro\smoke\workflow\sdurws_ird_workflow_contract_test.vcxproj]
C:\Users\zgl18\AppData\Local\Temp\acc-dsl-repro\RobWork\RobWorkStudio\src\rwslibs\industrialrobot\workflow\contract_test\OpenWizardContractTest.cpp(266,32): warning C4834: 放弃具有 [[nodiscard]] 属性的函数的返回值 [C:\Users\zgl18\AppData\Local\Temp\acc-dsl-repro\smoke\workflow\sdurws_ird_workflow_contract_test.vcxproj]
  CloseFlowContractTest.cpp
C:\Users\zgl18\AppData\Local\Temp\acc-dsl-repro\RobWork\RobWorkStudio\src\rwslibs\industrialrobot\workflow\contract_test\CloseFlowContractTest.cpp(370,32): warning C4834: 放弃具有 [[nodiscard]] 属性的函数的返回值 [C:\Users\zgl18\AppData\Local\Temp\acc-dsl-repro\smoke\workflow\sdurws_ird_workflow_contract_test.vcxproj]
C:\Users\zgl18\AppData\Local\Temp\acc-dsl-repro\RobWork\RobWorkStudio\src\rwslibs\industrialrobot\workflow\contract_test\CloseFlowContractTest.cpp(407,30): warning C4834: 放弃具有 [[nodiscard]] 属性的函数的返回值 [C:\Users\zgl18\AppData\Local\Temp\acc-dsl-repro\smoke\workflow\sdurws_ird_workflow_contract_test.vcxproj]
C:\Users\zgl18\AppData\Local\Temp\acc-dsl-repro\RobWork\RobWorkStudio\src\rwslibs\industrialrobot\workflow\contract_test\CloseFlowContractTest.cpp(444,41): warning C4834: 放弃具有 [[nodiscard]] 属性的函数的返回值 [C:\Users\zgl18\AppData\Local\Temp\acc-dsl-repro\smoke\workflow\sdurws_ird_workflow_contract_test.vcxproj]
C:\Users\zgl18\AppData\Local\Temp\acc-dsl-repro\RobWork\RobWorkStudio\src\rwslibs\industrialrobot\workflow\contract_test\CloseFlowContractTest.cpp(542,30): warning C4834: 放弃具有 [[nodiscard]] 属性的函数的返回值 [C:\Users\zgl18\AppData\Local\Temp\acc-dsl-repro\smoke\workflow\sdurws_ird_workflow_contract_test.vcxproj]
C:\Users\zgl18\AppData\Local\Temp\acc-dsl-repro\RobWork\RobWorkStudio\src\rwslibs\industrialrobot\workflow\contract_test\CloseFlowContractTest.cpp(586,30): warning C4834: 放弃具有 [[nodiscard]] 属性的函数的返回值 [C:\Users\zgl18\AppData\Local\Temp\acc-dsl-repro\smoke\workflow\sdurws_ird_workflow_contract_test.vcxproj]
C:\Users\zgl18\AppData\Local\Temp\acc-dsl-repro\RobWork\RobWorkStudio\src\rwslibs\industrialrobot\workflow\contract_test\CloseFlowContractTest.cpp(611,26): warning C4834: 放弃具有 [[nodiscard]] 属性的函数的返回值 [C:\Users\zgl18\AppData\Local\Temp\acc-dsl-repro\smoke\workflow\sdurws_ird_workflow_contract_test.vcxproj]
C:\Users\zgl18\AppData\Local\Temp\acc-dsl-repro\RobWork\RobWorkStudio\src\rwslibs\industrialrobot\workflow\contract_test\CloseFlowContractTest.cpp(632,41): warning C4834: 放弃具有 [[nodiscard]] 属性的函数的返回值 [C:\Users\zgl18\AppData\Local\Temp\acc-dsl-repro\smoke\workflow\sdurws_ird_workflow_contract_test.vcxproj]
C:\Users\zgl18\AppData\Local\Temp\acc-dsl-repro\RobWork\RobWorkStudio\src\rwslibs\industrialrobot\workflow\contract_test\CloseFlowContractTest.cpp(659,30): warning C4834: 放弃具有 [[nodiscard]] 属性的函数的返回值 [C:\Users\zgl18\AppData\Local\Temp\acc-dsl-repro\smoke\workflow\sdurws_ird_workflow_contract_test.vcxproj]
C:\Users\zgl18\AppData\Local\Temp\acc-dsl-repro\RobWork\RobWorkStudio\src\rwslibs\industrialrobot\workflow\contract_test\CloseFlowContractTest.cpp(702,26): warning C4834: 放弃具有 [[nodiscard]] 属性的函数的返回值 [C:\Users\zgl18\AppData\Local\Temp\acc-dsl-repro\smoke\workflow\sdurws_ird_workflow_contract_test.vcxproj]
  SaveAsPackageContractTest.cpp
C:\Users\zgl18\AppData\Local\Temp\acc-dsl-repro\RobWork\RobWorkStudio\src\rwslibs\industrialrobot\workflow\contract_test\SaveAsPackageContractTest.cpp(850,31): warning C4834: 放弃具有 [[nodiscard]] 属性的函数的返回值 [C:\Users\zgl18\AppData\Local\Temp\acc-dsl-repro\smoke\workflow\sdurws_ird_workflow_contract_test.vcxproj]
C:\Users\zgl18\AppData\Local\Temp\acc-dsl-repro\RobWork\RobWorkStudio\src\rwslibs\industrialrobot\workflow\contract_test\SaveAsPackageContractTest.cpp(852,32): warning C4834: 放弃具有 [[nodiscard]] 属性的函数的返回值 [C:\Users\zgl18\AppData\Local\Temp\acc-dsl-repro\smoke\workflow\sdurws_ird_workflow_contract_test.vcxproj]
C:\Users\zgl18\AppData\Local\Temp\acc-dsl-repro\RobWork\RobWorkStudio\src\rwslibs\industrialrobot\workflow\contract_test\SaveAsPackageContractTest.cpp(881,31): warning C4834: 放弃具有 [[nodiscard]] 属性的函数的返回值 [C:\Users\zgl18\AppData\Local\Temp\acc-dsl-repro\smoke\workflow\sdurws_ird_workflow_contract_test.vcxproj]
C:\Users\zgl18\AppData\Local\Temp\acc-dsl-repro\RobWork\RobWorkStudio\src\rwslibs\industrialrobot\workflow\contract_test\SaveAsPackageContractTest.cpp(919,31): warning C4834: 放弃具有 [[nodiscard]] 属性的函数的返回值 [C:\Users\zgl18\AppData\Local\Temp\acc-dsl-repro\smoke\workflow\sdurws_ird_workflow_contract_test.vcxproj]
C:\Users\zgl18\AppData\Local\Temp\acc-dsl-repro\RobWork\RobWorkStudio\src\rwslibs\industrialrobot\workflow\contract_test\SaveAsPackageContractTest.cpp(947,31): warning C4834: 放弃具有 [[nodiscard]] 属性的函数的返回值 [C:\Users\zgl18\AppData\Local\Temp\acc-dsl-repro\smoke\workflow\sdurws_ird_workflow_contract_test.vcxproj]
C:\Users\zgl18\AppData\Local\Temp\acc-dsl-repro\RobWork\RobWorkStudio\src\rwslibs\industrialrobot\workflow\contract_test\SaveAsPackageContractTest.cpp(1022,31): warning C4834: 放弃具有 [[nodiscard]] 属性的函数的返回值 [C:\Users\zgl18\AppData\Local\Temp\acc-dsl-repro\smoke\workflow\sdurws_ird_workflow_contract_test.vcxproj]
C:\Users\zgl18\AppData\Local\Temp\acc-dsl-repro\RobWork\RobWorkStudio\src\rwslibs\industrialrobot\workflow\contract_test\SaveAsPackageContractTest.cpp(1053,33): warning C4834: 放弃具有 [[nodiscard]] 属性的函数的返回值 [C:\Users\zgl18\AppData\Local\Temp\acc-dsl-repro\smoke\workflow\sdurws_ird_workflow_contract_test.vcxproj]
  ReconnectReadOnlyContractTest.cpp
  StatusBannerContractTest.cpp
  SettingsContractTest.cpp
  ComparisonContractTest.cpp
  CommandsContractTest.cpp
  正在生成代码...
  sdurws_ird_workflow_contract_test.vcxproj -> C:\Users\zgl18\AppData\Local\Temp\acc-dsl-repro\smoke\workflow\Release\sdurws_ird_workflow_contract_test.exe
  D:\10_Source_Repos\21_robot\RobWork\vcpkg\installed\x64-windows\bin\gtest.dll -> C:\Users\zgl18\AppData\Local\Temp\acc-dsl-repro\smoke\workflow\Release\gtest.dll done
  D:\10_Source_Repos\21_robot\RobWork\vcpkg\installed\x64-windows\bin\zip.dll -> C:\Users\zgl18\AppData\Local\Temp\acc-dsl-repro\smoke\workflow\Release\zip.dll done
  D:\10_Source_Repos\21_robot\RobWork\vcpkg\installed\x64-windows\bin\bz2.dll -> C:\Users\zgl18\AppData\Local\Temp\acc-dsl-repro\smoke\workflow\Release\bz2.dll done
  D:\10_Source_Repos\21_robot\RobWork\vcpkg\installed\x64-windows\bin\z.dll -> C:\Users\zgl18\AppData\Local\Temp\acc-dsl-repro\smoke\workflow\Release\z.dll done
D:\software\Microsoft Visual Studio\2022\Community\MSBuild\Microsoft\VC\v170\Microsoft.CppBuild.targets(541,5): warning MSB8029: 中间目录或输出目录无法驻留在临时目录下，因为这可能会导致增量生成出现问题。 [C:\Users\zgl18\AppData\Local\Temp\acc-dsl-repro\smoke\workflow\sdurws_ird_workflow_test.vcxproj]
  Building Custom Rule C:/Users/zgl18/AppData/Local/Temp/acc-dsl-repro/RobWork/RobWorkStudio/src/rwslibs/industrialrobot/workflow/CMakeLists.txt
  TestMainReport.cpp
  BuildRedLineTest.cpp
  GateAdviceTest.cpp
  LifecycleTest.cpp
  OpenWizardHomeTest.cpp
  CloseFlowTest.cpp
  SaveAsPackageTest.cpp
  ReconnectReadOnlyTest.cpp
  StatusProjectionTest.cpp
  SettingsTest.cpp
  ComparisonTest.cpp
  CommandsTest.cpp
  正在生成代码...
  sdurws_ird_workflow_test.vcxproj -> C:\Users\zgl18\AppData\Local\Temp\acc-dsl-repro\smoke\workflow\Release\sdurws_ird_workflow_test.exe
D:\software\Microsoft Visual Studio\2022\Community\MSBuild\Microsoft\VC\v170\Microsoft.CppBuild.targets(541,5): warning MSB8029: 中间目录或输出目录无法驻留在临时目录下，因为这可能会导致增量生成出现问题。 [C:\Users\zgl18\AppData\Local\Temp\acc-dsl-repro\smoke\ALL_BUILD.vcxproj]
  Building Custom Rule C:/Users/zgl18/AppData/Local/Temp/acc-dsl-repro/RobWork/RobWorkStudio/src/rwslibs/industrialrobot/CMakeLists.txt
