CMake is re-running because D:/10_Source_Repos/21_robot/RobWork/build-smoke-wp10-t02/testkit/CMakeFiles/generate.stamp is out-of-date.
  the file 'D:/10_Source_Repos/21_robot/RobWork/RobWork/RobWorkStudio/src/rwslibs/industrialrobot/testkit/CMakeLists.txt'
  is newer than 'D:/10_Source_Repos/21_robot/RobWork/build-smoke-wp10-t02/testkit/CMakeFiles/generate.stamp.depend'
  result='-1'
-- Selecting Windows SDK version 10.0.22621.0 to target Windows 10.0.26200.
-- industrialrobot: standalone smoke mode（独立冒烟，不代表集成构建）
-- Could NOT find WrapVulkanHeaders (missing: Vulkan_INCLUDE_DIR) 
-- Configuring done (0.4s)
-- Generating done (1.8s)
-- Build files have been written to: D:/10_Source_Repos/21_robot/RobWork/build-smoke-wp10-t02
适用于 .NET Framework MSBuild 版本 17.12.6+db5f6012c

  1>Checking Build System
  sdurws_ird_core.vcxproj -> D:\10_Source_Repos\21_robot\RobWork\build-smoke-wp10-t02\core\Release\sdurws_ird_core.lib
  sdurws_ird_core_test.vcxproj -> D:\10_Source_Repos\21_robot\RobWork\build-smoke-wp10-t02\core\Release\sdurws_ird_core_test.exe
  sdurws_ird_diagnostics.vcxproj -> D:\10_Source_Repos\21_robot\RobWork\build-smoke-wp10-t02\diagnostics\Release\sdurws_ird_diagnostics.lib
  sdurws_ird_testkit.vcxproj -> D:\10_Source_Repos\21_robot\RobWork\build-smoke-wp10-t02\testkit\Release\sdurws_ird_testkit.lib
  sdurws_ird_diagnostics_contract_test.vcxproj -> D:\10_Source_Repos\21_robot\RobWork\build-smoke-wp10-t02\diagnostics\Release\sdurws_ird_diagnostics_contract_test.exe
  sdurws_ird_diagnostics_test.vcxproj -> D:\10_Source_Repos\21_robot\RobWork\build-smoke-wp10-t02\diagnostics\Release\sdurws_ird_diagnostics_test.exe
  sdurws_ird_evidence.vcxproj -> D:\10_Source_Repos\21_robot\RobWork\build-smoke-wp10-t02\evidence\Release\sdurws_ird_evidence.lib
  sdurws_ird_evidence_contract_test.vcxproj -> D:\10_Source_Repos\21_robot\RobWork\build-smoke-wp10-t02\evidence\Release\sdurws_ird_evidence_contract_test.exe
  sdurws_ird_evidence_test.vcxproj -> D:\10_Source_Repos\21_robot\RobWork\build-smoke-wp10-t02\evidence\Release\sdurws_ird_evidence_test.exe
  sdurws_ird_project.vcxproj -> D:\10_Source_Repos\21_robot\RobWork\build-smoke-wp10-t02\project\Release\sdurws_ird_project.lib
  sdurws_ird_execution.vcxproj -> D:\10_Source_Repos\21_robot\RobWork\build-smoke-wp10-t02\execution\Release\sdurws_ird_execution.lib
  sdurws_ird_execution_worker.vcxproj -> D:\10_Source_Repos\21_robot\RobWork\build-smoke-wp10-t02\execution\Release\sdurws_ird_execution_worker.exe
  sdurws_ird_execution_contract_test.vcxproj -> D:\10_Source_Repos\21_robot\RobWork\build-smoke-wp10-t02\execution\Release\sdurws_ird_execution_contract_test.exe
  sdurws_ird_execution_test.vcxproj -> D:\10_Source_Repos\21_robot\RobWork\build-smoke-wp10-t02\execution\Release\sdurws_ird_execution_test.exe
  sdurws_ird_io.vcxproj -> D:\10_Source_Repos\21_robot\RobWork\build-smoke-wp10-t02\io\Release\sdurws_ird_io.lib
  sdurws_ird_io_contract_test.vcxproj -> D:\10_Source_Repos\21_robot\RobWork\build-smoke-wp10-t02\io\Release\sdurws_ird_io_contract_test.exe
  sdurws_ird_io_test.vcxproj -> D:\10_Source_Repos\21_robot\RobWork\build-smoke-wp10-t02\io\Release\sdurws_ird_io_test.exe
  sdurws_ird_policy.vcxproj -> D:\10_Source_Repos\21_robot\RobWork\build-smoke-wp10-t02\policy\Release\sdurws_ird_policy.lib
  sdurws_ird_policy_contract_test.vcxproj -> D:\10_Source_Repos\21_robot\RobWork\build-smoke-wp10-t02\policy\Release\sdurws_ird_policy_contract_test.exe
  sdurws_ird_policy_test.vcxproj -> D:\10_Source_Repos\21_robot\RobWork\build-smoke-wp10-t02\policy\Release\sdurws_ird_policy_test.exe
  sdurws_ird_project_contract_test.vcxproj -> D:\10_Source_Repos\21_robot\RobWork\build-smoke-wp10-t02\project\Release\sdurws_ird_project_contract_test.exe
  sdurws_ird_project_test.vcxproj -> D:\10_Source_Repos\21_robot\RobWork\build-smoke-wp10-t02\project\Release\sdurws_ird_project_test.exe
  sdurws_ird_runtime.vcxproj -> D:\10_Source_Repos\21_robot\RobWork\build-smoke-wp10-t02\runtime\Release\sdurws_ird_runtime.lib
  sdurws_ird_runtime_test.vcxproj -> D:\10_Source_Repos\21_robot\RobWork\build-smoke-wp10-t02\runtime\Release\sdurws_ird_runtime_test.exe
  sdurws_ird_testdata_lint.vcxproj -> D:\10_Source_Repos\21_robot\RobWork\build-smoke-wp10-t02\testkit\Release\sdurws_ird_testdata_lint.exe
  sdurws_ird_testkit_prochelper.vcxproj -> D:\10_Source_Repos\21_robot\RobWork\build-smoke-wp10-t02\testkit\Release\sdurws_ird_testkit_prochelper.exe
  sdurws_ird_testkit_test.vcxproj -> D:\10_Source_Repos\21_robot\RobWork\build-smoke-wp10-t02\testkit\Release\sdurws_ird_testkit_test.exe
  sdurws_ird_ui.vcxproj -> D:\10_Source_Repos\21_robot\RobWork\build-smoke-wp10-t02\ui\Release\sdurws_ird_ui.lib
  sdurws_ird_ui_contract_test.vcxproj -> D:\10_Source_Repos\21_robot\RobWork\build-smoke-wp10-t02\ui\Release\sdurws_ird_ui_contract_test.exe
  sdurws_ird_ui_gui_test.vcxproj -> D:\10_Source_Repos\21_robot\RobWork\build-smoke-wp10-t02\ui\Release\sdurws_ird_ui_gui_test.exe
  sdurws_ird_ui_test.vcxproj -> D:\10_Source_Repos\21_robot\RobWork\build-smoke-wp10-t02\ui\Release\sdurws_ird_ui_test.exe
  Building Custom Rule D:/10_Source_Repos/21_robot/RobWork/RobWork/RobWorkStudio/src/rwslibs/industrialrobot/CMakeLists.txt
