适用于 .NET Framework MSBuild 版本 17.12.6+db5f6012c

  1>Checking Build System
  Building Custom Rule D:/10_Source_Repos/21_robot/RobWork/RobWork/RobWorkStudio/src/rwslibs/industrialrobot/core/CMakeLists.txt
  Core.cpp
  Identity.cpp
  Digest.cpp
  Provenance.cpp
  Units.cpp
  Compare.cpp
  Evaluation.cpp
  DiagData.cpp
  Events.cpp
  正在生成代码...
  sdurws_ird_core.vcxproj -> D:\10_Source_Repos\21_robot\RobWork\build-smoke-wp13-t21\core\Release\sdurws_ird_core.lib
  Building Custom Rule D:/10_Source_Repos/21_robot/RobWork/RobWork/RobWorkStudio/src/rwslibs/industrialrobot/diagnostics/CMakeLists.txt
  Diagnostics.cpp
  Errors.cpp
  DiagCodes.cpp
  ParamSchema.cpp
  Catalog.cpp
  Factory.cpp
  Confirmable.cpp
  Aggregation.cpp
  Logging.cpp
  Redaction.cpp
  CrashReport.cpp
  正在生成代码...
  sdurws_ird_diagnostics.vcxproj -> D:\10_Source_Repos\21_robot\RobWork\build-smoke-wp13-t21\diagnostics\Release\sdurws_ird_diagnostics.lib
  Building Custom Rule D:/10_Source_Repos/21_robot/RobWork/RobWork/RobWorkStudio/src/rwslibs/industrialrobot/io/CMakeLists.txt
  Io.cpp
  SafePath.cpp
  Budget.cpp
  IoDiagnostics.cpp
  Csv.cpp
  Json.cpp
  ZipChannel.cpp
  ResourceIo.cpp
  TempArea.cpp
  AtomicFile.cpp
  Package.cpp
  正在生成代码...
  sdurws_ird_io.vcxproj -> D:\10_Source_Repos\21_robot\RobWork\build-smoke-wp13-t21\io\Release\sdurws_ird_io.lib
  Building Custom Rule D:/10_Source_Repos/21_robot/RobWork/RobWork/RobWorkStudio/src/rwslibs/industrialrobot/policy/CMakeLists.txt
  Policy.cpp
  Errors.cpp
  Diagnostics.cpp
  PolicyInput.cpp
  PolicyParsing.cpp
  PolicyPort.cpp
  正在生成代码...
  sdurws_ird_policy.vcxproj -> D:\10_Source_Repos\21_robot\RobWork\build-smoke-wp13-t21\policy\Release\sdurws_ird_policy.lib
  Building Custom Rule D:/10_Source_Repos/21_robot/RobWork/RobWork/RobWorkStudio/src/rwslibs/industrialrobot/project/CMakeLists.txt
  Project.cpp
  Codec.cpp
  ObjectStore.cpp
  RevisionIndex.cpp
  TxEngine.cpp
  ProjectStoreImpl.cpp
D:\10_Source_Repos\21_robot\RobWork\RobWork\RobWorkStudio\src\rwslibs\industrialrobot\project\src\ProjectStoreImpl.cpp(794,5): warning C4297: “sdurws::ird::project::ProjectStore::handlerRegistry”: 假定函数不引发异常，但确实发生了 [D:\10_Source_Repos\21_robot\RobWork\build-smoke-wp13-t21\project\sdurws_ird_project.vcxproj]
      D:\10_Source_Repos\21_robot\RobWork\RobWork\RobWorkStudio\src\rwslibs\industrialrobot\project\src\ProjectStoreImpl.cpp(794,5):
      在函数上指定了 __declspec(nothrow)、throw()、noexcept(true)或 noexcept
  
  QueryPortImpl.cpp
  CommandServiceImpl.cpp
  ConfirmationFlow.cpp
  DraftServiceImpl.cpp
  UndoRedoServiceImpl.cpp
  ArchiveServiceImpl.cpp
  AtomicFile.cpp
  StoreLock.cpp
  PathCanonical.cpp
  正在生成代码...
  sdurws_ird_project.vcxproj -> D:\10_Source_Repos\21_robot\RobWork\build-smoke-wp13-t21\project\Release\sdurws_ird_project.lib
  Building Custom Rule D:/10_Source_Repos/21_robot/RobWork/RobWork/RobWorkStudio/src/rwslibs/industrialrobot/runtime/CMakeLists.txt
  Runtime.cpp
  Errors.cpp
  DescriptionValidator.cpp
  CanonicalModel.cpp
  Codec.cpp
  NameMap.cpp
  BaseWorldTransform.cpp
  正在生成代码...
  sdurws_ird_runtime.vcxproj -> D:\10_Source_Repos\21_robot\RobWork\build-smoke-wp13-t21\runtime\Release\sdurws_ird_runtime.lib
  Building Custom Rule D:/10_Source_Repos/21_robot/RobWork/RobWork/RobWorkStudio/src/rwslibs/industrialrobot/modeling/CMakeLists.txt
  ObjectTypes.cpp
  Errors.cpp
  DiagCodes.cpp
  RobotDesign.cpp
  Parts.cpp
  Codec.cpp
  PropertyEstimation.cpp
  Import.cpp
  XacroExpand.cpp
  Template.cpp
  Readiness.cpp
  CommandHandlers.cpp
  DhConvert.cpp
  CanonicalBridge.cpp
  Package.cpp
  ModelDiff.cpp
  正在生成代码...
  sdurws_ird_modeling.vcxproj -> D:\10_Source_Repos\21_robot\RobWork\build-smoke-wp13-t21\modeling\Release\sdurws_ird_modeling.lib
  Building Custom Rule D:/10_Source_Repos/21_robot/RobWork/RobWork/RobWorkStudio/src/rwslibs/industrialrobot/ui/CMakeLists.txt
  Ui.cpp
  WorkbenchShell.cpp
  WorkbenchContent.cpp
  ShellSupport.cpp
  StatusProjection.cpp
  View3DPlaceholder.cpp
  CommandRegistry.cpp
  GlobalShortcutRegistry.cpp
  CommandPalette.cpp
  PolicySummaryCard.cpp
  FormEditCommon.cpp
  ParamTablePanel.cpp
  UiText.cpp
  StageNavigationModel.cpp
  AboutDialog.cpp
  UiSessionController.cpp
  DraftController.cpp
  DiagnosticPresentation.cpp
  CommandInteractionBridge.cpp
  TaskPresentation.cpp
  正在生成代码...
  正在编译...
  PluginUiRegistrar.cpp
  HostController.cpp
  RuntimePublishBridge.cpp
  SelectionService.cpp
  IndustrialProjectTree.cpp
  PropertyInspector.cpp
  FlowLayout.cpp
  UiTheme.cpp
  正在生成代码...
  sdurws_ird_ui.vcxproj -> D:\10_Source_Repos\21_robot\RobWork\build-smoke-wp13-t21\ui\Release\sdurws_ird_ui.lib
  Automatic MOC for target sdurws_ird_modeling_plugin
  Building Custom Rule D:/10_Source_Repos/21_robot/RobWork/RobWork/RobWorkStudio/src/rwslibs/industrialrobot/modeling/CMakeLists.txt
  PanelModel.cpp
  PanelEditFlow.cpp
  PanelCommandCatalog.cpp
  HostMigrationProviders.cpp
  ModelingPanelWidget.cpp
  ModelingUiModule.cpp
  ModelingCommandFlows.cpp
D:\10_Source_Repos\21_robot\RobWork\RobWork\RobWorkStudio\src\rwslibs\industrialrobot\modeling\plugin\ModelingCommandFlows.cpp(442,37): warning C4003: 类函数宏的调用“QStringLiteral”参数不足 [D:\10_Source_Repos\21_robot\RobWork\build-smoke-wp13-t21\modeling\sdurws_ird_modeling_plugin.vcxproj]
D:\10_Source_Repos\21_robot\RobWork\RobWork\RobWorkStudio\src\rwslibs\industrialrobot\modeling\plugin\ModelingCommandFlows.cpp(442,37): warning C4003: 类函数宏的调用“QT_UNICODE_LITERAL”参数不足 [D:\10_Source_Repos\21_robot\RobWork\build-smoke-wp13-t21\modeling\sdurws_ird_modeling_plugin.vcxproj]
  ModelingAuthorityFlows.cpp
  ModelingXacroBridge.cpp
  ModelingPluginAssembly.cpp
  mocs_compilation_Release.cpp
  正在生成代码...
  sdurws_ird_modeling_plugin.vcxproj -> D:\10_Source_Repos\21_robot\RobWork\build-smoke-wp13-t21\modeling\Release\sdurws_ird_modeling_plugin.lib
适用于 .NET Framework MSBuild 版本 17.12.6+db5f6012c

  sdurws_ird_core.vcxproj -> D:\10_Source_Repos\21_robot\RobWork\build-smoke-wp13-t21\core\Release\sdurws_ird_core.lib
  sdurws_ird_diagnostics.vcxproj -> D:\10_Source_Repos\21_robot\RobWork\build-smoke-wp13-t21\diagnostics\Release\sdurws_ird_diagnostics.lib
  sdurws_ird_io.vcxproj -> D:\10_Source_Repos\21_robot\RobWork\build-smoke-wp13-t21\io\Release\sdurws_ird_io.lib
  sdurws_ird_policy.vcxproj -> D:\10_Source_Repos\21_robot\RobWork\build-smoke-wp13-t21\policy\Release\sdurws_ird_policy.lib
  sdurws_ird_project.vcxproj -> D:\10_Source_Repos\21_robot\RobWork\build-smoke-wp13-t21\project\Release\sdurws_ird_project.lib
  sdurws_ird_runtime.vcxproj -> D:\10_Source_Repos\21_robot\RobWork\build-smoke-wp13-t21\runtime\Release\sdurws_ird_runtime.lib
  sdurws_ird_modeling.vcxproj -> D:\10_Source_Repos\21_robot\RobWork\build-smoke-wp13-t21\modeling\Release\sdurws_ird_modeling.lib
  sdurws_ird_ui.vcxproj -> D:\10_Source_Repos\21_robot\RobWork\build-smoke-wp13-t21\ui\Release\sdurws_ird_ui.lib
  Automatic MOC for target sdurws_ird_modeling_plugin
  sdurws_ird_modeling_plugin.vcxproj -> D:\10_Source_Repos\21_robot\RobWork\build-smoke-wp13-t21\modeling\Release\sdurws_ird_modeling_plugin.lib
  Building Custom Rule D:/10_Source_Repos/21_robot/RobWork/RobWork/RobWorkStudio/src/rwslibs/industrialrobot/testkit/CMakeLists.txt
  TestPaths.cpp
  JsonLite.cpp
  Fault.cpp
  Dataset.cpp
  ToleranceProfile.cpp
  Check.cpp
  ContractCheck.cpp
  Fixture.cpp
  Report.cpp
  ProcessRunner.cpp
  正在生成代码...
  sdurws_ird_testkit.vcxproj -> D:\10_Source_Repos\21_robot\RobWork\build-smoke-wp13-t21\testkit\Release\sdurws_ird_testkit.lib
  Building Custom Rule D:/10_Source_Repos/21_robot/RobWork/RobWork/RobWorkStudio/src/rwslibs/industrialrobot/modeling/CMakeLists.txt
  TestMainReport.cpp
  ObjectTypesTest.cpp
  ErrorsTest.cpp
  DiagCodesTest.cpp
  BuildRedLineTest.cpp
  RobotDesignTest.cpp
  PartsTest.cpp
  CodecTest.cpp
  PropertyEstimationTest.cpp
  ImportTest.cpp
  XacroExpandTest.cpp
  TemplateTest.cpp
  BasePlacementEditTest.cpp
  DhConvertTest.cpp
  CanonicalBridgeTest.cpp
  PackageTest.cpp
  ModelDiffTest.cpp
  ModelingCommandFlowsTest.cpp
D:\10_Source_Repos\21_robot\RobWork\RobWork\RobWorkStudio\src\rwslibs\industrialrobot\modeling\test\ModelingCommandFlowsTest.cpp(435,14): warning C4834: 放弃具有 [[nodiscard]] 属性的函数的返回值 [D:\10_Source_Repos\21_robot\RobWork\build-smoke-wp13-t21\modeling\sdurws_ird_modeling_test.vcxproj]
D:\10_Source_Repos\21_robot\RobWork\RobWork\RobWorkStudio\src\rwslibs\industrialrobot\modeling\test\ModelingCommandFlowsTest.cpp(446,14): warning C4834: 放弃具有 [[nodiscard]] 属性的函数的返回值 [D:\10_Source_Repos\21_robot\RobWork\build-smoke-wp13-t21\modeling\sdurws_ird_modeling_test.vcxproj]
  PluginPanelTest.cpp
  HostMigrationTest.cpp
  正在生成代码...
  正在编译...
  GoldenDatasetTest.cpp
  GoldenTemplateTest.cpp
  GoldenImportTest.cpp
  正在生成代码...
  sdurws_ird_modeling_test.vcxproj -> D:\10_Source_Repos\21_robot\RobWork\build-smoke-wp13-t21\modeling\Release\sdurws_ird_modeling_test.exe
  D:\10_Source_Repos\21_robot\RobWork\vcpkg\installed\x64-windows\bin\gtest.dll -> D:\10_Source_Repos\21_robot\RobWork\build-smoke-wp13-t21\modeling\Release\gtest.dll done
  D:\10_Source_Repos\21_robot\RobWork\vcpkg\installed\x64-windows\bin\zip.dll -> D:\10_Source_Repos\21_robot\RobWork\build-smoke-wp13-t21\modeling\Release\zip.dll done
  D:\10_Source_Repos\21_robot\RobWork\vcpkg\installed\x64-windows\bin\bz2.dll -> D:\10_Source_Repos\21_robot\RobWork\build-smoke-wp13-t21\modeling\Release\bz2.dll done
  D:\10_Source_Repos\21_robot\RobWork\vcpkg\installed\x64-windows\bin\z.dll -> D:\10_Source_Repos\21_robot\RobWork\build-smoke-wp13-t21\modeling\Release\z.dll done
  D:\10_Source_Repos\21_robot\RobWork\vcpkg\installed\x64-windows\bin\libexpat.dll -> D:\10_Source_Repos\21_robot\RobWork\build-smoke-wp13-t21\modeling\Release\libexpat.dll done
  D:\10_Source_Repos\21_robot\RobWork\vcpkg\installed\x64-windows\bin\pugixml.dll -> D:\10_Source_Repos\21_robot\RobWork\build-smoke-wp13-t21\modeling\Release\pugixml.dll done
适用于 .NET Framework MSBuild 版本 17.12.6+db5f6012c

  sdurws_ird_core.vcxproj -> D:\10_Source_Repos\21_robot\RobWork\build-smoke-wp13-t21\core\Release\sdurws_ird_core.lib
  sdurws_ird_diagnostics.vcxproj -> D:\10_Source_Repos\21_robot\RobWork\build-smoke-wp13-t21\diagnostics\Release\sdurws_ird_diagnostics.lib
  sdurws_ird_io.vcxproj -> D:\10_Source_Repos\21_robot\RobWork\build-smoke-wp13-t21\io\Release\sdurws_ird_io.lib
  sdurws_ird_policy.vcxproj -> D:\10_Source_Repos\21_robot\RobWork\build-smoke-wp13-t21\policy\Release\sdurws_ird_policy.lib
  sdurws_ird_project.vcxproj -> D:\10_Source_Repos\21_robot\RobWork\build-smoke-wp13-t21\project\Release\sdurws_ird_project.lib
  sdurws_ird_runtime.vcxproj -> D:\10_Source_Repos\21_robot\RobWork\build-smoke-wp13-t21\runtime\Release\sdurws_ird_runtime.lib
  sdurws_ird_modeling.vcxproj -> D:\10_Source_Repos\21_robot\RobWork\build-smoke-wp13-t21\modeling\Release\sdurws_ird_modeling.lib
  sdurws_ird_ui.vcxproj -> D:\10_Source_Repos\21_robot\RobWork\build-smoke-wp13-t21\ui\Release\sdurws_ird_ui.lib
  Automatic MOC for target sdurws_ird_modeling_plugin
  sdurws_ird_modeling_plugin.vcxproj -> D:\10_Source_Repos\21_robot\RobWork\build-smoke-wp13-t21\modeling\Release\sdurws_ird_modeling_plugin.lib
  sdurws_ird_testkit.vcxproj -> D:\10_Source_Repos\21_robot\RobWork\build-smoke-wp13-t21\testkit\Release\sdurws_ird_testkit.lib
  Building Custom Rule D:/10_Source_Repos/21_robot/RobWork/RobWork/RobWorkStudio/src/rwslibs/industrialrobot/modeling/CMakeLists.txt
  TestMainReport.cpp
  ModelingPanelGuiTest.cpp
  正在生成代码...
  sdurws_ird_modeling_gui_test.vcxproj -> D:\10_Source_Repos\21_robot\RobWork\build-smoke-wp13-t21\modeling\Release\sdurws_ird_modeling_gui_test.exe
