[==========] Running 46 tests from 8 test suites.
[----------] Global test environment set-up.
[----------] 1 test from UiGuiPlacement
[ RUN      ] UiGuiPlacement.GuiTargetRegistration_UI_GUIBUILD
[       OK ] UiGuiPlacement.GuiTargetRegistration_UI_GUIBUILD (0 ms)
[----------] 1 test from UiGuiPlacement (0 ms total)

[----------] 6 tests from WorkbenchShellGuiTest
[ RUN      ] WorkbenchShellGuiTest.FiveZoneLayout_PersistsAcrossSessions_UI_WB_1
[       OK ] WorkbenchShellGuiTest.FiveZoneLayout_PersistsAcrossSessions_UI_WB_1 (478 ms)
[ RUN      ] WorkbenchShellGuiTest.ResetLayout_RestoresFactory_UI_WB_2
[       OK ] WorkbenchShellGuiTest.ResetLayout_RestoresFactory_UI_WB_2 (185 ms)
[ RUN      ] WorkbenchShellGuiTest.CorruptLayoutMemory_FallsBackWithDevDiagnostic_UI_WB_3
[       OK ] WorkbenchShellGuiTest.CorruptLayoutMemory_FallsBackWithDevDiagnostic_UI_WB_3 (113 ms)
[ RUN      ] WorkbenchShellGuiTest.NoProjectHomepage_CommandGating_UI_SES_1
[       OK ] WorkbenchShellGuiTest.NoProjectHomepage_CommandGating_UI_SES_1 (156 ms)
[ RUN      ] WorkbenchShellGuiTest.RecentProjects_CapDedupPersist_PM_10_PM_14
[       OK ] WorkbenchShellGuiTest.RecentProjects_CapDedupPersist_PM_10_PM_14 (63 ms)
[ RUN      ] WorkbenchShellGuiTest.CentralView3DPlaceholder_RegistrationAndRedLines_UX11_KIN06
[       OK ] WorkbenchShellGuiTest.CentralView3DPlaceholder_RegistrationAndRedLines_UX11_KIN06 (142 ms)
[----------] 6 tests from WorkbenchShellGuiTest (1143 ms total)

[----------] 12 tests from WorkbenchContentGuiTest
[ RUN      ] WorkbenchContentGuiTest.TwoPhaseAssemblyContract_UI_SPLIT
[       OK ] WorkbenchContentGuiTest.TwoPhaseAssemblyContract_UI_SPLIT (12 ms)
[ RUN      ] WorkbenchContentGuiTest.BuildValidationRejectsIncompleteDeps_UI_SPLIT
[       OK ] WorkbenchContentGuiTest.BuildValidationRejectsIncompleteDeps_UI_SPLIT (0 ms)
[ RUN      ] WorkbenchContentGuiTest.EmbeddedMemoryFlagsOnlyBoundary_UI_SPLIT
[       OK ] WorkbenchContentGuiTest.EmbeddedMemoryFlagsOnlyBoundary_UI_SPLIT (31 ms)
[ RUN      ] WorkbenchContentGuiTest.EmbeddedCorruptMemoryFallsBackWithDevDiagnostic_UI_SPLIT
[       OK ] WorkbenchContentGuiTest.EmbeddedCorruptMemoryFallsBackWithDevDiagnostic_UI_SPLIT (24 ms)
[ RUN      ] WorkbenchContentGuiTest.SessionEntryOverrideRoutesShellEntries_UI_SPLIT
[       OK ] WorkbenchContentGuiTest.SessionEntryOverrideRoutesShellEntries_UI_SPLIT (12 ms)
[ RUN      ] WorkbenchContentGuiTest.SaveCloseEntryOverrideRoutesShellEntries_UI_SPLIT
[       OK ] WorkbenchContentGuiTest.SaveCloseEntryOverrideRoutesShellEntries_UI_SPLIT (12 ms)
[ RUN      ] WorkbenchContentGuiTest.EmbeddedCentralYieldPage_UI_SPLIT
[       OK ] WorkbenchContentGuiTest.EmbeddedCentralYieldPage_UI_SPLIT (13 ms)
[ RUN      ] WorkbenchContentGuiTest.ContentCommandRegistryAccessorServesLiveRegistry_B1_UI_T19
[       OK ] WorkbenchContentGuiTest.ContentCommandRegistryAccessorServesLiveRegistry_B1_UI_T19 (11 ms)
[ RUN      ] WorkbenchContentGuiTest.StagePanelPageHostingAndSwitching_WP24_T03B
[       OK ] WorkbenchContentGuiTest.StagePanelPageHostingAndSwitching_WP24_T03B (13 ms)
[ RUN      ] WorkbenchContentGuiTest.DomainCommandRegistrationAndHonestFeedback_WP24_T03B
[       OK ] WorkbenchContentGuiTest.DomainCommandRegistrationAndHonestFeedback_WP24_T03B (13 ms)
[ RUN      ] WorkbenchContentGuiTest.DomainCommandCatalogTenRegisteredDeterministic_WP24_T03B
[       OK ] WorkbenchContentGuiTest.DomainCommandCatalogTenRegisteredDeterministic_WP24_T03B (33 ms)
[ RUN      ] WorkbenchContentGuiTest.DomainCommandGatingNoProjectAndReadonly_WP24_T03B
[       OK ] WorkbenchContentGuiTest.DomainCommandGatingNoProjectAndReadonly_WP24_T03B (12 ms)
[----------] 12 tests from WorkbenchContentGuiTest (192 ms total)

[----------] 3 tests from CommandPaletteGuiTest
[ RUN      ] CommandPaletteGuiTest.PaletteOpensViaDefaultShortcut_UI_PALETTE_1
[       OK ] CommandPaletteGuiTest.PaletteOpensViaDefaultShortcut_UI_PALETTE_1 (158 ms)
[ RUN      ] CommandPaletteGuiTest.PaletteFilterNavigateExecute_UI_PALETTE_2
[       OK ] CommandPaletteGuiTest.PaletteFilterNavigateExecute_UI_PALETTE_2 (158 ms)
[ RUN      ] CommandPaletteGuiTest.UserRebindPersistsAcrossSessions_UI_PALETTE_3
[       OK ] CommandPaletteGuiTest.UserRebindPersistsAcrossSessions_UI_PALETTE_3 (303 ms)
[----------] 3 tests from CommandPaletteGuiTest (620 ms total)

[----------] 5 tests from PolicySummaryCardGuiTest
[ RUN      ] PolicySummaryCardGuiTest.LoadedProjection_RendersModelRows_UI_T07_ACC1_ACC3
[       OK ] PolicySummaryCardGuiTest.LoadedProjection_RendersModelRows_UI_T07_ACC1_ACC3 (128 ms)
[ RUN      ] PolicySummaryCardGuiTest.Unloaded_RendersPlaceholder_UI_T07_ACC1
[       OK ] PolicySummaryCardGuiTest.Unloaded_RendersPlaceholder_UI_T07_ACC1 (126 ms)
[ RUN      ] PolicySummaryCardGuiTest.CardIsReadOnly_NoEditableControls_UI_T07_ACC1
[       OK ] PolicySummaryCardGuiTest.CardIsReadOnly_NoEditableControls_UI_T07_ACC1 (125 ms)
[ RUN      ] PolicySummaryCardGuiTest.EditEntry_ShowsDeferredNotice_UI_T07_ACC2
[       OK ] PolicySummaryCardGuiTest.EditEntry_ShowsDeferredNotice_UI_T07_ACC2 (119 ms)
[ RUN      ] PolicySummaryCardGuiTest.RefreshOnContextInjection_UI_T07_ACC3
[       OK ] PolicySummaryCardGuiTest.RefreshOnContextInjection_UI_T07_ACC3 (143 ms)
[----------] 5 tests from PolicySummaryCardGuiTest (643 ms total)

[----------] 10 tests from ParamTablePanelGuiTest
[ RUN      ] ParamTablePanelGuiTest.StructureAndValueUnitColumns_UI_T08_ACC1
[       OK ] ParamTablePanelGuiTest.StructureAndValueUnitColumns_UI_T08_ACC1 (117 ms)
[ RUN      ] ParamTablePanelGuiTest.InPlaceErrorKeepsValue_UI_T08_ACC1
[       OK ] ParamTablePanelGuiTest.InPlaceErrorKeepsValue_UI_T08_ACC1 (89 ms)
[ RUN      ] ParamTablePanelGuiTest.ApplyViaInlineConfirmRegion_UX07_UI_T08_ACC1
[       OK ] ParamTablePanelGuiTest.ApplyViaInlineConfirmRegion_UX07_UI_T08_ACC1 (119 ms)
[ RUN      ] ParamTablePanelGuiTest.ConfirmRegionDeclineKeepsStaged_UX07_UI_T08_ACC1
[       OK ] ParamTablePanelGuiTest.ConfirmRegionDeclineKeepsStaged_UX07_UI_T08_ACC1 (98 ms)
[ RUN      ] ParamTablePanelGuiTest.CancelRestore_UI_T08_ACC1
[       OK ] ParamTablePanelGuiTest.CancelRestore_UI_T08_ACC1 (101 ms)
[ RUN      ] ParamTablePanelGuiTest.BatchPasteImpactDetail_UI_T08_ACC1
[       OK ] ParamTablePanelGuiTest.BatchPasteImpactDetail_UI_T08_ACC1 (169 ms)
[ RUN      ] ParamTablePanelGuiTest.NoOutletDisablesApply_UI_T08_ACC2
[       OK ] ParamTablePanelGuiTest.NoOutletDisablesApply_UI_T08_ACC2 (102 ms)
[ RUN      ] ParamTablePanelGuiTest.DevDiagnosticsToggleNeverEntersEditSet_UX04_UX07_UI_T08_ACC1
[       OK ] ParamTablePanelGuiTest.DevDiagnosticsToggleNeverEntersEditSet_UX04_UX07_UI_T08_ACC1 (110 ms)
[ RUN      ] ParamTablePanelGuiTest.UnitSwitchIsDisplayOnly_KIN12_UI_T08_ACC1
[       OK ] ParamTablePanelGuiTest.UnitSwitchIsDisplayOnly_KIN12_UI_T08_ACC1 (75 ms)
[ RUN      ] ParamTablePanelGuiTest.FilterRowsByKeySubstring_UI_T08_ACC1
[       OK ] ParamTablePanelGuiTest.FilterRowsByKeySubstring_UI_T08_ACC1 (106 ms)
[----------] 10 tests from ParamTablePanelGuiTest (1092 ms total)

[----------] 3 tests from AboutDialogGuiTest
[ RUN      ] AboutDialogGuiTest.AboutDialogShowsBaselineAndListSameSource_UI_PLG_2_UI_T10_ACC1
[       OK ] AboutDialogGuiTest.AboutDialogShowsBaselineAndListSameSource_UI_PLG_2_UI_T10_ACC1 (178 ms)
[ RUN      ] AboutDialogGuiTest.AboutDialogWithoutSourceShowsPlaceholders_UI_PLG_2_UI_T10
[       OK ] AboutDialogGuiTest.AboutDialogWithoutSourceShowsPlaceholders_UI_PLG_2_UI_T10 (195 ms)
[ RUN      ] AboutDialogGuiTest.HelpContentsMissingManualGivesVisibleFeedback_UX14_UI_T10
[       OK ] AboutDialogGuiTest.HelpContentsMissingManualGivesVisibleFeedback_UX14_UI_T10 (119 ms)
[----------] 3 tests from AboutDialogGuiTest (493 ms total)

[----------] 6 tests from IndustrialProjectTreeGuiTest
[ RUN      ] IndustrialProjectTreeGuiTest.UI_TRE_6_PanelShowsFiveFixedGroupRows
[       OK ] IndustrialProjectTreeGuiTest.UI_TRE_6_PanelShowsFiveFixedGroupRows (0 ms)
[ RUN      ] IndustrialProjectTreeGuiTest.UI_TRE_6_NodeSelectionWritesService
[       OK ] IndustrialProjectTreeGuiTest.UI_TRE_6_NodeSelectionWritesService (0 ms)
[ RUN      ] IndustrialProjectTreeGuiTest.UI_TRE_6_DisplayNameResolvedViaNamePort
[       OK ] IndustrialProjectTreeGuiTest.UI_TRE_6_DisplayNameResolvedViaNamePort (0 ms)
[ RUN      ] IndustrialProjectTreeGuiTest.UI_TRE_7_L3_ReverseSuccessLocatesAndSelectsRow
[       OK ] IndustrialProjectTreeGuiTest.UI_TRE_7_L3_ReverseSuccessLocatesAndSelectsRow (0 ms)
[ RUN      ] IndustrialProjectTreeGuiTest.UI_TRE_7_L3_ReverseFailKeepsTreeUntouched
[       OK ] IndustrialProjectTreeGuiTest.UI_TRE_7_L3_ReverseFailKeepsTreeUntouched (0 ms)
[ RUN      ] IndustrialProjectTreeGuiTest.UI_TRE_8_FactoryRejectsIncompleteDeps
[       OK ] IndustrialProjectTreeGuiTest.UI_TRE_8_FactoryRejectsIncompleteDeps (0 ms)
[----------] 6 tests from IndustrialProjectTreeGuiTest (3 ms total)

[----------] Global test environment tear-down
[==========] 46 tests from 8 test suites ran. (4190 ms total)
[  PASSED  ] 46 tests.
