[==========] Running 25 tests from 2 test suites.
[----------] Global test environment set-up.
[----------] 23 tests from ModelingPanelGuiTest
[ RUN      ] ModelingPanelGuiTest.PropertyFormFullClear_RowCountStableAcrossRefresh_MDL07_UI_T27
[       OK ] ModelingPanelGuiTest.PropertyFormFullClear_RowCountStableAcrossRefresh_MDL07_UI_T27 (21 ms)
[ RUN      ] ModelingPanelGuiTest.UnitSeparation_EditorTextPurelyNumeric_UX05_UI_T27
[       OK ] ModelingPanelGuiTest.UnitSeparation_EditorTextPurelyNumeric_UX05_UI_T27 (6 ms)
[ RUN      ] ModelingPanelGuiTest.OnlyZeroOffsetEditable_CompositeRowsReadOnly_MDL07_UI_T27
[       OK ] ModelingPanelGuiTest.OnlyZeroOffsetEditable_CompositeRowsReadOnly_MDL07_UI_T27 (6 ms)
[ RUN      ] ModelingPanelGuiTest.JointDetailEditPane_EmptyStateAndBuildOnSelection_UI_T53
[       OK ] ModelingPanelGuiTest.JointDetailEditPane_EmptyStateAndBuildOnSelection_UI_T53 (6 ms)
[ RUN      ] ModelingPanelGuiTest.JointDetailEditPane_OriginEditApplyChain_UI_T53
[       OK ] ModelingPanelGuiTest.JointDetailEditPane_OriginEditApplyChain_UI_T53 (7 ms)
[ RUN      ] ModelingPanelGuiTest.JointDetailEditPane_DhAuthorityRejectsAxisEdit_UI_T53
[       OK ] ModelingPanelGuiTest.JointDetailEditPane_DhAuthorityRejectsAxisEdit_UI_T53 (7 ms)
[ RUN      ] ModelingPanelGuiTest.JointDetailEditPane_ReadOnlySessionDisablesPanel_UI_T53
[       OK ] ModelingPanelGuiTest.JointDetailEditPane_ReadOnlySessionDisablesPanel_UI_T53 (11 ms)
[ RUN      ] ModelingPanelGuiTest.BasePlacementEdit_WholeReplacementChain_UI_T54
[       OK ] ModelingPanelGuiTest.BasePlacementEdit_WholeReplacementChain_UI_T54 (5 ms)
[ RUN      ] ModelingPanelGuiTest.BasePlacementEdit_PresetIdentityRotationRejected_UI_T54
[       OK ] ModelingPanelGuiTest.BasePlacementEdit_PresetIdentityRotationRejected_UI_T54 (5 ms)
[ RUN      ] ModelingPanelGuiTest.BasePlacementEdit_ReadOnlyDisablesApply_UI_T54
[       OK ] ModelingPanelGuiTest.BasePlacementEdit_ReadOnlyDisablesApply_UI_T54 (10 ms)
[ RUN      ] ModelingPanelGuiTest.UnmodifiedEditingFinished_NoDirtyNoApply_ERR01_UI_T27
[       OK ] ModelingPanelGuiTest.UnmodifiedEditingFinished_NoDirtyNoApply_ERR01_UI_T27 (6 ms)
[ RUN      ] ModelingPanelGuiTest.AvailabilityProviderDisabled_ButtonsGreyWithReason_UX02_UI_T27
[       OK ] ModelingPanelGuiTest.AvailabilityProviderDisabled_ButtonsGreyWithReason_UX02_UI_T27 (4 ms)
[ RUN      ] ModelingPanelGuiTest.CommandButtonTooltip_ResolvedFromUiTextKey_UX02_UI_T41B
[       OK ] ModelingPanelGuiTest.CommandButtonTooltip_ResolvedFromUiTextKey_UX02_UI_T41B (4 ms)
[ RUN      ] ModelingPanelGuiTest.MoreActionsCollapse_DefaultCollapsedAndToggle_F502
[       OK ] ModelingPanelGuiTest.MoreActionsCollapse_DefaultCollapsedAndToggle_F502 (5 ms)
[ RUN      ] ModelingPanelGuiTest.ZeroOffsetOutOfRange_InlineWarningKeepsAuthoritative_B1
[       OK ] ModelingPanelGuiTest.ZeroOffsetOutOfRange_InlineWarningKeepsAuthoritative_B1 (6 ms)
[ RUN      ] ModelingPanelGuiTest.IncrementalRefresh_PreservesEditorFocus_B3
[       OK ] ModelingPanelGuiTest.IncrementalRefresh_PreservesEditorFocus_B3 (6 ms)
[ RUN      ] ModelingPanelGuiTest.StatusHistory_AccumulatesAndToggles_B2
[       OK ] ModelingPanelGuiTest.StatusHistory_AccumulatesAndToggles_B2 (6 ms)
[ RUN      ] ModelingPanelGuiTest.ReadOnlySession_AvailabilityRefreshCannotReviveWriteCommands_L7_UI_T43
[       OK ] ModelingPanelGuiTest.ReadOnlySession_AvailabilityRefreshCannotReviveWriteCommands_L7_UI_T43 (4 ms)
[ RUN      ] ModelingPanelGuiTest.StructureButtons_InsertAndRemove_DraftOnly_UI_T47
[       OK ] ModelingPanelGuiTest.StructureButtons_InsertAndRemove_DraftOnly_UI_T47 (11 ms)
[ RUN      ] ModelingPanelGuiTest.StructureButtons_RemoveSelected_DraftOnly_UI_T47
[       OK ] ModelingPanelGuiTest.StructureButtons_RemoveSelected_DraftOnly_UI_T47 (7 ms)
[ RUN      ] ModelingPanelGuiTest.GeometryActionButtons_LoadAndDetach_UI_T48
[       OK ] ModelingPanelGuiTest.GeometryActionButtons_LoadAndDetach_UI_T48 (5 ms)
[ RUN      ] ModelingPanelGuiTest.GeometryCopyButton_VisualToCollision_UI_T49
[       OK ] ModelingPanelGuiTest.GeometryCopyButton_VisualToCollision_UI_T49 (5 ms)
[ RUN      ] ModelingPanelGuiTest.EditingChain_EndToEnd_FourSegments_UI_T50
[       OK ] ModelingPanelGuiTest.EditingChain_EndToEnd_FourSegments_UI_T50 (5 ms)
[----------] 23 tests from ModelingPanelGuiTest (172 ms total)

[----------] 2 tests from ModelingUiModuleHostWiring
[ RUN      ] ModelingUiModuleHostWiring.TextResolverBoundBeforePanelCreation_NoInternalKeyLeak_UX02_UI_T43
[       OK ] ModelingUiModuleHostWiring.TextResolverBoundBeforePanelCreation_NoInternalKeyLeak_UX02_UI_T43 (4 ms)
[ RUN      ] ModelingUiModuleHostWiring.WritableChain_PendingInitialAndLiveForward_L7_UI_T43
[       OK ] ModelingUiModuleHostWiring.WritableChain_PendingInitialAndLiveForward_L7_UI_T43 (4 ms)
[----------] 2 tests from ModelingUiModuleHostWiring (9 ms total)

[----------] Global test environment tear-down
[==========] 25 tests from 2 test suites ran. (181 ms total)
[  PASSED  ] 25 tests.
