CMake is re-running because D:/10_Source_Repos/21_robot/RobWork/build_smoke_t05/requirements/CMakeFiles/generate.stamp is out-of-date.
  the file 'D:/10_Source_Repos/21_robot/RobWork/RobWork/RobWorkStudio/src/rwslibs/industrialrobot/requirements/CMakeLists.txt'
  is newer than 'D:/10_Source_Repos/21_robot/RobWork/build_smoke_t05/requirements/CMakeFiles/generate.stamp.depend'
  result='-1'
-- Selecting Windows SDK version 10.0.22621.0 to target Windows 10.0.26200.
-- industrialrobot: standalone smoke mode（独立冒烟，不代表集成构建）
-- Could NOT find WrapVulkanHeaders (missing: Vulkan_INCLUDE_DIR) 
-- industrialrobot.ui: standalone smoke mode——sdurws_ird_ui_plugin not registered (framework-hosted plugin target, integrated tree only; ui.md §13 UI-T16)
-- Could NOT find WrapVulkanHeaders (missing: Vulkan_INCLUDE_DIR) 
-- Configuring done (0.6s)
-- Generating done (3.1s)
-- Build files have been written to: D:/10_Source_Repos/21_robot/RobWork/build_smoke_t05
适用于 .NET Framework MSBuild 版本 17.12.6+db5f6012c

  sdurws_ird_core.vcxproj -> D:\10_Source_Repos\21_robot\RobWork\build_smoke_t05\core\Release\sdurws_ird_core.lib
  sdurws_ird_diagnostics.vcxproj -> D:\10_Source_Repos\21_robot\RobWork\build_smoke_t05\diagnostics\Release\sdurws_ird_diagnostics.lib
  sdurws_ird_evidence.vcxproj -> D:\10_Source_Repos\21_robot\RobWork\build_smoke_t05\evidence\Release\sdurws_ird_evidence.lib
  sdurws_ird_io.vcxproj -> D:\10_Source_Repos\21_robot\RobWork\build_smoke_t05\io\Release\sdurws_ird_io.lib
  sdurws_ird_project.vcxproj -> D:\10_Source_Repos\21_robot\RobWork\build_smoke_t05\project\Release\sdurws_ird_project.lib
  sdurws_ird_requirements.vcxproj -> D:\10_Source_Repos\21_robot\RobWork\build_smoke_t05\requirements\Release\sdurws_ird_requirements.lib
适用于 .NET Framework MSBuild 版本 17.12.6+db5f6012c

  sdurws_ird_core.vcxproj -> D:\10_Source_Repos\21_robot\RobWork\build_smoke_t05\core\Release\sdurws_ird_core.lib
  sdurws_ird_diagnostics.vcxproj -> D:\10_Source_Repos\21_robot\RobWork\build_smoke_t05\diagnostics\Release\sdurws_ird_diagnostics.lib
  sdurws_ird_evidence.vcxproj -> D:\10_Source_Repos\21_robot\RobWork\build_smoke_t05\evidence\Release\sdurws_ird_evidence.lib
  sdurws_ird_io.vcxproj -> D:\10_Source_Repos\21_robot\RobWork\build_smoke_t05\io\Release\sdurws_ird_io.lib
  sdurws_ird_project.vcxproj -> D:\10_Source_Repos\21_robot\RobWork\build_smoke_t05\project\Release\sdurws_ird_project.lib
  sdurws_ird_requirements.vcxproj -> D:\10_Source_Repos\21_robot\RobWork\build_smoke_t05\requirements\Release\sdurws_ird_requirements.lib
  sdurws_ird_testkit.vcxproj -> D:\10_Source_Repos\21_robot\RobWork\build_smoke_t05\testkit\Release\sdurws_ird_testkit.lib
  sdurws_ird_requirements_test.vcxproj -> D:\10_Source_Repos\21_robot\RobWork\build_smoke_t05\requirements\Release\sdurws_ird_requirements_test.exe
适用于 .NET Framework MSBuild 版本 17.12.6+db5f6012c

  sdurws_ird_core.vcxproj -> D:\10_Source_Repos\21_robot\RobWork\build_smoke_t05\core\Release\sdurws_ird_core.lib
  sdurws_ird_diagnostics.vcxproj -> D:\10_Source_Repos\21_robot\RobWork\build_smoke_t05\diagnostics\Release\sdurws_ird_diagnostics.lib
  sdurws_ird_evidence.vcxproj -> D:\10_Source_Repos\21_robot\RobWork\build_smoke_t05\evidence\Release\sdurws_ird_evidence.lib
  sdurws_ird_io.vcxproj -> D:\10_Source_Repos\21_robot\RobWork\build_smoke_t05\io\Release\sdurws_ird_io.lib
  sdurws_ird_project.vcxproj -> D:\10_Source_Repos\21_robot\RobWork\build_smoke_t05\project\Release\sdurws_ird_project.lib
  sdurws_ird_requirements.vcxproj -> D:\10_Source_Repos\21_robot\RobWork\build_smoke_t05\requirements\Release\sdurws_ird_requirements.lib
  sdurws_ird_testkit.vcxproj -> D:\10_Source_Repos\21_robot\RobWork\build_smoke_t05\testkit\Release\sdurws_ird_testkit.lib
  sdurws_ird_requirements_contract_test.vcxproj -> D:\10_Source_Repos\21_robot\RobWork\build_smoke_t05\requirements\Release\sdurws_ird_requirements_contract_test.exe
