command: cmake -S RobWork -B out\build\industrial-robot -G "Visual Studio 17 2022" -A x64 -DWITH_RWS=ON -DWITH_RWSIM=ON -DBUILD_TESTING=ON -DIRD_BUILD_BUSINESS_PLUGINS=OFF
environment: VS 2022 Community; CMAKE_PREFIX_PATH (env) = D:/software/QT/6.11.1/msvc2022_64;D:/10_Source_Repos/21_robot/RobWork/vcpkg/installed/x64-windows (Qt 6.11.1 + vcpkg Boost 1.91, vc143)
-- Selecting Windows SDK version 10.0.22621.0 to target Windows 10.0.26200.
-- The C compiler identification is MSVC 19.42.34433.0
-- The CXX compiler identification is MSVC 19.42.34433.0
-- Detecting C compiler ABI info
-- Detecting C compiler ABI info - done
-- Check for working C compiler: D:/software/Microsoft Visual Studio/2022/Community/VC/Tools/MSVC/14.42.34433/bin/Hostx64/x64/cl.exe - skipped
-- Detecting C compile features
-- Detecting C compile features - done
-- Detecting CXX compiler ABI info
-- Detecting CXX compiler ABI info - done
-- Check for working CXX compiler: D:/software/Microsoft Visual Studio/2022/Community/VC/Tools/MSVC/14.42.34433/bin/Hostx64/x64/cl.exe - skipped
-- Detecting CXX compile features
-- Detecting CXX compile features - done
-- RobWork: Build configuration: none
-- RobWork: Version 26.8.30
-- RobWork: ROOT - D:/10_Source_Repos/21_robot/RobWork/RobWork/RobWork
-- RobWork: Boost version 1.91.0 found!
-- Found OpenGL: opengl32
-- RobWork: OpenGL and GLUT NOT FOUND! code disabled!
-- RobWork: Xerces NOT FOUND! Xerces code disabled! (Check if XERCESC_ROOT or XERCESC_INCLUDE_DIR and XERCESC_LIB_DIR is set correctly if you need it)!
-- RobWork: Yaobi ENABLED! NOT FOUND! Using RobWork native Yaobi.
-- RobWork: PQP ENABLED! Using RobWork native PQP.
-- Eigen3 version .. found in D:/10_Source_Repos/21_robot/RobWork/vcpkg/installed/x64-windows/include/eigen3, but at least version 2.91.0 is required
-- Eigen3 version .. found in D:/10_Source_Repos/21_robot/RobWork/vcpkg/installed/x64-windows/include/eigen3, but at least version 2.91.0 is required
-- RobWork: EIGEN3 .. Found w. Hunter
-- RobWork: Qhull Found
-- Could NOT find PkgConfig (missing: PKG_CONFIG_EXECUTABLE)
-- USE_FCL ON : FCL not Found
-- USE_CSGJS ON: Enabled by default
-- USE_Bullet OFF : Disable Hard Coded
-- USE_SWIG OFF : Swig not Found
-- USE_LUA OFF : Swig not found
-- USE_ASSIMP OFF : Assimp not found and is now DISABLED!
-- USE_Python ON : Python  Found
-- USE_numpy OFF : Python Not Found
-- USE_gtest  OFF : Disabled by default
-- USE_Mathematica OFF : Disabled by default
-- USE_RW_ASSERT ON : Enabled by Default
-- USE_OpenMP ON : OpenMP 2.0 CXX FOUND! - Specification date 200203
-- RobWork: RW C flags:
-- RobWork: RW CXX flags: -EHa -bigobj /MP -openmp
-- RobWork: RW definitions: -DNOMINMAX;-DBIND_FORTRAN_LOWERCASE_UNDERSCORE;-DWIN32_LEAN_AND_MEAN;-D_WIN32_WINNT=0x0501;-D_SCL_SECURE_NO_WARNINGS;-D_CRT_SECURE_NO_WARNINGS;-D_CRT_SECURE_NO_DEPRECATE;-DMSVC_AMD64
-- RobWork: RW linker flags:
CMake Warning (dev) at RobWork/cmake/RobWorkMacros.cmake:497 (install):
  Policy CMP0177 is not set: install() DESTINATION paths are normalized.  Run
  "cmake --help-policy CMP0177" for policy details.  Use the cmake_policy
  command to set the policy and suppress this warning.
Call Stack (most recent call first):
  RobWork/ext/csgjs/src/CMakeLists.txt:13 (rw_add_includes)
This warning is for project developers.  Use -Wno-dev to suppress it.

-- BUILD_sdurw_core  ON : Enabled by default.
-- BUILD_sdurw_plugin  ON : Enabled by default.
-- BUILD_sdurw_common  ON : Enabled by default.
-- BUILD_sdurw_math  ON : Enabled by default.
-- BUILD_sdurw_kinematics  ON : Enabled by default.
-- BUILD_sdurw_geometry  ON : Enabled by default.
-- BUILD_sdurw_sensor  ON : Enabled by default.
-- BUILD_sdurw_graspplanning  ON : Enabled by default.
-- BUILD_sdurw_models  ON : Enabled by default.
-- BUILD_sdurw_trajectory  ON : Enabled by default.
-- BUILD_sdurw_proximity  ON : Enabled by default.
-- BUILD_sdurw_graphics  ON : Enabled by default.
-- BUILD_sdurw_invkin  ON : Enabled by default.
-- BUILD_sdurw_pathplanning  ON : Enabled by default.
-- BUILD_sdurw_loaders  ON : Enabled by default.
-- BUILD_sdurw  ON : Enabled by default.
-- BUILD_sdurw_algorithms  ON : Enabled by default.
-- BUILD_sdurw_task  ON : Enabled by default.
-- BUILD_sdurw_assembly  ON : Enabled by default.
-- BUILD_sdurw_calibration  ON : Enabled by default.
-- BUILD_sdurw_control  ON : Enabled by default.
-- BUILD_sdurw_opengl  ON : Enabled by default.
-- BUILD_sdurw_mathematica  OFF : Disabled by default.
-- BUILD_sdurw_proximitystrategies  ON : Enabled by default.
-- sdurw_proximitystrategies: Not building Bullet interface since Bullet is disabled!
-- sdurw_proximitystrategies: Not building FCL interface since FCL is disabled!
-- BUILD_sdurw_proximitystrategies.rwplugin  ON : Enabled by default.
-- BUILD_sdurw_pathoptimization  ON : Enabled by default.
-- BUILD_sdurw_pathplanners  ON : Enabled by default.
-- BUILD_sdurw_simulation  ON : Enabled by default.
-- BUILD_sdurw_java  OFF : SWIG not found!
-- BUILD_sdurw_python  OFF : SWIG not found!
-- BUILD_sdurw_lua  OFF : Lua not found!
-- BUILD_sdurw_softbody  OFF : Disabled by default.
-- BUILD_sdurw_csg  ON : Enabled by default.
-- BUILD_sdurw_analytic_geometry  ON : Enabled by default.
-- BUILD_sdurw_simplefinger  ON : Enabled by default.
-- BUILD_sdurw_sandbox  OFF : Disabled by default.
-- RobWork: system id=
-- RobWork tests ENABLED!
-- RobWork example DISABLED!
-- Current Git revision is 9f3531f-dirty
-- RobWorkStudio: Build configuration: none
-- RobWorkStudio: Version 26.8.30
-- RobWorkStudio: ROOT dir: D:/10_Source_Repos/21_robot/RobWork/RobWork/RobWorkStudio
CMake Warning (dev) at RobWorkStudio/cmake/RobWorkStudioSetup.cmake:50 (find_package):
  Policy CMP0148 is not set: The FindPythonInterp and FindPythonLibs modules
  are removed.  Run "cmake --help-policy CMP0148" for policy details.  Use
  the cmake_policy command to set the policy and suppress this warning.

Call Stack (most recent call first):
  RobWorkStudio/CMakeLists.txt:89 (include)
This warning is for project developers.  Use -Wno-dev to suppress it.

CMake Warning (dev) at RobWorkStudio/cmake/RobWorkStudioSetup.cmake:51 (find_package):
  Policy CMP0148 is not set: The FindPythonInterp and FindPythonLibs modules
  are removed.  Run "cmake --help-policy CMP0148" for policy details.  Use
  the cmake_policy command to set the policy and suppress this warning.

Call Stack (most recent call first):
  RobWorkStudio/CMakeLists.txt:89 (include)
This warning is for project developers.  Use -Wno-dev to suppress it.

--
-- Found Python interpreter 3.13.11
-- Found Python libraries 3.13.11
-- Performing Test HAVE_STDATOMIC
-- Performing Test HAVE_STDATOMIC - Success
-- RobWorkStudio: Using Qt 6.11.1.
-- RobWork: OpenGL and GLUT NOT FOUND! code disabled!
-- RobWorkStudio: SWIG 3+ not found!
-- RobWorkStudio: Lua DISABLED!
-- QCodeEditor not found building internal target
-- RobWorkStudio: Adding RWS CXX flags:  -EHa -bigobj /MP -openmp
-- RobWorkStudio: Addubg RWS definitions: -DNOMINMAX;-DBIND_FORTRAN_LOWERCASE_UNDERSCORE;-DWIN32_LEAN_AND_MEAN;-D_WIN32_WINNT=0x0501;-D_SCL_SECURE_NO_WARNINGS;-D_CRT_SECURE_NO_WARNINGS;-D_CRT_SECURE_NO_DEPRECATE;-DMSVC_AMD64;-DQT_DEBUG
-- RobWorkStudio: Using static linking of default plugins!
CMake Warning (dev) at RobWorkStudio/ext/qtpropertybrowser/CMakeLists.txt:66 (install):
  Policy CMP0177 is not set: install() DESTINATION paths are normalized.  Run
  "cmake --help-policy CMP0177" for policy details.  Use the cmake_policy
  command to set the policy and suppress this warning.
This warning is for project developers.  Use -Wno-dev to suppress it.

CMake Deprecation Warning at RobWorkStudio/ext/QCodeEditor/CMakeLists.txt:1 (cmake_minimum_required):
  Compatibility with CMake < 3.10 will be removed from a future version of
  CMake.

  Update the VERSION argument <min> value.  Or, use the <min>...<max> syntax
  to tell CMake that the project requires at least <min> but has been updated
  to work with policies introduced by <max> or earlier.


-- BUILD_sdurws  ON : Enabled by default.
-- BUILD_sdurws_plugin.rwplugin  ON : Enabled by default.
-- BUILD_sdurws_atask  ON : Enabled by default.
-- BUILD_sdurws_gtask  ON : Enabled by default.
-- BUILD_sdurws_jog  ON : Enabled by default.
-- BUILD_sdurws_log  ON : Enabled by default.
-- BUILD_sdurws_playback  ON : Enabled by default.
-- BUILD_sdurws_propertyview  ON : Enabled by default.
-- BUILD_sdurws_treeview  ON : Enabled by default.
-- BUILD_sdurws_planning  ON : Enabled by default.
-- BUILD_sdurws_pythoneditor  ON : Enabled by default.
-- BUILD_sdurws_sensors  ON : Enabled by default.
-- BUILD_sdurws_workcelleditor  ON : Enabled by default.
-- BUILD_sdurws_workcelleditorplugin  ON : Enabled by default.
-- BUILD_sdurws_robotmodelbuilder  ON : Enabled by default.
-- BUILD_sdurws_robotanalysiscore  ON : Enabled by default.
-- BUILD_sdurws_engineeringrequirements  ON : Enabled by default.
-- BUILD_sdurws_kinematicanalysis  ON : Enabled by default.
-- BUILD_sdurws_structureoptimizer  ON : Enabled by default.
-- USE STATIC PLUGINS
-- BUILD_sdurws_robworkstudioapp  ON : Enabled by default.
-- BUILD_sdurws_lua  OFF : SWIG not found!
-- BUILD_sdurws_java  OFF : SWIG not found!
-- BUILD_sdurws_python  OFF : SWIG not found!
-- BUILD_sdurws_luaeditor  OFF : Disabled by default.
-- BUILD_sdurws_luapl  OFF : Disabled by default.
-- BUILD_RobWorkStudio  ON : Enabled by default.
-- RobWorkStudio: platform
-- RobWorkStudio: tests DISABLED!
-- Current Git revision is 9f3531f-dirty
-- RobWorkSim: Build configuration: none
-- RobWorkSim: Version 26.8.30
-- RobWorkSim: ROOT dir: D:/10_Source_Repos/21_robot/RobWork/RobWork/RobWorkSim
CMake Warning (dev) at RobWorkSim/cmake/RobWorkSimSetup.cmake:34 (find_package):
  Policy CMP0148 is not set: The FindPythonInterp and FindPythonLibs modules
  are removed.  Run "cmake --help-policy CMP0148" for policy details.  Use
  the cmake_policy command to set the policy and suppress this warning.

Call Stack (most recent call first):
  RobWorkSim/CMakeLists.txt:71 (include)
This warning is for project developers.  Use -Wno-dev to suppress it.

CMake Warning (dev) at RobWorkSim/cmake/RobWorkSimSetup.cmake:35 (find_package):
  Policy CMP0148 is not set: The FindPythonInterp and FindPythonLibs modules
  are removed.  Run "cmake --help-policy CMP0148" for policy details.  Use
  the cmake_policy command to set the policy and suppress this warning.

Call Stack (most recent call first):
  RobWorkSim/CMakeLists.txt:71 (include)
This warning is for project developers.  Use -Wno-dev to suppress it.

CMake Warning (dev) at RobWorkSim/cmake/RobWorkSimSetup.cmake:41 (find_package):
  Policy CMP0148 is not set: The FindPythonInterp and FindPythonLibs modules
  are removed.  Run "cmake --help-policy CMP0148" for policy details.  Use
  the cmake_policy command to set the policy and suppress this warning.

Call Stack (most recent call first):
  RobWorkSim/CMakeLists.txt:71 (include)
This warning is for project developers.  Use -Wno-dev to suppress it.

-- RobWorkSim: Python interpreter 3.13.11 Found
-- RobWorkSim: Python libraries 3.13.11 Found
-- RobWorkSim: SWIG 3+ not found!
-- RobWorkSim: Lua DISABLED!
-- RobWorkSim: Bullet disabled.
-- RobWorkSim: ODE disabled.
-- RobWorkSim: RobWorkPhysicsEngine enabled.
-- RobWorkSim: RWPhysics enabled.
-- RobWorkSim: Adding RWSIM CXX flags: -EHa -bigobj /MP -openmp
-- RobWorkSim: Adding RWSIM definitions: -DNOMINMAX;-DBIND_FORTRAN_LOWERCASE_UNDERSCORE;-DWIN32_LEAN_AND_MEAN;-D_WIN32_WINNT=0x0501;-D_SCL_SECURE_NO_WARNINGS;-D_CRT_SECURE_NO_WARNINGS;-D_CRT_SECURE_NO_DEPRECATE;-DMSVC_AMD64
-- BUILD_sdurwsim  ON : Enabled by default.
-- BUILD_sdurwsim_gui  ON : Enabled by default.
-- BUILD_sdurwsim_ode  OFF : Disabled by default.
-- BUILD_sdurwsim_bullet  OFF : Bullet not found!
-- BUILD_sdurwsim_lua  OFF : SWIG not found!
-- BUILD_sdurwsim_java  OFF : SWIG not found!
-- BUILD_sdurwsim_python  OFF : SWIG not found!
-- BUILD_SimulatorLogViewer  ON : Enabled by default.
-- BUILD_sdurwsim_test  ON : Enabled by default.
-- BUILD_RWSimulatorPlugin  ON : Enabled by default.
-- BUILD_SimUtilityPlugin  ON : Enabled by default.
-- BUILD_GraspTableGeneratorPlugin  ON : Enabled by default.
-- BUILD_RWSimPlugin  ON : Enabled by default.
-- BUILD_SimTaskPlugin  ON : Enabled by default.
-- BUILD_EngineTestPlugin  ON : Enabled by default.
-- RobWork tests DISABLED!
-- Configuring done (19.2s)
-- Generating done (9.9s)
-- Build files have been written to: D:/10_Source_Repos/21_robot/RobWork/out/build/industrial-robot
exit code: 0

command (re-configure after restructuring the topology declaration): cmake -S RobWork -B out\build\industrial-robot -G "Visual Studio 17 2022" -A x64 -DWITH_RWS=ON -DWITH_RWSIM=ON -DBUILD_TESTING=ON -DIRD_BUILD_BUSINESS_PLUGINS=OFF
-- Selecting Windows SDK version 10.0.22621.0 to target Windows 10.0.26200.
-- RobWork: Build configuration: none
-- RobWork: Version 26.8.30
-- RobWork: ROOT - D:/10_Source_Repos/21_robot/RobWork/RobWork/RobWork
-- RobWork: Boost version 1.91.0 found!
-- RobWork: OpenGL and GLUT NOT FOUND! code disabled!
-- RobWork: Xerces NOT FOUND! Xerces code disabled! (Check if XERCESC_ROOT or XERCESC_INCLUDE_DIR and XERCESC_LIB_DIR is set correctly if you need it)!
-- RobWork: Yaobi ENABLED! NOT FOUND! Using RobWork native Yaobi.
-- RobWork: PQP ENABLED! Using RobWork native PQP.
-- Eigen3 version .. found in D:/10_Source_Repos/21_robot/RobWork/vcpkg/installed/x64-windows/include/eigen3, but at least version 2.91.0 is required
-- Eigen3 version .. found in D:/10_Source_Repos/21_robot/RobWork/vcpkg/installed/x64-windows/include/eigen3, but at least version 2.91.0 is required
-- RobWork: EIGEN3 .. Found w. Hunter
-- RobWork: Qhull Found
-- Could NOT find PkgConfig (missing: PKG_CONFIG_EXECUTABLE)
-- USE_FCL ON : FCL not Found
-- USE_CSGJS ON: Enabled by default
-- USE_Bullet OFF : Disable Hard Coded
-- USE_SWIG OFF : Swig not Found
-- USE_LUA OFF : Swig not found
-- USE_ASSIMP OFF : Assimp not found and is now DISABLED!
-- USE_Python ON : Python  Found
-- USE_numpy OFF : Python Not Found
-- USE_gtest  OFF : Disabled by default
-- USE_Mathematica OFF : Disabled by default
-- USE_RW_ASSERT ON : Enabled by Default
-- USE_OpenMP ON : OpenMP 2.0 CXX FOUND! - Specification date 200203
-- RobWork: RW C flags:
-- RobWork: RW CXX flags: -EHa -bigobj /MP -openmp
-- RobWork: RW definitions: -DNOMINMAX;-DBIND_FORTRAN_LOWERCASE_UNDERSCORE;-DWIN32_LEAN_AND_MEAN;-D_WIN32_WINNT=0x0501;-D_SCL_SECURE_NO_WARNINGS;-D_CRT_SECURE_NO_WARNINGS;-D_CRT_SECURE_NO_DEPRECATE;-DMSVC_AMD64
-- RobWork: RW linker flags:
CMake Warning (dev) at RobWork/cmake/RobWorkMacros.cmake:497 (install):
  Policy CMP0177 is not set: install() DESTINATION paths are normalized.  Run
  "cmake --help-policy CMP0177" for policy details.  Use the cmake_policy
  command to set the policy and suppress this warning.
Call Stack (most recent call first):
  RobWork/ext/csgjs/src/CMakeLists.txt:13 (rw_add_includes)
This warning is for project developers.  Use -Wno-dev to suppress it.

-- BUILD_sdurw_core  ON : Enabled by default.
-- BUILD_sdurw_plugin  ON : Enabled by default.
-- BUILD_sdurw_common  ON : Enabled by default.
-- BUILD_sdurw_math  ON : Enabled by default.
-- BUILD_sdurw_kinematics  ON : Enabled by default.
-- BUILD_sdurw_geometry  ON : Enabled by default.
-- BUILD_sdurw_sensor  ON : Enabled by default.
-- BUILD_sdurw_graspplanning  ON : Enabled by default.
-- BUILD_sdurw_models  ON : Enabled by default.
-- BUILD_sdurw_trajectory  ON : Enabled by default.
-- BUILD_sdurw_proximity  ON : Enabled by default.
-- BUILD_sdurw_graphics  ON : Enabled by default.
-- BUILD_sdurw_invkin  ON : Enabled by default.
-- BUILD_sdurw_pathplanning  ON : Enabled by default.
-- BUILD_sdurw_loaders  ON : Enabled by default.
-- BUILD_sdurw  ON : Enabled by default.
-- BUILD_sdurw_algorithms  ON : Enabled by default.
-- BUILD_sdurw_task  ON : Enabled by default.
-- BUILD_sdurw_assembly  ON : Enabled by default.
-- BUILD_sdurw_calibration  ON : Enabled by default.
-- BUILD_sdurw_control  ON : Enabled by default.
-- BUILD_sdurw_opengl  ON : Enabled by default.
-- BUILD_sdurw_mathematica  OFF : Disabled by default.
-- BUILD_sdurw_proximitystrategies  ON : Enabled by default.
-- sdurw_proximitystrategies: Not building Bullet interface since Bullet is disabled!
-- sdurw_proximitystrategies: Not building FCL interface since FCL is disabled!
-- BUILD_sdurw_proximitystrategies.rwplugin  ON : Enabled by default.
-- BUILD_sdurw_pathoptimization  ON : Enabled by default.
-- BUILD_sdurw_pathplanners  ON : Enabled by default.
-- BUILD_sdurw_simulation  ON : Enabled by default.
-- BUILD_sdurw_java  OFF : SWIG not found!
-- BUILD_sdurw_python  OFF : SWIG not found!
-- BUILD_sdurw_lua  OFF : Lua not found!
-- BUILD_sdurw_softbody  OFF : Disabled by default.
-- BUILD_sdurw_csg  ON : Enabled by default.
-- BUILD_sdurw_analytic_geometry  ON : Enabled by default.
-- BUILD_sdurw_simplefinger  ON : Enabled by default.
-- BUILD_sdurw_sandbox  OFF : Disabled by default.
-- RobWork: system id=
-- RobWork tests ENABLED!
-- RobWork example DISABLED!
-- Current Git revision is 9f3531f-dirty
-- RobWorkStudio: Build configuration: none
-- RobWorkStudio: Version 26.8.30
-- RobWorkStudio: ROOT dir: D:/10_Source_Repos/21_robot/RobWork/RobWork/RobWorkStudio
CMake Warning (dev) at RobWorkStudio/cmake/RobWorkStudioSetup.cmake:50 (find_package):
  Policy CMP0148 is not set: The FindPythonInterp and FindPythonLibs modules
  are removed.  Run "cmake --help-policy CMP0148" for policy details.  Use
  the cmake_policy command to set the policy and suppress this warning.

Call Stack (most recent call first):
  RobWorkStudio/CMakeLists.txt:89 (include)
This warning is for project developers.  Use -Wno-dev to suppress it.

CMake Warning (dev) at RobWorkStudio/cmake/RobWorkStudioSetup.cmake:51 (find_package):
  Policy CMP0148 is not set: The FindPythonInterp and FindPythonLibs modules
  are removed.  Run "cmake --help-policy CMP0148" for policy details.  Use
  the cmake_policy command to set the policy and suppress this warning.

Call Stack (most recent call first):
  RobWorkStudio/CMakeLists.txt:89 (include)
This warning is for project developers.  Use -Wno-dev to suppress it.

--
-- Found Python interpreter 3.13.11
-- Found Python libraries 3.13.11
-- RobWorkStudio: Using Qt 6.11.1.
-- RobWork: OpenGL and GLUT NOT FOUND! code disabled!
-- RobWorkStudio: SWIG 3+ not found!
-- RobWorkStudio: Lua DISABLED!
-- QCodeEditor not found building internal target
-- RobWorkStudio: Adding RWS CXX flags:  -EHa -bigobj /MP -openmp
-- RobWorkStudio: Addubg RWS definitions: -DNOMINMAX;-DBIND_FORTRAN_LOWERCASE_UNDERSCORE;-DWIN32_LEAN_AND_MEAN;-D_WIN32_WINNT=0x0501;-D_SCL_SECURE_NO_WARNINGS;-D_CRT_SECURE_NO_WARNINGS;-D_CRT_SECURE_NO_DEPRECATE;-DMSVC_AMD64;-DQT_DEBUG
-- RobWorkStudio: Using static linking of default plugins!
CMake Warning (dev) at RobWorkStudio/ext/qtpropertybrowser/CMakeLists.txt:66 (install):
  Policy CMP0177 is not set: install() DESTINATION paths are normalized.  Run
  "cmake --help-policy CMP0177" for policy details.  Use the cmake_policy
  command to set the policy and suppress this warning.
This warning is for project developers.  Use -Wno-dev to suppress it.

CMake Deprecation Warning at RobWorkStudio/ext/QCodeEditor/CMakeLists.txt:1 (cmake_minimum_required):
  Compatibility with CMake < 3.10 will be removed from a future version of
  CMake.

  Update the VERSION argument <min> value.  Or, use the <min>...<max> syntax
  to tell CMake that the project requires at least <min> but has been updated
  to work with policies introduced by <max> or earlier.


-- BUILD_sdurws  ON : Enabled by default.
-- BUILD_sdurws_plugin.rwplugin  ON : Enabled by default.
-- BUILD_sdurws_atask  ON : Enabled by default.
-- BUILD_sdurws_gtask  ON : Enabled by default.
-- BUILD_sdurws_jog  ON : Enabled by default.
-- BUILD_sdurws_log  ON : Enabled by default.
-- BUILD_sdurws_playback  ON : Enabled by default.
-- BUILD_sdurws_propertyview  ON : Enabled by default.
-- BUILD_sdurws_treeview  ON : Enabled by default.
-- BUILD_sdurws_planning  ON : Enabled by default.
-- BUILD_sdurws_pythoneditor  ON : Enabled by default.
-- BUILD_sdurws_sensors  ON : Enabled by default.
-- BUILD_sdurws_workcelleditor  ON : Enabled by default.
-- BUILD_sdurws_workcelleditorplugin  ON : Enabled by default.
-- BUILD_sdurws_robotmodelbuilder  ON : Enabled by default.
-- BUILD_sdurws_robotanalysiscore  ON : Enabled by default.
-- BUILD_sdurws_engineeringrequirements  ON : Enabled by default.
-- BUILD_sdurws_kinematicanalysis  ON : Enabled by default.
-- BUILD_sdurws_structureoptimizer  ON : Enabled by default.
-- USE STATIC PLUGINS
-- BUILD_sdurws_robworkstudioapp  ON : Enabled by default.
-- BUILD_sdurws_lua  OFF : SWIG not found!
-- BUILD_sdurws_java  OFF : SWIG not found!
-- BUILD_sdurws_python  OFF : SWIG not found!
-- BUILD_sdurws_luaeditor  OFF : Disabled by default.
-- BUILD_sdurws_luapl  OFF : Disabled by default.
-- BUILD_RobWorkStudio  ON : Enabled by default.
-- RobWorkStudio: platform
-- RobWorkStudio: tests DISABLED!
-- Current Git revision is 9f3531f-dirty
-- RobWorkSim: Build configuration: none
-- RobWorkSim: Version 26.8.30
-- RobWorkSim: ROOT dir: D:/10_Source_Repos/21_robot/RobWork/RobWork/RobWorkSim
CMake Warning (dev) at RobWorkSim/cmake/RobWorkSimSetup.cmake:34 (find_package):
  Policy CMP0148 is not set: The FindPythonInterp and FindPythonLibs modules
  are removed.  Run "cmake --help-policy CMP0148" for policy details.  Use
  the cmake_policy command to set the policy and suppress this warning.

Call Stack (most recent call first):
  RobWorkSim/CMakeLists.txt:71 (include)
This warning is for project developers.  Use -Wno-dev to suppress it.

CMake Warning (dev) at RobWorkSim/cmake/RobWorkSimSetup.cmake:35 (find_package):
  Policy CMP0148 is not set: The FindPythonInterp and FindPythonLibs modules
  are removed.  Run "cmake --help-policy CMP0148" for policy details.  Use
  the cmake_policy command to set the policy and suppress this warning.

Call Stack (most recent call first):
  RobWorkSim/CMakeLists.txt:71 (include)
This warning is for project developers.  Use -Wno-dev to suppress it.

CMake Warning (dev) at RobWorkSim/cmake/RobWorkSimSetup.cmake:41 (find_package):
  Policy CMP0148 is not set: The FindPythonInterp and FindPythonLibs modules
  are removed.  Run "cmake --help-policy CMP0148" for policy details.  Use
  the cmake_policy command to set the policy and suppress this warning.

Call Stack (most recent call first):
  RobWorkSim/CMakeLists.txt:71 (include)
This warning is for project developers.  Use -Wno-dev to suppress it.

-- RobWorkSim: Python interpreter 3.13.11 Found
-- RobWorkSim: Python libraries 3.13.11 Found
-- RobWorkSim: SWIG 3+ not found!
-- RobWorkSim: Lua DISABLED!
-- RobWorkSim: Bullet disabled.
-- RobWorkSim: ODE disabled.
-- RobWorkSim: RobWorkPhysicsEngine enabled.
-- RobWorkSim: RWPhysics enabled.
-- RobWorkSim: Adding RWSIM CXX flags: -EHa -bigobj /MP -openmp
-- RobWorkSim: Adding RWSIM definitions: -DNOMINMAX;-DBIND_FORTRAN_LOWERCASE_UNDERSCORE;-DWIN32_LEAN_AND_MEAN;-D_WIN32_WINNT=0x0501;-D_SCL_SECURE_NO_WARNINGS;-D_CRT_SECURE_NO_WARNINGS;-D_CRT_SECURE_NO_DEPRECATE;-DMSVC_AMD64
-- BUILD_sdurwsim  ON : Enabled by default.
-- BUILD_sdurwsim_gui  ON : Enabled by default.
-- BUILD_sdurwsim_ode  OFF : Disabled by default.
-- BUILD_sdurwsim_bullet  OFF : Bullet not found!
-- BUILD_sdurwsim_lua  OFF : SWIG not found!
-- BUILD_sdurwsim_java  OFF : SWIG not found!
-- BUILD_sdurwsim_python  OFF : SWIG not found!
-- BUILD_SimulatorLogViewer  ON : Enabled by default.
-- BUILD_sdurwsim_test  ON : Enabled by default.
-- BUILD_RWSimulatorPlugin  ON : Enabled by default.
-- BUILD_SimUtilityPlugin  ON : Enabled by default.
-- BUILD_GraspTableGeneratorPlugin  ON : Enabled by default.
-- BUILD_RWSimPlugin  ON : Enabled by default.
-- BUILD_SimTaskPlugin  ON : Enabled by default.
-- BUILD_EngineTestPlugin  ON : Enabled by default.
-- RobWork tests DISABLED!
-- Configuring done (1.9s)
-- Generating done (13.3s)
-- Build files have been written to: D:/10_Source_Repos/21_robot/RobWork/out/build/industrial-robot
exit code: 0

command (restore after failure test 1: injection reverted, re-configure back to green): cmake -S RobWork -B out\build\industrial-robot (same options)
-- Selecting Windows SDK version 10.0.22621.0 to target Windows 10.0.26200.
-- RobWork: Build configuration: none
-- RobWork: Version 26.8.30
-- RobWork: ROOT - D:/10_Source_Repos/21_robot/RobWork/RobWork/RobWork
-- RobWork: Boost version 1.91.0 found!
-- RobWork: OpenGL and GLUT NOT FOUND! code disabled!
-- RobWork: Xerces NOT FOUND! Xerces code disabled! (Check if XERCESC_ROOT or XERCESC_INCLUDE_DIR and XERCESC_LIB_DIR is set correctly if you need it)!
-- RobWork: Yaobi ENABLED! NOT FOUND! Using RobWork native Yaobi.
-- RobWork: PQP ENABLED! Using RobWork native PQP.
-- Eigen3 version .. found in D:/10_Source_Repos/21_robot/RobWork/vcpkg/installed/x64-windows/include/eigen3, but at least version 2.91.0 is required
-- Eigen3 version .. found in D:/10_Source_Repos/21_robot/RobWork/vcpkg/installed/x64-windows/include/eigen3, but at least version 2.91.0 is required
-- RobWork: EIGEN3 .. Found w. Hunter
-- RobWork: Qhull Found
-- Could NOT find PkgConfig (missing: PKG_CONFIG_EXECUTABLE)
-- USE_FCL ON : FCL not Found
-- USE_CSGJS ON: Enabled by default
-- USE_Bullet OFF : Disable Hard Coded
-- USE_SWIG OFF : Swig not Found
-- USE_LUA OFF : Swig not found
-- USE_ASSIMP OFF : Assimp not found and is now DISABLED!
-- USE_Python ON : Python  Found
-- USE_numpy OFF : Python Not Found
-- USE_gtest  OFF : Disabled by default
-- USE_Mathematica OFF : Disabled by default
-- USE_RW_ASSERT ON : Enabled by Default
-- USE_OpenMP ON : OpenMP 2.0 CXX FOUND! - Specification date 200203
-- RobWork: RW C flags:
-- RobWork: RW CXX flags: -EHa -bigobj /MP -openmp
-- RobWork: RW definitions: -DNOMINMAX;-DBIND_FORTRAN_LOWERCASE_UNDERSCORE;-DWIN32_LEAN_AND_MEAN;-D_WIN32_WINNT=0x0501;-D_SCL_SECURE_NO_WARNINGS;-D_CRT_SECURE_NO_WARNINGS;-D_CRT_SECURE_NO_DEPRECATE;-DMSVC_AMD64
-- RobWork: RW linker flags:
CMake Warning (dev) at RobWork/cmake/RobWorkMacros.cmake:497 (install):
  Policy CMP0177 is not set: install() DESTINATION paths are normalized.  Run
  "cmake --help-policy CMP0177" for policy details.  Use the cmake_policy
  command to set the policy and suppress this warning.
Call Stack (most recent call first):
  RobWork/ext/csgjs/src/CMakeLists.txt:13 (rw_add_includes)
This warning is for project developers.  Use -Wno-dev to suppress it.

-- BUILD_sdurw_core  ON : Enabled by default.
-- BUILD_sdurw_plugin  ON : Enabled by default.
-- BUILD_sdurw_common  ON : Enabled by default.
-- BUILD_sdurw_math  ON : Enabled by default.
-- BUILD_sdurw_kinematics  ON : Enabled by default.
-- BUILD_sdurw_geometry  ON : Enabled by default.
-- BUILD_sdurw_sensor  ON : Enabled by default.
-- BUILD_sdurw_graspplanning  ON : Enabled by default.
-- BUILD_sdurw_models  ON : Enabled by default.
-- BUILD_sdurw_trajectory  ON : Enabled by default.
-- BUILD_sdurw_proximity  ON : Enabled by default.
-- BUILD_sdurw_graphics  ON : Enabled by default.
-- BUILD_sdurw_invkin  ON : Enabled by default.
-- BUILD_sdurw_pathplanning  ON : Enabled by default.
-- BUILD_sdurw_loaders  ON : Enabled by default.
-- BUILD_sdurw  ON : Enabled by default.
-- BUILD_sdurw_algorithms  ON : Enabled by default.
-- BUILD_sdurw_task  ON : Enabled by default.
-- BUILD_sdurw_assembly  ON : Enabled by default.
-- BUILD_sdurw_calibration  ON : Enabled by default.
-- BUILD_sdurw_control  ON : Enabled by default.
-- BUILD_sdurw_opengl  ON : Enabled by default.
-- BUILD_sdurw_mathematica  OFF : Disabled by default.
-- BUILD_sdurw_proximitystrategies  ON : Enabled by default.
-- sdurw_proximitystrategies: Not building Bullet interface since Bullet is disabled!
-- sdurw_proximitystrategies: Not building FCL interface since FCL is disabled!
-- BUILD_sdurw_proximitystrategies.rwplugin  ON : Enabled by default.
-- BUILD_sdurw_pathoptimization  ON : Enabled by default.
-- BUILD_sdurw_pathplanners  ON : Enabled by default.
-- BUILD_sdurw_simulation  ON : Enabled by default.
-- BUILD_sdurw_java  OFF : SWIG not found!
-- BUILD_sdurw_python  OFF : SWIG not found!
-- BUILD_sdurw_lua  OFF : Lua not found!
-- BUILD_sdurw_softbody  OFF : Disabled by default.
-- BUILD_sdurw_csg  ON : Enabled by default.
-- BUILD_sdurw_analytic_geometry  ON : Enabled by default.
-- BUILD_sdurw_simplefinger  ON : Enabled by default.
-- BUILD_sdurw_sandbox  OFF : Disabled by default.
-- RobWork: system id=
-- RobWork tests ENABLED!
-- RobWork example DISABLED!
-- Current Git revision is 9f3531f-dirty
-- RobWorkStudio: Build configuration: none
-- RobWorkStudio: Version 26.8.30
-- RobWorkStudio: ROOT dir: D:/10_Source_Repos/21_robot/RobWork/RobWork/RobWorkStudio
CMake Warning (dev) at RobWorkStudio/cmake/RobWorkStudioSetup.cmake:50 (find_package):
  Policy CMP0148 is not set: The FindPythonInterp and FindPythonLibs modules
  are removed.  Run "cmake --help-policy CMP0148" for policy details.  Use
  the cmake_policy command to set the policy and suppress this warning.

Call Stack (most recent call first):
  RobWorkStudio/CMakeLists.txt:89 (include)
This warning is for project developers.  Use -Wno-dev to suppress it.

CMake Warning (dev) at RobWorkStudio/cmake/RobWorkStudioSetup.cmake:51 (find_package):
  Policy CMP0148 is not set: The FindPythonInterp and FindPythonLibs modules
  are removed.  Run "cmake --help-policy CMP0148" for policy details.  Use
  the cmake_policy command to set the policy and suppress this warning.

Call Stack (most recent call first):
  RobWorkStudio/CMakeLists.txt:89 (include)
This warning is for project developers.  Use -Wno-dev to suppress it.

--
-- Found Python interpreter 3.13.11
-- Found Python libraries 3.13.11
-- RobWorkStudio: Using Qt 6.11.1.
-- RobWork: OpenGL and GLUT NOT FOUND! code disabled!
-- RobWorkStudio: SWIG 3+ not found!
-- RobWorkStudio: Lua DISABLED!
-- QCodeEditor not found building internal target
-- RobWorkStudio: Adding RWS CXX flags:  -EHa -bigobj /MP -openmp
-- RobWorkStudio: Addubg RWS definitions: -DNOMINMAX;-DBIND_FORTRAN_LOWERCASE_UNDERSCORE;-DWIN32_LEAN_AND_MEAN;-D_WIN32_WINNT=0x0501;-D_SCL_SECURE_NO_WARNINGS;-D_CRT_SECURE_NO_WARNINGS;-D_CRT_SECURE_NO_DEPRECATE;-DMSVC_AMD64;-DQT_DEBUG
-- RobWorkStudio: Using static linking of default plugins!
CMake Warning (dev) at RobWorkStudio/ext/qtpropertybrowser/CMakeLists.txt:66 (install):
  Policy CMP0177 is not set: install() DESTINATION paths are normalized.  Run
  "cmake --help-policy CMP0177" for policy details.  Use the cmake_policy
  command to set the policy and suppress this warning.
This warning is for project developers.  Use -Wno-dev to suppress it.

CMake Deprecation Warning at RobWorkStudio/ext/QCodeEditor/CMakeLists.txt:1 (cmake_minimum_required):
  Compatibility with CMake < 3.10 will be removed from a future version of
  CMake.

  Update the VERSION argument <min> value.  Or, use the <min>...<max> syntax
  to tell CMake that the project requires at least <min> but has been updated
  to work with policies introduced by <max> or earlier.


-- BUILD_sdurws  ON : Enabled by default.
-- BUILD_sdurws_plugin.rwplugin  ON : Enabled by default.
-- BUILD_sdurws_atask  ON : Enabled by default.
-- BUILD_sdurws_gtask  ON : Enabled by default.
-- BUILD_sdurws_jog  ON : Enabled by default.
-- BUILD_sdurws_log  ON : Enabled by default.
-- BUILD_sdurws_playback  ON : Enabled by default.
-- BUILD_sdurws_propertyview  ON : Enabled by default.
-- BUILD_sdurws_treeview  ON : Enabled by default.
-- BUILD_sdurws_planning  ON : Enabled by default.
-- BUILD_sdurws_pythoneditor  ON : Enabled by default.
-- BUILD_sdurws_sensors  ON : Enabled by default.
-- BUILD_sdurws_workcelleditor  ON : Enabled by default.
-- BUILD_sdurws_workcelleditorplugin  ON : Enabled by default.
-- BUILD_sdurws_robotmodelbuilder  ON : Enabled by default.
-- BUILD_sdurws_robotanalysiscore  ON : Enabled by default.
-- BUILD_sdurws_engineeringrequirements  ON : Enabled by default.
-- BUILD_sdurws_kinematicanalysis  ON : Enabled by default.
-- BUILD_sdurws_structureoptimizer  ON : Enabled by default.
-- USE STATIC PLUGINS
-- BUILD_sdurws_robworkstudioapp  ON : Enabled by default.
-- BUILD_sdurws_lua  OFF : SWIG not found!
-- BUILD_sdurws_java  OFF : SWIG not found!
-- BUILD_sdurws_python  OFF : SWIG not found!
-- BUILD_sdurws_luaeditor  OFF : Disabled by default.
-- BUILD_sdurws_luapl  OFF : Disabled by default.
-- BUILD_RobWorkStudio  ON : Enabled by default.
-- RobWorkStudio: platform
-- RobWorkStudio: tests DISABLED!
-- Current Git revision is 9f3531f-dirty
-- RobWorkSim: Build configuration: none
-- RobWorkSim: Version 26.8.30
-- RobWorkSim: ROOT dir: D:/10_Source_Repos/21_robot/RobWork/RobWork/RobWorkSim
CMake Warning (dev) at RobWorkSim/cmake/RobWorkSimSetup.cmake:34 (find_package):
  Policy CMP0148 is not set: The FindPythonInterp and FindPythonLibs modules
  are removed.  Run "cmake --help-policy CMP0148" for policy details.  Use
  the cmake_policy command to set the policy and suppress this warning.

Call Stack (most recent call first):
  RobWorkSim/CMakeLists.txt:71 (include)
This warning is for project developers.  Use -Wno-dev to suppress it.

CMake Warning (dev) at RobWorkSim/cmake/RobWorkSimSetup.cmake:35 (find_package):
  Policy CMP0148 is not set: The FindPythonInterp and FindPythonLibs modules
  are removed.  Run "cmake --help-policy CMP0148" for policy details.  Use
  the cmake_policy command to set the policy and suppress this warning.

Call Stack (most recent call first):
  RobWorkSim/CMakeLists.txt:71 (include)
This warning is for project developers.  Use -Wno-dev to suppress it.

CMake Warning (dev) at RobWorkSim/cmake/RobWorkSimSetup.cmake:41 (find_package):
  Policy CMP0148 is not set: The FindPythonInterp and FindPythonLibs modules
  are removed.  Run "cmake --help-policy CMP0148" for policy details.  Use
  the cmake_policy command to set the policy and suppress this warning.

Call Stack (most recent call first):
  RobWorkSim/CMakeLists.txt:71 (include)
This warning is for project developers.  Use -Wno-dev to suppress it.

-- RobWorkSim: Python interpreter 3.13.11 Found
-- RobWorkSim: Python libraries 3.13.11 Found
-- RobWorkSim: SWIG 3+ not found!
-- RobWorkSim: Lua DISABLED!
-- RobWorkSim: Bullet disabled.
-- RobWorkSim: ODE disabled.
-- RobWorkSim: RobWorkPhysicsEngine enabled.
-- RobWorkSim: RWPhysics enabled.
-- RobWorkSim: Adding RWSIM CXX flags: -EHa -bigobj /MP -openmp
-- RobWorkSim: Adding RWSIM definitions: -DNOMINMAX;-DBIND_FORTRAN_LOWERCASE_UNDERSCORE;-DWIN32_LEAN_AND_MEAN;-D_WIN32_WINNT=0x0501;-D_SCL_SECURE_NO_WARNINGS;-D_CRT_SECURE_NO_WARNINGS;-D_CRT_SECURE_NO_DEPRECATE;-DMSVC_AMD64
-- BUILD_sdurwsim  ON : Enabled by default.
-- BUILD_sdurwsim_gui  ON : Enabled by default.
-- BUILD_sdurwsim_ode  OFF : Disabled by default.
-- BUILD_sdurwsim_bullet  OFF : Bullet not found!
-- BUILD_sdurwsim_lua  OFF : SWIG not found!
-- BUILD_sdurwsim_java  OFF : SWIG not found!
-- BUILD_sdurwsim_python  OFF : SWIG not found!
-- BUILD_SimulatorLogViewer  ON : Enabled by default.
-- BUILD_sdurwsim_test  ON : Enabled by default.
-- BUILD_RWSimulatorPlugin  ON : Enabled by default.
-- BUILD_SimUtilityPlugin  ON : Enabled by default.
-- BUILD_GraspTableGeneratorPlugin  ON : Enabled by default.
-- BUILD_RWSimPlugin  ON : Enabled by default.
-- BUILD_SimTaskPlugin  ON : Enabled by default.
-- BUILD_EngineTestPlugin  ON : Enabled by default.
-- RobWork tests DISABLED!
-- Configuring done (1.9s)
-- Generating done (14.3s)
-- Build files have been written to: D:/10_Source_Repos/21_robot/RobWork/out/build/industrial-robot
exit code: 0
