==== Option-off path: WITH_RWS=OFF + IRD_BUILD_UI=OFF (expect: UI skipped, core still builds, no half targets) ====
command: cmake -S RobWork -B out\build\industrial-robot-optoff -G "Visual Studio 17 2022" -A x64 -DWITH_RWS=OFF -DBUILD_TESTING=ON -DIRD_BUILD_UI=OFF -DIRD_BUILD_BUSINESS_PLUGINS=OFF
-- Selecting Windows SDK version 10.0.22621.0 to target Windows 10.0.26200.
-- The C compiler identification is MSVC 19.42.34433.0
-- The CXX compiler identification is MSVC 19.42.34433.0
-- Detecting C compiler ABI info
-- Detecting C compiler ABI info - done
-- Check for working C compiler: D:/software/Microsoft Visual Studio/2022/Community/VC/Tools/MSVC/14.42.34433/bin/Hostx64/x64/cl.exe - skipped
-- Detecting C compile features
-- Detecting C compile features - done
-- Detecting CXX compiler ABI info
-- Detecting CXX compiler ABI info - done
-- Check for working CXX compiler: D:/software/Microsoft Visual Studio/2022/Community/VC/Tools/MSVC/14.42.34433/bin/Hostx64/x64/cl.exe - skipped
-- Detecting CXX compile features
-- Detecting CXX compile features - done
-- RobWork: Build configuration: none
-- RobWork: Version 26.8.30
-- RobWork: ROOT - D:/10_Source_Repos/21_robot/RobWork/RobWork/RobWork
-- RobWork: Boost version 1.91.0 found!
-- Found OpenGL: opengl32
-- RobWork: OpenGL and GLUT NOT FOUND! code disabled!
-- RobWork: Xerces NOT FOUND! Xerces code disabled! (Check if XERCESC_ROOT or XERCESC_INCLUDE_DIR and XERCESC_LIB_DIR is set correctly if you need it)!
-- RobWork: Yaobi ENABLED! NOT FOUND! Using RobWork native Yaobi.
-- RobWork: PQP ENABLED! Using RobWork native PQP.
-- Eigen3 version .. found in D:/10_Source_Repos/21_robot/RobWork/vcpkg/installed/x64-windows/include/eigen3, but at least version 2.91.0 is required
-- Eigen3 version .. found in D:/10_Source_Repos/21_robot/RobWork/vcpkg/installed/x64-windows/include/eigen3, but at least version 2.91.0 is required
-- RobWork: EIGEN3 .. Found w. Hunter
-- RobWork: Qhull Found
-- Could NOT find PkgConfig (missing: PKG_CONFIG_EXECUTABLE)
-- USE_FCL ON : FCL not Found
-- USE_CSGJS ON: Enabled by default
-- USE_Bullet OFF : Disable Hard Coded
-- USE_SWIG OFF : Swig not Found
-- USE_LUA OFF : Swig not found
-- USE_ASSIMP OFF : Assimp not found and is now DISABLED!
-- USE_Python ON : Python  Found
-- USE_numpy OFF : Python Not Found
-- USE_gtest  OFF : Disabled by default
-- USE_Mathematica OFF : Disabled by default
-- USE_RW_ASSERT ON : Enabled by Default
-- USE_OpenMP ON : OpenMP 2.0 CXX FOUND! - Specification date 200203
-- RobWork: RW C flags:
-- RobWork: RW CXX flags: -EHa -bigobj /MP -openmp
-- RobWork: RW definitions: -DNOMINMAX;-DBIND_FORTRAN_LOWERCASE_UNDERSCORE;-DWIN32_LEAN_AND_MEAN;-D_WIN32_WINNT=0x0501;-D_SCL_SECURE_NO_WARNINGS;-D_CRT_SECURE_NO_WARNINGS;-D_CRT_SECURE_NO_DEPRECATE;-DMSVC_AMD64
-- RobWork: RW linker flags:
CMake Warning (dev) at RobWork/cmake/RobWorkMacros.cmake:497 (install):
  Policy CMP0177 is not set: install() DESTINATION paths are normalized.  Run
  "cmake --help-policy CMP0177" for policy details.  Use the cmake_policy
  command to set the policy and suppress this warning.
Call Stack (most recent call first):
  RobWork/ext/csgjs/src/CMakeLists.txt:13 (rw_add_includes)
This warning is for project developers.  Use -Wno-dev to suppress it.

-- BUILD_sdurw_core  ON : Enabled by default.
-- BUILD_sdurw_plugin  ON : Enabled by default.
-- BUILD_sdurw_common  ON : Enabled by default.
-- BUILD_sdurw_math  ON : Enabled by default.
-- BUILD_sdurw_kinematics  ON : Enabled by default.
-- BUILD_sdurw_geometry  ON : Enabled by default.
-- BUILD_sdurw_sensor  ON : Enabled by default.
-- BUILD_sdurw_graspplanning  ON : Enabled by default.
-- BUILD_sdurw_models  ON : Enabled by default.
-- BUILD_sdurw_trajectory  ON : Enabled by default.
-- BUILD_sdurw_proximity  ON : Enabled by default.
-- BUILD_sdurw_graphics  ON : Enabled by default.
-- BUILD_sdurw_invkin  ON : Enabled by default.
-- BUILD_sdurw_pathplanning  ON : Enabled by default.
-- BUILD_sdurw_loaders  ON : Enabled by default.
-- BUILD_sdurw  ON : Enabled by default.
-- BUILD_sdurw_algorithms  ON : Enabled by default.
-- BUILD_sdurw_task  ON : Enabled by default.
-- BUILD_sdurw_assembly  ON : Enabled by default.
-- BUILD_sdurw_calibration  ON : Enabled by default.
-- BUILD_sdurw_control  ON : Enabled by default.
-- BUILD_sdurw_opengl  ON : Enabled by default.
-- BUILD_sdurw_mathematica  OFF : Disabled by default.
-- BUILD_sdurw_proximitystrategies  ON : Enabled by default.
-- sdurw_proximitystrategies: Not building Bullet interface since Bullet is disabled!
-- sdurw_proximitystrategies: Not building FCL interface since FCL is disabled!
-- BUILD_sdurw_proximitystrategies.rwplugin  ON : Enabled by default.
-- BUILD_sdurw_pathoptimization  ON : Enabled by default.
-- BUILD_sdurw_pathplanners  ON : Enabled by default.
-- BUILD_sdurw_simulation  ON : Enabled by default.
-- BUILD_sdurw_java  OFF : SWIG not found!
-- BUILD_sdurw_python  OFF : SWIG not found!
-- BUILD_sdurw_lua  OFF : Lua not found!
-- BUILD_sdurw_softbody  OFF : Disabled by default.
-- BUILD_sdurw_csg  ON : Enabled by default.
-- BUILD_sdurw_analytic_geometry  ON : Enabled by default.
-- BUILD_sdurw_simplefinger  ON : Enabled by default.
-- BUILD_sdurw_sandbox  OFF : Disabled by default.
-- RobWork: system id=
-- RobWork tests ENABLED!
-- RobWork example DISABLED!
-- Current Git revision is 9f3531f-dirty
-- Performing Test HAVE_STDATOMIC
-- Performing Test HAVE_STDATOMIC - Success
-- RobWorkSim: Build configuration: none
-- RobWorkSim: Version 26.8.30
-- RobWorkSim: ROOT dir: D:/10_Source_Repos/21_robot/RobWork/RobWork/RobWorkSim
CMake Warning (dev) at RobWorkSim/cmake/RobWorkSimSetup.cmake:34 (find_package):
  Policy CMP0148 is not set: The FindPythonInterp and FindPythonLibs modules
  are removed.  Run "cmake --help-policy CMP0148" for policy details.  Use
  the cmake_policy command to set the policy and suppress this warning.

Call Stack (most recent call first):
  RobWorkSim/CMakeLists.txt:71 (include)
This warning is for project developers.  Use -Wno-dev to suppress it.

CMake Warning (dev) at RobWorkSim/cmake/RobWorkSimSetup.cmake:35 (find_package):
  Policy CMP0148 is not set: The FindPythonInterp and FindPythonLibs modules
  are removed.  Run "cmake --help-policy CMP0148" for policy details.  Use
  the cmake_policy command to set the policy and suppress this warning.

Call Stack (most recent call first):
  RobWorkSim/CMakeLists.txt:71 (include)
This warning is for project developers.  Use -Wno-dev to suppress it.

CMake Warning (dev) at RobWorkSim/cmake/RobWorkSimSetup.cmake:41 (find_package):
  Policy CMP0148 is not set: The FindPythonInterp and FindPythonLibs modules
  are removed.  Run "cmake --help-policy CMP0148" for policy details.  Use
  the cmake_policy command to set the policy and suppress this warning.

Call Stack (most recent call first):
  RobWorkSim/CMakeLists.txt:71 (include)
This warning is for project developers.  Use -Wno-dev to suppress it.

-- RobWorkSim: Python interpreter 3.13.11 Found
-- RobWorkSim: Python libraries 3.13.11 Found
-- RobWorkSim: SWIG 3+ not found!
-- RobWorkSim: Lua DISABLED!
-- RobWorkSim: Bullet disabled.
-- RobWorkSim: ODE disabled.
-- RobWorkSim: RobWorkPhysicsEngine enabled.
-- RobWorkSim: RWPhysics enabled.
-- RobWorkSim: Adding RWSIM CXX flags: -EHa -bigobj /MP -openmp
-- RobWorkSim: Adding RWSIM definitions: -DNOMINMAX;-DBIND_FORTRAN_LOWERCASE_UNDERSCORE;-DWIN32_LEAN_AND_MEAN;-D_WIN32_WINNT=0x0501;-D_SCL_SECURE_NO_WARNINGS;-D_CRT_SECURE_NO_WARNINGS;-D_CRT_SECURE_NO_DEPRECATE;-DMSVC_AMD64
-- BUILD_sdurwsim  ON : Enabled by default.
-- BUILD_sdurwsim_gui  OFF : Unmet Dependencies: RWS::sdurws
-- BUILD_sdurwsim_ode  OFF : Disabled by default.
-- BUILD_sdurwsim_bullet  OFF : Bullet not found!
-- BUILD_sdurwsim_lua  OFF : SWIG not found!
-- BUILD_sdurwsim_java  OFF : SWIG not found!
-- BUILD_sdurwsim_python  OFF : SWIG not found!
-- BUILD_SimulatorLogViewer  OFF : Unmet Dependencies: sdurwsim_gui
-- BUILD_sdurwsim_test  ON : Enabled by default.
-- BUILD_RWSimulatorPlugin  OFF : Unmet Dependencies: RWS::sdurws
-- BUILD_SimUtilityPlugin  OFF : Unmet Dependencies: RWS::sdurws;sdurwsim_gui;RWS::sdurws
-- BUILD_GraspTableGeneratorPlugin  OFF : Unmet Dependencies: RWS::sdurws;sdurwsim_gui;RWS::sdurws;sdurwsim_gui;RWS::sdurws
-- BUILD_RWSimPlugin  OFF : Unmet Dependencies: RWS::sdurws;sdurwsim_gui;RWS::sdurws;sdurwsim_gui;RWS::sdurws;RWS::sdurws;sdurwsim_gui
-- BUILD_SimTaskPlugin  OFF : Unmet Dependencies: RWS::sdurws;sdurwsim_gui;RWS::sdurws;sdurwsim_gui;RWS::sdurws;RWS::sdurws;sdurwsim_gui;RWS::sdurws;sdurwsim_gui
-- BUILD_EngineTestPlugin  OFF : Unmet Dependencies: RWS::sdurws;sdurwsim_gui;RWS::sdurws;sdurwsim_gui;RWS::sdurws;RWS::sdurws;sdurwsim_gui;RWS::sdurws;sdurwsim_gui;RWS::sdurws;sdurwsim_gui
-- RobWork tests DISABLED!
-- Configuring done (17.2s)
-- Generating done (4.0s)
CMake Warning:
  Manually-specified variables were not used by the project:

    IRD_BUILD_BUSINESS_PLUGINS
    IRD_BUILD_UI


-- Build files have been written to: D:/10_Source_Repos/21_robot/RobWork/out/build/industrial-robot-optoff
configure exit code: 0

command: cmake --build out\build\industrial-robot-optoff --config Debug --target sdurws_ird_core
适用于 .NET Framework MSBuild 版本 17.12.6+db5f6012c
MSBUILD : error MSB1009: 项目文件不存在。
开关:sdurws_ird_core.vcxproj
build exit code: 1

command: cmake --build out\build\industrial-robot-optoff --config Debug --target help (excerpt, sdurws_ird_*)
ird vcxproj count (expect 18: 9 modules x lib+test, no ui): 0
ui target present (expect 0): 0

==== FAILURE TEST 2: -DIRD_BUILD_UI=ON with WITH_RWS=OFF (expect configure-time failure naming the conflict) ====
command: cmake -S RobWork -B out\build\industrial-robot-optoff (same options + -DIRD_BUILD_UI=ON, warm cache)
-- Selecting Windows SDK version 10.0.22621.0 to target Windows 10.0.26200.
-- RobWork: Build configuration: none
-- RobWork: Version 26.8.30
-- RobWork: ROOT - D:/10_Source_Repos/21_robot/RobWork/RobWork/RobWork
-- RobWork: Boost version 1.91.0 found!
-- RobWork: OpenGL and GLUT NOT FOUND! code disabled!
-- RobWork: Xerces NOT FOUND! Xerces code disabled! (Check if XERCESC_ROOT or XERCESC_INCLUDE_DIR and XERCESC_LIB_DIR is set correctly if you need it)!
-- RobWork: Yaobi ENABLED! NOT FOUND! Using RobWork native Yaobi.
-- RobWork: PQP ENABLED! Using RobWork native PQP.
-- Eigen3 version .. found in D:/10_Source_Repos/21_robot/RobWork/vcpkg/installed/x64-windows/include/eigen3, but at least version 2.91.0 is required
-- Eigen3 version .. found in D:/10_Source_Repos/21_robot/RobWork/vcpkg/installed/x64-windows/include/eigen3, but at least version 2.91.0 is required
-- RobWork: EIGEN3 .. Found w. Hunter
-- RobWork: Qhull Found
-- Could NOT find PkgConfig (missing: PKG_CONFIG_EXECUTABLE)
-- USE_FCL ON : FCL not Found
-- USE_CSGJS ON: Enabled by default
-- USE_Bullet OFF : Disable Hard Coded
-- USE_SWIG OFF : Swig not Found
-- USE_LUA OFF : Swig not found
-- USE_ASSIMP OFF : Assimp not found and is now DISABLED!
-- USE_Python ON : Python  Found
-- USE_numpy OFF : Python Not Found
-- USE_gtest  OFF : Disabled by default
-- USE_Mathematica OFF : Disabled by default
-- USE_RW_ASSERT ON : Enabled by Default
-- USE_OpenMP ON : OpenMP 2.0 CXX FOUND! - Specification date 200203
-- RobWork: RW C flags:
-- RobWork: RW CXX flags: -EHa -bigobj /MP -openmp
-- RobWork: RW definitions: -DNOMINMAX;-DBIND_FORTRAN_LOWERCASE_UNDERSCORE;-DWIN32_LEAN_AND_MEAN;-D_WIN32_WINNT=0x0501;-D_SCL_SECURE_NO_WARNINGS;-D_CRT_SECURE_NO_WARNINGS;-D_CRT_SECURE_NO_DEPRECATE;-DMSVC_AMD64
-- RobWork: RW linker flags:
CMake Warning (dev) at RobWork/cmake/RobWorkMacros.cmake:497 (install):
  Policy CMP0177 is not set: install() DESTINATION paths are normalized.  Run
  "cmake --help-policy CMP0177" for policy details.  Use the cmake_policy
  command to set the policy and suppress this warning.
Call Stack (most recent call first):
  RobWork/ext/csgjs/src/CMakeLists.txt:13 (rw_add_includes)
This warning is for project developers.  Use -Wno-dev to suppress it.

-- BUILD_sdurw_core  ON : Enabled by default.
-- BUILD_sdurw_plugin  ON : Enabled by default.
-- BUILD_sdurw_common  ON : Enabled by default.
-- BUILD_sdurw_math  ON : Enabled by default.
-- BUILD_sdurw_kinematics  ON : Enabled by default.
-- BUILD_sdurw_geometry  ON : Enabled by default.
-- BUILD_sdurw_sensor  ON : Enabled by default.
-- BUILD_sdurw_graspplanning  ON : Enabled by default.
-- BUILD_sdurw_models  ON : Enabled by default.
-- BUILD_sdurw_trajectory  ON : Enabled by default.
-- BUILD_sdurw_proximity  ON : Enabled by default.
-- BUILD_sdurw_graphics  ON : Enabled by default.
-- BUILD_sdurw_invkin  ON : Enabled by default.
-- BUILD_sdurw_pathplanning  ON : Enabled by default.
-- BUILD_sdurw_loaders  ON : Enabled by default.
-- BUILD_sdurw  ON : Enabled by default.
-- BUILD_sdurw_algorithms  ON : Enabled by default.
-- BUILD_sdurw_task  ON : Enabled by default.
-- BUILD_sdurw_assembly  ON : Enabled by default.
-- BUILD_sdurw_calibration  ON : Enabled by default.
-- BUILD_sdurw_control  ON : Enabled by default.
-- BUILD_sdurw_opengl  ON : Enabled by default.
-- BUILD_sdurw_mathematica  OFF : Disabled by default.
-- BUILD_sdurw_proximitystrategies  ON : Enabled by default.
-- sdurw_proximitystrategies: Not building Bullet interface since Bullet is disabled!
-- sdurw_proximitystrategies: Not building FCL interface since FCL is disabled!
-- BUILD_sdurw_proximitystrategies.rwplugin  ON : Enabled by default.
-- BUILD_sdurw_pathoptimization  ON : Enabled by default.
-- BUILD_sdurw_pathplanners  ON : Enabled by default.
-- BUILD_sdurw_simulation  ON : Enabled by default.
-- BUILD_sdurw_java  OFF : SWIG not found!
-- BUILD_sdurw_python  OFF : SWIG not found!
-- BUILD_sdurw_lua  OFF : Lua not found!
-- BUILD_sdurw_softbody  OFF : Disabled by default.
-- BUILD_sdurw_csg  ON : Enabled by default.
-- BUILD_sdurw_analytic_geometry  ON : Enabled by default.
-- BUILD_sdurw_simplefinger  ON : Enabled by default.
-- BUILD_sdurw_sandbox  OFF : Disabled by default.
-- RobWork: system id=
-- RobWork tests ENABLED!
-- RobWork example DISABLED!
-- Current Git revision is 9f3531f-dirty
-- RobWorkSim: Build configuration: none
-- RobWorkSim: Version 26.8.30
-- RobWorkSim: ROOT dir: D:/10_Source_Repos/21_robot/RobWork/RobWork/RobWorkSim
CMake Warning (dev) at RobWorkSim/cmake/RobWorkSimSetup.cmake:34 (find_package):
  Policy CMP0148 is not set: The FindPythonInterp and FindPythonLibs modules
  are removed.  Run "cmake --help-policy CMP0148" for policy details.  Use
  the cmake_policy command to set the policy and suppress this warning.

Call Stack (most recent call first):
  RobWorkSim/CMakeLists.txt:71 (include)
This warning is for project developers.  Use -Wno-dev to suppress it.

CMake Warning (dev) at RobWorkSim/cmake/RobWorkSimSetup.cmake:35 (find_package):
  Policy CMP0148 is not set: The FindPythonInterp and FindPythonLibs modules
  are removed.  Run "cmake --help-policy CMP0148" for policy details.  Use
  the cmake_policy command to set the policy and suppress this warning.

Call Stack (most recent call first):
  RobWorkSim/CMakeLists.txt:71 (include)
This warning is for project developers.  Use -Wno-dev to suppress it.

CMake Warning (dev) at RobWorkSim/cmake/RobWorkSimSetup.cmake:41 (find_package):
  Policy CMP0148 is not set: The FindPythonInterp and FindPythonLibs modules
  are removed.  Run "cmake --help-policy CMP0148" for policy details.  Use
  the cmake_policy command to set the policy and suppress this warning.

Call Stack (most recent call first):
  RobWorkSim/CMakeLists.txt:71 (include)
This warning is for project developers.  Use -Wno-dev to suppress it.

-- RobWorkSim: Python interpreter 3.13.11 Found
-- RobWorkSim: Python libraries 3.13.11 Found
-- RobWorkSim: SWIG 3+ not found!
-- RobWorkSim: Lua DISABLED!
-- RobWorkSim: Bullet disabled.
-- RobWorkSim: ODE disabled.
-- RobWorkSim: RobWorkPhysicsEngine enabled.
-- RobWorkSim: RWPhysics enabled.
-- RobWorkSim: Adding RWSIM CXX flags: -EHa -bigobj /MP -openmp
-- RobWorkSim: Adding RWSIM definitions: -DNOMINMAX;-DBIND_FORTRAN_LOWERCASE_UNDERSCORE;-DWIN32_LEAN_AND_MEAN;-D_WIN32_WINNT=0x0501;-D_SCL_SECURE_NO_WARNINGS;-D_CRT_SECURE_NO_WARNINGS;-D_CRT_SECURE_NO_DEPRECATE;-DMSVC_AMD64
-- BUILD_sdurwsim  ON : Enabled by default.
-- BUILD_sdurwsim_gui  OFF : Unmet Dependencies: RWS::sdurws
-- BUILD_sdurwsim_ode  OFF : Disabled by default.
-- BUILD_sdurwsim_bullet  OFF : Bullet not found!
-- BUILD_sdurwsim_lua  OFF : SWIG not found!
-- BUILD_sdurwsim_java  OFF : SWIG not found!
-- BUILD_sdurwsim_python  OFF : SWIG not found!
-- BUILD_SimulatorLogViewer  OFF : Unmet Dependencies: sdurwsim_gui
-- BUILD_sdurwsim_test  ON : Enabled by default.
-- BUILD_RWSimulatorPlugin  OFF : Unmet Dependencies: RWS::sdurws
-- BUILD_SimUtilityPlugin  OFF : Unmet Dependencies: RWS::sdurws;sdurwsim_gui;RWS::sdurws
-- BUILD_GraspTableGeneratorPlugin  OFF : Unmet Dependencies: RWS::sdurws;sdurwsim_gui;RWS::sdurws;sdurwsim_gui;RWS::sdurws
-- BUILD_RWSimPlugin  OFF : Unmet Dependencies: RWS::sdurws;sdurwsim_gui;RWS::sdurws;sdurwsim_gui;RWS::sdurws;RWS::sdurws;sdurwsim_gui
-- BUILD_SimTaskPlugin  OFF : Unmet Dependencies: RWS::sdurws;sdurwsim_gui;RWS::sdurws;sdurwsim_gui;RWS::sdurws;RWS::sdurws;sdurwsim_gui;RWS::sdurws;sdurwsim_gui
-- BUILD_EngineTestPlugin  OFF : Unmet Dependencies: RWS::sdurws;sdurwsim_gui;RWS::sdurws;sdurwsim_gui;RWS::sdurws;RWS::sdurws;sdurwsim_gui;RWS::sdurws;sdurwsim_gui;RWS::sdurws;sdurwsim_gui
-- RobWork tests DISABLED!
-- Configuring done (1.7s)
-- Generating done (14.2s)
CMake Warning:
  Manually-specified variables were not used by the project:

    IRD_BUILD_UI


-- Build files have been written to: D:/10_Source_Repos/21_robot/RobWork/out/build/industrial-robot-optoff
exit code: 0

==== Re-verification under the revised expectation (governance 2026-08-31, commit 4ad012d) ====
command: cmake -S RobWork -B out\build\industrial-robot-optoff -G "Visual Studio 17 2022" -A x64 -DWITH_RWS=OFF -DBUILD_TESTING=ON -DIRD_BUILD_UI=OFF -DIRD_BUILD_BUSINESS_PLUGINS=OFF (warm cache)
-- Selecting Windows SDK version 10.0.22621.0 to target Windows 10.0.26200.
-- RobWork: Build configuration: none
-- RobWork: Version 26.8.31
-- RobWork: ROOT - D:/10_Source_Repos/21_robot/RobWork/RobWork/RobWork
-- RobWork: Boost version 1.91.0 found!
-- RobWork: OpenGL and GLUT NOT FOUND! code disabled!
-- RobWork: Xerces NOT FOUND! Xerces code disabled! (Check if XERCESC_ROOT or XERCESC_INCLUDE_DIR and XERCESC_LIB_DIR is set correctly if you need it)!
-- RobWork: Yaobi ENABLED! NOT FOUND! Using RobWork native Yaobi.
-- RobWork: PQP ENABLED! Using RobWork native PQP.
-- Eigen3 version .. found in D:/10_Source_Repos/21_robot/RobWork/vcpkg/installed/x64-windows/include/eigen3, but at least version 2.91.0 is required
-- Eigen3 version .. found in D:/10_Source_Repos/21_robot/RobWork/vcpkg/installed/x64-windows/include/eigen3, but at least version 2.91.0 is required
-- RobWork: EIGEN3 .. Found w. Hunter
-- RobWork: Qhull Found
-- Could NOT find PkgConfig (missing: PKG_CONFIG_EXECUTABLE)
-- USE_FCL ON : FCL not Found
-- USE_CSGJS ON: Enabled by default
-- USE_Bullet OFF : Disable Hard Coded
-- USE_SWIG OFF : Swig not Found
-- USE_LUA OFF : Swig not found
-- USE_ASSIMP OFF : Assimp not found and is now DISABLED!
-- USE_Python ON : Python  Found
-- USE_numpy OFF : Python Not Found
-- USE_gtest  OFF : Disabled by default
-- USE_Mathematica OFF : Disabled by default
-- USE_RW_ASSERT ON : Enabled by Default
-- USE_OpenMP ON : OpenMP 2.0 CXX FOUND! - Specification date 200203
-- RobWork: RW C flags:
-- RobWork: RW CXX flags: -EHa -bigobj /MP -openmp
-- RobWork: RW definitions: -DNOMINMAX;-DBIND_FORTRAN_LOWERCASE_UNDERSCORE;-DWIN32_LEAN_AND_MEAN;-D_WIN32_WINNT=0x0501;-D_SCL_SECURE_NO_WARNINGS;-D_CRT_SECURE_NO_WARNINGS;-D_CRT_SECURE_NO_DEPRECATE;-DMSVC_AMD64
-- RobWork: RW linker flags:
CMake Warning (dev) at RobWork/cmake/RobWorkMacros.cmake:497 (install):
  Policy CMP0177 is not set: install() DESTINATION paths are normalized.  Run
  "cmake --help-policy CMP0177" for policy details.  Use the cmake_policy
  command to set the policy and suppress this warning.
Call Stack (most recent call first):
  RobWork/ext/csgjs/src/CMakeLists.txt:13 (rw_add_includes)
This warning is for project developers.  Use -Wno-dev to suppress it.

-- BUILD_sdurw_core  ON : Enabled by default.
-- BUILD_sdurw_plugin  ON : Enabled by default.
-- BUILD_sdurw_common  ON : Enabled by default.
-- BUILD_sdurw_math  ON : Enabled by default.
-- BUILD_sdurw_kinematics  ON : Enabled by default.
-- BUILD_sdurw_geometry  ON : Enabled by default.
-- BUILD_sdurw_sensor  ON : Enabled by default.
-- BUILD_sdurw_graspplanning  ON : Enabled by default.
-- BUILD_sdurw_models  ON : Enabled by default.
-- BUILD_sdurw_trajectory  ON : Enabled by default.
-- BUILD_sdurw_proximity  ON : Enabled by default.
-- BUILD_sdurw_graphics  ON : Enabled by default.
-- BUILD_sdurw_invkin  ON : Enabled by default.
-- BUILD_sdurw_pathplanning  ON : Enabled by default.
-- BUILD_sdurw_loaders  ON : Enabled by default.
-- BUILD_sdurw  ON : Enabled by default.
-- BUILD_sdurw_algorithms  ON : Enabled by default.
-- BUILD_sdurw_task  ON : Enabled by default.
-- BUILD_sdurw_assembly  ON : Enabled by default.
-- BUILD_sdurw_calibration  ON : Enabled by default.
-- BUILD_sdurw_control  ON : Enabled by default.
-- BUILD_sdurw_opengl  ON : Enabled by default.
-- BUILD_sdurw_mathematica  OFF : Disabled by default.
-- BUILD_sdurw_proximitystrategies  ON : Enabled by default.
-- sdurw_proximitystrategies: Not building Bullet interface since Bullet is disabled!
-- sdurw_proximitystrategies: Not building FCL interface since FCL is disabled!
-- BUILD_sdurw_proximitystrategies.rwplugin  ON : Enabled by default.
-- BUILD_sdurw_pathoptimization  ON : Enabled by default.
-- BUILD_sdurw_pathplanners  ON : Enabled by default.
-- BUILD_sdurw_simulation  ON : Enabled by default.
-- BUILD_sdurw_java  OFF : SWIG not found!
-- BUILD_sdurw_python  OFF : SWIG not found!
-- BUILD_sdurw_lua  OFF : Lua not found!
-- BUILD_sdurw_softbody  OFF : Disabled by default.
-- BUILD_sdurw_csg  ON : Enabled by default.
-- BUILD_sdurw_analytic_geometry  ON : Enabled by default.
-- BUILD_sdurw_simplefinger  ON : Enabled by default.
-- BUILD_sdurw_sandbox  OFF : Disabled by default.
-- RobWork: system id=
-- RobWork tests ENABLED!
-- RobWork example DISABLED!
-- Current Git revision is 4ad012d-dirty
-- RobWorkSim: Build configuration: none
-- RobWorkSim: Version 26.8.31
-- RobWorkSim: ROOT dir: D:/10_Source_Repos/21_robot/RobWork/RobWork/RobWorkSim
CMake Warning (dev) at RobWorkSim/cmake/RobWorkSimSetup.cmake:34 (find_package):
  Policy CMP0148 is not set: The FindPythonInterp and FindPythonLibs modules
  are removed.  Run "cmake --help-policy CMP0148" for policy details.  Use
  the cmake_policy command to set the policy and suppress this warning.

Call Stack (most recent call first):
  RobWorkSim/CMakeLists.txt:71 (include)
This warning is for project developers.  Use -Wno-dev to suppress it.

CMake Warning (dev) at RobWorkSim/cmake/RobWorkSimSetup.cmake:35 (find_package):
  Policy CMP0148 is not set: The FindPythonInterp and FindPythonLibs modules
  are removed.  Run "cmake --help-policy CMP0148" for policy details.  Use
  the cmake_policy command to set the policy and suppress this warning.

Call Stack (most recent call first):
  RobWorkSim/CMakeLists.txt:71 (include)
This warning is for project developers.  Use -Wno-dev to suppress it.

CMake Warning (dev) at RobWorkSim/cmake/RobWorkSimSetup.cmake:41 (find_package):
  Policy CMP0148 is not set: The FindPythonInterp and FindPythonLibs modules
  are removed.  Run "cmake --help-policy CMP0148" for policy details.  Use
  the cmake_policy command to set the policy and suppress this warning.

Call Stack (most recent call first):
  RobWorkSim/CMakeLists.txt:71 (include)
This warning is for project developers.  Use -Wno-dev to suppress it.

-- RobWorkSim: Python interpreter 3.13.11 Found
-- RobWorkSim: Python libraries 3.13.11 Found
-- RobWorkSim: SWIG 3+ not found!
-- RobWorkSim: Lua DISABLED!
-- RobWorkSim: Bullet disabled.
-- RobWorkSim: ODE disabled.
-- RobWorkSim: RobWorkPhysicsEngine enabled.
-- RobWorkSim: RWPhysics enabled.
-- RobWorkSim: Adding RWSIM CXX flags: -EHa -bigobj /MP -openmp
-- RobWorkSim: Adding RWSIM definitions: -DNOMINMAX;-DBIND_FORTRAN_LOWERCASE_UNDERSCORE;-DWIN32_LEAN_AND_MEAN;-D_WIN32_WINNT=0x0501;-D_SCL_SECURE_NO_WARNINGS;-D_CRT_SECURE_NO_WARNINGS;-D_CRT_SECURE_NO_DEPRECATE;-DMSVC_AMD64
-- BUILD_sdurwsim  ON : Enabled by default.
-- BUILD_sdurwsim_gui  OFF : Unmet Dependencies: RWS::sdurws
-- BUILD_sdurwsim_ode  OFF : Disabled by default.
-- BUILD_sdurwsim_bullet  OFF : Bullet not found!
-- BUILD_sdurwsim_lua  OFF : SWIG not found!
-- BUILD_sdurwsim_java  OFF : SWIG not found!
-- BUILD_sdurwsim_python  OFF : SWIG not found!
-- BUILD_SimulatorLogViewer  OFF : Unmet Dependencies: sdurwsim_gui
-- BUILD_sdurwsim_test  ON : Enabled by default.
-- BUILD_RWSimulatorPlugin  OFF : Unmet Dependencies: RWS::sdurws
-- BUILD_SimUtilityPlugin  OFF : Unmet Dependencies: RWS::sdurws;sdurwsim_gui;RWS::sdurws
-- BUILD_GraspTableGeneratorPlugin  OFF : Unmet Dependencies: RWS::sdurws;sdurwsim_gui;RWS::sdurws;sdurwsim_gui;RWS::sdurws
-- BUILD_RWSimPlugin  OFF : Unmet Dependencies: RWS::sdurws;sdurwsim_gui;RWS::sdurws;sdurwsim_gui;RWS::sdurws;RWS::sdurws;sdurwsim_gui
-- BUILD_SimTaskPlugin  OFF : Unmet Dependencies: RWS::sdurws;sdurwsim_gui;RWS::sdurws;sdurwsim_gui;RWS::sdurws;RWS::sdurws;sdurwsim_gui;RWS::sdurws;sdurwsim_gui
-- BUILD_EngineTestPlugin  OFF : Unmet Dependencies: RWS::sdurws;sdurwsim_gui;RWS::sdurws;sdurwsim_gui;RWS::sdurws;RWS::sdurws;sdurwsim_gui;RWS::sdurws;sdurwsim_gui;RWS::sdurws;sdurwsim_gui
-- RobWork tests DISABLED!
-- Configuring done (1.4s)
-- Generating done (7.1s)
CMake Warning:
  Manually-specified variables were not used by the project:

    IRD_BUILD_UI


-- Build files have been written to: D:/10_Source_Repos/21_robot/RobWork/out/build/industrial-robot-optoff
configure exit code: 0
IRD vcxproj count (revised expectation: 0, no half targets): 0
RobWorkStudio configured (expect absent/skipped): 0
