# RT-T12 attempt 2 返工：集成模式构建——sdurws_ird_runtime_test 目标
# 构建树性质（F-054/F-036 标注纪律）：仓库根 build/ 存量增量树（RWS_BUILD_INDUSTRIALROBOT:BOOL=ON 已 grep 确认）；编译活动发生于本轮修复提交后的首次构建（exit 0，仅 C4005 宏重定义既有 warning），本日志为其后确认性重跑（增量 no-op 评估＋exit 码）
# 命令：cmake --build build --config Release --target sdurws_ird_runtime_test（＝契约 verify 命令）

适用于 .NET Framework MSBuild 版本 17.12.6+db5f6012c

  Auto build dll exports
  sdurw_core.vcxproj -> D:\10_Source_Repos\21_robot\RobWork\build\RobWork\bin\Release\sdurw_core.dll
  Auto build dll exports
  sdurw_common.vcxproj -> D:\10_Source_Repos\21_robot\RobWork\build\RobWork\bin\Release\sdurw_common.dll
  Auto build dll exports
  sdurw_math.vcxproj -> D:\10_Source_Repos\21_robot\RobWork\build\RobWork\bin\Release\sdurw_math.dll
  Auto build dll exports
  sdurw_kinematics.vcxproj -> D:\10_Source_Repos\21_robot\RobWork\build\RobWork\bin\Release\sdurw_kinematics.dll
  Auto build dll exports
  sdurw_geometry.vcxproj -> D:\10_Source_Repos\21_robot\RobWork\build\RobWork\bin\Release\sdurw_geometry.dll
  Auto build dll exports
  sdurw_sensor.vcxproj -> D:\10_Source_Repos\21_robot\RobWork\build\RobWork\bin\Release\sdurw_sensor.dll
  Auto build dll exports
  sdurw_models.vcxproj -> D:\10_Source_Repos\21_robot\RobWork\build\RobWork\bin\Release\sdurw_models.dll
  Auto build dll exports
  sdurw_control.vcxproj -> D:\10_Source_Repos\21_robot\RobWork\build\RobWork\bin\Release\sdurw_control.dll
  Auto build dll exports
  sdurw_graphics.vcxproj -> D:\10_Source_Repos\21_robot\RobWork\build\RobWork\bin\Release\sdurw_graphics.dll
  Auto build dll exports
  sdurw_proximity.vcxproj -> D:\10_Source_Repos\21_robot\RobWork\build\RobWork\bin\Release\sdurw_proximity.dll
  Auto build dll exports
  sdurw_simulation.vcxproj -> D:\10_Source_Repos\21_robot\RobWork\build\RobWork\bin\Release\sdurw_simulation.dll
  Auto build dll exports
  sdurw_trajectory.vcxproj -> D:\10_Source_Repos\21_robot\RobWork\build\RobWork\bin\Release\sdurw_trajectory.dll
  Auto build dll exports
  sdurw_loaders.vcxproj -> D:\10_Source_Repos\21_robot\RobWork\build\RobWork\bin\Release\sdurw_loaders.dll
  Auto build dll exports
  sdurw_task.vcxproj -> D:\10_Source_Repos\21_robot\RobWork\build\RobWork\bin\Release\sdurw_task.dll
  Automatic MOC for target sdurws_ird_core
  sdurws_ird_core.vcxproj -> D:\10_Source_Repos\21_robot\RobWork\build\RobWorkStudio\libs\Release\sdurws_ird_core.lib
  pqp.vcxproj -> D:\10_Source_Repos\21_robot\RobWork\build\RobWork\libs\Release\pqp.lib
  Auto build dll exports
  sdurw_invkin.vcxproj -> D:\10_Source_Repos\21_robot\RobWork\build\RobWork\bin\Release\sdurw_invkin.dll
  Auto build dll exports
  sdurw_algorithms.vcxproj -> D:\10_Source_Repos\21_robot\RobWork\build\RobWork\bin\Release\sdurw_algorithms.dll
  Auto build dll exports
  sdurw_graspplanning.vcxproj -> D:\10_Source_Repos\21_robot\RobWork\build\RobWork\bin\Release\sdurw_graspplanning.dll
  Auto build dll exports
  sdurw_pathplanning.vcxproj -> D:\10_Source_Repos\21_robot\RobWork\build\RobWork\bin\Release\sdurw_pathplanning.dll
  Auto build dll exports
  sdurw_plugin.vcxproj -> D:\10_Source_Repos\21_robot\RobWork\build\RobWork\bin\Release\sdurw_plugin.dll
  Auto build dll exports
  sdurw_assembly.vcxproj -> D:\10_Source_Repos\21_robot\RobWork\build\RobWork\bin\Release\sdurw_assembly.dll
  Auto build dll exports
  sdurw_opengl.vcxproj -> D:\10_Source_Repos\21_robot\RobWork\build\RobWork\bin\Release\sdurw_opengl.dll
  Auto build dll exports
  sdurw_pathplanners.vcxproj -> D:\10_Source_Repos\21_robot\RobWork\build\RobWork\bin\Release\sdurw_pathplanners.dll
  yaobi.vcxproj -> D:\10_Source_Repos\21_robot\RobWork\build\RobWork\libs\Release\yaobi.lib
  Auto build dll exports
  sdurw_proximitystrategies.vcxproj -> D:\10_Source_Repos\21_robot\RobWork\build\RobWork\bin\Release\sdurw_proximitystrategies.dll
  Automatic MOC and UIC for target sdurwsim
  Auto build dll exports
  sdurwsim.vcxproj -> D:\10_Source_Repos\21_robot\RobWork\build\RobWorkSim\bin\Release\sdurwsim.dll
  Automatic MOC for target sdurws_ird_runtime
  sdurws_ird_runtime.vcxproj -> D:\10_Source_Repos\21_robot\RobWork\build\RobWorkStudio\libs\Release\sdurws_ird_runtime.lib
  Automatic MOC for target sdurws_ird_testkit
  sdurws_ird_testkit.vcxproj -> D:\10_Source_Repos\21_robot\RobWork\build\RobWorkStudio\libs\Release\sdurws_ird_testkit.lib
  Automatic MOC for target sdurws_ird_runtime_test
  sdurws_ird_runtime_test.vcxproj -> D:\10_Source_Repos\21_robot\RobWork\build\RobWorkStudio\bin\Release\sdurws_ird_runtime_test.exe
INTEGRATION_REWORK_BUILD_EXIT=0
