[==========] Running 36 tests from 1 test suite.
[----------] Global test environment set-up.
[----------] 36 tests from ModelingPanelGuiTest
[ RUN      ] ModelingPanelGuiTest.PropertyFormFullClear_RowCountStableAcrossRefresh_MDL07_UI_T27
[       OK ] ModelingPanelGuiTest.PropertyFormFullClear_RowCountStableAcrossRefresh_MDL07_UI_T27 (27 ms)
[ RUN      ] ModelingPanelGuiTest.UnitSeparation_EditorTextPurelyNumeric_UX05_UI_T27
[       OK ] ModelingPanelGuiTest.UnitSeparation_EditorTextPurelyNumeric_UX05_UI_T27 (14 ms)
[ RUN      ] ModelingPanelGuiTest.OnlyZeroOffsetEditable_CompositeRowsReadOnly_MDL07_UI_T27
[       OK ] ModelingPanelGuiTest.OnlyZeroOffsetEditable_CompositeRowsReadOnly_MDL07_UI_T27 (15 ms)
[ RUN      ] ModelingPanelGuiTest.JointDetailEditPane_EmptyStateAndBuildOnSelection_UI_T53
[       OK ] ModelingPanelGuiTest.JointDetailEditPane_EmptyStateAndBuildOnSelection_UI_T53 (16 ms)
[ RUN      ] ModelingPanelGuiTest.JointDetailEditPane_OriginEditApplyChain_UI_T53
[       OK ] ModelingPanelGuiTest.JointDetailEditPane_OriginEditApplyChain_UI_T53 (17 ms)
[ RUN      ] ModelingPanelGuiTest.JointDetailEditPane_DhAuthorityRejectsAxisEdit_UI_T53
[       OK ] ModelingPanelGuiTest.JointDetailEditPane_DhAuthorityRejectsAxisEdit_UI_T53 (16 ms)
[ RUN      ] ModelingPanelGuiTest.JointDetailEditPane_TypeComboBoxChainAndRejectFallback_UI_T66
[       OK ] ModelingPanelGuiTest.JointDetailEditPane_TypeComboBoxChainAndRejectFallback_UI_T66 (17 ms)
[ RUN      ] ModelingPanelGuiTest.JointDetailEditPane_ReadOnlySessionDisablesPanel_UI_T53
[       OK ] ModelingPanelGuiTest.JointDetailEditPane_ReadOnlySessionDisablesPanel_UI_T53 (29 ms)
[ RUN      ] ModelingPanelGuiTest.BasePlacementEdit_WholeReplacementChain_UI_T54
[       OK ] ModelingPanelGuiTest.BasePlacementEdit_WholeReplacementChain_UI_T54 (15 ms)
[ RUN      ] ModelingPanelGuiTest.BasePlacementEdit_PresetIdentityRotationRejected_UI_T54
[       OK ] ModelingPanelGuiTest.BasePlacementEdit_PresetIdentityRotationRejected_UI_T54 (15 ms)
[ RUN      ] ModelingPanelGuiTest.BasePlacementEdit_ReadOnlyDisablesApply_UI_T54
[       OK ] ModelingPanelGuiTest.BasePlacementEdit_ReadOnlyDisablesApply_UI_T54 (27 ms)
[ RUN      ] ModelingPanelGuiTest.UnmodifiedEditingFinished_NoDirtyNoApply_ERR01_UI_T27
[       OK ] ModelingPanelGuiTest.UnmodifiedEditingFinished_NoDirtyNoApply_ERR01_UI_T27 (15 ms)
[ RUN      ] ModelingPanelGuiTest.AvailabilityProviderDisabled_ButtonsGreyWithReason_UX02_UI_T27
[       OK ] ModelingPanelGuiTest.AvailabilityProviderDisabled_ButtonsGreyWithReason_UX02_UI_T27 (14 ms)
[ RUN      ] ModelingPanelGuiTest.CommandButtonTooltip_ResolvedFromUiTextKey_UX02_UI_T41B
[       OK ] ModelingPanelGuiTest.CommandButtonTooltip_ResolvedFromUiTextKey_UX02_UI_T41B (13 ms)
[ RUN      ] ModelingPanelGuiTest.MoreActionsCollapse_DefaultCollapsedAndToggle_F502
[       OK ] ModelingPanelGuiTest.MoreActionsCollapse_DefaultCollapsedAndToggle_F502 (14 ms)
[ RUN      ] ModelingPanelGuiTest.ZeroOffsetOutOfRange_InlineWarningKeepsAuthoritative_B1
[       OK ] ModelingPanelGuiTest.ZeroOffsetOutOfRange_InlineWarningKeepsAuthoritative_B1 (16 ms)
[ RUN      ] ModelingPanelGuiTest.IncrementalRefresh_PreservesEditorFocus_B3
[       OK ] ModelingPanelGuiTest.IncrementalRefresh_PreservesEditorFocus_B3 (15 ms)
[ RUN      ] ModelingPanelGuiTest.StatusHistory_AccumulatesAndToggles_B2
[       OK ] ModelingPanelGuiTest.StatusHistory_AccumulatesAndToggles_B2 (16 ms)
[ RUN      ] ModelingPanelGuiTest.ReadOnlySession_AvailabilityRefreshCannotReviveWriteCommands_L7_UI_T43
[       OK ] ModelingPanelGuiTest.ReadOnlySession_AvailabilityRefreshCannotReviveWriteCommands_L7_UI_T43 (12 ms)
[ RUN      ] ModelingPanelGuiTest.StructureButtons_InsertAndRemove_DraftOnly_UI_T47
[       OK ] ModelingPanelGuiTest.StructureButtons_InsertAndRemove_DraftOnly_UI_T47 (32 ms)
[ RUN      ] ModelingPanelGuiTest.StructureButtons_RemoveSelected_DraftOnly_UI_T47
[       OK ] ModelingPanelGuiTest.StructureButtons_RemoveSelected_DraftOnly_UI_T47 (17 ms)
[ RUN      ] ModelingPanelGuiTest.GeometryActionButtons_LoadAndDetach_UI_T48
[       OK ] ModelingPanelGuiTest.GeometryActionButtons_LoadAndDetach_UI_T48 (14 ms)
[ RUN      ] ModelingPanelGuiTest.GeometryCopyButton_VisualToCollision_UI_T49
[       OK ] ModelingPanelGuiTest.GeometryCopyButton_VisualToCollision_UI_T49 (14 ms)
[ RUN      ] ModelingPanelGuiTest.EditingChain_EndToEnd_FourSegments_UI_T50
[       OK ] ModelingPanelGuiTest.EditingChain_EndToEnd_FourSegments_UI_T50 (17 ms)
[ RUN      ] ModelingPanelGuiTest.ToolMountEdit_SelectionDrivenChain_UI_T55
[       OK ] ModelingPanelGuiTest.ToolMountEdit_SelectionDrivenChain_UI_T55 (15 ms)
[ RUN      ] ModelingPanelGuiTest.ScenePoseEdit_SelectionDrivenChain_UI_T55
[       OK ] ModelingPanelGuiTest.ScenePoseEdit_SelectionDrivenChain_UI_T55 (15 ms)
[ RUN      ] ModelingPanelGuiTest.PoseEditPanes_ReadOnlyDisables_UI_T55
[       OK ] ModelingPanelGuiTest.PoseEditPanes_ReadOnlyDisables_UI_T55 (27 ms)
[ RUN      ] ModelingPanelGuiTest.TcpListEdit_AddAndOffsetChain_UI_T57
[       OK ] ModelingPanelGuiTest.TcpListEdit_AddAndOffsetChain_UI_T57 (15 ms)
[ RUN      ] ModelingPanelGuiTest.TcpListEdit_RemoveGuards_UI_T57
[       OK ] ModelingPanelGuiTest.TcpListEdit_RemoveGuards_UI_T57 (13 ms)
[ RUN      ] ModelingPanelGuiTest.TcpPane_ReadOnlyDisables_UI_T57
[       OK ] ModelingPanelGuiTest.TcpPane_ReadOnlyDisables_UI_T57 (26 ms)
[ RUN      ] ModelingPanelGuiTest.TcpDisplayNameEdit_Chain_UI_T58
[       OK ] ModelingPanelGuiTest.TcpDisplayNameEdit_Chain_UI_T58 (14 ms)
[ RUN      ] ModelingPanelGuiTest.PreviewPane_MultiTypeChain_UI_T59
[       OK ] ModelingPanelGuiTest.PreviewPane_MultiTypeChain_UI_T59 (21 ms)
[ RUN      ] ModelingPanelGuiTest.PoseSetEdit_Chain_UI_T60
[       OK ] ModelingPanelGuiTest.PoseSetEdit_Chain_UI_T60 (16 ms)
[ RUN      ] ModelingPanelGuiTest.DrivetrainEdit_Chain_UI_T60
[       OK ] ModelingPanelGuiTest.DrivetrainEdit_Chain_UI_T60 (14 ms)
[ RUN      ] ModelingPanelGuiTest.PoseDrivetrainPanes_ReadOnlyDisables_UI_T60
[       OK ] ModelingPanelGuiTest.PoseDrivetrainPanes_ReadOnlyDisables_UI_T60 (26 ms)
[ RUN      ] ModelingPanelGuiTest.TcpDisplayNameEdit_SetWritableDynamicWindow_F517
[       OK ] ModelingPanelGuiTest.TcpDisplayNameEdit_SetWritableDynamicWindow_F517 (14 ms)
[----------] 36 tests from ModelingPanelGuiTest (652 ms total)

[----------] Global test environment tear-down
[==========] 36 tests from 1 test suite ran. (652 ms total)
[  PASSED  ] 36 tests.
