[ird-ui-plugin] 诊断栈就绪（开发日志目录：D:\10_Source_Repos\21_robot\RobWork\build\ui-t71-tour-cwd\ird-ui-plugin-logs）
[ird-ui-plugin] domain assembly: plugin=modeling ok=1 panels=1 commands=11
[ird-ui-plugin] domain assembly: plugin=requirements ok=1 panels=1 commands=9
[ird-ui-plugin] domain assembly: plugin=kinematics ok=1 panels=2 commands=8
[ird-ui-plugin] shared surface: modeling registered
[ird-ui-plugin] shared surface: requirements registered
[ird-ui-plugin] shared surface: kinematics registered
[ird-ui-plugin] 共享面装配完成（项目树＋检查器＋选择服务；三域 Provider 注册；L1/L3 接线；NameMap 端口＝空映射二态——呈现装配随 WP-24-T08）
[ird-ui-plugin] 工业项目树装配完成（多 Dock：项目树主 Dock＋属性/任务同级 Dock＋宿主状态栏投影＋Ctrl+Shift+P 命令面板；装载呈现自证在事件循环稍后执行）
[ird-ui-plugin] 宿主事件桥接线完成（L3 frameSelectedEvent→反解编排；D8 stateChangedEvent→会话姿态桥）
[ird-ui-plugin] 工业项目树多 Dock 已呈现（项目树主 Dock＋属性/任务 Dock＋宿主状态栏投影——装载呈现自证完成）
[ird-ui-plugin] 工作台 Dock 宽度收束：目标 453 px，实际 827 px（受内容最小宽度钳制时如实留痕）
[ird-ui-plugin] 工作台 Dock 宽度收束：目标 453 px，实际 827 px（受内容最小宽度钳制时如实留痕）
[ird-ui-plugin] [central-guard] 保留量未达成：中央 18 px < 320 px（本插件 Dock 已收缩到各自下限；窗口物理宽度不足，不再对抗用户）
[ird-ui-smoke-mtour] started
[ird-ui-smoke-mtour] step 1 create-open-project
[ird-ui-plugin] 项目已打开：C:/Users/zgl18/AppData/Local/Temp/ird-mtour-demo-cegfTq（可写：是）
[ird-ui-smoke-mtour] pass step1 project-opened
[ird-ui-smoke-mtour] pass step1 modeling-panel-present
[ird-ui-smoke-mtour] snap mtour-1-panel.png
[ird-ui-smoke-mtour] step 2 new-from-template-generic6r
[ird-ui-smoke-mtour] pass step2 template-cmd-present
[ird-ui-smoke-mtour] pass step2 reseed-generic6r (cur=已从模板重建草稿（generic-6r）——未应用编辑已清空)
[ird-ui-smoke-mtour] snap mtour-2-reseeded.png
[ird-ui-smoke-mtour] step 3 joint-origin-edit
[ird-ui-smoke-mtour] pass step3 struct-tree-present
[ird-ui-smoke-mtour] pass step3 j1-row-found
[ird-ui-smoke-mtour] pass step3 edit-host-present
[ird-ui-smoke-mtour] pass step3 edit-table-present
[ird-ui-smoke-mtour] pass step3 origin-rows-set
[ird-ui-smoke-mtour] pass step3 apply-confirm-present
[ird-ui-smoke-mtour] pass step3 origin-applied (cur=已应用：joints[0])
[ird-ui-smoke-mtour] snap mtour-3-origin-edit.png
[ird-ui-smoke-mtour] step 4 structure-add-joint
[ird-ui-smoke-mtour] pass step4 struct-add-present
[ird-ui-smoke-mtour] pass step4 joint-added (cur=7 before=6)
[ird-ui-smoke-mtour] snap mtour-4-structure.png
[ird-ui-smoke-mtour] step 5 modeling-draft-apply
[ird-ui-smoke-mtour] pass step5 modeling-apply-entry-present
[ird-ui-smoke-mtour] step5 outcome=1 committed=0 rej=[submit-failed: mdl: ④策略端口未装配（装配缺陷）] rev=[]
[ird-ui-smoke-mtour] pass step5 modeling-apply (committed=false known-deployment-gap=true)
[ird-ui-smoke-mtour] pass step5 undo-unavailable-under-known-gap (F-524)
[ird-ui-smoke-mtour] snap mtour-5-applied.png
[ird-ui-smoke-mtour] pass step6 export-cmd-present
[ird-ui-smoke-mtour] pass step6 irdbundle-exists (path=D:\10_Source_Repos\21_robot\RobWork\RobWork\doc\industrial-robot-design\traceability\builds\ui-t71\smoke-tour-modeling/mtour-export.irdbundle)
[ird-ui-smoke-mtour] snap mtour-6-exported.png
