ACC_PYTHON313_CHECK=True
ACC_VCPKG_DIR_PRESENT(expect False)=False
ACC_MAIN_VCPKG_TOOLCHAIN_PRESENT(expect True)=True
ACC_START_ISO=2026-10-10T08:49:29.9777534+08:00
CMake Warning (dev) at RobWork/cmake/RobWorkMacros.cmake:497 (install):
  Policy CMP0177 is not set: install() DESTINATION paths are normalized.  Run
  "cmake --help-policy CMP0177" for policy details.  Use the cmake_policy
  command to set the policy and suppress this warning.
Call Stack (most recent call first):
  RobWork/ext/csgjs/src/CMakeLists.txt:13 (rw_add_includes)
This warning is for project developers.  Use -Wno-dev to suppress it.

CMake Warning (dev) at D:/10_Source_Repos/21_robot/RobWork/vcpkg/scripts/buildsystems/vcpkg.cmake:939 (_find_package):
  Policy CMP0148 is not set: The FindPythonInterp and FindPythonLibs modules
  are removed.  Run "cmake --help-policy CMP0148" for policy details.  Use
  the cmake_policy command to set the policy and suppress this warning.

Call Stack (most recent call first):
  RobWorkStudio/cmake/RobWorkStudioSetup.cmake:50 (find_package)
  RobWorkStudio/CMakeLists.txt:89 (include)
This warning is for project developers.  Use -Wno-dev to suppress it.

CMake Warning (dev) at D:/10_Source_Repos/21_robot/RobWork/vcpkg/scripts/buildsystems/vcpkg.cmake:939 (_find_package):
  Policy CMP0148 is not set: The FindPythonInterp and FindPythonLibs modules
  are removed.  Run "cmake --help-policy CMP0148" for policy details.  Use
  the cmake_policy command to set the policy and suppress this warning.

Call Stack (most recent call first):
  RobWorkStudio/cmake/RobWorkStudioSetup.cmake:51 (find_package)
  RobWorkStudio/CMakeLists.txt:89 (include)
This warning is for project developers.  Use -Wno-dev to suppress it.

CMake Warning (dev) at RobWorkStudio/ext/qtpropertybrowser/CMakeLists.txt:66 (install):
  Policy CMP0177 is not set: install() DESTINATION paths are normalized.  Run
  "cmake --help-policy CMP0177" for policy details.  Use the cmake_policy
  command to set the policy and suppress this warning.
This warning is for project developers.  Use -Wno-dev to suppress it.

CMake Deprecation Warning at RobWorkStudio/ext/QCodeEditor/CMakeLists.txt:1 (cmake_minimum_required):
  Compatibility with CMake < 3.10 will be removed from a future version of
  CMake.

  Update the VERSION argument <min> value.  Or, use the <min>...<max> syntax
  to tell CMake that the project requires at least <min> but has been updated
  to work with policies introduced by <max> or earlier.


CMake Warning (dev) at D:/10_Source_Repos/21_robot/RobWork/vcpkg/scripts/buildsystems/vcpkg.cmake:939 (_find_package):
  Policy CMP0148 is not set: The FindPythonInterp and FindPythonLibs modules
  are removed.  Run "cmake --help-policy CMP0148" for policy details.  Use
  the cmake_policy command to set the policy and suppress this warning.

Call Stack (most recent call first):
  RobWorkSim/cmake/RobWorkSimSetup.cmake:34 (find_package)
  RobWorkSim/CMakeLists.txt:71 (include)
This warning is for project developers.  Use -Wno-dev to suppress it.

CMake Warning (dev) at D:/10_Source_Repos/21_robot/RobWork/vcpkg/scripts/buildsystems/vcpkg.cmake:939 (_find_package):
  Policy CMP0148 is not set: The FindPythonInterp and FindPythonLibs modules
  are removed.  Run "cmake --help-policy CMP0148" for policy details.  Use
  the cmake_policy command to set the policy and suppress this warning.

Call Stack (most recent call first):
  RobWorkSim/cmake/RobWorkSimSetup.cmake:35 (find_package)
  RobWorkSim/CMakeLists.txt:71 (include)
This warning is for project developers.  Use -Wno-dev to suppress it.

CMake Warning (dev) at D:/10_Source_Repos/21_robot/RobWork/vcpkg/scripts/buildsystems/vcpkg.cmake:939 (_find_package):
  Policy CMP0148 is not set: The FindPythonInterp and FindPythonLibs modules
  are removed.  Run "cmake --help-policy CMP0148" for policy details.  Use
  the cmake_policy command to set the policy and suppress this warning.

Call Stack (most recent call first):
  RobWorkSim/cmake/RobWorkSimSetup.cmake:41 (find_package)
  RobWorkSim/CMakeLists.txt:71 (include)
This warning is for project developers.  Use -Wno-dev to suppress it.

  -> PASS
  [ird_gates] 鑷祴 fail_t2锛氭寜棰勬湡妫€鍑?IRD-GATE-T2
  ==============================================================
  [ird_gates] 鎵弿鏍癸細C:/Users/zgl18/AppData/Local/Temp/acc-gtp-repro/RobWork/RobWorkStudio/src/rwslibs/industrialrobot
  [ird_gates] 鍏ㄩ儴妫€鏌ラ€氳繃锛歊-1/R-2/R-3/R-4/R-5/T-1/T-2/SUB/GRAPH/LIB/SA02 闆跺懡涓?==============================================================
  Building Custom Rule C:/Users/zgl18/AppData/Local/Temp/acc-gtp-repro/RobWork/RobWorkStudio/src/rwslibs/industrialrobot/CMakeLists.txt
  -> PASS
  -> PASS
  D:\10_Source_Repos\21_robot\RobWork\vcpkg\installed\x64-windows\bin\gtest_main.dll -> C:\Users\zgl18\AppData\Local\Temp\acc-gtp-repro\build\RobWorkStudio\bin\Release\gtest_main.dll done
  D:\10_Source_Repos\21_robot\RobWork\vcpkg\installed\x64-windows\bin\gtest.dll -> C:\Users\zgl18\AppData\Local\Temp\acc-gtp-repro\build\RobWorkStudio\bin\Release\gtest.dll done

100% tests passed, 0 tests failed out of 1

Total Test time (real) =   1.10 sec
  -> PASS
  mocs_compilation_Release.cpp
  sdurws_ird_diagnostics_contract_test.vcxproj -> C:\Users\zgl18\AppData\Local\Temp\acc-gtp-repro\build\RobWorkStudio\bin\Release\sdurws_ird_diagnostics_contract_test.exe

100% tests passed, 0 tests failed out of 1

Total Test time (real) =   0.29 sec
  -> PASS
  mocs_compilation_Release.cpp
  sdurws_ird_diagnostics_test.vcxproj -> C:\Users\zgl18\AppData\Local\Temp\acc-gtp-repro\build\RobWorkStudio\bin\Release\sdurws_ird_diagnostics_test.exe

100% tests passed, 0 tests failed out of 1

Total Test time (real) =   0.76 sec
  -> PASS
  mocs_compilation_Release.cpp
  sdurws_ird_drivetrain_contract_test.vcxproj -> C:\Users\zgl18\AppData\Local\Temp\acc-gtp-repro\build\RobWorkStudio\bin\Release\sdurws_ird_drivetrain_contract_test.exe
Label Time Summary:
ird    =   0.28 sec*proc (1 test)

Total Test time (real) =   0.29 sec
  -> PASS
  mocs_compilation_Release.cpp
  sdurws_ird_drivetrain_test.vcxproj -> C:\Users\zgl18\AppData\Local\Temp\acc-gtp-repro\build\RobWorkStudio\bin\Release\sdurws_ird_drivetrain_test.exe
Label Time Summary:
ird    =   0.24 sec*proc (1 test)

Total Test time (real) =   0.24 sec
  -> PASS
  mocs_compilation_Release.cpp
  sdurws_ird_dynamics_contract_test.vcxproj -> C:\Users\zgl18\AppData\Local\Temp\acc-gtp-repro\build\RobWorkStudio\bin\Release\sdurws_ird_dynamics_contract_test.exe
Label Time Summary:
ird    =   0.39 sec*proc (1 test)

Total Test time (real) =   0.40 sec
  -> PASS
  mocs_compilation_Release.cpp
  sdurws_ird_dynamics_test.vcxproj -> C:\Users\zgl18\AppData\Local\Temp\acc-gtp-repro\build\RobWorkStudio\bin\Release\sdurws_ird_dynamics_test.exe
Label Time Summary:
ird    =   0.38 sec*proc (1 test)

Total Test time (real) =   0.38 sec
  -> PASS
  mocs_compilation_Release.cpp
  sdurws_ird_evidence_contract_test.vcxproj -> C:\Users\zgl18\AppData\Local\Temp\acc-gtp-repro\build\RobWorkStudio\bin\Release\sdurws_ird_evidence_contract_test.exe

100% tests passed, 0 tests failed out of 1

Total Test time (real) =   0.42 sec
  -> PASS
  mocs_compilation_Release.cpp
  sdurws_ird_evidence_test.vcxproj -> C:\Users\zgl18\AppData\Local\Temp\acc-gtp-repro\build\RobWorkStudio\bin\Release\sdurws_ird_evidence_test.exe

100% tests passed, 0 tests failed out of 1

Total Test time (real) =   0.27 sec
  -> PASS
C:\Users\zgl18\AppData\Local\Temp\acc-gtp-repro\RobWork\RobWorkStudio\src\rwslibs\industrialrobot\execution\contract_test\ArchiveFaultContractTest.cpp(718,26): warning C4834: 放弃具有 [[nodiscard]] 属性的函数的返回值 [C:\Users\zgl18\AppData\Local\Temp\acc-gtp-repro\build\RobWorkStudio\src\rwslibs\industrialrobot\execution\sdurws_ird_execution_contract_test.vcxproj]
  sdurws_ird_execution_contract_test.vcxproj -> C:\Users\zgl18\AppData\Local\Temp\acc-gtp-repro\build\RobWorkStudio\bin\Release\sdurws_ird_execution_contract_test.exe

100% tests passed, 0 tests failed out of 1

Total Test time (real) =   3.75 sec
  -> PASS
C:\Users\zgl18\AppData\Local\Temp\acc-gtp-repro\RobWork\RobWorkStudio\src\rwslibs\industrialrobot\execution\test\RunRegistryAdmissionTest.cpp(1258,26): warning C4834: 放弃具有 [[nodiscard]] 属性的函数的返回值 [C:\Users\zgl18\AppData\Local\Temp\acc-gtp-repro\build\RobWorkStudio\src\rwslibs\industrialrobot\execution\sdurws_ird_execution_test.vcxproj]
  sdurws_ird_execution_test.vcxproj -> C:\Users\zgl18\AppData\Local\Temp\acc-gtp-repro\build\RobWorkStudio\bin\Release\sdurws_ird_execution_test.exe

100% tests passed, 0 tests failed out of 1

Total Test time (real) =   2.45 sec
  -> PASS
  D:\10_Source_Repos\21_robot\RobWork\vcpkg\installed\x64-windows\bin\bz2.dll -> C:\Users\zgl18\AppData\Local\Temp\acc-gtp-repro\build\RobWorkStudio\bin\Release\bz2.dll done
  D:\10_Source_Repos\21_robot\RobWork\vcpkg\installed\x64-windows\bin\z.dll -> C:\Users\zgl18\AppData\Local\Temp\acc-gtp-repro\build\RobWorkStudio\bin\Release\z.dll done

100% tests passed, 0 tests failed out of 1

Total Test time (real) =   0.80 sec
  -> PASS
  mocs_compilation_Release.cpp
  sdurws_ird_io_test.vcxproj -> C:\Users\zgl18\AppData\Local\Temp\acc-gtp-repro\build\RobWorkStudio\bin\Release\sdurws_ird_io_test.exe

100% tests passed, 0 tests failed out of 1

Total Test time (real) =   2.42 sec
  -> PASS
  mocs_compilation_Release.cpp
  sdurws_ird_kinematics_contract_test.vcxproj -> C:\Users\zgl18\AppData\Local\Temp\acc-gtp-repro\build\RobWorkStudio\bin\Release\sdurws_ird_kinematics_contract_test.exe
Label Time Summary:
ird    =   0.16 sec*proc (1 test)

Total Test time (real) =   0.16 sec
  -> PASS
  
  sdurws_ird_kinematics_test.vcxproj -> C:\Users\zgl18\AppData\Local\Temp\acc-gtp-repro\build\RobWorkStudio\bin\Release\sdurws_ird_kinematics_test.exe
Label Time Summary:
ird    =  12.50 sec*proc (1 test)

Total Test time (real) =  12.50 sec
  -> PASS
  sdurws_ird_modeling_contract_test.vcxproj -> C:\Users\zgl18\AppData\Local\Temp\acc-gtp-repro\build\RobWorkStudio\bin\Release\sdurws_ird_modeling_contract_test.exe
  D:\10_Source_Repos\21_robot\RobWork\vcpkg\installed\x64-windows\bin\pugixml.dll -> C:\Users\zgl18\AppData\Local\Temp\acc-gtp-repro\build\RobWorkStudio\bin\Release\pugixml.dll done
Label Time Summary:
ird    =   0.31 sec*proc (1 test)

Total Test time (real) =   0.32 sec
  -> PASS
C:\Users\zgl18\AppData\Local\Temp\acc-gtp-repro\RobWork\RobWorkStudio\src\rwslibs\industrialrobot\modeling\gui_test\ModelingPanelGuiTest.cpp(869,31): warning C4018: “<”: 有符号/无符号不匹配 [C:\Users\zgl18\AppData\Local\Temp\acc-gtp-repro\build\RobWorkStudio\src\rwslibs\industrialrobot\modeling\sdurws_ird_modeling_gui_test.vcxproj]
  sdurws_ird_modeling_gui_test.vcxproj -> C:\Users\zgl18\AppData\Local\Temp\acc-gtp-repro\build\RobWorkStudio\bin\Release\sdurws_ird_modeling_gui_test.exe
Label Time Summary:
ird_gui    =   1.62 sec*proc (1 test)

Total Test time (real) =   1.62 sec
  -> PASS
  D:\10_Source_Repos\21_robot\RobWork\vcpkg\installed\x64-windows\bin\xerces-c_3_3.dll -> C:\Users\zgl18\AppData\Local\Temp\acc-gtp-repro\build\RobWorkStudio\bin\Release\xerces-c_3_3.dll done
  D:\10_Source_Repos\21_robot\RobWork\vcpkg\installed\x64-windows\bin\freeglut.dll -> C:\Users\zgl18\AppData\Local\Temp\acc-gtp-repro\build\RobWorkStudio\bin\Release\freeglut.dll done
Label Time Summary:
ird    =   1.80 sec*proc (1 test)

Total Test time (real) =   1.81 sec
  -> PASS
  mocs_compilation_Release.cpp
  sdurws_ird_optimization_contract_test.vcxproj -> C:\Users\zgl18\AppData\Local\Temp\acc-gtp-repro\build\RobWorkStudio\bin\Release\sdurws_ird_optimization_contract_test.exe
Label Time Summary:
ird    =   1.63 sec*proc (1 test)

Total Test time (real) =   1.63 sec
  -> PASS
  mocs_compilation_Release.cpp
  sdurws_ird_optimization_test.vcxproj -> C:\Users\zgl18\AppData\Local\Temp\acc-gtp-repro\build\RobWorkStudio\bin\Release\sdurws_ird_optimization_test.exe
Label Time Summary:
ird    =   0.27 sec*proc (1 test)

Total Test time (real) =   0.27 sec
  -> PASS
  
  sdurws_ird_policy_contract_test.vcxproj -> C:\Users\zgl18\AppData\Local\Temp\acc-gtp-repro\build\RobWorkStudio\bin\Release\sdurws_ird_policy_contract_test.exe

100% tests passed, 0 tests failed out of 1

Total Test time (real) =   0.81 sec
  -> PASS
  
  sdurws_ird_policy_test.vcxproj -> C:\Users\zgl18\AppData\Local\Temp\acc-gtp-repro\build\RobWorkStudio\bin\Release\sdurws_ird_policy_test.exe

100% tests passed, 0 tests failed out of 1

Total Test time (real) =   0.73 sec
  -> PASS
  
  sdurws_ird_project_contract_test.vcxproj -> C:\Users\zgl18\AppData\Local\Temp\acc-gtp-repro\build\RobWorkStudio\bin\Release\sdurws_ird_project_contract_test.exe

100% tests passed, 0 tests failed out of 1

Total Test time (real) =   8.08 sec
  -> PASS
C:\Users\zgl18\AppData\Local\Temp\acc-gtp-repro\RobWork\RobWorkStudio\src\rwslibs\industrialrobot\project\test\DraftServiceTest.cpp(1048,5): warning C4834: 放弃具有 [[nodiscard]] 属性的函数的返回值 [C:\Users\zgl18\AppData\Local\Temp\acc-gtp-repro\build\RobWorkStudio\src\rwslibs\industrialrobot\project\sdurws_ird_project_test.vcxproj]
  sdurws_ird_project_test.vcxproj -> C:\Users\zgl18\AppData\Local\Temp\acc-gtp-repro\build\RobWorkStudio\bin\Release\sdurws_ird_project_test.exe

100% tests passed, 0 tests failed out of 1

Total Test time (real) =  15.42 sec
  -> PASS
  mocs_compilation_Release.cpp
  sdurws_ird_reporting_contract_test.vcxproj -> C:\Users\zgl18\AppData\Local\Temp\acc-gtp-repro\build\RobWorkStudio\bin\Release\sdurws_ird_reporting_contract_test.exe

100% tests passed, 0 tests failed out of 1

Total Test time (real) =   0.30 sec
  -> PASS
  mocs_compilation_Release.cpp
  sdurws_ird_reporting_test.vcxproj -> C:\Users\zgl18\AppData\Local\Temp\acc-gtp-repro\build\RobWorkStudio\bin\Release\sdurws_ird_reporting_test.exe

100% tests passed, 0 tests failed out of 1

Total Test time (real) =   0.56 sec
  -> PASS
  mocs_compilation_Release.cpp
  sdurws_ird_requirements_contract_test.vcxproj -> C:\Users\zgl18\AppData\Local\Temp\acc-gtp-repro\build\RobWorkStudio\bin\Release\sdurws_ird_requirements_contract_test.exe
Label Time Summary:
ird    =   0.37 sec*proc (1 test)

Total Test time (real) =   0.37 sec
  -> PASS
  
  sdurws_ird_requirements_gui_test.vcxproj -> C:\Users\zgl18\AppData\Local\Temp\acc-gtp-repro\build\RobWorkStudio\bin\Release\sdurws_ird_requirements_gui_test.exe
Label Time Summary:
ird_gui    =   1.89 sec*proc (1 test)

Total Test time (real) =   1.89 sec
  -> PASS
  mocs_compilation_Release.cpp
  sdurws_ird_requirements_test.vcxproj -> C:\Users\zgl18\AppData\Local\Temp\acc-gtp-repro\build\RobWorkStudio\bin\Release\sdurws_ird_requirements_test.exe
Label Time Summary:
ird    =   0.50 sec*proc (1 test)

Total Test time (real) =   0.51 sec
  -> PASS
  
  sdurws_ird_runtime_test.vcxproj -> C:\Users\zgl18\AppData\Local\Temp\acc-gtp-repro\build\RobWorkStudio\bin\Release\sdurws_ird_runtime_test.exe
Label Time Summary:
ird    =   1.64 sec*proc (1 test)

Total Test time (real) =   1.64 sec
  -> PASS
  mocs_compilation_Release.cpp
  sdurws_ird_selection_contract_test.vcxproj -> C:\Users\zgl18\AppData\Local\Temp\acc-gtp-repro\build\RobWorkStudio\bin\Release\sdurws_ird_selection_contract_test.exe
Label Time Summary:
ird    =   0.56 sec*proc (1 test)

Total Test time (real) =   0.57 sec
  -> PASS
  mocs_compilation_Release.cpp
  sdurws_ird_selection_test.vcxproj -> C:\Users\zgl18\AppData\Local\Temp\acc-gtp-repro\build\RobWorkStudio\bin\Release\sdurws_ird_selection_test.exe
Label Time Summary:
ird    =   0.25 sec*proc (1 test)

Total Test time (real) =   0.25 sec
  -> PASS
C:\Users\zgl18\AppData\Local\Temp\acc-gtp-repro\RobWork\RobWorkStudio\src\rwslibs\industrialrobot\testkit\test\ProcessRunnerTest.cpp(418,5): warning C4129: “d：: 不可识别的字符转义序列 [C:\Users\zgl18\AppData\Local\Temp\acc-gtp-repro\build\RobWorkStudio\src\rwslibs\industrialrobot\testkit\sdurws_ird_testkit_test.vcxproj]
  sdurws_ird_testkit_test.vcxproj -> C:\Users\zgl18\AppData\Local\Temp\acc-gtp-repro\build\RobWorkStudio\bin\Release\sdurws_ird_testkit_test.exe

The following tests FAILED:
	  1 - sdurws_ird_testkit_test (Failed)
Errors while running CTest
  -> FAIL : ctest 失败（退出码 8）
  mocs_compilation_Release.cpp
  sdurws_ird_trajectory_contract_test.vcxproj -> C:\Users\zgl18\AppData\Local\Temp\acc-gtp-repro\build\RobWorkStudio\bin\Release\sdurws_ird_trajectory_contract_test.exe
Label Time Summary:
ird    =   0.59 sec*proc (1 test)

Total Test time (real) =   0.60 sec
  -> PASS
  mocs_compilation_Release.cpp
  sdurws_ird_trajectory_test.vcxproj -> C:\Users\zgl18\AppData\Local\Temp\acc-gtp-repro\build\RobWorkStudio\bin\Release\sdurws_ird_trajectory_test.exe
Label Time Summary:
ird    =   0.92 sec*proc (1 test)

Total Test time (real) =   0.93 sec
  -> PASS
  mocs_compilation_Release.cpp
  sdurws_ird_ui_contract_test.vcxproj -> C:\Users\zgl18\AppData\Local\Temp\acc-gtp-repro\build\RobWorkStudio\bin\Release\sdurws_ird_ui_contract_test.exe
Label Time Summary:
ird    =   0.47 sec*proc (1 test)

Total Test time (real) =   0.47 sec
  -> PASS
C:\Users\zgl18\AppData\Local\Temp\acc-gtp-repro\RobWork\RobWorkStudio\src\rwslibs\industrialrobot\ui\gui_test\CommandPaletteGuiTest.cpp(172,23): warning C4996: 'QApplication::setActiveWindow': Use QWidget::activateWindow() instead. [C:\Users\zgl18\AppData\Local\Temp\acc-gtp-repro\build\RobWorkStudio\src\rwslibs\industrialrobot\ui\sdurws_ird_ui_gui_test.vcxproj]
  sdurws_ird_ui_gui_test.vcxproj -> C:\Users\zgl18\AppData\Local\Temp\acc-gtp-repro\build\RobWorkStudio\bin\Release\sdurws_ird_ui_gui_test.exe
Label Time Summary:
ird_gui    =   6.29 sec*proc (1 test)

Total Test time (real) =   6.30 sec
  -> PASS
  mocs_compilation_Release.cpp
  sdurws_ird_ui_test.vcxproj -> C:\Users\zgl18\AppData\Local\Temp\acc-gtp-repro\build\RobWorkStudio\bin\Release\sdurws_ird_ui_test.exe
Label Time Summary:
ird    =   3.13 sec*proc (1 test)

Total Test time (real) =   3.14 sec
  -> PASS
C:\Users\zgl18\AppData\Local\Temp\acc-gtp-repro\RobWork\RobWorkStudio\src\rwslibs\industrialrobot\workflow\contract_test\LifeCycleMainlineContractTest.cpp(911,32): warning C4834: 放弃具有 [[nodiscard]] 属性的函数的返回值 [C:\Users\zgl18\AppData\Local\Temp\acc-gtp-repro\build\RobWorkStudio\src\rwslibs\industrialrobot\workflow\sdurws_ird_workflow_contract_test.vcxproj]
  sdurws_ird_workflow_contract_test.vcxproj -> C:\Users\zgl18\AppData\Local\Temp\acc-gtp-repro\build\RobWorkStudio\bin\Release\sdurws_ird_workflow_contract_test.exe
Label Time Summary:
ird    =   4.47 sec*proc (1 test)

Total Test time (real) =   4.48 sec
  -> PASS
  mocs_compilation_Release.cpp
  sdurws_ird_workflow_test.vcxproj -> C:\Users\zgl18\AppData\Local\Temp\acc-gtp-repro\build\RobWorkStudio\bin\Release\sdurws_ird_workflow_test.exe
Label Time Summary:
ird    =   0.28 sec*proc (1 test)

Total Test time (real) =   0.29 sec
  -> PASS
  -> PASS
  -> PASS
  D:\10_Source_Repos\21_robot\RobWork\vcpkg\installed\x64-windows\bin\gtest_main.dll -> C:\Users\zgl18\AppData\Local\Temp\acc-gtp-repro\smoke\core\Release\gtest_main.dll done
  D:\10_Source_Repos\21_robot\RobWork\vcpkg\installed\x64-windows\bin\gtest.dll -> C:\Users\zgl18\AppData\Local\Temp\acc-gtp-repro\smoke\core\Release\gtest.dll done

100% tests passed, 0 tests failed out of 1

Total Test time (real) =   0.42 sec
  -> PASS
  D:\10_Source_Repos\21_robot\RobWork\vcpkg\installed\x64-windows\bin\gtest_main.dll -> C:\Users\zgl18\AppData\Local\Temp\acc-gtp-repro\smoke\diagnostics\Release\gtest_main.dll done
  D:\10_Source_Repos\21_robot\RobWork\vcpkg\installed\x64-windows\bin\gtest.dll -> C:\Users\zgl18\AppData\Local\Temp\acc-gtp-repro\smoke\diagnostics\Release\gtest.dll done

100% tests passed, 0 tests failed out of 1

Total Test time (real) =   0.17 sec
  -> PASS
  正在生成代码...
  sdurws_ird_diagnostics_test.vcxproj -> C:\Users\zgl18\AppData\Local\Temp\acc-gtp-repro\smoke\diagnostics\Release\sdurws_ird_diagnostics_test.exe

100% tests passed, 0 tests failed out of 1

Total Test time (real) =   0.73 sec
  -> PASS
  sdurws_ird_drivetrain_contract_test.vcxproj -> C:\Users\zgl18\AppData\Local\Temp\acc-gtp-repro\smoke\drivetrain\Release\sdurws_ird_drivetrain_contract_test.exe
  D:\10_Source_Repos\21_robot\RobWork\vcpkg\installed\x64-windows\bin\gtest.dll -> C:\Users\zgl18\AppData\Local\Temp\acc-gtp-repro\smoke\drivetrain\Release\gtest.dll done
Label Time Summary:
ird    =   0.22 sec*proc (1 test)

Total Test time (real) =   0.22 sec
  -> PASS
  正在生成代码...
  sdurws_ird_drivetrain_test.vcxproj -> C:\Users\zgl18\AppData\Local\Temp\acc-gtp-repro\smoke\drivetrain\Release\sdurws_ird_drivetrain_test.exe
Label Time Summary:
ird    =   0.13 sec*proc (1 test)

Total Test time (real) =   0.13 sec
  -> PASS
  sdurws_ird_dynamics_contract_test.vcxproj -> C:\Users\zgl18\AppData\Local\Temp\acc-gtp-repro\smoke\dynamics\Release\sdurws_ird_dynamics_contract_test.exe
  D:\10_Source_Repos\21_robot\RobWork\vcpkg\installed\x64-windows\bin\gtest.dll -> C:\Users\zgl18\AppData\Local\Temp\acc-gtp-repro\smoke\dynamics\Release\gtest.dll done
Label Time Summary:
ird    =   0.25 sec*proc (1 test)

Total Test time (real) =   0.25 sec
  -> PASS
  正在生成代码...
  sdurws_ird_dynamics_test.vcxproj -> C:\Users\zgl18\AppData\Local\Temp\acc-gtp-repro\smoke\dynamics\Release\sdurws_ird_dynamics_test.exe
Label Time Summary:
ird    =   0.38 sec*proc (1 test)

Total Test time (real) =   0.40 sec
  -> PASS
  D:\10_Source_Repos\21_robot\RobWork\vcpkg\installed\x64-windows\bin\gtest_main.dll -> C:\Users\zgl18\AppData\Local\Temp\acc-gtp-repro\smoke\evidence\Release\gtest_main.dll done
  D:\10_Source_Repos\21_robot\RobWork\vcpkg\installed\x64-windows\bin\gtest.dll -> C:\Users\zgl18\AppData\Local\Temp\acc-gtp-repro\smoke\evidence\Release\gtest.dll done

100% tests passed, 0 tests failed out of 1

Total Test time (real) =   0.21 sec
  -> PASS
  正在生成代码...
  sdurws_ird_evidence_test.vcxproj -> C:\Users\zgl18\AppData\Local\Temp\acc-gtp-repro\smoke\evidence\Release\sdurws_ird_evidence_test.exe

100% tests passed, 0 tests failed out of 1

Total Test time (real) =   0.21 sec
  -> PASS
  sdurws_ird_execution_contract_test.vcxproj -> C:\Users\zgl18\AppData\Local\Temp\acc-gtp-repro\smoke\execution\Release\sdurws_ird_execution_contract_test.exe
  D:\10_Source_Repos\21_robot\RobWork\vcpkg\installed\x64-windows\bin\gtest.dll -> C:\Users\zgl18\AppData\Local\Temp\acc-gtp-repro\smoke\execution\Release\gtest.dll done

100% tests passed, 0 tests failed out of 1

Total Test time (real) =   3.49 sec
  -> PASS
  正在生成代码...
  sdurws_ird_execution_test.vcxproj -> C:\Users\zgl18\AppData\Local\Temp\acc-gtp-repro\smoke\execution\Release\sdurws_ird_execution_test.exe

100% tests passed, 0 tests failed out of 1

Total Test time (real) =   2.47 sec
  -> PASS
  D:\10_Source_Repos\21_robot\RobWork\vcpkg\installed\x64-windows\bin\bz2.dll -> C:\Users\zgl18\AppData\Local\Temp\acc-gtp-repro\smoke\io\Release\bz2.dll done
  D:\10_Source_Repos\21_robot\RobWork\vcpkg\installed\x64-windows\bin\z.dll -> C:\Users\zgl18\AppData\Local\Temp\acc-gtp-repro\smoke\io\Release\z.dll done

100% tests passed, 0 tests failed out of 1

Total Test time (real) =   1.10 sec
  -> PASS
  正在生成代码...
  sdurws_ird_io_test.vcxproj -> C:\Users\zgl18\AppData\Local\Temp\acc-gtp-repro\smoke\io\Release\sdurws_ird_io_test.exe

100% tests passed, 0 tests failed out of 1

Total Test time (real) =   1.73 sec
  -> PASS
  sdurws_ird_kinematics_contract_test.vcxproj -> C:\Users\zgl18\AppData\Local\Temp\acc-gtp-repro\smoke\kinematics\Release\sdurws_ird_kinematics_contract_test.exe
  D:\10_Source_Repos\21_robot\RobWork\vcpkg\installed\x64-windows\bin\gtest.dll -> C:\Users\zgl18\AppData\Local\Temp\acc-gtp-repro\smoke\kinematics\Release\gtest.dll done
Label Time Summary:
ird    =   0.25 sec*proc (1 test)

Total Test time (real) =   0.25 sec
  -> PASS
  正在生成代码...
  sdurws_ird_kinematics_test.vcxproj -> C:\Users\zgl18\AppData\Local\Temp\acc-gtp-repro\smoke\kinematics\Release\sdurws_ird_kinematics_test.exe
Label Time Summary:
ird    =  11.36 sec*proc (1 test)

Total Test time (real) =  11.37 sec
  -> PASS
  sdurws_ird_modeling_contract_test.vcxproj -> C:\Users\zgl18\AppData\Local\Temp\acc-gtp-repro\smoke\modeling\Release\sdurws_ird_modeling_contract_test.exe
  D:\10_Source_Repos\21_robot\RobWork\vcpkg\installed\x64-windows\bin\gtest.dll -> C:\Users\zgl18\AppData\Local\Temp\acc-gtp-repro\smoke\modeling\Release\gtest.dll done
Label Time Summary:
ird    =   0.24 sec*proc (1 test)

Total Test time (real) =   0.24 sec
  -> PASS
  正在生成代码...
  sdurws_ird_modeling_gui_test.vcxproj -> C:\Users\zgl18\AppData\Local\Temp\acc-gtp-repro\smoke\modeling\Release\sdurws_ird_modeling_gui_test.exe
Label Time Summary:
ird_gui    =   1.54 sec*proc (1 test)

Total Test time (real) =   1.55 sec
  -> PASS
  D:\10_Source_Repos\21_robot\RobWork\vcpkg\installed\x64-windows\bin\bz2.dll -> C:\Users\zgl18\AppData\Local\Temp\acc-gtp-repro\smoke\modeling\Release\bz2.dll done
  D:\10_Source_Repos\21_robot\RobWork\vcpkg\installed\x64-windows\bin\z.dll -> C:\Users\zgl18\AppData\Local\Temp\acc-gtp-repro\smoke\modeling\Release\z.dll done
Label Time Summary:
ird    =   0.64 sec*proc (1 test)

Total Test time (real) =   0.64 sec
  -> PASS
  sdurws_ird_optimization_contract_test.vcxproj -> C:\Users\zgl18\AppData\Local\Temp\acc-gtp-repro\smoke\optimization\Release\sdurws_ird_optimization_contract_test.exe
  D:\10_Source_Repos\21_robot\RobWork\vcpkg\installed\x64-windows\bin\gtest.dll -> C:\Users\zgl18\AppData\Local\Temp\acc-gtp-repro\smoke\optimization\Release\gtest.dll done
Label Time Summary:
ird    =   1.91 sec*proc (1 test)

Total Test time (real) =   1.92 sec
  -> PASS
  正在生成代码...
  sdurws_ird_optimization_test.vcxproj -> C:\Users\zgl18\AppData\Local\Temp\acc-gtp-repro\smoke\optimization\Release\sdurws_ird_optimization_test.exe
Label Time Summary:
ird    =   0.36 sec*proc (1 test)

Total Test time (real) =   0.36 sec
  -> PASS
  D:\10_Source_Repos\21_robot\RobWork\vcpkg\installed\x64-windows\bin\gtest_main.dll -> C:\Users\zgl18\AppData\Local\Temp\acc-gtp-repro\smoke\policy\Release\gtest_main.dll done
  D:\10_Source_Repos\21_robot\RobWork\vcpkg\installed\x64-windows\bin\gtest.dll -> C:\Users\zgl18\AppData\Local\Temp\acc-gtp-repro\smoke\policy\Release\gtest.dll done

100% tests passed, 0 tests failed out of 1

Total Test time (real) =   0.24 sec
  -> PASS
  正在生成代码...
  sdurws_ird_policy_test.vcxproj -> C:\Users\zgl18\AppData\Local\Temp\acc-gtp-repro\smoke\policy\Release\sdurws_ird_policy_test.exe

100% tests passed, 0 tests failed out of 1

Total Test time (real) =   0.26 sec
  -> PASS
  sdurws_ird_project_contract_test.vcxproj -> C:\Users\zgl18\AppData\Local\Temp\acc-gtp-repro\smoke\project\Release\sdurws_ird_project_contract_test.exe
  D:\10_Source_Repos\21_robot\RobWork\vcpkg\installed\x64-windows\bin\gtest.dll -> C:\Users\zgl18\AppData\Local\Temp\acc-gtp-repro\smoke\project\Release\gtest.dll done

100% tests passed, 0 tests failed out of 1

Total Test time (real) =   7.89 sec
  -> PASS
  正在生成代码...
  sdurws_ird_project_test.vcxproj -> C:\Users\zgl18\AppData\Local\Temp\acc-gtp-repro\smoke\project\Release\sdurws_ird_project_test.exe

100% tests passed, 0 tests failed out of 1

Total Test time (real) =  12.99 sec
  -> PASS
  sdurws_ird_reporting_contract_test.vcxproj -> C:\Users\zgl18\AppData\Local\Temp\acc-gtp-repro\smoke\reporting\Release\sdurws_ird_reporting_contract_test.exe
  D:\10_Source_Repos\21_robot\RobWork\vcpkg\installed\x64-windows\bin\gtest.dll -> C:\Users\zgl18\AppData\Local\Temp\acc-gtp-repro\smoke\reporting\Release\gtest.dll done

100% tests passed, 0 tests failed out of 1

Total Test time (real) =   0.19 sec
  -> PASS
  正在生成代码...
  sdurws_ird_reporting_test.vcxproj -> C:\Users\zgl18\AppData\Local\Temp\acc-gtp-repro\smoke\reporting\Release\sdurws_ird_reporting_test.exe

100% tests passed, 0 tests failed out of 1

Total Test time (real) =   0.66 sec
  -> PASS
  sdurws_ird_requirements_contract_test.vcxproj -> C:\Users\zgl18\AppData\Local\Temp\acc-gtp-repro\smoke\requirements\Release\sdurws_ird_requirements_contract_test.exe
  D:\10_Source_Repos\21_robot\RobWork\vcpkg\installed\x64-windows\bin\gtest.dll -> C:\Users\zgl18\AppData\Local\Temp\acc-gtp-repro\smoke\requirements\Release\gtest.dll done
Label Time Summary:
ird    =   0.27 sec*proc (1 test)

Total Test time (real) =   0.27 sec
  -> PASS
  正在生成代码...
  sdurws_ird_requirements_gui_test.vcxproj -> C:\Users\zgl18\AppData\Local\Temp\acc-gtp-repro\smoke\requirements\Release\sdurws_ird_requirements_gui_test.exe
Label Time Summary:
ird_gui    =   1.89 sec*proc (1 test)

Total Test time (real) =   1.89 sec
  -> PASS
  正在生成代码...
  sdurws_ird_requirements_test.vcxproj -> C:\Users\zgl18\AppData\Local\Temp\acc-gtp-repro\smoke\requirements\Release\sdurws_ird_requirements_test.exe
Label Time Summary:
ird    =   0.45 sec*proc (1 test)

Total Test time (real) =   0.45 sec
  -> PASS
  D:\10_Source_Repos\21_robot\RobWork\vcpkg\installed\x64-windows\bin\gtest_main.dll -> C:\Users\zgl18\AppData\Local\Temp\acc-gtp-repro\smoke\runtime\Release\gtest_main.dll done
  D:\10_Source_Repos\21_robot\RobWork\vcpkg\installed\x64-windows\bin\gtest.dll -> C:\Users\zgl18\AppData\Local\Temp\acc-gtp-repro\smoke\runtime\Release\gtest.dll done
Label Time Summary:
ird    =   0.28 sec*proc (1 test)

Total Test time (real) =   0.29 sec
  -> PASS
  sdurws_ird_selection_contract_test.vcxproj -> C:\Users\zgl18\AppData\Local\Temp\acc-gtp-repro\smoke\selection\Release\sdurws_ird_selection_contract_test.exe
  D:\10_Source_Repos\21_robot\RobWork\vcpkg\installed\x64-windows\bin\gtest.dll -> C:\Users\zgl18\AppData\Local\Temp\acc-gtp-repro\smoke\selection\Release\gtest.dll done
Label Time Summary:
ird    =   0.28 sec*proc (1 test)

Total Test time (real) =   0.29 sec
  -> PASS
  正在生成代码...
  sdurws_ird_selection_test.vcxproj -> C:\Users\zgl18\AppData\Local\Temp\acc-gtp-repro\smoke\selection\Release\sdurws_ird_selection_test.exe
Label Time Summary:
ird    =   0.31 sec*proc (1 test)

Total Test time (real) =   0.31 sec
  -> PASS
  sdurws_ird_testkit_test.vcxproj -> C:\Users\zgl18\AppData\Local\Temp\acc-gtp-repro\smoke\testkit\Release\sdurws_ird_testkit_test.exe
  D:\10_Source_Repos\21_robot\RobWork\vcpkg\installed\x64-windows\bin\gtest.dll -> C:\Users\zgl18\AppData\Local\Temp\acc-gtp-repro\smoke\testkit\Release\gtest.dll done

100% tests passed, 0 tests failed out of 1

Total Test time (real) =   9.61 sec
  -> PASS
  sdurws_ird_trajectory_contract_test.vcxproj -> C:\Users\zgl18\AppData\Local\Temp\acc-gtp-repro\smoke\trajectory\Release\sdurws_ird_trajectory_contract_test.exe
  D:\10_Source_Repos\21_robot\RobWork\vcpkg\installed\x64-windows\bin\gtest.dll -> C:\Users\zgl18\AppData\Local\Temp\acc-gtp-repro\smoke\trajectory\Release\gtest.dll done
Label Time Summary:
ird    =   0.24 sec*proc (1 test)

Total Test time (real) =   0.24 sec
  -> PASS
  正在生成代码...
  sdurws_ird_trajectory_test.vcxproj -> C:\Users\zgl18\AppData\Local\Temp\acc-gtp-repro\smoke\trajectory\Release\sdurws_ird_trajectory_test.exe
Label Time Summary:
ird    =   0.23 sec*proc (1 test)

Total Test time (real) =   0.24 sec
  -> PASS
  sdurws_ird_ui_contract_test.vcxproj -> C:\Users\zgl18\AppData\Local\Temp\acc-gtp-repro\smoke\ui\Release\sdurws_ird_ui_contract_test.exe
  D:\10_Source_Repos\21_robot\RobWork\vcpkg\installed\x64-windows\bin\gtest.dll -> C:\Users\zgl18\AppData\Local\Temp\acc-gtp-repro\smoke\ui\Release\gtest.dll done
Label Time Summary:
ird    =   0.18 sec*proc (1 test)

Total Test time (real) =   0.18 sec
  -> PASS
  正在生成代码...
  sdurws_ird_ui_gui_test.vcxproj -> C:\Users\zgl18\AppData\Local\Temp\acc-gtp-repro\smoke\ui\Release\sdurws_ird_ui_gui_test.exe
Label Time Summary:
ird_gui    =   5.84 sec*proc (1 test)

Total Test time (real) =   5.84 sec
  -> PASS
  正在生成代码...
  sdurws_ird_ui_test.vcxproj -> C:\Users\zgl18\AppData\Local\Temp\acc-gtp-repro\smoke\ui\Release\sdurws_ird_ui_test.exe
Label Time Summary:
ird    =   1.81 sec*proc (1 test)

Total Test time (real) =   1.82 sec
  -> PASS
  D:\10_Source_Repos\21_robot\RobWork\vcpkg\installed\x64-windows\bin\bz2.dll -> C:\Users\zgl18\AppData\Local\Temp\acc-gtp-repro\smoke\workflow\Release\bz2.dll done
  D:\10_Source_Repos\21_robot\RobWork\vcpkg\installed\x64-windows\bin\z.dll -> C:\Users\zgl18\AppData\Local\Temp\acc-gtp-repro\smoke\workflow\Release\z.dll done
Label Time Summary:
ird    =   4.91 sec*proc (1 test)

Total Test time (real) =   4.92 sec
  -> PASS
  正在生成代码...
  sdurws_ird_workflow_test.vcxproj -> C:\Users\zgl18\AppData\Local\Temp\acc-gtp-repro\smoke\workflow\Release\sdurws_ird_workflow_test.exe
Label Time Summary:
ird    =   0.40 sec*proc (1 test)

Total Test time (real) =   0.41 sec
  -> PASS
冒烟现场保留: C:/Users/zgl18/AppData/Local/Temp/acc-gtp-repro/smoke

================ gate-all 汇总 ================
PASS  集成树配置（RWS_BUILD_INDUSTRIALROBOT=ON）
PASS  ird_gates（依赖红线/补丁门禁）
PASS  集成模式测试发现（40 个注册: sdurws_ird_core_test, sdurws_ird_diagnostics_contract_test, sdurws_ird_diagnostics_test, sdurws_ird_drivetrain_contract_test, sdurws_ird_drivetrain_test, sdurws_ird_dynamics_contract_test, sdurws_ird_dynamics_test, sdurws_ird_evidence_contract_test, sdurws_ird_evidence_test, sdurws_ird_execution_contract_test, sdurws_ird_execution_test, sdurws_ird_io_contract_test, sdurws_ird_io_test, sdurws_ird_kinematics_contract_test, sdurws_ird_kinematics_test, sdurws_ird_modeling_contract_test, sdurws_ird_modeling_gui_test, sdurws_ird_modeling_test, sdurws_ird_optimization_contract_test, sdurws_ird_optimization_test, sdurws_ird_policy_contract_test, sdurws_ird_policy_test, sdurws_ird_project_contract_test, sdurws_ird_project_test, sdurws_ird_reporting_contract_test, sdurws_ird_reporting_test, sdurws_ird_requirements_contract_test, sdurws_ird_requirements_gui_test, sdurws_ird_requirements_test, sdurws_ird_runtime_test, sdurws_ird_selection_contract_test, sdurws_ird_selection_test, sdurws_ird_testkit_test, sdurws_ird_trajectory_contract_test, sdurws_ird_trajectory_test, sdurws_ird_ui_contract_test, sdurws_ird_ui_gui_test, sdurws_ird_ui_test, sdurws_ird_workflow_contract_test, sdurws_ird_workflow_test）
PASS  集成测试 sdurws_ird_core_test
PASS  集成测试 sdurws_ird_diagnostics_contract_test
PASS  集成测试 sdurws_ird_diagnostics_test
PASS  集成测试 sdurws_ird_drivetrain_contract_test
PASS  集成测试 sdurws_ird_drivetrain_test
PASS  集成测试 sdurws_ird_dynamics_contract_test
PASS  集成测试 sdurws_ird_dynamics_test
PASS  集成测试 sdurws_ird_evidence_contract_test
PASS  集成测试 sdurws_ird_evidence_test
PASS  集成测试 sdurws_ird_execution_contract_test
PASS  集成测试 sdurws_ird_execution_test
PASS  集成测试 sdurws_ird_io_contract_test
PASS  集成测试 sdurws_ird_io_test
PASS  集成测试 sdurws_ird_kinematics_contract_test
PASS  集成测试 sdurws_ird_kinematics_test
PASS  集成测试 sdurws_ird_modeling_contract_test
PASS  集成测试 sdurws_ird_modeling_gui_test
PASS  集成测试 sdurws_ird_modeling_test
PASS  集成测试 sdurws_ird_optimization_contract_test
PASS  集成测试 sdurws_ird_optimization_test
PASS  集成测试 sdurws_ird_policy_contract_test
PASS  集成测试 sdurws_ird_policy_test
PASS  集成测试 sdurws_ird_project_contract_test
PASS  集成测试 sdurws_ird_project_test
PASS  集成测试 sdurws_ird_reporting_contract_test
PASS  集成测试 sdurws_ird_reporting_test
PASS  集成测试 sdurws_ird_requirements_contract_test
PASS  集成测试 sdurws_ird_requirements_gui_test
PASS  集成测试 sdurws_ird_requirements_test
PASS  集成测试 sdurws_ird_runtime_test
PASS  集成测试 sdurws_ird_selection_contract_test
PASS  集成测试 sdurws_ird_selection_test
FAIL  集成测试 sdurws_ird_testkit_test : ctest 失败（退出码 8）
PASS  集成测试 sdurws_ird_trajectory_contract_test
PASS  集成测试 sdurws_ird_trajectory_test
PASS  集成测试 sdurws_ird_ui_contract_test
PASS  集成测试 sdurws_ird_ui_gui_test
PASS  集成测试 sdurws_ird_ui_test
PASS  集成测试 sdurws_ird_workflow_contract_test
PASS  集成测试 sdurws_ird_workflow_test
PASS  冒烟树配置（standalone smoke，toolchain 在位）
PASS  冒烟模式测试发现（40 个注册）
PASS  冒烟测试 sdurws_ird_core_test
PASS  冒烟测试 sdurws_ird_diagnostics_contract_test
PASS  冒烟测试 sdurws_ird_diagnostics_test
PASS  冒烟测试 sdurws_ird_drivetrain_contract_test
PASS  冒烟测试 sdurws_ird_drivetrain_test
PASS  冒烟测试 sdurws_ird_dynamics_contract_test
PASS  冒烟测试 sdurws_ird_dynamics_test
PASS  冒烟测试 sdurws_ird_evidence_contract_test
PASS  冒烟测试 sdurws_ird_evidence_test
PASS  冒烟测试 sdurws_ird_execution_contract_test
PASS  冒烟测试 sdurws_ird_execution_test
PASS  冒烟测试 sdurws_ird_io_contract_test
PASS  冒烟测试 sdurws_ird_io_test
PASS  冒烟测试 sdurws_ird_kinematics_contract_test
PASS  冒烟测试 sdurws_ird_kinematics_test
PASS  冒烟测试 sdurws_ird_modeling_contract_test
PASS  冒烟测试 sdurws_ird_modeling_gui_test
PASS  冒烟测试 sdurws_ird_modeling_test
PASS  冒烟测试 sdurws_ird_optimization_contract_test
PASS  冒烟测试 sdurws_ird_optimization_test
PASS  冒烟测试 sdurws_ird_policy_contract_test
PASS  冒烟测试 sdurws_ird_policy_test
PASS  冒烟测试 sdurws_ird_project_contract_test
PASS  冒烟测试 sdurws_ird_project_test
PASS  冒烟测试 sdurws_ird_reporting_contract_test
PASS  冒烟测试 sdurws_ird_reporting_test
PASS  冒烟测试 sdurws_ird_requirements_contract_test
PASS  冒烟测试 sdurws_ird_requirements_gui_test
PASS  冒烟测试 sdurws_ird_requirements_test
PASS  冒烟测试 sdurws_ird_runtime_test
PASS  冒烟测试 sdurws_ird_selection_contract_test
PASS  冒烟测试 sdurws_ird_selection_test
PASS  冒烟测试 sdurws_ird_testkit_test
PASS  冒烟测试 sdurws_ird_trajectory_contract_test
PASS  冒烟测试 sdurws_ird_trajectory_test
PASS  冒烟测试 sdurws_ird_ui_contract_test
PASS  冒烟测试 sdurws_ird_ui_gui_test
PASS  冒烟测试 sdurws_ird_ui_test
PASS  冒烟测试 sdurws_ird_workflow_contract_test
PASS  冒烟测试 sdurws_ird_workflow_test
================================================
结果: 84/85 通过
存在失败项——本地一键门槛未过，禁止提交（契约 acceptance 1）
ACC_EXIT=1
ACC_ELAPSED_MIN=52.7
ACC_END_ISO=2026-10-10T09:42:14.7005348+08:00
