[==========] Running 41 tests from 2 test suites.
[----------] Global test environment set-up.
[----------] 36 tests from ModelingPanelGuiTest
[ RUN      ] ModelingPanelGuiTest.PropertyFormFullClear_RowCountStableAcrossRefresh_MDL07_UI_T27
[       OK ] ModelingPanelGuiTest.PropertyFormFullClear_RowCountStableAcrossRefresh_MDL07_UI_T27 (155 ms)
[ RUN      ] ModelingPanelGuiTest.UnitSeparation_EditorTextPurelyNumeric_UX05_UI_T27
[       OK ] ModelingPanelGuiTest.UnitSeparation_EditorTextPurelyNumeric_UX05_UI_T27 (19 ms)
[ RUN      ] ModelingPanelGuiTest.OnlyZeroOffsetEditable_CompositeRowsReadOnly_MDL07_UI_T27
[       OK ] ModelingPanelGuiTest.OnlyZeroOffsetEditable_CompositeRowsReadOnly_MDL07_UI_T27 (19 ms)
[ RUN      ] ModelingPanelGuiTest.JointDetailEditPane_EmptyStateAndBuildOnSelection_UI_T53
[       OK ] ModelingPanelGuiTest.JointDetailEditPane_EmptyStateAndBuildOnSelection_UI_T53 (20 ms)
[ RUN      ] ModelingPanelGuiTest.JointDetailEditPane_OriginEditApplyChain_UI_T53
[       OK ] ModelingPanelGuiTest.JointDetailEditPane_OriginEditApplyChain_UI_T53 (22 ms)
[ RUN      ] ModelingPanelGuiTest.JointDetailEditPane_DhAuthorityRejectsAxisEdit_UI_T53
[       OK ] ModelingPanelGuiTest.JointDetailEditPane_DhAuthorityRejectsAxisEdit_UI_T53 (22 ms)
[ RUN      ] ModelingPanelGuiTest.JointDetailEditPane_TypeComboBoxChainAndRejectFallback_UI_T66
[       OK ] ModelingPanelGuiTest.JointDetailEditPane_TypeComboBoxChainAndRejectFallback_UI_T66 (20 ms)
[ RUN      ] ModelingPanelGuiTest.JointDetailEditPane_ReadOnlySessionDisablesPanel_UI_T53
[       OK ] ModelingPanelGuiTest.JointDetailEditPane_ReadOnlySessionDisablesPanel_UI_T53 (38 ms)
[ RUN      ] ModelingPanelGuiTest.BasePlacementEdit_WholeReplacementChain_UI_T54
[       OK ] ModelingPanelGuiTest.BasePlacementEdit_WholeReplacementChain_UI_T54 (17 ms)
[ RUN      ] ModelingPanelGuiTest.BasePlacementEdit_PresetIdentityRotationRejected_UI_T54
[       OK ] ModelingPanelGuiTest.BasePlacementEdit_PresetIdentityRotationRejected_UI_T54 (19 ms)
[ RUN      ] ModelingPanelGuiTest.BasePlacementEdit_ReadOnlyDisablesApply_UI_T54
[       OK ] ModelingPanelGuiTest.BasePlacementEdit_ReadOnlyDisablesApply_UI_T54 (34 ms)
[ RUN      ] ModelingPanelGuiTest.UnmodifiedEditingFinished_NoDirtyNoApply_ERR01_UI_T27
[       OK ] ModelingPanelGuiTest.UnmodifiedEditingFinished_NoDirtyNoApply_ERR01_UI_T27 (19 ms)
[ RUN      ] ModelingPanelGuiTest.AvailabilityProviderDisabled_ButtonsGreyWithReason_UX02_UI_T27
[       OK ] ModelingPanelGuiTest.AvailabilityProviderDisabled_ButtonsGreyWithReason_UX02_UI_T27 (16 ms)
[ RUN      ] ModelingPanelGuiTest.CommandButtonTooltip_ResolvedFromUiTextKey_UX02_UI_T41B
[       OK ] ModelingPanelGuiTest.CommandButtonTooltip_ResolvedFromUiTextKey_UX02_UI_T41B (18 ms)
[ RUN      ] ModelingPanelGuiTest.MoreActionsCollapse_DefaultCollapsedAndToggle_F502
[       OK ] ModelingPanelGuiTest.MoreActionsCollapse_DefaultCollapsedAndToggle_F502 (18 ms)
[ RUN      ] ModelingPanelGuiTest.ZeroOffsetOutOfRange_InlineWarningKeepsAuthoritative_B1
[       OK ] ModelingPanelGuiTest.ZeroOffsetOutOfRange_InlineWarningKeepsAuthoritative_B1 (19 ms)
[ RUN      ] ModelingPanelGuiTest.IncrementalRefresh_PreservesEditorFocus_B3
[       OK ] ModelingPanelGuiTest.IncrementalRefresh_PreservesEditorFocus_B3 (22 ms)
[ RUN      ] ModelingPanelGuiTest.StatusHistory_AccumulatesAndToggles_B2
[       OK ] ModelingPanelGuiTest.StatusHistory_AccumulatesAndToggles_B2 (21 ms)
[ RUN      ] ModelingPanelGuiTest.ReadOnlySession_AvailabilityRefreshCannotReviveWriteCommands_L7_UI_T43
[       OK ] ModelingPanelGuiTest.ReadOnlySession_AvailabilityRefreshCannotReviveWriteCommands_L7_UI_T43 (18 ms)
[ RUN      ] ModelingPanelGuiTest.StructureButtons_InsertAndRemove_DraftOnly_UI_T47
[       OK ] ModelingPanelGuiTest.StructureButtons_InsertAndRemove_DraftOnly_UI_T47 (45 ms)
[ RUN      ] ModelingPanelGuiTest.StructureButtons_RemoveSelected_DraftOnly_UI_T47
[       OK ] ModelingPanelGuiTest.StructureButtons_RemoveSelected_DraftOnly_UI_T47 (25 ms)
[ RUN      ] ModelingPanelGuiTest.GeometryActionButtons_LoadAndDetach_UI_T48
[       OK ] ModelingPanelGuiTest.GeometryActionButtons_LoadAndDetach_UI_T48 (19 ms)
[ RUN      ] ModelingPanelGuiTest.GeometryCopyButton_VisualToCollision_UI_T49
[       OK ] ModelingPanelGuiTest.GeometryCopyButton_VisualToCollision_UI_T49 (19 ms)
[ RUN      ] ModelingPanelGuiTest.EditingChain_EndToEnd_FourSegments_UI_T50
[       OK ] ModelingPanelGuiTest.EditingChain_EndToEnd_FourSegments_UI_T50 (21 ms)
[ RUN      ] ModelingPanelGuiTest.ToolMountEdit_SelectionDrivenChain_UI_T55
[       OK ] ModelingPanelGuiTest.ToolMountEdit_SelectionDrivenChain_UI_T55 (21 ms)
[ RUN      ] ModelingPanelGuiTest.ScenePoseEdit_SelectionDrivenChain_UI_T55
[       OK ] ModelingPanelGuiTest.ScenePoseEdit_SelectionDrivenChain_UI_T55 (19 ms)
[ RUN      ] ModelingPanelGuiTest.PoseEditPanes_ReadOnlyDisables_UI_T55
[       OK ] ModelingPanelGuiTest.PoseEditPanes_ReadOnlyDisables_UI_T55 (36 ms)
[ RUN      ] ModelingPanelGuiTest.TcpListEdit_AddAndOffsetChain_UI_T57
[       OK ] ModelingPanelGuiTest.TcpListEdit_AddAndOffsetChain_UI_T57 (20 ms)
[ RUN      ] ModelingPanelGuiTest.TcpListEdit_RemoveGuards_UI_T57
[       OK ] ModelingPanelGuiTest.TcpListEdit_RemoveGuards_UI_T57 (19 ms)
[ RUN      ] ModelingPanelGuiTest.TcpPane_ReadOnlyDisables_UI_T57
[       OK ] ModelingPanelGuiTest.TcpPane_ReadOnlyDisables_UI_T57 (37 ms)
[ RUN      ] ModelingPanelGuiTest.TcpDisplayNameEdit_Chain_UI_T58
[       OK ] ModelingPanelGuiTest.TcpDisplayNameEdit_Chain_UI_T58 (20 ms)
[ RUN      ] ModelingPanelGuiTest.PreviewPane_MultiTypeChain_UI_T59
[       OK ] ModelingPanelGuiTest.PreviewPane_MultiTypeChain_UI_T59 (31 ms)
[ RUN      ] ModelingPanelGuiTest.PoseSetEdit_Chain_UI_T60
[       OK ] ModelingPanelGuiTest.PoseSetEdit_Chain_UI_T60 (23 ms)
[ RUN      ] ModelingPanelGuiTest.DrivetrainEdit_Chain_UI_T60
[       OK ] ModelingPanelGuiTest.DrivetrainEdit_Chain_UI_T60 (23 ms)
[ RUN      ] ModelingPanelGuiTest.PoseDrivetrainPanes_ReadOnlyDisables_UI_T60
[       OK ] ModelingPanelGuiTest.PoseDrivetrainPanes_ReadOnlyDisables_UI_T60 (45 ms)
[ RUN      ] ModelingPanelGuiTest.TcpDisplayNameEdit_SetWritableDynamicWindow_F517
[       OK ] ModelingPanelGuiTest.TcpDisplayNameEdit_SetWritableDynamicWindow_F517 (20 ms)
[----------] 36 tests from ModelingPanelGuiTest (995 ms total)

[----------] 5 tests from ModelingUiModuleHostWiring
[ RUN      ] ModelingUiModuleHostWiring.TextResolverBoundBeforePanelCreation_NoInternalKeyLeak_UX02_UI_T43
[       OK ] ModelingUiModuleHostWiring.TextResolverBoundBeforePanelCreation_NoInternalKeyLeak_UX02_UI_T43 (16 ms)
[ RUN      ] ModelingUiModuleHostWiring.WritableChain_PendingInitialAndLiveForward_L7_UI_T43
[       OK ] ModelingUiModuleHostWiring.WritableChain_PendingInitialAndLiveForward_L7_UI_T43 (16 ms)
[ RUN      ] ModelingUiModuleHostWiring.AppliedPreviewPushChain_Fix_UI_T59
[       OK ] ModelingUiModuleHostWiring.AppliedPreviewPushChain_Fix_UI_T59 (25 ms)
[ RUN      ] ModelingUiModuleHostWiring.PackageChecklistPreviewChain_UI_T61
[       OK ] ModelingUiModuleHostWiring.PackageChecklistPreviewChain_UI_T61 (22 ms)
[ RUN      ] ModelingUiModuleHostWiring.ReseedCustomChainComposition_UI_T63
[       OK ] ModelingUiModuleHostWiring.ReseedCustomChainComposition_UI_T63 (0 ms)
[----------] 5 tests from ModelingUiModuleHostWiring (81 ms total)

[----------] Global test environment tear-down
[==========] 41 tests from 2 test suites ran. (1077 ms total)
[  PASSED  ] 41 tests.
