[ird-ui-plugin] 诊断栈就绪（开发日志目录：C:\Users\zgl18\AppData\Local\Temp\fixpanel-smoke-cwd\ird-ui-plugin-logs）
[ird-ui-plugin] domain assembly: plugin=modeling ok=1 panels=1 commands=11
[ird-ui-plugin] domain assembly: plugin=requirements ok=1 panels=1 commands=9
[ird-ui-plugin] domain assembly: plugin=kinematics ok=1 panels=2 commands=8
[ird-ui-plugin] domain assembly: plugin=dynamics ok=1 panels=1 commands=5
[ird-ui-plugin] domain assembly: plugin=selection ok=1 panels=1 commands=1
[ird-ui-plugin] domain assembly: plugin=optimization ok=1 panels=1 commands=0
[ird-ui-plugin] shared surface: modeling registered
[ird-ui-plugin] shared surface: requirements registered
[ird-ui-plugin] shared surface: kinematics registered
[ird-ui-plugin] 共享面装配完成（项目树＋检查器＋选择服务；三域 Provider 注册；L1/L3 接线；NameMap 端口＝空映射二态——呈现装配随 WP-24-T08）
[ird-ui-plugin] 工业项目树装配完成（多 Dock：项目树主 Dock＋属性/任务同级 Dock＋宿主状态栏投影＋Ctrl+Shift+P 命令面板；装载呈现自证在事件循环稍后执行）
[ird-ui-plugin] 宿主事件桥接线完成（L3 frameSelectedEvent→反解编排；D8 stateChangedEvent→会话姿态桥）
[ird-ui-plugin] 工业项目树多 Dock 已呈现（项目树主 Dock＋属性/任务 Dock＋宿主状态栏投影——装载呈现自证完成）
[ird-ui-plugin] 工作台 Dock 宽度收束：目标 420 px，实际 259 px（受内容最小宽度钳制时如实留痕）
[ird-ui-plugin] 工作台 Dock 宽度收束：目标 420 px，实际 420 px（受内容最小宽度钳制时如实留痕）
[ird-ui-plugin] [central-guard] 保留量未达成：中央 296 px < 320 px（本插件 Dock 已收缩到各自下限；窗口物理宽度不足，不再对抗用户）
[ird-ui-smoke-layout] started mode=first
[ird-ui-smoke-layout] pass default-hidden:modeling
[ird-ui-smoke-layout] pass default-hidden:requirements
[ird-ui-smoke-layout] pass default-hidden:kinematics
[ird-ui-smoke-layout] pass default-hidden:kinematics-advanced
[ird-ui-smoke-layout] pass default-hidden:dynamics
[ird-ui-smoke-layout] pass default-hidden:selection
[ird-ui-smoke-layout] pass default-hidden:optimization
[ird-ui-smoke-layout] pass default-hidden:tasks
[ird-ui-smoke-layout] pass default-visible:main-dock
[ird-ui-smoke-layout] pass default-visible:props-dock
[ird-ui-smoke-layout] pass central-view-nonzero (cur=543px)
[ird-ui-smoke-layout] pass view-menu-aux-toggles=7 (cur=7)
[ird-ui-smoke-layout] pass aux-toggle-enabled:domain.modeling
[ird-ui-smoke-layout] pass aux-toggle-enabled:domain.requirements
[ird-ui-smoke-layout] pass aux-toggle-enabled:domain.kinematics
[ird-ui-smoke-layout] pass aux-toggle-enabled:domain.kinematicsAdvanced
[ird-ui-smoke-layout] pass aux-toggle-enabled:domain.dynamics
[ird-ui-smoke-layout] pass aux-toggle-enabled:domain.selection
[ird-ui-smoke-layout] pass aux-toggle-enabled:domain.optimization
[ird-ui-smoke-layout] snap 1-default-layout.png
[ird-ui-smoke-layout] pass view-menu-present
[ird-ui-smoke-layout] snap 2-view-menu.png
[ird-ui-smoke-layout] pass requirements-toggle-present
[ird-ui-smoke-layout] pass requirements-summoned-visible
[ird-ui-smoke-layout] pass requirements-memory-on
[ird-ui-smoke-layout] snap 3-domain-panel-summoned.png
[ird-ui-smoke-layout] snap 4-requirements-buttons.png
[ird-ui-smoke-layout] pass requirements-command-bar-present
[ird-ui-smoke-layout] pass registry-requirements-commands=9 (cur=9)
[ird-ui-smoke-layout] pass import-dropdown-present (返工⑤——导入整合面)
[ird-ui-smoke-layout] pass more-actions-dropdown-present (UI-T39 分组面)
[ird-ui-smoke-layout] pass menu-action-via-uitext:requirements.import-csv
[ird-ui-smoke-layout] pass menu-action-disabled-no-project:requirements.import-csv
[ird-ui-smoke-layout] pass menu-action-via-uitext:requirements.import-json
[ird-ui-smoke-layout] pass menu-action-disabled-no-project:requirements.import-json
[ird-ui-smoke-layout] pass button-title-via-uitext:requirements.export-copy
[ird-ui-smoke-layout] pass more-action-via-uitext:requirements.capture-tcp
[ird-ui-smoke-layout] pass more-action-disabled-no-project:requirements.capture-tcp
[ird-ui-smoke-layout] pass more-action-via-uitext:requirements.pick-feature
[ird-ui-smoke-layout] pass more-action-disabled-no-project:requirements.pick-feature
[ird-ui-smoke-layout] pass more-action-via-uitext:requirements.mirror-stations
[ird-ui-smoke-layout] pass more-action-disabled-no-project:requirements.mirror-stations
[ird-ui-smoke-layout] pass more-action-via-uitext:requirements.create-array
[ird-ui-smoke-layout] pass more-action-disabled-no-project:requirements.create-array
[ird-ui-smoke-layout] pass more-action-via-uitext:requirements.apply-template
[ird-ui-smoke-layout] pass more-action-disabled-no-project:requirements.apply-template
[ird-ui-smoke-layout] pass more-action-via-uitext:requirements.regenerate-linked
[ird-ui-smoke-layout] pass more-action-disabled-no-project:requirements.regenerate-linked
[ird-ui-smoke-layout] pass command-buttons-count=9 (cur=9)
[ird-ui-smoke-layout] pass button-disable-reason-default:requirements.import-csv=reason.no-project
[ird-ui-smoke-layout] pass button-disable-reason-default:requirements.import-json=reason.no-project
[ird-ui-smoke-layout] pass button-disable-reason-default:requirements.export-copy=reason.no-project
[ird-ui-smoke-layout] pass button-widget-disabled-no-project:requirements.export-copy
[ird-ui-smoke-layout] pass button-disable-reason-not-assembled:requirements.capture-tcp=cmd.flow-not-assembled.reason
[ird-ui-smoke-layout] pass button-disable-reason-not-assembled:requirements.pick-feature=cmd.flow-not-assembled.reason
[ird-ui-smoke-layout] pass button-disable-reason-default:requirements.mirror-stations=reason.no-project
[ird-ui-smoke-layout] pass button-disable-reason-default:requirements.create-array=reason.no-project
[ird-ui-smoke-layout] pass button-disable-reason-default:requirements.apply-template=reason.no-project
[ird-ui-smoke-layout] pass button-disable-reason-default:requirements.regenerate-linked=reason.no-project
[ird-ui-smoke-layout] pass requirements-assembled-split=7/2 (cur=7/2)
[ird-ui-smoke-layout] pass import-dropdown-widget-disabled-no-project
[ird-ui-smoke-layout] pass buttons-no-overlap (cur=0)
[ird-ui-smoke-layout] snap 5-requirements-narrow.png
[ird-ui-smoke-layout] pass buttons-no-overlap-narrow (cur=0)
[ird-ui-smoke-layout] pass domain.modeling-toggle-present
[ird-ui-smoke-layout] pass domain.modeling-summoned-visible
[ird-ui-smoke-layout] snap 8-modeling-panel.png
[ird-ui-smoke-layout] pass domain.kinematics-toggle-present
[ird-ui-smoke-layout] pass domain.kinematics-summoned-visible
[ird-ui-smoke-layout] snap 9-kinematics-panel.png
[ird-ui-smoke-layout] pass tasks-region-toggle-present
[ird-ui-smoke-layout] pass tasks-summoned-visible
[ird-ui-smoke-layout] snap 10-tasks-dock-summoned.png
[ird-ui-smoke-layout] pass tasks-restored-hidden
[ird-ui-smoke-layout] pass central-guard-at-min-window (cur=612px)
[ird-ui-smoke-layout] snap 6-min-window.png
[ird-ui-smoke-layout] report=C:\Users\zgl18\AppData\Local\Temp\fixpanel-smoke-out/geometry-report.txt
[ird-ui-smoke-layout] DONE
