适用于 .NET Framework MSBuild 版本 17.12.6+db5f6012c

  pqp.vcxproj -> D:\10_Source_Repos\21_robot\RobWork\build\acc-ui-t41-1-build\RobWork\libs\Release\pqp.lib
  Auto build dll exports
  yaobi.vcxproj -> D:\10_Source_Repos\21_robot\RobWork\build\acc-ui-t41-1-build\RobWork\libs\Release\yaobi.lib
  sdurw_core.vcxproj -> D:\10_Source_Repos\21_robot\RobWork\build\acc-ui-t41-1-build\RobWork\bin\Release\sdurw_core.dll
  Auto build dll exports
  Auto build dll exports
  sdurw_plugin.vcxproj -> D:\10_Source_Repos\21_robot\RobWork\build\acc-ui-t41-1-build\RobWork\bin\Release\sdurw_plugin.dll
  sdurw_common.vcxproj -> D:\10_Source_Repos\21_robot\RobWork\build\acc-ui-t41-1-build\RobWork\bin\Release\sdurw_common.dll
  Auto build dll exports
  sdurw_math.vcxproj -> D:\10_Source_Repos\21_robot\RobWork\build\acc-ui-t41-1-build\RobWork\bin\Release\sdurw_math.dll
  Automatic MOC for target sdurws_ird_core
  Auto build dll exports
  sdurws_ird_core.vcxproj -> D:\10_Source_Repos\21_robot\RobWork\build\acc-ui-t41-1-build\RobWorkStudio\libs\Release\sdurws_ird_core.lib
  Automatic MOC for target sdurws_ird_testkit
  Automatic MOC for target sdurws_ird_diagnostics
  Automatic MOC for target sdurws_ird_project
  sdurw_kinematics.vcxproj -> D:\10_Source_Repos\21_robot\RobWork\build\acc-ui-t41-1-build\RobWork\bin\Release\sdurw_kinematics.dll
  sdurws_ird_diagnostics.vcxproj -> D:\10_Source_Repos\21_robot\RobWork\build\acc-ui-t41-1-build\RobWorkStudio\libs\Release\sdurws_ird_diagnostics.lib
  sdurws_ird_testkit.vcxproj -> D:\10_Source_Repos\21_robot\RobWork\build\acc-ui-t41-1-build\RobWorkStudio\libs\Release\sdurws_ird_testkit.lib
  sdurws_ird_project.vcxproj -> D:\10_Source_Repos\21_robot\RobWork\build\acc-ui-t41-1-build\RobWorkStudio\libs\Release\sdurws_ird_project.lib
  Automatic MOC for target sdurws_ird_ui
  Automatic MOC for target sdurws_ird_io
  sdurws_ird_ui.vcxproj -> D:\10_Source_Repos\21_robot\RobWork\build\acc-ui-t41-1-build\RobWorkStudio\libs\Release\sdurws_ird_ui.lib
  Auto build dll exports
  sdurws_ird_io.vcxproj -> D:\10_Source_Repos\21_robot\RobWork\build\acc-ui-t41-1-build\RobWorkStudio\libs\Release\sdurws_ird_io.lib
  sdurw_geometry.vcxproj -> D:\10_Source_Repos\21_robot\RobWork\build\acc-ui-t41-1-build\RobWork\bin\Release\sdurw_geometry.dll
  Auto build dll exports
  sdurw_sensor.vcxproj -> D:\10_Source_Repos\21_robot\RobWork\build\acc-ui-t41-1-build\RobWork\bin\Release\sdurw_sensor.dll
  Auto build dll exports
  sdurw_graspplanning.vcxproj -> D:\10_Source_Repos\21_robot\RobWork\build\acc-ui-t41-1-build\RobWork\bin\Release\sdurw_graspplanning.dll
  Auto build dll exports
  sdurw_models.vcxproj -> D:\10_Source_Repos\21_robot\RobWork\build\acc-ui-t41-1-build\RobWork\bin\Release\sdurw_models.dll
  Auto build dll exports
  Auto build dll exports
  Auto build dll exports
  Auto build dll exports
  sdurw_trajectory.vcxproj -> D:\10_Source_Repos\21_robot\RobWork\build\acc-ui-t41-1-build\RobWork\bin\Release\sdurw_trajectory.dll
  sdurw_control.vcxproj -> D:\10_Source_Repos\21_robot\RobWork\build\acc-ui-t41-1-build\RobWork\bin\Release\sdurw_control.dll
  sdurw_graphics.vcxproj -> D:\10_Source_Repos\21_robot\RobWork\build\acc-ui-t41-1-build\RobWork\bin\Release\sdurw_graphics.dll
  sdurw_proximity.vcxproj -> D:\10_Source_Repos\21_robot\RobWork\build\acc-ui-t41-1-build\RobWork\bin\Release\sdurw_proximity.dll
  Automatic MOC for target sdurws_ird_policy
  Auto build dll exports
  Auto build dll exports
  sdurw_invkin.vcxproj -> D:\10_Source_Repos\21_robot\RobWork\build\acc-ui-t41-1-build\RobWork\bin\Release\sdurw_invkin.dll
  sdurws_ird_policy.vcxproj -> D:\10_Source_Repos\21_robot\RobWork\build\acc-ui-t41-1-build\RobWorkStudio\libs\Release\sdurws_ird_policy.lib
  sdurw_loaders.vcxproj -> D:\10_Source_Repos\21_robot\RobWork\build\acc-ui-t41-1-build\RobWork\bin\Release\sdurw_loaders.dll
  Auto build dll exports
  Auto build dll exports
  sdurw_algorithms.vcxproj -> D:\10_Source_Repos\21_robot\RobWork\build\acc-ui-t41-1-build\RobWork\bin\Release\sdurw_algorithms.dll
  Auto build dll exports
  sdurw_simulation.vcxproj -> D:\10_Source_Repos\21_robot\RobWork\build\acc-ui-t41-1-build\RobWork\bin\Release\sdurw_simulation.dll
  Auto build dll exports
  sdurw_opengl.vcxproj -> D:\10_Source_Repos\21_robot\RobWork\build\acc-ui-t41-1-build\RobWork\bin\Release\sdurw_opengl.dll
  Auto build dll exports
  sdurw_pathplanning.vcxproj -> D:\10_Source_Repos\21_robot\RobWork\build\acc-ui-t41-1-build\RobWork\bin\Release\sdurw_pathplanning.dll
  sdurw_task.vcxproj -> D:\10_Source_Repos\21_robot\RobWork\build\acc-ui-t41-1-build\RobWork\bin\Release\sdurw_task.dll
  Auto build dll exports
  sdurw_proximitystrategies.vcxproj -> D:\10_Source_Repos\21_robot\RobWork\build\acc-ui-t41-1-build\RobWork\bin\Release\sdurw_proximitystrategies.dll
  Auto build dll exports
  Auto build dll exports
  sdurw_pathplanners.vcxproj -> D:\10_Source_Repos\21_robot\RobWork\build\acc-ui-t41-1-build\RobWork\bin\Release\sdurw_pathplanners.dll
  sdurw_assembly.vcxproj -> D:\10_Source_Repos\21_robot\RobWork\build\acc-ui-t41-1-build\RobWork\bin\Release\sdurw_assembly.dll
  Automatic MOC and UIC for target sdurwsim
  Auto build dll exports
  sdurwsim.vcxproj -> D:\10_Source_Repos\21_robot\RobWork\build\acc-ui-t41-1-build\RobWorkSim\bin\Release\sdurwsim.dll
  Automatic MOC for target sdurws_ird_runtime
  sdurws_ird_runtime.vcxproj -> D:\10_Source_Repos\21_robot\RobWork\build\acc-ui-t41-1-build\RobWorkStudio\libs\Release\sdurws_ird_runtime.lib
  Automatic MOC for target sdurws_ird_modeling
  sdurws_ird_modeling.vcxproj -> D:\10_Source_Repos\21_robot\RobWork\build\acc-ui-t41-1-build\RobWorkStudio\libs\Release\sdurws_ird_modeling.lib
  Automatic MOC for target sdurws_ird_modeling_plugin
  ModelingCommandFlows.cpp
D:\10_Source_Repos\21_robot\RobWork\build\acc-ui-t41-1-wt\RobWork\RobWorkStudio\src\rwslibs\industrialrobot\modeling\plugin\ModelingCommandFlows.hpp(41,7): warning C4099: “sdurws::ird::core::ObjectId”: 类型名称以前使用“struct”现在使用的是“class” [D:\10_Source_Repos\21_robot\RobWork\build\acc-ui-t41-1-build\RobWorkStudio\src\rwslibs\industrialrobot\modeling\sdurws_ird_modeling_plugin.vcxproj]
  (编译源文件“../../../../../../acc-ui-t41-1-wt/RobWork/RobWorkStudio/src/rwslibs/industrialrobot/modeling/plugin/ModelingCommandFlows.cpp”)
      D:\10_Source_Repos\21_robot\RobWork\build\acc-ui-t41-1-wt\RobWork\RobWorkStudio\src\rwslibs\industrialrobot\core\include\sdurws\ird\core\Identity.hpp(104,1):
      参见“sdurws::ird::core::ObjectId”的声明
  
  sdurws_ird_modeling_plugin.vcxproj -> D:\10_Source_Repos\21_robot\RobWork\build\acc-ui-t41-1-build\RobWorkStudio\libs\Release\sdurws_ird_modeling_plugin.lib
  Automatic MOC for target sdurws_ird_modeling_test
  sdurws_ird_modeling_test.vcxproj -> D:\10_Source_Repos\21_robot\RobWork\build\acc-ui-t41-1-build\RobWorkStudio\bin\Release\sdurws_ird_modeling_test.exe
