适用于 .NET Framework MSBuild 版本 17.12.6+db5f6012c

  Automatic MOC for target qtpropertybrowser
  yaobi.vcxproj -> D:\10_Source_Repos\21_robot\RobWork\build\acc-ui-t41-1-build\RobWork\libs\Release\yaobi.lib
  Auto build dll exports
  pqp.vcxproj -> D:\10_Source_Repos\21_robot\RobWork\build\acc-ui-t41-1-build\RobWork\libs\Release\pqp.lib
  qtpropertybrowser.vcxproj -> D:\10_Source_Repos\21_robot\RobWork\build\acc-ui-t41-1-build\RobWorkStudio\libs\Release\qtpropertybrowser.lib
  sdurw_core.vcxproj -> D:\10_Source_Repos\21_robot\RobWork\build\acc-ui-t41-1-build\RobWork\bin\Release\sdurw_core.dll
  Auto build dll exports
  Auto build dll exports
  sdurw_plugin.vcxproj -> D:\10_Source_Repos\21_robot\RobWork\build\acc-ui-t41-1-build\RobWork\bin\Release\sdurw_plugin.dll
  sdurw_common.vcxproj -> D:\10_Source_Repos\21_robot\RobWork\build\acc-ui-t41-1-build\RobWork\bin\Release\sdurw_common.dll
  Auto build dll exports
  sdurw_math.vcxproj -> D:\10_Source_Repos\21_robot\RobWork\build\acc-ui-t41-1-build\RobWork\bin\Release\sdurw_math.dll
  Automatic MOC for target sdurws_ird_core
  Auto build dll exports
  sdurws_ird_core.vcxproj -> D:\10_Source_Repos\21_robot\RobWork\build\acc-ui-t41-1-build\RobWorkStudio\libs\Release\sdurws_ird_core.lib
  Automatic MOC for target sdurws_ird_evidence
  sdurw_kinematics.vcxproj -> D:\10_Source_Repos\21_robot\RobWork\build\acc-ui-t41-1-build\RobWork\bin\Release\sdurw_kinematics.dll
  Automatic MOC for target sdurws_ird_diagnostics
  Automatic MOC for target sdurws_ird_project
  sdurws_ird_project.vcxproj -> D:\10_Source_Repos\21_robot\RobWork\build\acc-ui-t41-1-build\RobWorkStudio\libs\Release\sdurws_ird_project.lib
  sdurws_ird_evidence.vcxproj -> D:\10_Source_Repos\21_robot\RobWork\build\acc-ui-t41-1-build\RobWorkStudio\libs\Release\sdurws_ird_evidence.lib
  sdurws_ird_diagnostics.vcxproj -> D:\10_Source_Repos\21_robot\RobWork\build\acc-ui-t41-1-build\RobWorkStudio\libs\Release\sdurws_ird_diagnostics.lib
  Automatic MOC for target sdurws_ird_execution
  Automatic MOC for target sdurws_ird_io
  Automatic MOC for target sdurws_ird_ui
  Auto build dll exports
  sdurws_ird_io.vcxproj -> D:\10_Source_Repos\21_robot\RobWork\build\acc-ui-t41-1-build\RobWorkStudio\libs\Release\sdurws_ird_io.lib
  sdurws_ird_ui.vcxproj -> D:\10_Source_Repos\21_robot\RobWork\build\acc-ui-t41-1-build\RobWorkStudio\libs\Release\sdurws_ird_ui.lib
  sdurws_ird_execution.vcxproj -> D:\10_Source_Repos\21_robot\RobWork\build\acc-ui-t41-1-build\RobWorkStudio\libs\Release\sdurws_ird_execution.lib
  Automatic MOC for target sdurws_ird_requirements
  sdurw_geometry.vcxproj -> D:\10_Source_Repos\21_robot\RobWork\build\acc-ui-t41-1-build\RobWork\bin\Release\sdurw_geometry.dll
  sdurws_ird_requirements.vcxproj -> D:\10_Source_Repos\21_robot\RobWork\build\acc-ui-t41-1-build\RobWorkStudio\libs\Release\sdurws_ird_requirements.lib
  Auto build dll exports
  Automatic MOC for target sdurws_ird_requirements_plugin
  sdurw_sensor.vcxproj -> D:\10_Source_Repos\21_robot\RobWork\build\acc-ui-t41-1-build\RobWork\bin\Release\sdurw_sensor.dll
  sdurws_ird_requirements_plugin.vcxproj -> D:\10_Source_Repos\21_robot\RobWork\build\acc-ui-t41-1-build\RobWorkStudio\libs\Release\sdurws_ird_requirements_plugin.lib
  Auto build dll exports
  Auto build dll exports
  sdurw_graspplanning.vcxproj -> D:\10_Source_Repos\21_robot\RobWork\build\acc-ui-t41-1-build\RobWork\bin\Release\sdurw_graspplanning.dll
  sdurw_models.vcxproj -> D:\10_Source_Repos\21_robot\RobWork\build\acc-ui-t41-1-build\RobWork\bin\Release\sdurw_models.dll
  Auto build dll exports
  Auto build dll exports
  Auto build dll exports
  Auto build dll exports
  sdurw_control.vcxproj -> D:\10_Source_Repos\21_robot\RobWork\build\acc-ui-t41-1-build\RobWork\bin\Release\sdurw_control.dll
  sdurw_graphics.vcxproj -> D:\10_Source_Repos\21_robot\RobWork\build\acc-ui-t41-1-build\RobWork\bin\Release\sdurw_graphics.dll
  sdurw_proximity.vcxproj -> D:\10_Source_Repos\21_robot\RobWork\build\acc-ui-t41-1-build\RobWork\bin\Release\sdurw_proximity.dll
  sdurw_trajectory.vcxproj -> D:\10_Source_Repos\21_robot\RobWork\build\acc-ui-t41-1-build\RobWork\bin\Release\sdurw_trajectory.dll
  Automatic MOC for target sdurws_ird_policy
  Auto build dll exports
  Auto build dll exports
  Auto build dll exports
  sdurws_ird_policy.vcxproj -> D:\10_Source_Repos\21_robot\RobWork\build\acc-ui-t41-1-build\RobWorkStudio\libs\Release\sdurws_ird_policy.lib
  sdurw_invkin.vcxproj -> D:\10_Source_Repos\21_robot\RobWork\build\acc-ui-t41-1-build\RobWork\bin\Release\sdurw_invkin.dll
  sdurw_simulation.vcxproj -> D:\10_Source_Repos\21_robot\RobWork\build\acc-ui-t41-1-build\RobWork\bin\Release\sdurw_simulation.dll
  sdurw_loaders.vcxproj -> D:\10_Source_Repos\21_robot\RobWork\build\acc-ui-t41-1-build\RobWork\bin\Release\sdurw_loaders.dll
  Auto build dll exports
  Auto build dll exports
  Auto build dll exports
  Auto build dll exports
  Auto build dll exports
  sdurw_algorithms.vcxproj -> D:\10_Source_Repos\21_robot\RobWork\build\acc-ui-t41-1-build\RobWork\bin\Release\sdurw_algorithms.dll
  sdurw_pathplanning.vcxproj -> D:\10_Source_Repos\21_robot\RobWork\build\acc-ui-t41-1-build\RobWork\bin\Release\sdurw_pathplanning.dll
  sdurw_proximitystrategies.vcxproj -> D:\10_Source_Repos\21_robot\RobWork\build\acc-ui-t41-1-build\RobWork\bin\Release\sdurw_proximitystrategies.dll
  sdurw_task.vcxproj -> D:\10_Source_Repos\21_robot\RobWork\build\acc-ui-t41-1-build\RobWork\bin\Release\sdurw_task.dll
  sdurw_opengl.vcxproj -> D:\10_Source_Repos\21_robot\RobWork\build\acc-ui-t41-1-build\RobWork\bin\Release\sdurw_opengl.dll
  Auto build dll exports
  Auto build dll exports
  Automatic MOC for target sdurws
  sdurw_assembly.vcxproj -> D:\10_Source_Repos\21_robot\RobWork\build\acc-ui-t41-1-build\RobWork\bin\Release\sdurw_assembly.dll
  sdurw_pathplanners.vcxproj -> D:\10_Source_Repos\21_robot\RobWork\build\acc-ui-t41-1-build\RobWork\bin\Release\sdurw_pathplanners.dll
  sdurws.vcxproj -> D:\10_Source_Repos\21_robot\RobWork\build\acc-ui-t41-1-build\RobWorkStudio\libs\Release\sdurws.lib
  Automatic MOC for target sdurws_log
  Automatic MOC for target sdurws_jog
  Automatic MOC for target sdurws_treeview
  Automatic MOC for target sdurws_playback
  Automatic MOC and UIC for target sdurwsim
  sdurws_log.vcxproj -> D:\10_Source_Repos\21_robot\RobWork\build\acc-ui-t41-1-build\RobWorkStudio\libs\Release\sdurws_log.lib
  sdurws_playback.vcxproj -> D:\10_Source_Repos\21_robot\RobWork\build\acc-ui-t41-1-build\RobWorkStudio\libs\Release\sdurws_playback.lib
  sdurws_treeview.vcxproj -> D:\10_Source_Repos\21_robot\RobWork\build\acc-ui-t41-1-build\RobWorkStudio\libs\Release\sdurws_treeview.lib
  sdurws_jog.vcxproj -> D:\10_Source_Repos\21_robot\RobWork\build\acc-ui-t41-1-build\RobWorkStudio\libs\Release\sdurws_jog.lib
  Auto build dll exports
  sdurwsim.vcxproj -> D:\10_Source_Repos\21_robot\RobWork\build\acc-ui-t41-1-build\RobWorkSim\bin\Release\sdurwsim.dll
  Automatic MOC for target sdurws_ird_runtime
  sdurws_ird_runtime.vcxproj -> D:\10_Source_Repos\21_robot\RobWork\build\acc-ui-t41-1-build\RobWorkStudio\libs\Release\sdurws_ird_runtime.lib
  Automatic MOC for target sdurws_ird_modeling
  Automatic MOC for target sdurws_ird_kinematics
  sdurws_ird_kinematics.vcxproj -> D:\10_Source_Repos\21_robot\RobWork\build\acc-ui-t41-1-build\RobWorkStudio\libs\Release\sdurws_ird_kinematics.lib
  sdurws_ird_modeling.vcxproj -> D:\10_Source_Repos\21_robot\RobWork\build\acc-ui-t41-1-build\RobWorkStudio\libs\Release\sdurws_ird_modeling.lib
  Automatic MOC for target sdurws_ird_kinematics_plugin
  Automatic MOC for target sdurws_ird_modeling_plugin
  sdurws_ird_kinematics_plugin.vcxproj -> D:\10_Source_Repos\21_robot\RobWork\build\acc-ui-t41-1-build\RobWorkStudio\libs\Release\sdurws_ird_kinematics_plugin.lib
  PanelCommandCatalog.cpp
  sdurws_ird_modeling_plugin.vcxproj -> D:\10_Source_Repos\21_robot\RobWork\build\acc-ui-t41-1-build\RobWorkStudio\libs\Release\sdurws_ird_modeling_plugin.lib
  Automatic MOC for target sdurws_ird_studio
    正在创建库 D:/10_Source_Repos/21_robot/RobWork/build/acc-ui-t41-1-build/RobWorkStudio/libs/Release/sdurws_ird_studio.lib 和对象 D:/10_Source_Repos/21_robot/RobWork/build/acc-ui-t41-1-build/RobWorkStudio/libs/Release/sdurws_ird_studio.exp
  sdurws_ird_studio.vcxproj -> D:\10_Source_Repos\21_robot\RobWork\build\acc-ui-t41-1-build\RobWorkStudio\bin\Release\sdurws_ird_studio.exe
