适用于 .NET Framework MSBuild 版本 17.12.6+db5f6012c

  sdurws_ird_core.vcxproj -> D:\10_Source_Repos\21_robot\RobWork\build_smoke_t10kin\core\Release\sdurws_ird_core.lib
  sdurws_ird_core_test.vcxproj -> D:\10_Source_Repos\21_robot\RobWork\build_smoke_t10kin\core\Release\sdurws_ird_core_test.exe
  sdurws_ird_diagnostics.vcxproj -> D:\10_Source_Repos\21_robot\RobWork\build_smoke_t10kin\diagnostics\Release\sdurws_ird_diagnostics.lib
  sdurws_ird_io.vcxproj -> D:\10_Source_Repos\21_robot\RobWork\build_smoke_t10kin\io\Release\sdurws_ird_io.lib
  sdurws_ird_policy.vcxproj -> D:\10_Source_Repos\21_robot\RobWork\build_smoke_t10kin\policy\Release\sdurws_ird_policy.lib
  sdurws_ird_project.vcxproj -> D:\10_Source_Repos\21_robot\RobWork\build_smoke_t10kin\project\Release\sdurws_ird_project.lib
  sdurws_ird_runtime.vcxproj -> D:\10_Source_Repos\21_robot\RobWork\build_smoke_t10kin\runtime\Release\sdurws_ird_runtime.lib
  sdurws_ird_modeling.vcxproj -> D:\10_Source_Repos\21_robot\RobWork\build_smoke_t10kin\modeling\Release\sdurws_ird_modeling.lib
  sdurws_ird_demo6r.vcxproj -> D:\10_Source_Repos\21_robot\RobWork\build_smoke_t10kin\modeling\Release\sdurws_ird_demo6r.exe
  sdurws_ird_testkit.vcxproj -> D:\10_Source_Repos\21_robot\RobWork\build_smoke_t10kin\testkit\Release\sdurws_ird_testkit.lib
  sdurws_ird_diagnostics_contract_test.vcxproj -> D:\10_Source_Repos\21_robot\RobWork\build_smoke_t10kin\diagnostics\Release\sdurws_ird_diagnostics_contract_test.exe
  sdurws_ird_diagnostics_test.vcxproj -> D:\10_Source_Repos\21_robot\RobWork\build_smoke_t10kin\diagnostics\Release\sdurws_ird_diagnostics_test.exe
  sdurws_ird_evidence.vcxproj -> D:\10_Source_Repos\21_robot\RobWork\build_smoke_t10kin\evidence\Release\sdurws_ird_evidence.lib
  sdurws_ird_evidence_contract_test.vcxproj -> D:\10_Source_Repos\21_robot\RobWork\build_smoke_t10kin\evidence\Release\sdurws_ird_evidence_contract_test.exe
  sdurws_ird_evidence_test.vcxproj -> D:\10_Source_Repos\21_robot\RobWork\build_smoke_t10kin\evidence\Release\sdurws_ird_evidence_test.exe
  sdurws_ird_execution.vcxproj -> D:\10_Source_Repos\21_robot\RobWork\build_smoke_t10kin\execution\Release\sdurws_ird_execution.lib
  sdurws_ird_execution_worker.vcxproj -> D:\10_Source_Repos\21_robot\RobWork\build_smoke_t10kin\execution\Release\sdurws_ird_execution_worker.exe
  sdurws_ird_execution_contract_test.vcxproj -> D:\10_Source_Repos\21_robot\RobWork\build_smoke_t10kin\execution\Release\sdurws_ird_execution_contract_test.exe
  sdurws_ird_execution_test.vcxproj -> D:\10_Source_Repos\21_robot\RobWork\build_smoke_t10kin\execution\Release\sdurws_ird_execution_test.exe
  sdurws_ird_io_contract_test.vcxproj -> D:\10_Source_Repos\21_robot\RobWork\build_smoke_t10kin\io\Release\sdurws_ird_io_contract_test.exe
  sdurws_ird_io_test.vcxproj -> D:\10_Source_Repos\21_robot\RobWork\build_smoke_t10kin\io\Release\sdurws_ird_io_test.exe
  AnalysisConfig.cpp
  Bounds.cpp
  Commands.cpp
  Evaluators.cpp
  Evidence.cpp
  Export.cpp
  Fk.cpp
  Ik.cpp
  KinTypes.cpp
  Recompute.cpp
  Sampling.cpp
  SolutionSet.cpp
  正在生成代码...
  sdurws_ird_kinematics.vcxproj -> D:\10_Source_Repos\21_robot\RobWork\build_smoke_t10kin\kinematics\Release\sdurws_ird_kinematics.lib
  CollisionConsistencyContractTest.cpp
  CommandFacadeContractTest.cpp
  PoseMetricsEvaluatorContractTest.cpp
  RegionCoverageEvaluatorContractTest.cpp
  TaskPointIkEvaluatorContractTest.cpp
  TaskPointsBatchEvaluatorContractTest.cpp
  正在生成代码...
  sdurws_ird_kinematics_contract_test.vcxproj -> D:\10_Source_Repos\21_robot\RobWork\build_smoke_t10kin\kinematics\Release\sdurws_ird_kinematics_contract_test.exe
  AnalysisConfigTest.cpp
  CommandsTest.cpp
D:\10_Source_Repos\21_robot\RobWork\RobWork\RobWorkStudio\src\rwslibs\industrialrobot\kinematics\test\CommandsTest.cpp(590,5): warning C4834: 放弃具有 [[nodiscard]] 属性的函数的返回值 [D:\10_Source_Repos\21_robot\RobWork\build_smoke_t10kin\kinematics\sdurws_ird_kinematics_test.vcxproj]
D:\10_Source_Repos\21_robot\RobWork\RobWork\RobWorkStudio\src\rwslibs\industrialrobot\kinematics\test\CommandsTest.cpp(611,5): warning C4834: 放弃具有 [[nodiscard]] 属性的函数的返回值 [D:\10_Source_Repos\21_robot\RobWork\build_smoke_t10kin\kinematics\sdurws_ird_kinematics_test.vcxproj]
  ExportTest.cpp
  FkTest.cpp
  IkTest.cpp
  RecomputeTest.cpp
  RegionCoverageTest.cpp
  SolutionSetViewTest.cpp
  TaskPointsBatchTest.cpp
  正在生成代码...
  sdurws_ird_kinematics_test.vcxproj -> D:\10_Source_Repos\21_robot\RobWork\build_smoke_t10kin\kinematics\Release\sdurws_ird_kinematics_test.exe
  sdurws_ird_ui.vcxproj -> D:\10_Source_Repos\21_robot\RobWork\build_smoke_t10kin\ui\Release\sdurws_ird_ui.lib
  Automatic MOC for target sdurws_ird_modeling_plugin
  sdurws_ird_modeling_plugin.vcxproj -> D:\10_Source_Repos\21_robot\RobWork\build_smoke_t10kin\modeling\Release\sdurws_ird_modeling_plugin.lib
  sdurws_ird_modeling_app.vcxproj -> D:\10_Source_Repos\21_robot\RobWork\build_smoke_t10kin\modeling\Release\sdurws_ird_modeling_app.exe
  sdurws_ird_modeling_contract_test.vcxproj -> D:\10_Source_Repos\21_robot\RobWork\build_smoke_t10kin\modeling\Release\sdurws_ird_modeling_contract_test.exe
  sdurws_ird_modeling_test.vcxproj -> D:\10_Source_Repos\21_robot\RobWork\build_smoke_t10kin\modeling\Release\sdurws_ird_modeling_test.exe
  sdurws_ird_policy_contract_test.vcxproj -> D:\10_Source_Repos\21_robot\RobWork\build_smoke_t10kin\policy\Release\sdurws_ird_policy_contract_test.exe
  sdurws_ird_policy_test.vcxproj -> D:\10_Source_Repos\21_robot\RobWork\build_smoke_t10kin\policy\Release\sdurws_ird_policy_test.exe
  sdurws_ird_project_contract_test.vcxproj -> D:\10_Source_Repos\21_robot\RobWork\build_smoke_t10kin\project\Release\sdurws_ird_project_contract_test.exe
  sdurws_ird_project_test.vcxproj -> D:\10_Source_Repos\21_robot\RobWork\build_smoke_t10kin\project\Release\sdurws_ird_project_test.exe
  sdurws_ird_reporting.vcxproj -> D:\10_Source_Repos\21_robot\RobWork\build_smoke_t10kin\reporting\Release\sdurws_ird_reporting.lib
  sdurws_ird_reporting_contract_test.vcxproj -> D:\10_Source_Repos\21_robot\RobWork\build_smoke_t10kin\reporting\Release\sdurws_ird_reporting_contract_test.exe
  sdurws_ird_reporting_test.vcxproj -> D:\10_Source_Repos\21_robot\RobWork\build_smoke_t10kin\reporting\Release\sdurws_ird_reporting_test.exe
  sdurws_ird_requirements.vcxproj -> D:\10_Source_Repos\21_robot\RobWork\build_smoke_t10kin\requirements\Release\sdurws_ird_requirements.lib
  sdurws_ird_requirements_contract_test.vcxproj -> D:\10_Source_Repos\21_robot\RobWork\build_smoke_t10kin\requirements\Release\sdurws_ird_requirements_contract_test.exe
  Automatic MOC for target sdurws_ird_requirements_plugin
  sdurws_ird_requirements_plugin.vcxproj -> D:\10_Source_Repos\21_robot\RobWork\build_smoke_t10kin\requirements\Release\sdurws_ird_requirements_plugin.lib
  sdurws_ird_requirements_test.vcxproj -> D:\10_Source_Repos\21_robot\RobWork\build_smoke_t10kin\requirements\Release\sdurws_ird_requirements_test.exe
  sdurws_ird_runtime_test.vcxproj -> D:\10_Source_Repos\21_robot\RobWork\build_smoke_t10kin\runtime\Release\sdurws_ird_runtime_test.exe
  sdurws_ird_testdata_lint.vcxproj -> D:\10_Source_Repos\21_robot\RobWork\build_smoke_t10kin\testkit\Release\sdurws_ird_testdata_lint.exe
  sdurws_ird_testkit_prochelper.vcxproj -> D:\10_Source_Repos\21_robot\RobWork\build_smoke_t10kin\testkit\Release\sdurws_ird_testkit_prochelper.exe
  sdurws_ird_testkit_test.vcxproj -> D:\10_Source_Repos\21_robot\RobWork\build_smoke_t10kin\testkit\Release\sdurws_ird_testkit_test.exe
  sdurws_ird_ui_app.vcxproj -> D:\10_Source_Repos\21_robot\RobWork\build_smoke_t10kin\ui\Release\sdurws_ird_ui_app.exe
  sdurws_ird_ui_contract_test.vcxproj -> D:\10_Source_Repos\21_robot\RobWork\build_smoke_t10kin\ui\Release\sdurws_ird_ui_contract_test.exe
  sdurws_ird_ui_gui_test.vcxproj -> D:\10_Source_Repos\21_robot\RobWork\build_smoke_t10kin\ui\Release\sdurws_ird_ui_gui_test.exe
  sdurws_ird_ui_test.vcxproj -> D:\10_Source_Repos\21_robot\RobWork\build_smoke_t10kin\ui\Release\sdurws_ird_ui_test.exe
