适用于 .NET Framework MSBuild 版本 17.12.6+db5f6012c

  Auto build dll exports
  sdurw_core.vcxproj -> D:\10_Source_Repos\21_robot\RobWork\build\RobWork\bin\Release\sdurw_core.dll
  Auto build dll exports
  sdurw_common.vcxproj -> D:\10_Source_Repos\21_robot\RobWork\build\RobWork\bin\Release\sdurw_common.dll
  Auto build dll exports
  sdurw_math.vcxproj -> D:\10_Source_Repos\21_robot\RobWork\build\RobWork\bin\Release\sdurw_math.dll
  Auto build dll exports
  sdurw_kinematics.vcxproj -> D:\10_Source_Repos\21_robot\RobWork\build\RobWork\bin\Release\sdurw_kinematics.dll
  Auto build dll exports
  sdurw_geometry.vcxproj -> D:\10_Source_Repos\21_robot\RobWork\build\RobWork\bin\Release\sdurw_geometry.dll
  Auto build dll exports
  sdurw_sensor.vcxproj -> D:\10_Source_Repos\21_robot\RobWork\build\RobWork\bin\Release\sdurw_sensor.dll
  Auto build dll exports
  sdurw_models.vcxproj -> D:\10_Source_Repos\21_robot\RobWork\build\RobWork\bin\Release\sdurw_models.dll
  Auto build dll exports
  sdurw_proximity.vcxproj -> D:\10_Source_Repos\21_robot\RobWork\build\RobWork\bin\Release\sdurw_proximity.dll
  Automatic MOC for target sdurws_ird_core
  sdurws_ird_core.vcxproj -> D:\10_Source_Repos\21_robot\RobWork\build\RobWorkStudio\libs\Release\sdurws_ird_core.lib
  Automatic MOC for target sdurws_ird_policy
  sdurws_ird_policy.vcxproj -> D:\10_Source_Repos\21_robot\RobWork\build\RobWorkStudio\libs\Release\sdurws_ird_policy.lib
  Automatic MOC for target sdurws_ird_policy_test
  BuildRedLineTest.cpp
  mocs_compilation_Release.cpp
  sdurws_ird_policy_test.vcxproj -> D:\10_Source_Repos\21_robot\RobWork\build\RobWorkStudio\bin\Release\sdurws_ird_policy_test.exe
