Running main() from D:\10_Source_Repos\21_robot\RobWork\vcpkg\buildtrees\gtest\src\v1.18.0-e6987f02b9.clean\googletest\src\gtest_main.cc
Note: Google Test filter = CompilerTest.*Resource*
[==========] Running 7 tests from 1 test suite.
[----------] Global test environment set-up.
[----------] 7 tests from CompilerTest
[ RUN      ] CompilerTest.BadAllocTranslatedToResourceBudget_RT_CPX_4
[       OK ] CompilerTest.BadAllocTranslatedToResourceBudget_RT_CPX_4 (0 ms)
[ RUN      ] CompilerTest.ResourceMissingFailsLocated_RT_RES_1
[       OK ] CompilerTest.ResourceMissingFailsLocated_RT_RES_1 (0 ms)
[ RUN      ] CompilerTest.ResourceDigestMismatchAtS4Fails_RT_RES_1
[       OK ] CompilerTest.ResourceDigestMismatchAtS4Fails_RT_RES_1 (0 ms)
[ RUN      ] CompilerTest.ResourceBudgetFails_RT_RES_1
[       OK ] CompilerTest.ResourceBudgetFails_RT_RES_1 (0 ms)
[ RUN      ] CompilerTest.ResourceSwappedMidCompileFailsBeforePublish_RT_RES_2
D:\10_Source_Repos\21_robot\RobWork\RobWork\RobWorkStudio\src\rwslibs\industrialrobot\runtime\test\CompilerTest.cpp(928): error: Expected equality of these values:
  out.status
    Which is: 4-byte object <00-00 00-00>
  CompileStatus::Failed
    Which is: 4-byte object <01-00 00-00>
替换窗口必须被发布前复查封闭

D:\10_Source_Repos\21_robot\RobWork\RobWork\RobWorkStudio\src\rwslibs\industrialrobot\runtime\test\CompilerTest.cpp(929): error: Expected equality of these values:
  out.snapshot
    Which is: (ptr = 00000205669F4FC0, value = 1448-byte object <30-A0 50-7F F6-7F 00-00 00-00 00-00 00-00 00-00 00-00 00-00 00-00 00-00 00-00 00-00 00-00 00-00 90-10 96-66 05-02 00-00 90-10 96-66 05-02 00-00 60-F3 9B-66 05-02 00-00 90-10 96-66 05-02 00-00 ... C0-37 9F-66 05-02 00-00 C0-37 9F-66 05-02 00-00 9A-45 C2-9C A5-90 3F-00 00-00 00-00 A4-02 F1-79 B4-F2 D6-CA 99-58 DD-0F 6E-78 56-86 3C-B3 C0-15 8F-35 D6-E1 C9-00 C3-3F D1-94 74-11 00-00 00-00>)
  nullptr
    Which is: (nullptr)

D:\10_Source_Repos\21_robot\RobWork\RobWork\RobWorkStudio\src\rwslibs\industrialrobot\runtime\test\CompilerTest.cpp(932): error: Expected equality of these values:
  out.diagnostics.front().code
    Which is: "RT-RESOURCE-RECORDED"
  std::string{registryCode(RuntimeErrorCode::ResourceChanged)}
    Which is: "RT-RESOURCE-CHANGED"

D:\10_Source_Repos\21_robot\RobWork\RobWork\RobWorkStudio\src\rwslibs\industrialrobot\runtime\test\CompilerTest.cpp(933): error: Expected equality of these values:
  provider.callsOf(h.res1)
    Which is: 1
  2
S4 读取＋S10 前复查＝恰两次调用

[  FAILED  ] CompilerTest.ResourceSwappedMidCompileFailsBeforePublish_RT_RES_2 (0 ms)
[ RUN      ] CompilerTest.SolidifiedResourceSkipsRecheck_RT_RES_2
[       OK ] CompilerTest.SolidifiedResourceSkipsRecheck_RT_RES_2 (0 ms)
[ RUN      ] CompilerTest.RecordedResourceWarnsNotBlocked
[       OK ] CompilerTest.RecordedResourceWarnsNotBlocked (0 ms)
[----------] 7 tests from CompilerTest (1 ms total)

[----------] Global test environment tear-down
[==========] 7 tests from 1 test suite ran. (1 ms total)
[  PASSED  ] 6 tests.
[  FAILED  ] 1 test, listed below:
[  FAILED  ] CompilerTest.ResourceSwappedMidCompileFailsBeforePublish_RT_RES_2

 1 FAILED TEST
