[==========] Running 38 tests from 2 test suites.
[----------] Global test environment set-up.
[----------] 35 tests from ModelingPanelGuiTest
[ RUN      ] ModelingPanelGuiTest.PropertyFormFullClear_RowCountStableAcrossRefresh_MDL07_UI_T27
[       OK ] ModelingPanelGuiTest.PropertyFormFullClear_RowCountStableAcrossRefresh_MDL07_UI_T27 (35 ms)
[ RUN      ] ModelingPanelGuiTest.UnitSeparation_EditorTextPurelyNumeric_UX05_UI_T27
[       OK ] ModelingPanelGuiTest.UnitSeparation_EditorTextPurelyNumeric_UX05_UI_T27 (17 ms)
[ RUN      ] ModelingPanelGuiTest.OnlyZeroOffsetEditable_CompositeRowsReadOnly_MDL07_UI_T27
[       OK ] ModelingPanelGuiTest.OnlyZeroOffsetEditable_CompositeRowsReadOnly_MDL07_UI_T27 (16 ms)
[ RUN      ] ModelingPanelGuiTest.JointDetailEditPane_EmptyStateAndBuildOnSelection_UI_T53
[       OK ] ModelingPanelGuiTest.JointDetailEditPane_EmptyStateAndBuildOnSelection_UI_T53 (17 ms)
[ RUN      ] ModelingPanelGuiTest.JointDetailEditPane_OriginEditApplyChain_UI_T53
[       OK ] ModelingPanelGuiTest.JointDetailEditPane_OriginEditApplyChain_UI_T53 (18 ms)
[ RUN      ] ModelingPanelGuiTest.JointDetailEditPane_DhAuthorityRejectsAxisEdit_UI_T53
[       OK ] ModelingPanelGuiTest.JointDetailEditPane_DhAuthorityRejectsAxisEdit_UI_T53 (19 ms)
[ RUN      ] ModelingPanelGuiTest.JointDetailEditPane_ReadOnlySessionDisablesPanel_UI_T53
[       OK ] ModelingPanelGuiTest.JointDetailEditPane_ReadOnlySessionDisablesPanel_UI_T53 (34 ms)
[ RUN      ] ModelingPanelGuiTest.BasePlacementEdit_WholeReplacementChain_UI_T54
[       OK ] ModelingPanelGuiTest.BasePlacementEdit_WholeReplacementChain_UI_T54 (15 ms)
[ RUN      ] ModelingPanelGuiTest.BasePlacementEdit_PresetIdentityRotationRejected_UI_T54
[       OK ] ModelingPanelGuiTest.BasePlacementEdit_PresetIdentityRotationRejected_UI_T54 (16 ms)
[ RUN      ] ModelingPanelGuiTest.BasePlacementEdit_ReadOnlyDisablesApply_UI_T54
[       OK ] ModelingPanelGuiTest.BasePlacementEdit_ReadOnlyDisablesApply_UI_T54 (32 ms)
[ RUN      ] ModelingPanelGuiTest.UnmodifiedEditingFinished_NoDirtyNoApply_ERR01_UI_T27
[       OK ] ModelingPanelGuiTest.UnmodifiedEditingFinished_NoDirtyNoApply_ERR01_UI_T27 (17 ms)
[ RUN      ] ModelingPanelGuiTest.AvailabilityProviderDisabled_ButtonsGreyWithReason_UX02_UI_T27
[       OK ] ModelingPanelGuiTest.AvailabilityProviderDisabled_ButtonsGreyWithReason_UX02_UI_T27 (14 ms)
[ RUN      ] ModelingPanelGuiTest.CommandButtonTooltip_ResolvedFromUiTextKey_UX02_UI_T41B
[       OK ] ModelingPanelGuiTest.CommandButtonTooltip_ResolvedFromUiTextKey_UX02_UI_T41B (15 ms)
[ RUN      ] ModelingPanelGuiTest.MoreActionsCollapse_DefaultCollapsedAndToggle_F502
[       OK ] ModelingPanelGuiTest.MoreActionsCollapse_DefaultCollapsedAndToggle_F502 (16 ms)
[ RUN      ] ModelingPanelGuiTest.ZeroOffsetOutOfRange_InlineWarningKeepsAuthoritative_B1
[       OK ] ModelingPanelGuiTest.ZeroOffsetOutOfRange_InlineWarningKeepsAuthoritative_B1 (17 ms)
[ RUN      ] ModelingPanelGuiTest.IncrementalRefresh_PreservesEditorFocus_B3
[       OK ] ModelingPanelGuiTest.IncrementalRefresh_PreservesEditorFocus_B3 (18 ms)
[ RUN      ] ModelingPanelGuiTest.StatusHistory_AccumulatesAndToggles_B2
[       OK ] ModelingPanelGuiTest.StatusHistory_AccumulatesAndToggles_B2 (17 ms)
[ RUN      ] ModelingPanelGuiTest.ReadOnlySession_AvailabilityRefreshCannotReviveWriteCommands_L7_UI_T43
[       OK ] ModelingPanelGuiTest.ReadOnlySession_AvailabilityRefreshCannotReviveWriteCommands_L7_UI_T43 (16 ms)
[ RUN      ] ModelingPanelGuiTest.StructureButtons_InsertAndRemove_DraftOnly_UI_T47
[       OK ] ModelingPanelGuiTest.StructureButtons_InsertAndRemove_DraftOnly_UI_T47 (39 ms)
[ RUN      ] ModelingPanelGuiTest.StructureButtons_RemoveSelected_DraftOnly_UI_T47
[       OK ] ModelingPanelGuiTest.StructureButtons_RemoveSelected_DraftOnly_UI_T47 (21 ms)
[ RUN      ] ModelingPanelGuiTest.GeometryActionButtons_LoadAndDetach_UI_T48
[       OK ] ModelingPanelGuiTest.GeometryActionButtons_LoadAndDetach_UI_T48 (17 ms)
[ RUN      ] ModelingPanelGuiTest.GeometryCopyButton_VisualToCollision_UI_T49
[       OK ] ModelingPanelGuiTest.GeometryCopyButton_VisualToCollision_UI_T49 (15 ms)
[ RUN      ] ModelingPanelGuiTest.EditingChain_EndToEnd_FourSegments_UI_T50
[       OK ] ModelingPanelGuiTest.EditingChain_EndToEnd_FourSegments_UI_T50 (19 ms)
[ RUN      ] ModelingPanelGuiTest.ToolMountEdit_SelectionDrivenChain_UI_T55
[       OK ] ModelingPanelGuiTest.ToolMountEdit_SelectionDrivenChain_UI_T55 (19 ms)
[ RUN      ] ModelingPanelGuiTest.ScenePoseEdit_SelectionDrivenChain_UI_T55
[       OK ] ModelingPanelGuiTest.ScenePoseEdit_SelectionDrivenChain_UI_T55 (17 ms)
[ RUN      ] ModelingPanelGuiTest.PoseEditPanes_ReadOnlyDisables_UI_T55
[       OK ] ModelingPanelGuiTest.PoseEditPanes_ReadOnlyDisables_UI_T55 (34 ms)
[ RUN      ] ModelingPanelGuiTest.TcpListEdit_AddAndOffsetChain_UI_T57
[       OK ] ModelingPanelGuiTest.TcpListEdit_AddAndOffsetChain_UI_T57 (19 ms)
[ RUN      ] ModelingPanelGuiTest.TcpListEdit_RemoveGuards_UI_T57
[       OK ] ModelingPanelGuiTest.TcpListEdit_RemoveGuards_UI_T57 (16 ms)
[ RUN      ] ModelingPanelGuiTest.TcpPane_ReadOnlyDisables_UI_T57
[       OK ] ModelingPanelGuiTest.TcpPane_ReadOnlyDisables_UI_T57 (31 ms)
[ RUN      ] ModelingPanelGuiTest.TcpDisplayNameEdit_Chain_UI_T58
[       OK ] ModelingPanelGuiTest.TcpDisplayNameEdit_Chain_UI_T58 (16 ms)
[ RUN      ] ModelingPanelGuiTest.PreviewPane_MultiTypeChain_UI_T59
[       OK ] ModelingPanelGuiTest.PreviewPane_MultiTypeChain_UI_T59 (29 ms)
[ RUN      ] ModelingPanelGuiTest.PoseSetEdit_Chain_UI_T60
[       OK ] ModelingPanelGuiTest.PoseSetEdit_Chain_UI_T60 (21 ms)
[ RUN      ] ModelingPanelGuiTest.DrivetrainEdit_Chain_UI_T60
[       OK ] ModelingPanelGuiTest.DrivetrainEdit_Chain_UI_T60 (16 ms)
[ RUN      ] ModelingPanelGuiTest.PoseDrivetrainPanes_ReadOnlyDisables_UI_T60
[       OK ] ModelingPanelGuiTest.PoseDrivetrainPanes_ReadOnlyDisables_UI_T60 (33 ms)
[ RUN      ] ModelingPanelGuiTest.TcpDisplayNameEdit_SetWritableDynamicWindow_F517
[       OK ] ModelingPanelGuiTest.TcpDisplayNameEdit_SetWritableDynamicWindow_F517 (16 ms)
[----------] 35 tests from ModelingPanelGuiTest (747 ms total)

[----------] 3 tests from ModelingUiModuleHostWiring
[ RUN      ] ModelingUiModuleHostWiring.TextResolverBoundBeforePanelCreation_NoInternalKeyLeak_UX02_UI_T43
[       OK ] ModelingUiModuleHostWiring.TextResolverBoundBeforePanelCreation_NoInternalKeyLeak_UX02_UI_T43 (14 ms)
[ RUN      ] ModelingUiModuleHostWiring.WritableChain_PendingInitialAndLiveForward_L7_UI_T43
[       OK ] ModelingUiModuleHostWiring.WritableChain_PendingInitialAndLiveForward_L7_UI_T43 (15 ms)
[ RUN      ] ModelingUiModuleHostWiring.AppliedPreviewPushChain_Fix_UI_T59
[       OK ] ModelingUiModuleHostWiring.AppliedPreviewPushChain_Fix_UI_T59 (20 ms)
[----------] 3 tests from ModelingUiModuleHostWiring (50 ms total)

[----------] Global test environment tear-down
[==========] 38 tests from 2 test suites ran. (798 ms total)
[  PASSED  ] 38 tests.
