适用于 .NET Framework MSBuild 版本 17.12.6+db5f6012c

  pqp.vcxproj -> D:\10_Source_Repos\21_robot\RobWork\build\acc-wt-ui-t35\bld-int\RobWork\libs\Release\pqp.lib
  Automatic MOC for target qtpropertybrowser
  qtpropertybrowser.vcxproj -> D:\10_Source_Repos\21_robot\RobWork\build\acc-wt-ui-t35\bld-int\RobWorkStudio\libs\Release\qtpropertybrowser.lib
  Auto build dll exports
  sdurw_core.vcxproj -> D:\10_Source_Repos\21_robot\RobWork\build\acc-wt-ui-t35\bld-int\RobWork\bin\Release\sdurw_core.dll
  Auto build dll exports
  sdurw_common.vcxproj -> D:\10_Source_Repos\21_robot\RobWork\build\acc-wt-ui-t35\bld-int\RobWork\bin\Release\sdurw_common.dll
  Auto build dll exports
  sdurw_math.vcxproj -> D:\10_Source_Repos\21_robot\RobWork\build\acc-wt-ui-t35\bld-int\RobWork\bin\Release\sdurw_math.dll
  Auto build dll exports
  sdurw_kinematics.vcxproj -> D:\10_Source_Repos\21_robot\RobWork\build\acc-wt-ui-t35\bld-int\RobWork\bin\Release\sdurw_kinematics.dll
  Auto build dll exports
  sdurw_geometry.vcxproj -> D:\10_Source_Repos\21_robot\RobWork\build\acc-wt-ui-t35\bld-int\RobWork\bin\Release\sdurw_geometry.dll
  Auto build dll exports
  sdurw_sensor.vcxproj -> D:\10_Source_Repos\21_robot\RobWork\build\acc-wt-ui-t35\bld-int\RobWork\bin\Release\sdurw_sensor.dll
  Auto build dll exports
  sdurw_models.vcxproj -> D:\10_Source_Repos\21_robot\RobWork\build\acc-wt-ui-t35\bld-int\RobWork\bin\Release\sdurw_models.dll
  Auto build dll exports
  sdurw_control.vcxproj -> D:\10_Source_Repos\21_robot\RobWork\build\acc-wt-ui-t35\bld-int\RobWork\bin\Release\sdurw_control.dll
  Auto build dll exports
  sdurw_graphics.vcxproj -> D:\10_Source_Repos\21_robot\RobWork\build\acc-wt-ui-t35\bld-int\RobWork\bin\Release\sdurw_graphics.dll
  Auto build dll exports
  sdurw_proximity.vcxproj -> D:\10_Source_Repos\21_robot\RobWork\build\acc-wt-ui-t35\bld-int\RobWork\bin\Release\sdurw_proximity.dll
  Auto build dll exports
  sdurw_trajectory.vcxproj -> D:\10_Source_Repos\21_robot\RobWork\build\acc-wt-ui-t35\bld-int\RobWork\bin\Release\sdurw_trajectory.dll
  Auto build dll exports
  sdurw_invkin.vcxproj -> D:\10_Source_Repos\21_robot\RobWork\build\acc-wt-ui-t35\bld-int\RobWork\bin\Release\sdurw_invkin.dll
  Auto build dll exports
  sdurw_loaders.vcxproj -> D:\10_Source_Repos\21_robot\RobWork\build\acc-wt-ui-t35\bld-int\RobWork\bin\Release\sdurw_loaders.dll
  Auto build dll exports
  sdurw_opengl.vcxproj -> D:\10_Source_Repos\21_robot\RobWork\build\acc-wt-ui-t35\bld-int\RobWork\bin\Release\sdurw_opengl.dll
  yaobi.vcxproj -> D:\10_Source_Repos\21_robot\RobWork\build\acc-wt-ui-t35\bld-int\RobWork\libs\Release\yaobi.lib
  Auto build dll exports
  sdurw_proximitystrategies.vcxproj -> D:\10_Source_Repos\21_robot\RobWork\build\acc-wt-ui-t35\bld-int\RobWork\bin\Release\sdurw_proximitystrategies.dll
  Auto build dll exports
  sdurw_simulation.vcxproj -> D:\10_Source_Repos\21_robot\RobWork\build\acc-wt-ui-t35\bld-int\RobWork\bin\Release\sdurw_simulation.dll
  Auto build dll exports
  sdurw_task.vcxproj -> D:\10_Source_Repos\21_robot\RobWork\build\acc-wt-ui-t35\bld-int\RobWork\bin\Release\sdurw_task.dll
  Automatic MOC for target sdurws
  sdurws.vcxproj -> D:\10_Source_Repos\21_robot\RobWork\build\acc-wt-ui-t35\bld-int\RobWorkStudio\libs\Release\sdurws.lib
  Automatic MOC for target sdurws_ird_core
  sdurws_ird_core.vcxproj -> D:\10_Source_Repos\21_robot\RobWork\build\acc-wt-ui-t35\bld-int\RobWorkStudio\libs\Release\sdurws_ird_core.lib
  Automatic MOC for target sdurws_ird_diagnostics
  sdurws_ird_diagnostics.vcxproj -> D:\10_Source_Repos\21_robot\RobWork\build\acc-wt-ui-t35\bld-int\RobWorkStudio\libs\Release\sdurws_ird_diagnostics.lib
  Automatic MOC for target sdurws_ird_evidence
  sdurws_ird_evidence.vcxproj -> D:\10_Source_Repos\21_robot\RobWork\build\acc-wt-ui-t35\bld-int\RobWorkStudio\libs\Release\sdurws_ird_evidence.lib
  Automatic MOC for target sdurws_ird_project
  sdurws_ird_project.vcxproj -> D:\10_Source_Repos\21_robot\RobWork\build\acc-wt-ui-t35\bld-int\RobWorkStudio\libs\Release\sdurws_ird_project.lib
  Automatic MOC for target sdurws_ird_execution
  sdurws_ird_execution.vcxproj -> D:\10_Source_Repos\21_robot\RobWork\build\acc-wt-ui-t35\bld-int\RobWorkStudio\libs\Release\sdurws_ird_execution.lib
  Automatic MOC for target sdurws_ird_io
  sdurws_ird_io.vcxproj -> D:\10_Source_Repos\21_robot\RobWork\build\acc-wt-ui-t35\bld-int\RobWorkStudio\libs\Release\sdurws_ird_io.lib
  Automatic MOC for target sdurws_ird_policy
  sdurws_ird_policy.vcxproj -> D:\10_Source_Repos\21_robot\RobWork\build\acc-wt-ui-t35\bld-int\RobWorkStudio\libs\Release\sdurws_ird_policy.lib
  Auto build dll exports
  sdurw_algorithms.vcxproj -> D:\10_Source_Repos\21_robot\RobWork\build\acc-wt-ui-t35\bld-int\RobWork\bin\Release\sdurw_algorithms.dll
  Auto build dll exports
  sdurw_graspplanning.vcxproj -> D:\10_Source_Repos\21_robot\RobWork\build\acc-wt-ui-t35\bld-int\RobWork\bin\Release\sdurw_graspplanning.dll
  Auto build dll exports
  sdurw_pathplanning.vcxproj -> D:\10_Source_Repos\21_robot\RobWork\build\acc-wt-ui-t35\bld-int\RobWork\bin\Release\sdurw_pathplanning.dll
  Auto build dll exports
  sdurw_plugin.vcxproj -> D:\10_Source_Repos\21_robot\RobWork\build\acc-wt-ui-t35\bld-int\RobWork\bin\Release\sdurw_plugin.dll
  Auto build dll exports
  sdurw_assembly.vcxproj -> D:\10_Source_Repos\21_robot\RobWork\build\acc-wt-ui-t35\bld-int\RobWork\bin\Release\sdurw_assembly.dll
  Auto build dll exports
  sdurw_pathplanners.vcxproj -> D:\10_Source_Repos\21_robot\RobWork\build\acc-wt-ui-t35\bld-int\RobWork\bin\Release\sdurw_pathplanners.dll
  Automatic MOC and UIC for target sdurwsim
  Auto build dll exports
  sdurwsim.vcxproj -> D:\10_Source_Repos\21_robot\RobWork\build\acc-wt-ui-t35\bld-int\RobWorkSim\bin\Release\sdurwsim.dll
  Automatic MOC for target sdurws_ird_runtime
  sdurws_ird_runtime.vcxproj -> D:\10_Source_Repos\21_robot\RobWork\build\acc-wt-ui-t35\bld-int\RobWorkStudio\libs\Release\sdurws_ird_runtime.lib
  Automatic MOC for target sdurws_ird_kinematics
  sdurws_ird_kinematics.vcxproj -> D:\10_Source_Repos\21_robot\RobWork\build\acc-wt-ui-t35\bld-int\RobWorkStudio\libs\Release\sdurws_ird_kinematics.lib
  Automatic MOC for target sdurws_ird_ui
  sdurws_ird_ui.vcxproj -> D:\10_Source_Repos\21_robot\RobWork\build\acc-wt-ui-t35\bld-int\RobWorkStudio\libs\Release\sdurws_ird_ui.lib
  Automatic MOC for target sdurws_ird_kinematics_plugin
  sdurws_ird_kinematics_plugin.vcxproj -> D:\10_Source_Repos\21_robot\RobWork\build\acc-wt-ui-t35\bld-int\RobWorkStudio\libs\Release\sdurws_ird_kinematics_plugin.lib
  Automatic MOC for target sdurws_ird_modeling
  sdurws_ird_modeling.vcxproj -> D:\10_Source_Repos\21_robot\RobWork\build\acc-wt-ui-t35\bld-int\RobWorkStudio\libs\Release\sdurws_ird_modeling.lib
  Automatic MOC for target sdurws_ird_modeling_plugin
  sdurws_ird_modeling_plugin.vcxproj -> D:\10_Source_Repos\21_robot\RobWork\build\acc-wt-ui-t35\bld-int\RobWorkStudio\libs\Release\sdurws_ird_modeling_plugin.lib
  Automatic MOC for target sdurws_ird_requirements
  sdurws_ird_requirements.vcxproj -> D:\10_Source_Repos\21_robot\RobWork\build\acc-wt-ui-t35\bld-int\RobWorkStudio\libs\Release\sdurws_ird_requirements.lib
  Automatic MOC for target sdurws_ird_requirements_plugin
  sdurws_ird_requirements_plugin.vcxproj -> D:\10_Source_Repos\21_robot\RobWork\build\acc-wt-ui-t35\bld-int\RobWorkStudio\libs\Release\sdurws_ird_requirements_plugin.lib
  Automatic MOC for target sdurws_jog
  Generating qrc_resources.cpp
  Building Custom Rule D:/10_Source_Repos/21_robot/RobWork/build/acc-wt-ui-t35/RobWork/RobWorkStudio/src/rwslibs/jog/CMakeLists.txt
  Jog.cpp
  SliderTab.cpp
  qrc_resources.cpp
  mocs_compilation_Release.cpp
  sdurws_jog.vcxproj -> D:\10_Source_Repos\21_robot\RobWork\build\acc-wt-ui-t35\bld-int\RobWorkStudio\libs\Release\sdurws_jog.lib
  Automatic MOC for target sdurws_log
  Generating qrc_resources.cpp
  Building Custom Rule D:/10_Source_Repos/21_robot/RobWork/build/acc-wt-ui-t35/RobWork/RobWorkStudio/src/rwslibs/log/CMakeLists.txt
  ShowLog.cpp
  qrc_resources.cpp
  mocs_compilation_Release.cpp
  sdurws_log.vcxproj -> D:\10_Source_Repos\21_robot\RobWork\build\acc-wt-ui-t35\bld-int\RobWorkStudio\libs\Release\sdurws_log.lib
  Automatic MOC for target sdurws_playback
  Generating qrc_playback_resources.cpp
  Building Custom Rule D:/10_Source_Repos/21_robot/RobWork/build/acc-wt-ui-t35/RobWork/RobWorkStudio/src/rwslibs/playback/CMakeLists.txt
  PlayBack.cpp
  Player.cpp
  StateDraw.cpp
  PlayBackSettings.cpp
  qrc_playback_resources.cpp
  mocs_compilation_Release.cpp
  sdurws_playback.vcxproj -> D:\10_Source_Repos\21_robot\RobWork\build\acc-wt-ui-t35\bld-int\RobWorkStudio\libs\Release\sdurws_playback.lib
  Automatic MOC for target sdurws_treeview
  Generating qrc_resources.cpp
  Building Custom Rule D:/10_Source_Repos/21_robot/RobWork/build/acc-wt-ui-t35/RobWork/RobWorkStudio/src/rwslibs/treeview/CMakeLists.txt
  TreeView.cpp
  qrc_resources.cpp
  mocs_compilation_Release.cpp
  sdurws_treeview.vcxproj -> D:\10_Source_Repos\21_robot\RobWork\build\acc-wt-ui-t35\bld-int\RobWorkStudio\libs\Release\sdurws_treeview.lib
  Automatic MOC for target sdurws_ird_studio
  Building Custom Rule D:/10_Source_Repos/21_robot/RobWork/build/acc-wt-ui-t35/RobWork/RobWorkStudio/src/rwslibs/industrialrobot/ui/CMakeLists.txt
  StudioMain.cpp
  UiPlugin.cpp
  DomainAssembly.cpp
  DomainModuleRunner.cpp
  PortAdapters.cpp
  DiagnosticsAssembly.cpp
  mocs_compilation_Release.cpp
    正在创建库 D:/10_Source_Repos/21_robot/RobWork/build/acc-wt-ui-t35/bld-int/RobWorkStudio/libs/Release/sdurws_ird_studio.lib 和对象 D:/10_Source_Repos/21_robot/RobWork/build/acc-wt-ui-t35/bld-int/RobWorkStudio/libs/Release/sdurws_ird_studio.exp
  sdurws_ird_studio.vcxproj -> D:\10_Source_Repos\21_robot\RobWork\build\acc-wt-ui-t35\bld-int\RobWorkStudio\bin\Release\sdurws_ird_studio.exe
  D:\10_Source_Repos\21_robot\RobWork\vcpkg\installed\x64-windows\bin\boost_filesystem-vc143-mt-x64-1_92.dll -> D:\10_Source_Repos\21_robot\RobWork\build\acc-wt-ui-t35\bld-int\RobWorkStudio\bin\Release\boost_filesystem-vc143-mt-x64-1_92.dll done
适用于 .NET Framework MSBuild 版本 17.12.6+db5f6012c

  Auto build dll exports
  sdurw_core.vcxproj -> D:\10_Source_Repos\21_robot\RobWork\build\acc-wt-ui-t35\bld-int\RobWork\bin\Release\sdurw_core.dll
  Auto build dll exports
  sdurw_common.vcxproj -> D:\10_Source_Repos\21_robot\RobWork\build\acc-wt-ui-t35\bld-int\RobWork\bin\Release\sdurw_common.dll
  Auto build dll exports
  sdurw_math.vcxproj -> D:\10_Source_Repos\21_robot\RobWork\build\acc-wt-ui-t35\bld-int\RobWork\bin\Release\sdurw_math.dll
  Automatic MOC for target sdurws_ird_core
  sdurws_ird_core.vcxproj -> D:\10_Source_Repos\21_robot\RobWork\build\acc-wt-ui-t35\bld-int\RobWorkStudio\libs\Release\sdurws_ird_core.lib
  Automatic MOC for target sdurws_ird_diagnostics
  sdurws_ird_diagnostics.vcxproj -> D:\10_Source_Repos\21_robot\RobWork\build\acc-wt-ui-t35\bld-int\RobWorkStudio\libs\Release\sdurws_ird_diagnostics.lib
  Automatic MOC for target sdurws_ird_testkit
  Building Custom Rule D:/10_Source_Repos/21_robot/RobWork/build/acc-wt-ui-t35/RobWork/RobWorkStudio/src/rwslibs/industrialrobot/testkit/CMakeLists.txt
  TestPaths.cpp
  JsonLite.cpp
  Fault.cpp
  Dataset.cpp
  ToleranceProfile.cpp
  Check.cpp
  ContractCheck.cpp
  Fixture.cpp
  Report.cpp
  ProcessRunner.cpp
  mocs_compilation_Release.cpp
  sdurws_ird_testkit.vcxproj -> D:\10_Source_Repos\21_robot\RobWork\build\acc-wt-ui-t35\bld-int\RobWorkStudio\libs\Release\sdurws_ird_testkit.lib
  Automatic MOC for target sdurws_ird_ui
  sdurws_ird_ui.vcxproj -> D:\10_Source_Repos\21_robot\RobWork\build\acc-wt-ui-t35\bld-int\RobWorkStudio\libs\Release\sdurws_ird_ui.lib
  Automatic MOC for target sdurws_ird_ui_test
  Building Custom Rule D:/10_Source_Repos/21_robot/RobWork/build/acc-wt-ui-t35/RobWork/RobWorkStudio/src/rwslibs/industrialrobot/ui/CMakeLists.txt
  TestMainReport.cpp
  BuildRedLineTest.cpp
  ShellModelTest.cpp
  StatusWordModelTest.cpp
  View3DContractTest.cpp
  CommandRegistryModelTest.cpp
  ShortcutRegistryModelTest.cpp
  PolicySummaryCardTest.cpp
  FormEditModelTest.cpp
  StageNavigationModelTest.cpp
  AboutDialogModelTest.cpp
  SessionControllerModelTest.cpp
  DraftControllerModelTest.cpp
  DiagPresentationModelTest.cpp
  TaskPresentationModelTest.cpp
  CommandInteractionBridgeTest.cpp
  HostControllerModelTest.cpp
  RuntimePublishBridgeTest.cpp
  SelectionServiceTest.cpp
  IndustrialProjectTreeModelTest.cpp
  PropertyInspectorModelTest.cpp
  mocs_compilation_Release.cpp
  sdurws_ird_ui_test.vcxproj -> D:\10_Source_Repos\21_robot\RobWork\build\acc-wt-ui-t35\bld-int\RobWorkStudio\bin\Release\sdurws_ird_ui_test.exe
  D:\10_Source_Repos\21_robot\RobWork\vcpkg\installed\x64-windows\bin\gtest.dll -> D:\10_Source_Repos\21_robot\RobWork\build\acc-wt-ui-t35\bld-int\RobWorkStudio\bin\Release\gtest.dll done
适用于 .NET Framework MSBuild 版本 17.12.6+db5f6012c

  Auto build dll exports
  sdurw_core.vcxproj -> D:\10_Source_Repos\21_robot\RobWork\build\acc-wt-ui-t35\bld-int\RobWork\bin\Release\sdurw_core.dll
  Auto build dll exports
  sdurw_common.vcxproj -> D:\10_Source_Repos\21_robot\RobWork\build\acc-wt-ui-t35\bld-int\RobWork\bin\Release\sdurw_common.dll
  Auto build dll exports
  sdurw_math.vcxproj -> D:\10_Source_Repos\21_robot\RobWork\build\acc-wt-ui-t35\bld-int\RobWork\bin\Release\sdurw_math.dll
  Automatic MOC for target sdurws_ird_core
  sdurws_ird_core.vcxproj -> D:\10_Source_Repos\21_robot\RobWork\build\acc-wt-ui-t35\bld-int\RobWorkStudio\libs\Release\sdurws_ird_core.lib
  Automatic MOC for target sdurws_ird_diagnostics
  sdurws_ird_diagnostics.vcxproj -> D:\10_Source_Repos\21_robot\RobWork\build\acc-wt-ui-t35\bld-int\RobWorkStudio\libs\Release\sdurws_ird_diagnostics.lib
  Automatic MOC for target sdurws_ird_testkit
  sdurws_ird_testkit.vcxproj -> D:\10_Source_Repos\21_robot\RobWork\build\acc-wt-ui-t35\bld-int\RobWorkStudio\libs\Release\sdurws_ird_testkit.lib
  Automatic MOC for target sdurws_ird_ui
  sdurws_ird_ui.vcxproj -> D:\10_Source_Repos\21_robot\RobWork\build\acc-wt-ui-t35\bld-int\RobWorkStudio\libs\Release\sdurws_ird_ui.lib
  Automatic MOC for target sdurws_ird_ui_gui_test
  Building Custom Rule D:/10_Source_Repos/21_robot/RobWork/build/acc-wt-ui-t35/RobWork/RobWorkStudio/src/rwslibs/industrialrobot/ui/CMakeLists.txt
  TestMainReport.cpp
  BuildPlacementTest.cpp
  WorkbenchShellGuiTest.cpp
  WorkbenchContentGuiTest.cpp
  CommandPaletteGuiTest.cpp
  PolicySummaryCardGuiTest.cpp
  ParamTablePanelGuiTest.cpp
  AboutDialogGuiTest.cpp
  IndustrialProjectTreeGuiTest.cpp
  PropertyInspectorGuiTest.cpp
  HostIntegrationGuiTest.cpp
  mocs_compilation_Release.cpp
D:\10_Source_Repos\21_robot\RobWork\build\acc-wt-ui-t35\RobWork\RobWorkStudio\src\rwslibs\industrialrobot\ui\gui_test\CommandPaletteGuiTest.cpp(174,36): warning C4834: 放弃具有 [[nodiscard]] 属性的函数的返回值 [D:\10_Source_Repos\21_robot\RobWork\build\acc-wt-ui-t35\bld-int\RobWorkStudio\src\rwslibs\industrialrobot\ui\sdurws_ird_ui_gui_test.vcxproj]
D:\10_Source_Repos\21_robot\RobWork\build\acc-wt-ui-t35\RobWork\RobWorkStudio\src\rwslibs\industrialrobot\ui\gui_test\CommandPaletteGuiTest.cpp(172,23): warning C4996: 'QApplication::setActiveWindow': Use QWidget::activateWindow() instead. [D:\10_Source_Repos\21_robot\RobWork\build\acc-wt-ui-t35\bld-int\RobWorkStudio\src\rwslibs\industrialrobot\ui\sdurws_ird_ui_gui_test.vcxproj]
  sdurws_ird_ui_gui_test.vcxproj -> D:\10_Source_Repos\21_robot\RobWork\build\acc-wt-ui-t35\bld-int\RobWorkStudio\bin\Release\sdurws_ird_ui_gui_test.exe
适用于 .NET Framework MSBuild 版本 17.12.6+db5f6012c

  Auto build dll exports
  sdurw_core.vcxproj -> D:\10_Source_Repos\21_robot\RobWork\build\acc-wt-ui-t35\bld-int\RobWork\bin\Release\sdurw_core.dll
  Auto build dll exports
  sdurw_common.vcxproj -> D:\10_Source_Repos\21_robot\RobWork\build\acc-wt-ui-t35\bld-int\RobWork\bin\Release\sdurw_common.dll
  Auto build dll exports
  sdurw_math.vcxproj -> D:\10_Source_Repos\21_robot\RobWork\build\acc-wt-ui-t35\bld-int\RobWork\bin\Release\sdurw_math.dll
  Auto build dll exports
  sdurw_kinematics.vcxproj -> D:\10_Source_Repos\21_robot\RobWork\build\acc-wt-ui-t35\bld-int\RobWork\bin\Release\sdurw_kinematics.dll
  Auto build dll exports
  sdurw_geometry.vcxproj -> D:\10_Source_Repos\21_robot\RobWork\build\acc-wt-ui-t35\bld-int\RobWork\bin\Release\sdurw_geometry.dll
  Auto build dll exports
  sdurw_sensor.vcxproj -> D:\10_Source_Repos\21_robot\RobWork\build\acc-wt-ui-t35\bld-int\RobWork\bin\Release\sdurw_sensor.dll
  Auto build dll exports
  sdurw_models.vcxproj -> D:\10_Source_Repos\21_robot\RobWork\build\acc-wt-ui-t35\bld-int\RobWork\bin\Release\sdurw_models.dll
  Auto build dll exports
  sdurw_control.vcxproj -> D:\10_Source_Repos\21_robot\RobWork\build\acc-wt-ui-t35\bld-int\RobWork\bin\Release\sdurw_control.dll
  Auto build dll exports
  sdurw_graphics.vcxproj -> D:\10_Source_Repos\21_robot\RobWork\build\acc-wt-ui-t35\bld-int\RobWork\bin\Release\sdurw_graphics.dll
  Auto build dll exports
  sdurw_proximity.vcxproj -> D:\10_Source_Repos\21_robot\RobWork\build\acc-wt-ui-t35\bld-int\RobWork\bin\Release\sdurw_proximity.dll
  Auto build dll exports
  sdurw_simulation.vcxproj -> D:\10_Source_Repos\21_robot\RobWork\build\acc-wt-ui-t35\bld-int\RobWork\bin\Release\sdurw_simulation.dll
  Auto build dll exports
  sdurw_trajectory.vcxproj -> D:\10_Source_Repos\21_robot\RobWork\build\acc-wt-ui-t35\bld-int\RobWork\bin\Release\sdurw_trajectory.dll
  Auto build dll exports
  sdurw_loaders.vcxproj -> D:\10_Source_Repos\21_robot\RobWork\build\acc-wt-ui-t35\bld-int\RobWork\bin\Release\sdurw_loaders.dll
  Auto build dll exports
  sdurw_task.vcxproj -> D:\10_Source_Repos\21_robot\RobWork\build\acc-wt-ui-t35\bld-int\RobWork\bin\Release\sdurw_task.dll
  Automatic MOC for target sdurws_ird_core
  sdurws_ird_core.vcxproj -> D:\10_Source_Repos\21_robot\RobWork\build\acc-wt-ui-t35\bld-int\RobWorkStudio\libs\Release\sdurws_ird_core.lib
  Automatic MOC for target sdurws_ird_diagnostics
  sdurws_ird_diagnostics.vcxproj -> D:\10_Source_Repos\21_robot\RobWork\build\acc-wt-ui-t35\bld-int\RobWorkStudio\libs\Release\sdurws_ird_diagnostics.lib
  Automatic MOC for target sdurws_ird_evidence
  sdurws_ird_evidence.vcxproj -> D:\10_Source_Repos\21_robot\RobWork\build\acc-wt-ui-t35\bld-int\RobWorkStudio\libs\Release\sdurws_ird_evidence.lib
  Automatic MOC for target sdurws_ird_project
  sdurws_ird_project.vcxproj -> D:\10_Source_Repos\21_robot\RobWork\build\acc-wt-ui-t35\bld-int\RobWorkStudio\libs\Release\sdurws_ird_project.lib
  Automatic MOC for target sdurws_ird_execution
  sdurws_ird_execution.vcxproj -> D:\10_Source_Repos\21_robot\RobWork\build\acc-wt-ui-t35\bld-int\RobWorkStudio\libs\Release\sdurws_ird_execution.lib
  Automatic MOC for target sdurws_ird_io
  sdurws_ird_io.vcxproj -> D:\10_Source_Repos\21_robot\RobWork\build\acc-wt-ui-t35\bld-int\RobWorkStudio\libs\Release\sdurws_ird_io.lib
  Automatic MOC for target sdurws_ird_policy
  sdurws_ird_policy.vcxproj -> D:\10_Source_Repos\21_robot\RobWork\build\acc-wt-ui-t35\bld-int\RobWorkStudio\libs\Release\sdurws_ird_policy.lib
  pqp.vcxproj -> D:\10_Source_Repos\21_robot\RobWork\build\acc-wt-ui-t35\bld-int\RobWork\libs\Release\pqp.lib
  Auto build dll exports
  sdurw_invkin.vcxproj -> D:\10_Source_Repos\21_robot\RobWork\build\acc-wt-ui-t35\bld-int\RobWork\bin\Release\sdurw_invkin.dll
  Auto build dll exports
  sdurw_algorithms.vcxproj -> D:\10_Source_Repos\21_robot\RobWork\build\acc-wt-ui-t35\bld-int\RobWork\bin\Release\sdurw_algorithms.dll
  Auto build dll exports
  sdurw_graspplanning.vcxproj -> D:\10_Source_Repos\21_robot\RobWork\build\acc-wt-ui-t35\bld-int\RobWork\bin\Release\sdurw_graspplanning.dll
  Auto build dll exports
  sdurw_pathplanning.vcxproj -> D:\10_Source_Repos\21_robot\RobWork\build\acc-wt-ui-t35\bld-int\RobWork\bin\Release\sdurw_pathplanning.dll
  Auto build dll exports
  sdurw_plugin.vcxproj -> D:\10_Source_Repos\21_robot\RobWork\build\acc-wt-ui-t35\bld-int\RobWork\bin\Release\sdurw_plugin.dll
  Auto build dll exports
  sdurw_assembly.vcxproj -> D:\10_Source_Repos\21_robot\RobWork\build\acc-wt-ui-t35\bld-int\RobWork\bin\Release\sdurw_assembly.dll
  Auto build dll exports
  sdurw_opengl.vcxproj -> D:\10_Source_Repos\21_robot\RobWork\build\acc-wt-ui-t35\bld-int\RobWork\bin\Release\sdurw_opengl.dll
  Auto build dll exports
  sdurw_pathplanners.vcxproj -> D:\10_Source_Repos\21_robot\RobWork\build\acc-wt-ui-t35\bld-int\RobWork\bin\Release\sdurw_pathplanners.dll
  yaobi.vcxproj -> D:\10_Source_Repos\21_robot\RobWork\build\acc-wt-ui-t35\bld-int\RobWork\libs\Release\yaobi.lib
  Auto build dll exports
  sdurw_proximitystrategies.vcxproj -> D:\10_Source_Repos\21_robot\RobWork\build\acc-wt-ui-t35\bld-int\RobWork\bin\Release\sdurw_proximitystrategies.dll
  Automatic MOC and UIC for target sdurwsim
  Auto build dll exports
  sdurwsim.vcxproj -> D:\10_Source_Repos\21_robot\RobWork\build\acc-wt-ui-t35\bld-int\RobWorkSim\bin\Release\sdurwsim.dll
  Automatic MOC for target sdurws_ird_runtime
  sdurws_ird_runtime.vcxproj -> D:\10_Source_Repos\21_robot\RobWork\build\acc-wt-ui-t35\bld-int\RobWorkStudio\libs\Release\sdurws_ird_runtime.lib
  Automatic MOC for target sdurws_ird_kinematics
  sdurws_ird_kinematics.vcxproj -> D:\10_Source_Repos\21_robot\RobWork\build\acc-wt-ui-t35\bld-int\RobWorkStudio\libs\Release\sdurws_ird_kinematics.lib
  Automatic MOC for target sdurws_ird_ui
  sdurws_ird_ui.vcxproj -> D:\10_Source_Repos\21_robot\RobWork\build\acc-wt-ui-t35\bld-int\RobWorkStudio\libs\Release\sdurws_ird_ui.lib
  Automatic MOC for target sdurws_ird_kinematics_plugin
  sdurws_ird_kinematics_plugin.vcxproj -> D:\10_Source_Repos\21_robot\RobWork\build\acc-wt-ui-t35\bld-int\RobWorkStudio\libs\Release\sdurws_ird_kinematics_plugin.lib
  Automatic MOC for target sdurws_ird_modeling
  sdurws_ird_modeling.vcxproj -> D:\10_Source_Repos\21_robot\RobWork\build\acc-wt-ui-t35\bld-int\RobWorkStudio\libs\Release\sdurws_ird_modeling.lib
  Automatic MOC for target sdurws_ird_modeling_plugin
  sdurws_ird_modeling_plugin.vcxproj -> D:\10_Source_Repos\21_robot\RobWork\build\acc-wt-ui-t35\bld-int\RobWorkStudio\libs\Release\sdurws_ird_modeling_plugin.lib
  Automatic MOC for target sdurws_ird_requirements
  sdurws_ird_requirements.vcxproj -> D:\10_Source_Repos\21_robot\RobWork\build\acc-wt-ui-t35\bld-int\RobWorkStudio\libs\Release\sdurws_ird_requirements.lib
  Automatic MOC for target sdurws_ird_requirements_plugin
  sdurws_ird_requirements_plugin.vcxproj -> D:\10_Source_Repos\21_robot\RobWork\build\acc-wt-ui-t35\bld-int\RobWorkStudio\libs\Release\sdurws_ird_requirements_plugin.lib
  Automatic MOC for target sdurws_ird_testkit
  sdurws_ird_testkit.vcxproj -> D:\10_Source_Repos\21_robot\RobWork\build\acc-wt-ui-t35\bld-int\RobWorkStudio\libs\Release\sdurws_ird_testkit.lib
  Automatic MOC for target sdurws_ird_ui_contract_test
  Building Custom Rule D:/10_Source_Repos/21_robot/RobWork/build/acc-wt-ui-t35/RobWork/RobWorkStudio/src/rwslibs/industrialrobot/ui/CMakeLists.txt
  TestMainReport.cpp
  LinkageContractTest.cpp
  SessionContractTest.cpp
  DraftContractTest.cpp
  InteractionTaskContractTest.cpp
  PeerBridgeContractTest.cpp
  Section12RegistryTest.cpp
  PresentationBridgeContractTest.cpp
  HostIntegrationContractTest.cpp
  DomainModuleRunner.cpp
  mocs_compilation_Release.cpp
  sdurws_ird_ui_contract_test.vcxproj -> D:\10_Source_Repos\21_robot\RobWork\build\acc-wt-ui-t35\bld-int\RobWorkStudio\bin\Release\sdurws_ird_ui_contract_test.exe
适用于 .NET Framework MSBuild 版本 17.12.6+db5f6012c

  Auto build dll exports
  sdurw_core.vcxproj -> D:\10_Source_Repos\21_robot\RobWork\build\acc-wt-ui-t35\bld-int\RobWork\bin\Release\sdurw_core.dll
  Auto build dll exports
  sdurw_common.vcxproj -> D:\10_Source_Repos\21_robot\RobWork\build\acc-wt-ui-t35\bld-int\RobWork\bin\Release\sdurw_common.dll
  Auto build dll exports
  sdurw_math.vcxproj -> D:\10_Source_Repos\21_robot\RobWork\build\acc-wt-ui-t35\bld-int\RobWork\bin\Release\sdurw_math.dll
  Auto build dll exports
  sdurw_kinematics.vcxproj -> D:\10_Source_Repos\21_robot\RobWork\build\acc-wt-ui-t35\bld-int\RobWork\bin\Release\sdurw_kinematics.dll
  Auto build dll exports
  sdurw_geometry.vcxproj -> D:\10_Source_Repos\21_robot\RobWork\build\acc-wt-ui-t35\bld-int\RobWork\bin\Release\sdurw_geometry.dll
  Auto build dll exports
  sdurw_sensor.vcxproj -> D:\10_Source_Repos\21_robot\RobWork\build\acc-wt-ui-t35\bld-int\RobWork\bin\Release\sdurw_sensor.dll
  Auto build dll exports
  sdurw_models.vcxproj -> D:\10_Source_Repos\21_robot\RobWork\build\acc-wt-ui-t35\bld-int\RobWork\bin\Release\sdurw_models.dll
  Auto build dll exports
  sdurw_control.vcxproj -> D:\10_Source_Repos\21_robot\RobWork\build\acc-wt-ui-t35\bld-int\RobWork\bin\Release\sdurw_control.dll
  Auto build dll exports
  sdurw_graphics.vcxproj -> D:\10_Source_Repos\21_robot\RobWork\build\acc-wt-ui-t35\bld-int\RobWork\bin\Release\sdurw_graphics.dll
  Auto build dll exports
  sdurw_proximity.vcxproj -> D:\10_Source_Repos\21_robot\RobWork\build\acc-wt-ui-t35\bld-int\RobWork\bin\Release\sdurw_proximity.dll
  Auto build dll exports
  sdurw_simulation.vcxproj -> D:\10_Source_Repos\21_robot\RobWork\build\acc-wt-ui-t35\bld-int\RobWork\bin\Release\sdurw_simulation.dll
  Auto build dll exports
  sdurw_trajectory.vcxproj -> D:\10_Source_Repos\21_robot\RobWork\build\acc-wt-ui-t35\bld-int\RobWork\bin\Release\sdurw_trajectory.dll
  Auto build dll exports
  sdurw_loaders.vcxproj -> D:\10_Source_Repos\21_robot\RobWork\build\acc-wt-ui-t35\bld-int\RobWork\bin\Release\sdurw_loaders.dll
  Auto build dll exports
  sdurw_task.vcxproj -> D:\10_Source_Repos\21_robot\RobWork\build\acc-wt-ui-t35\bld-int\RobWork\bin\Release\sdurw_task.dll
  Automatic MOC for target sdurws_ird_core
  sdurws_ird_core.vcxproj -> D:\10_Source_Repos\21_robot\RobWork\build\acc-wt-ui-t35\bld-int\RobWorkStudio\libs\Release\sdurws_ird_core.lib
  Automatic MOC for target sdurws_ird_diagnostics
  sdurws_ird_diagnostics.vcxproj -> D:\10_Source_Repos\21_robot\RobWork\build\acc-wt-ui-t35\bld-int\RobWorkStudio\libs\Release\sdurws_ird_diagnostics.lib
  Automatic MOC for target sdurws_ird_io
  sdurws_ird_io.vcxproj -> D:\10_Source_Repos\21_robot\RobWork\build\acc-wt-ui-t35\bld-int\RobWorkStudio\libs\Release\sdurws_ird_io.lib
  Automatic MOC for target sdurws_ird_policy
  sdurws_ird_policy.vcxproj -> D:\10_Source_Repos\21_robot\RobWork\build\acc-wt-ui-t35\bld-int\RobWorkStudio\libs\Release\sdurws_ird_policy.lib
  Automatic MOC for target sdurws_ird_project
  sdurws_ird_project.vcxproj -> D:\10_Source_Repos\21_robot\RobWork\build\acc-wt-ui-t35\bld-int\RobWorkStudio\libs\Release\sdurws_ird_project.lib
  pqp.vcxproj -> D:\10_Source_Repos\21_robot\RobWork\build\acc-wt-ui-t35\bld-int\RobWork\libs\Release\pqp.lib
  Auto build dll exports
  sdurw_invkin.vcxproj -> D:\10_Source_Repos\21_robot\RobWork\build\acc-wt-ui-t35\bld-int\RobWork\bin\Release\sdurw_invkin.dll
  Auto build dll exports
  sdurw_algorithms.vcxproj -> D:\10_Source_Repos\21_robot\RobWork\build\acc-wt-ui-t35\bld-int\RobWork\bin\Release\sdurw_algorithms.dll
  Auto build dll exports
  sdurw_graspplanning.vcxproj -> D:\10_Source_Repos\21_robot\RobWork\build\acc-wt-ui-t35\bld-int\RobWork\bin\Release\sdurw_graspplanning.dll
  Auto build dll exports
  sdurw_pathplanning.vcxproj -> D:\10_Source_Repos\21_robot\RobWork\build\acc-wt-ui-t35\bld-int\RobWork\bin\Release\sdurw_pathplanning.dll
  Auto build dll exports
  sdurw_plugin.vcxproj -> D:\10_Source_Repos\21_robot\RobWork\build\acc-wt-ui-t35\bld-int\RobWork\bin\Release\sdurw_plugin.dll
  Auto build dll exports
  sdurw_assembly.vcxproj -> D:\10_Source_Repos\21_robot\RobWork\build\acc-wt-ui-t35\bld-int\RobWork\bin\Release\sdurw_assembly.dll
  Auto build dll exports
  sdurw_opengl.vcxproj -> D:\10_Source_Repos\21_robot\RobWork\build\acc-wt-ui-t35\bld-int\RobWork\bin\Release\sdurw_opengl.dll
  Auto build dll exports
  sdurw_pathplanners.vcxproj -> D:\10_Source_Repos\21_robot\RobWork\build\acc-wt-ui-t35\bld-int\RobWork\bin\Release\sdurw_pathplanners.dll
  yaobi.vcxproj -> D:\10_Source_Repos\21_robot\RobWork\build\acc-wt-ui-t35\bld-int\RobWork\libs\Release\yaobi.lib
  Auto build dll exports
  sdurw_proximitystrategies.vcxproj -> D:\10_Source_Repos\21_robot\RobWork\build\acc-wt-ui-t35\bld-int\RobWork\bin\Release\sdurw_proximitystrategies.dll
  Automatic MOC and UIC for target sdurwsim
  Auto build dll exports
  sdurwsim.vcxproj -> D:\10_Source_Repos\21_robot\RobWork\build\acc-wt-ui-t35\bld-int\RobWorkSim\bin\Release\sdurwsim.dll
  Automatic MOC for target sdurws_ird_runtime
  sdurws_ird_runtime.vcxproj -> D:\10_Source_Repos\21_robot\RobWork\build\acc-wt-ui-t35\bld-int\RobWorkStudio\libs\Release\sdurws_ird_runtime.lib
  Automatic MOC for target sdurws_ird_modeling
  sdurws_ird_modeling.vcxproj -> D:\10_Source_Repos\21_robot\RobWork\build\acc-wt-ui-t35\bld-int\RobWorkStudio\libs\Release\sdurws_ird_modeling.lib
  Automatic MOC for target sdurws_ird_ui
  sdurws_ird_ui.vcxproj -> D:\10_Source_Repos\21_robot\RobWork\build\acc-wt-ui-t35\bld-int\RobWorkStudio\libs\Release\sdurws_ird_ui.lib
  Automatic MOC for target sdurws_ird_modeling_plugin
  sdurws_ird_modeling_plugin.vcxproj -> D:\10_Source_Repos\21_robot\RobWork\build\acc-wt-ui-t35\bld-int\RobWorkStudio\libs\Release\sdurws_ird_modeling_plugin.lib
  Automatic MOC for target sdurws_ird_testkit
  sdurws_ird_testkit.vcxproj -> D:\10_Source_Repos\21_robot\RobWork\build\acc-wt-ui-t35\bld-int\RobWorkStudio\libs\Release\sdurws_ird_testkit.lib
  Automatic MOC for target sdurws_ird_modeling_test
  Building Custom Rule D:/10_Source_Repos/21_robot/RobWork/build/acc-wt-ui-t35/RobWork/RobWorkStudio/src/rwslibs/industrialrobot/modeling/CMakeLists.txt
  TestMainReport.cpp
  ObjectTypesTest.cpp
  ErrorsTest.cpp
  DiagCodesTest.cpp
  BuildRedLineTest.cpp
  RobotDesignTest.cpp
  PartsTest.cpp
  CodecTest.cpp
  PropertyEstimationTest.cpp
  ImportTest.cpp
  XacroExpandTest.cpp
  TemplateTest.cpp
  BasePlacementEditTest.cpp
  DhConvertTest.cpp
  CanonicalBridgeTest.cpp
  PackageTest.cpp
  ModelDiffTest.cpp
  PluginPanelTest.cpp
  HostMigrationTest.cpp
  GoldenDatasetTest.cpp
  GoldenTemplateTest.cpp
  GoldenImportTest.cpp
  ReadinessTest.cpp
  PluginModuleT03BTest.cpp
  HostMigrationModuleTest.cpp
  CommandHandlersTest.cpp
  DhConvertEquivalenceTest.cpp
  PartObjectCommandTest.cpp
  PackageWorkCellTest.cpp
  GoldenDhEquivalenceTest.cpp
  mocs_compilation_Release.cpp
  sdurws_ird_modeling_test.vcxproj -> D:\10_Source_Repos\21_robot\RobWork\build\acc-wt-ui-t35\bld-int\RobWorkStudio\bin\Release\sdurws_ird_modeling_test.exe
  D:\10_Source_Repos\21_robot\RobWork\vcpkg\installed\x64-windows\bin\xerces-c_3_3.dll -> D:\10_Source_Repos\21_robot\RobWork\build\acc-wt-ui-t35\bld-int\RobWorkStudio\bin\Release\xerces-c_3_3.dll done
  D:\10_Source_Repos\21_robot\RobWork\vcpkg\installed\x64-windows\bin\freeglut.dll -> D:\10_Source_Repos\21_robot\RobWork\build\acc-wt-ui-t35\bld-int\RobWorkStudio\bin\Release\freeglut.dll done
  D:\10_Source_Repos\21_robot\RobWork\vcpkg\installed\x64-windows\bin\bz2.dll -> D:\10_Source_Repos\21_robot\RobWork\build\acc-wt-ui-t35\bld-int\RobWorkStudio\bin\Release\bz2.dll done
  D:\10_Source_Repos\21_robot\RobWork\vcpkg\installed\x64-windows\bin\z.dll -> D:\10_Source_Repos\21_robot\RobWork\build\acc-wt-ui-t35\bld-int\RobWorkStudio\bin\Release\z.dll done
适用于 .NET Framework MSBuild 版本 17.12.6+db5f6012c

  Auto build dll exports
  sdurw_core.vcxproj -> D:\10_Source_Repos\21_robot\RobWork\build\acc-wt-ui-t35\bld-int\RobWork\bin\Release\sdurw_core.dll
  Auto build dll exports
  sdurw_common.vcxproj -> D:\10_Source_Repos\21_robot\RobWork\build\acc-wt-ui-t35\bld-int\RobWork\bin\Release\sdurw_common.dll
  Auto build dll exports
  sdurw_math.vcxproj -> D:\10_Source_Repos\21_robot\RobWork\build\acc-wt-ui-t35\bld-int\RobWork\bin\Release\sdurw_math.dll
  Auto build dll exports
  sdurw_kinematics.vcxproj -> D:\10_Source_Repos\21_robot\RobWork\build\acc-wt-ui-t35\bld-int\RobWork\bin\Release\sdurw_kinematics.dll
  Auto build dll exports
  sdurw_geometry.vcxproj -> D:\10_Source_Repos\21_robot\RobWork\build\acc-wt-ui-t35\bld-int\RobWork\bin\Release\sdurw_geometry.dll
  Auto build dll exports
  sdurw_sensor.vcxproj -> D:\10_Source_Repos\21_robot\RobWork\build\acc-wt-ui-t35\bld-int\RobWork\bin\Release\sdurw_sensor.dll
  Auto build dll exports
  sdurw_models.vcxproj -> D:\10_Source_Repos\21_robot\RobWork\build\acc-wt-ui-t35\bld-int\RobWork\bin\Release\sdurw_models.dll
  Auto build dll exports
  sdurw_control.vcxproj -> D:\10_Source_Repos\21_robot\RobWork\build\acc-wt-ui-t35\bld-int\RobWork\bin\Release\sdurw_control.dll
  Auto build dll exports
  sdurw_graphics.vcxproj -> D:\10_Source_Repos\21_robot\RobWork\build\acc-wt-ui-t35\bld-int\RobWork\bin\Release\sdurw_graphics.dll
  Auto build dll exports
  sdurw_proximity.vcxproj -> D:\10_Source_Repos\21_robot\RobWork\build\acc-wt-ui-t35\bld-int\RobWork\bin\Release\sdurw_proximity.dll
  Auto build dll exports
  sdurw_simulation.vcxproj -> D:\10_Source_Repos\21_robot\RobWork\build\acc-wt-ui-t35\bld-int\RobWork\bin\Release\sdurw_simulation.dll
  Auto build dll exports
  sdurw_trajectory.vcxproj -> D:\10_Source_Repos\21_robot\RobWork\build\acc-wt-ui-t35\bld-int\RobWork\bin\Release\sdurw_trajectory.dll
  Auto build dll exports
  sdurw_loaders.vcxproj -> D:\10_Source_Repos\21_robot\RobWork\build\acc-wt-ui-t35\bld-int\RobWork\bin\Release\sdurw_loaders.dll
  Auto build dll exports
  sdurw_task.vcxproj -> D:\10_Source_Repos\21_robot\RobWork\build\acc-wt-ui-t35\bld-int\RobWork\bin\Release\sdurw_task.dll
  Automatic MOC for target sdurws_ird_core
  sdurws_ird_core.vcxproj -> D:\10_Source_Repos\21_robot\RobWork\build\acc-wt-ui-t35\bld-int\RobWorkStudio\libs\Release\sdurws_ird_core.lib
  Automatic MOC for target sdurws_ird_diagnostics
  sdurws_ird_diagnostics.vcxproj -> D:\10_Source_Repos\21_robot\RobWork\build\acc-wt-ui-t35\bld-int\RobWorkStudio\libs\Release\sdurws_ird_diagnostics.lib
  Automatic MOC for target sdurws_ird_io
  sdurws_ird_io.vcxproj -> D:\10_Source_Repos\21_robot\RobWork\build\acc-wt-ui-t35\bld-int\RobWorkStudio\libs\Release\sdurws_ird_io.lib
  Automatic MOC for target sdurws_ird_policy
  sdurws_ird_policy.vcxproj -> D:\10_Source_Repos\21_robot\RobWork\build\acc-wt-ui-t35\bld-int\RobWorkStudio\libs\Release\sdurws_ird_policy.lib
  Automatic MOC for target sdurws_ird_project
  sdurws_ird_project.vcxproj -> D:\10_Source_Repos\21_robot\RobWork\build\acc-wt-ui-t35\bld-int\RobWorkStudio\libs\Release\sdurws_ird_project.lib
  pqp.vcxproj -> D:\10_Source_Repos\21_robot\RobWork\build\acc-wt-ui-t35\bld-int\RobWork\libs\Release\pqp.lib
  Auto build dll exports
  sdurw_invkin.vcxproj -> D:\10_Source_Repos\21_robot\RobWork\build\acc-wt-ui-t35\bld-int\RobWork\bin\Release\sdurw_invkin.dll
  Auto build dll exports
  sdurw_algorithms.vcxproj -> D:\10_Source_Repos\21_robot\RobWork\build\acc-wt-ui-t35\bld-int\RobWork\bin\Release\sdurw_algorithms.dll
  Auto build dll exports
  sdurw_graspplanning.vcxproj -> D:\10_Source_Repos\21_robot\RobWork\build\acc-wt-ui-t35\bld-int\RobWork\bin\Release\sdurw_graspplanning.dll
  Auto build dll exports
  sdurw_pathplanning.vcxproj -> D:\10_Source_Repos\21_robot\RobWork\build\acc-wt-ui-t35\bld-int\RobWork\bin\Release\sdurw_pathplanning.dll
  Auto build dll exports
  sdurw_plugin.vcxproj -> D:\10_Source_Repos\21_robot\RobWork\build\acc-wt-ui-t35\bld-int\RobWork\bin\Release\sdurw_plugin.dll
  Auto build dll exports
  sdurw_assembly.vcxproj -> D:\10_Source_Repos\21_robot\RobWork\build\acc-wt-ui-t35\bld-int\RobWork\bin\Release\sdurw_assembly.dll
  Auto build dll exports
  sdurw_opengl.vcxproj -> D:\10_Source_Repos\21_robot\RobWork\build\acc-wt-ui-t35\bld-int\RobWork\bin\Release\sdurw_opengl.dll
  Auto build dll exports
  sdurw_pathplanners.vcxproj -> D:\10_Source_Repos\21_robot\RobWork\build\acc-wt-ui-t35\bld-int\RobWork\bin\Release\sdurw_pathplanners.dll
  yaobi.vcxproj -> D:\10_Source_Repos\21_robot\RobWork\build\acc-wt-ui-t35\bld-int\RobWork\libs\Release\yaobi.lib
  Auto build dll exports
  sdurw_proximitystrategies.vcxproj -> D:\10_Source_Repos\21_robot\RobWork\build\acc-wt-ui-t35\bld-int\RobWork\bin\Release\sdurw_proximitystrategies.dll
  Automatic MOC and UIC for target sdurwsim
  Auto build dll exports
  sdurwsim.vcxproj -> D:\10_Source_Repos\21_robot\RobWork\build\acc-wt-ui-t35\bld-int\RobWorkSim\bin\Release\sdurwsim.dll
  Automatic MOC for target sdurws_ird_runtime
  sdurws_ird_runtime.vcxproj -> D:\10_Source_Repos\21_robot\RobWork\build\acc-wt-ui-t35\bld-int\RobWorkStudio\libs\Release\sdurws_ird_runtime.lib
  Automatic MOC for target sdurws_ird_modeling
  sdurws_ird_modeling.vcxproj -> D:\10_Source_Repos\21_robot\RobWork\build\acc-wt-ui-t35\bld-int\RobWorkStudio\libs\Release\sdurws_ird_modeling.lib
  Automatic MOC for target sdurws_ird_ui
  sdurws_ird_ui.vcxproj -> D:\10_Source_Repos\21_robot\RobWork\build\acc-wt-ui-t35\bld-int\RobWorkStudio\libs\Release\sdurws_ird_ui.lib
  Automatic MOC for target sdurws_ird_modeling_plugin
  sdurws_ird_modeling_plugin.vcxproj -> D:\10_Source_Repos\21_robot\RobWork\build\acc-wt-ui-t35\bld-int\RobWorkStudio\libs\Release\sdurws_ird_modeling_plugin.lib
  Automatic MOC for target sdurws_ird_testkit
  sdurws_ird_testkit.vcxproj -> D:\10_Source_Repos\21_robot\RobWork\build\acc-wt-ui-t35\bld-int\RobWorkStudio\libs\Release\sdurws_ird_testkit.lib
  Automatic MOC for target sdurws_ird_modeling_gui_test
  Building Custom Rule D:/10_Source_Repos/21_robot/RobWork/build/acc-wt-ui-t35/RobWork/RobWorkStudio/src/rwslibs/industrialrobot/modeling/CMakeLists.txt
  TestMainReport.cpp
  ModelingPanelGuiTest.cpp
  mocs_compilation_Release.cpp
  sdurws_ird_modeling_gui_test.vcxproj -> D:\10_Source_Repos\21_robot\RobWork\build\acc-wt-ui-t35\bld-int\RobWorkStudio\bin\Release\sdurws_ird_modeling_gui_test.exe
适用于 .NET Framework MSBuild 版本 17.12.6+db5f6012c

  Auto build dll exports
  sdurw_core.vcxproj -> D:\10_Source_Repos\21_robot\RobWork\build\acc-wt-ui-t35\bld-int\RobWork\bin\Release\sdurw_core.dll
  Auto build dll exports
  sdurw_common.vcxproj -> D:\10_Source_Repos\21_robot\RobWork\build\acc-wt-ui-t35\bld-int\RobWork\bin\Release\sdurw_common.dll
  Auto build dll exports
  sdurw_math.vcxproj -> D:\10_Source_Repos\21_robot\RobWork\build\acc-wt-ui-t35\bld-int\RobWork\bin\Release\sdurw_math.dll
  Auto build dll exports
  sdurw_kinematics.vcxproj -> D:\10_Source_Repos\21_robot\RobWork\build\acc-wt-ui-t35\bld-int\RobWork\bin\Release\sdurw_kinematics.dll
  Auto build dll exports
  sdurw_geometry.vcxproj -> D:\10_Source_Repos\21_robot\RobWork\build\acc-wt-ui-t35\bld-int\RobWork\bin\Release\sdurw_geometry.dll
  Auto build dll exports
  sdurw_sensor.vcxproj -> D:\10_Source_Repos\21_robot\RobWork\build\acc-wt-ui-t35\bld-int\RobWork\bin\Release\sdurw_sensor.dll
  Auto build dll exports
  sdurw_models.vcxproj -> D:\10_Source_Repos\21_robot\RobWork\build\acc-wt-ui-t35\bld-int\RobWork\bin\Release\sdurw_models.dll
  Auto build dll exports
  sdurw_control.vcxproj -> D:\10_Source_Repos\21_robot\RobWork\build\acc-wt-ui-t35\bld-int\RobWork\bin\Release\sdurw_control.dll
  Auto build dll exports
  sdurw_graphics.vcxproj -> D:\10_Source_Repos\21_robot\RobWork\build\acc-wt-ui-t35\bld-int\RobWork\bin\Release\sdurw_graphics.dll
  Auto build dll exports
  sdurw_proximity.vcxproj -> D:\10_Source_Repos\21_robot\RobWork\build\acc-wt-ui-t35\bld-int\RobWork\bin\Release\sdurw_proximity.dll
  Auto build dll exports
  sdurw_simulation.vcxproj -> D:\10_Source_Repos\21_robot\RobWork\build\acc-wt-ui-t35\bld-int\RobWork\bin\Release\sdurw_simulation.dll
  Auto build dll exports
  sdurw_trajectory.vcxproj -> D:\10_Source_Repos\21_robot\RobWork\build\acc-wt-ui-t35\bld-int\RobWork\bin\Release\sdurw_trajectory.dll
  Auto build dll exports
  sdurw_loaders.vcxproj -> D:\10_Source_Repos\21_robot\RobWork\build\acc-wt-ui-t35\bld-int\RobWork\bin\Release\sdurw_loaders.dll
  Auto build dll exports
  sdurw_task.vcxproj -> D:\10_Source_Repos\21_robot\RobWork\build\acc-wt-ui-t35\bld-int\RobWork\bin\Release\sdurw_task.dll
  Automatic MOC for target sdurws_ird_core
  sdurws_ird_core.vcxproj -> D:\10_Source_Repos\21_robot\RobWork\build\acc-wt-ui-t35\bld-int\RobWorkStudio\libs\Release\sdurws_ird_core.lib
  Automatic MOC for target sdurws_ird_diagnostics
  sdurws_ird_diagnostics.vcxproj -> D:\10_Source_Repos\21_robot\RobWork\build\acc-wt-ui-t35\bld-int\RobWorkStudio\libs\Release\sdurws_ird_diagnostics.lib
  Automatic MOC for target sdurws_ird_io
  sdurws_ird_io.vcxproj -> D:\10_Source_Repos\21_robot\RobWork\build\acc-wt-ui-t35\bld-int\RobWorkStudio\libs\Release\sdurws_ird_io.lib
  Automatic MOC for target sdurws_ird_policy
  sdurws_ird_policy.vcxproj -> D:\10_Source_Repos\21_robot\RobWork\build\acc-wt-ui-t35\bld-int\RobWorkStudio\libs\Release\sdurws_ird_policy.lib
  Automatic MOC for target sdurws_ird_project
  sdurws_ird_project.vcxproj -> D:\10_Source_Repos\21_robot\RobWork\build\acc-wt-ui-t35\bld-int\RobWorkStudio\libs\Release\sdurws_ird_project.lib
  pqp.vcxproj -> D:\10_Source_Repos\21_robot\RobWork\build\acc-wt-ui-t35\bld-int\RobWork\libs\Release\pqp.lib
  Auto build dll exports
  sdurw_invkin.vcxproj -> D:\10_Source_Repos\21_robot\RobWork\build\acc-wt-ui-t35\bld-int\RobWork\bin\Release\sdurw_invkin.dll
  Auto build dll exports
  sdurw_algorithms.vcxproj -> D:\10_Source_Repos\21_robot\RobWork\build\acc-wt-ui-t35\bld-int\RobWork\bin\Release\sdurw_algorithms.dll
  Auto build dll exports
  sdurw_graspplanning.vcxproj -> D:\10_Source_Repos\21_robot\RobWork\build\acc-wt-ui-t35\bld-int\RobWork\bin\Release\sdurw_graspplanning.dll
  Auto build dll exports
  sdurw_pathplanning.vcxproj -> D:\10_Source_Repos\21_robot\RobWork\build\acc-wt-ui-t35\bld-int\RobWork\bin\Release\sdurw_pathplanning.dll
  Auto build dll exports
  sdurw_plugin.vcxproj -> D:\10_Source_Repos\21_robot\RobWork\build\acc-wt-ui-t35\bld-int\RobWork\bin\Release\sdurw_plugin.dll
  Auto build dll exports
  sdurw_assembly.vcxproj -> D:\10_Source_Repos\21_robot\RobWork\build\acc-wt-ui-t35\bld-int\RobWork\bin\Release\sdurw_assembly.dll
  Auto build dll exports
  sdurw_opengl.vcxproj -> D:\10_Source_Repos\21_robot\RobWork\build\acc-wt-ui-t35\bld-int\RobWork\bin\Release\sdurw_opengl.dll
  Auto build dll exports
  sdurw_pathplanners.vcxproj -> D:\10_Source_Repos\21_robot\RobWork\build\acc-wt-ui-t35\bld-int\RobWork\bin\Release\sdurw_pathplanners.dll
  yaobi.vcxproj -> D:\10_Source_Repos\21_robot\RobWork\build\acc-wt-ui-t35\bld-int\RobWork\libs\Release\yaobi.lib
  Auto build dll exports
  sdurw_proximitystrategies.vcxproj -> D:\10_Source_Repos\21_robot\RobWork\build\acc-wt-ui-t35\bld-int\RobWork\bin\Release\sdurw_proximitystrategies.dll
  Automatic MOC and UIC for target sdurwsim
  Auto build dll exports
  sdurwsim.vcxproj -> D:\10_Source_Repos\21_robot\RobWork\build\acc-wt-ui-t35\bld-int\RobWorkSim\bin\Release\sdurwsim.dll
  Automatic MOC for target sdurws_ird_runtime
  sdurws_ird_runtime.vcxproj -> D:\10_Source_Repos\21_robot\RobWork\build\acc-wt-ui-t35\bld-int\RobWorkStudio\libs\Release\sdurws_ird_runtime.lib
  Automatic MOC for target sdurws_ird_modeling
  sdurws_ird_modeling.vcxproj -> D:\10_Source_Repos\21_robot\RobWork\build\acc-wt-ui-t35\bld-int\RobWorkStudio\libs\Release\sdurws_ird_modeling.lib
  Automatic MOC for target sdurws_ird_testkit
  sdurws_ird_testkit.vcxproj -> D:\10_Source_Repos\21_robot\RobWork\build\acc-wt-ui-t35\bld-int\RobWorkStudio\libs\Release\sdurws_ird_testkit.lib
  Automatic MOC for target sdurws_ird_modeling_contract_test
  Building Custom Rule D:/10_Source_Repos/21_robot/RobWork/build/acc-wt-ui-t35/RobWork/RobWorkStudio/src/rwslibs/industrialrobot/modeling/CMakeLists.txt
  ContractTestMain.cpp
  BuildGraphContractTest.cpp
  DescriptionBridgeContractTest.cpp
  CommandPipelineContractTest.cpp
  CompileBridgeContractTest.cpp
  GoldenPeerContractTest.cpp
  mocs_compilation_Release.cpp
  sdurws_ird_modeling_contract_test.vcxproj -> D:\10_Source_Repos\21_robot\RobWork\build\acc-wt-ui-t35\bld-int\RobWorkStudio\bin\Release\sdurws_ird_modeling_contract_test.exe
适用于 .NET Framework MSBuild 版本 17.12.6+db5f6012c

  Auto build dll exports
  sdurw_core.vcxproj -> D:\10_Source_Repos\21_robot\RobWork\build\acc-wt-ui-t35\bld-int\RobWork\bin\Release\sdurw_core.dll
  Auto build dll exports
  sdurw_common.vcxproj -> D:\10_Source_Repos\21_robot\RobWork\build\acc-wt-ui-t35\bld-int\RobWork\bin\Release\sdurw_common.dll
  Auto build dll exports
  sdurw_math.vcxproj -> D:\10_Source_Repos\21_robot\RobWork\build\acc-wt-ui-t35\bld-int\RobWork\bin\Release\sdurw_math.dll
  Automatic MOC for target sdurws_ird_core
  sdurws_ird_core.vcxproj -> D:\10_Source_Repos\21_robot\RobWork\build\acc-wt-ui-t35\bld-int\RobWorkStudio\libs\Release\sdurws_ird_core.lib
  Automatic MOC for target sdurws_ird_diagnostics
  sdurws_ird_diagnostics.vcxproj -> D:\10_Source_Repos\21_robot\RobWork\build\acc-wt-ui-t35\bld-int\RobWorkStudio\libs\Release\sdurws_ird_diagnostics.lib
  Automatic MOC for target sdurws_ird_evidence
  sdurws_ird_evidence.vcxproj -> D:\10_Source_Repos\21_robot\RobWork\build\acc-wt-ui-t35\bld-int\RobWorkStudio\libs\Release\sdurws_ird_evidence.lib
  Automatic MOC for target sdurws_ird_io
  sdurws_ird_io.vcxproj -> D:\10_Source_Repos\21_robot\RobWork\build\acc-wt-ui-t35\bld-int\RobWorkStudio\libs\Release\sdurws_ird_io.lib
  Automatic MOC for target sdurws_ird_project
  sdurws_ird_project.vcxproj -> D:\10_Source_Repos\21_robot\RobWork\build\acc-wt-ui-t35\bld-int\RobWorkStudio\libs\Release\sdurws_ird_project.lib
  Automatic MOC for target sdurws_ird_requirements
  sdurws_ird_requirements.vcxproj -> D:\10_Source_Repos\21_robot\RobWork\build\acc-wt-ui-t35\bld-int\RobWorkStudio\libs\Release\sdurws_ird_requirements.lib
  Automatic MOC for target sdurws_ird_ui
  sdurws_ird_ui.vcxproj -> D:\10_Source_Repos\21_robot\RobWork\build\acc-wt-ui-t35\bld-int\RobWorkStudio\libs\Release\sdurws_ird_ui.lib
  Automatic MOC for target sdurws_ird_requirements_plugin
  sdurws_ird_requirements_plugin.vcxproj -> D:\10_Source_Repos\21_robot\RobWork\build\acc-wt-ui-t35\bld-int\RobWorkStudio\libs\Release\sdurws_ird_requirements_plugin.lib
  Automatic MOC for target sdurws_ird_testkit
  sdurws_ird_testkit.vcxproj -> D:\10_Source_Repos\21_robot\RobWork\build\acc-wt-ui-t35\bld-int\RobWorkStudio\libs\Release\sdurws_ird_testkit.lib
  Automatic MOC for target sdurws_ird_requirements_test
  Building Custom Rule D:/10_Source_Repos/21_robot/RobWork/build/acc-wt-ui-t35/RobWork/RobWorkStudio/src/rwslibs/industrialrobot/requirements/CMakeLists.txt
  TestMainReport.cpp
  ObjectTypesTest.cpp
  ErrorsTest.cpp
  DiagCodesTest.cpp
  BuildRedLineTest.cpp
  RequirementTypesTest.cpp
  CodecTest.cpp
  ServicesTest.cpp
  SamplingTest.cpp
  EditorTest.cpp
  ImportTest.cpp
  ReadinessTest.cpp
  CommandHandlersTest.cpp
  OrientationResolutionTest.cpp
  CaptureTest.cpp
  TemplateArrayTest.cpp
  PluginPanelTest.cpp
  HostMigrationTest.cpp
  GoldenDatasetsContractTest.cpp
  mocs_compilation_Release.cpp
  sdurws_ird_requirements_test.vcxproj -> D:\10_Source_Repos\21_robot\RobWork\build\acc-wt-ui-t35\bld-int\RobWorkStudio\bin\Release\sdurws_ird_requirements_test.exe
适用于 .NET Framework MSBuild 版本 17.12.6+db5f6012c

  Auto build dll exports
  sdurw_core.vcxproj -> D:\10_Source_Repos\21_robot\RobWork\build\acc-wt-ui-t35\bld-int\RobWork\bin\Release\sdurw_core.dll
  Auto build dll exports
  sdurw_common.vcxproj -> D:\10_Source_Repos\21_robot\RobWork\build\acc-wt-ui-t35\bld-int\RobWork\bin\Release\sdurw_common.dll
  Auto build dll exports
  sdurw_math.vcxproj -> D:\10_Source_Repos\21_robot\RobWork\build\acc-wt-ui-t35\bld-int\RobWork\bin\Release\sdurw_math.dll
  Automatic MOC for target sdurws_ird_core
  sdurws_ird_core.vcxproj -> D:\10_Source_Repos\21_robot\RobWork\build\acc-wt-ui-t35\bld-int\RobWorkStudio\libs\Release\sdurws_ird_core.lib
  Automatic MOC for target sdurws_ird_diagnostics
  sdurws_ird_diagnostics.vcxproj -> D:\10_Source_Repos\21_robot\RobWork\build\acc-wt-ui-t35\bld-int\RobWorkStudio\libs\Release\sdurws_ird_diagnostics.lib
  Automatic MOC for target sdurws_ird_evidence
  sdurws_ird_evidence.vcxproj -> D:\10_Source_Repos\21_robot\RobWork\build\acc-wt-ui-t35\bld-int\RobWorkStudio\libs\Release\sdurws_ird_evidence.lib
  Automatic MOC for target sdurws_ird_io
  sdurws_ird_io.vcxproj -> D:\10_Source_Repos\21_robot\RobWork\build\acc-wt-ui-t35\bld-int\RobWorkStudio\libs\Release\sdurws_ird_io.lib
  Automatic MOC for target sdurws_ird_project
  sdurws_ird_project.vcxproj -> D:\10_Source_Repos\21_robot\RobWork\build\acc-wt-ui-t35\bld-int\RobWorkStudio\libs\Release\sdurws_ird_project.lib
  Automatic MOC for target sdurws_ird_requirements
  sdurws_ird_requirements.vcxproj -> D:\10_Source_Repos\21_robot\RobWork\build\acc-wt-ui-t35\bld-int\RobWorkStudio\libs\Release\sdurws_ird_requirements.lib
  Automatic MOC for target sdurws_ird_ui
  sdurws_ird_ui.vcxproj -> D:\10_Source_Repos\21_robot\RobWork\build\acc-wt-ui-t35\bld-int\RobWorkStudio\libs\Release\sdurws_ird_ui.lib
  Automatic MOC for target sdurws_ird_requirements_plugin
  sdurws_ird_requirements_plugin.vcxproj -> D:\10_Source_Repos\21_robot\RobWork\build\acc-wt-ui-t35\bld-int\RobWorkStudio\libs\Release\sdurws_ird_requirements_plugin.lib
  Automatic MOC for target sdurws_ird_testkit
  sdurws_ird_testkit.vcxproj -> D:\10_Source_Repos\21_robot\RobWork\build\acc-wt-ui-t35\bld-int\RobWorkStudio\libs\Release\sdurws_ird_testkit.lib
  Automatic MOC for target sdurws_ird_requirements_gui_test
  Building Custom Rule D:/10_Source_Repos/21_robot/RobWork/build/acc-wt-ui-t35/RobWork/RobWorkStudio/src/rwslibs/industrialrobot/requirements/CMakeLists.txt
  TestMainReport.cpp
  RequirementsSessionGuiTest.cpp
  mocs_compilation_Release.cpp
D:\10_Source_Repos\21_robot\RobWork\build\acc-wt-ui-t35\RobWork\RobWorkStudio\src\rwslibs\industrialrobot\requirements\plugin\RequirementsCommandFlows.hpp(33,8): warning C4099: “sdurws::ird::requirements::IRequirementEditSink”: 类型名称以前使用“class”现在使用的是“struct” [D:\10_Source_Repos\21_robot\RobWork\build\acc-wt-ui-t35\bld-int\RobWorkStudio\src\rwslibs\industrialrobot\requirements\sdurws_ird_requirements_gui_test.vcxproj]
  (编译源文件“../../../../../../RobWork/RobWorkStudio/src/rwslibs/industrialrobot/requirements/gui_test/RequirementsSessionGuiTest.cpp”)
      D:\10_Source_Repos\21_robot\RobWork\build\acc-wt-ui-t35\RobWork\RobWorkStudio\src\rwslibs\industrialrobot\requirements\plugin\PanelEditFlow.hpp(70,7):
      参见“sdurws::ird::requirements::IRequirementEditSink”的声明
  
  sdurws_ird_requirements_gui_test.vcxproj -> D:\10_Source_Repos\21_robot\RobWork\build\acc-wt-ui-t35\bld-int\RobWorkStudio\bin\Release\sdurws_ird_requirements_gui_test.exe
适用于 .NET Framework MSBuild 版本 17.12.6+db5f6012c

  Auto build dll exports
  sdurw_core.vcxproj -> D:\10_Source_Repos\21_robot\RobWork\build\acc-wt-ui-t35\bld-int\RobWork\bin\Release\sdurw_core.dll
  Auto build dll exports
  sdurw_common.vcxproj -> D:\10_Source_Repos\21_robot\RobWork\build\acc-wt-ui-t35\bld-int\RobWork\bin\Release\sdurw_common.dll
  Auto build dll exports
  sdurw_math.vcxproj -> D:\10_Source_Repos\21_robot\RobWork\build\acc-wt-ui-t35\bld-int\RobWork\bin\Release\sdurw_math.dll
  Automatic MOC for target sdurws_ird_core
  sdurws_ird_core.vcxproj -> D:\10_Source_Repos\21_robot\RobWork\build\acc-wt-ui-t35\bld-int\RobWorkStudio\libs\Release\sdurws_ird_core.lib
  Automatic MOC for target sdurws_ird_diagnostics
  sdurws_ird_diagnostics.vcxproj -> D:\10_Source_Repos\21_robot\RobWork\build\acc-wt-ui-t35\bld-int\RobWorkStudio\libs\Release\sdurws_ird_diagnostics.lib
  Automatic MOC for target sdurws_ird_evidence
  sdurws_ird_evidence.vcxproj -> D:\10_Source_Repos\21_robot\RobWork\build\acc-wt-ui-t35\bld-int\RobWorkStudio\libs\Release\sdurws_ird_evidence.lib
  Automatic MOC for target sdurws_ird_io
  sdurws_ird_io.vcxproj -> D:\10_Source_Repos\21_robot\RobWork\build\acc-wt-ui-t35\bld-int\RobWorkStudio\libs\Release\sdurws_ird_io.lib
  Automatic MOC for target sdurws_ird_project
  sdurws_ird_project.vcxproj -> D:\10_Source_Repos\21_robot\RobWork\build\acc-wt-ui-t35\bld-int\RobWorkStudio\libs\Release\sdurws_ird_project.lib
  Automatic MOC for target sdurws_ird_requirements
  sdurws_ird_requirements.vcxproj -> D:\10_Source_Repos\21_robot\RobWork\build\acc-wt-ui-t35\bld-int\RobWorkStudio\libs\Release\sdurws_ird_requirements.lib
  Automatic MOC for target sdurws_ird_testkit
  sdurws_ird_testkit.vcxproj -> D:\10_Source_Repos\21_robot\RobWork\build\acc-wt-ui-t35\bld-int\RobWorkStudio\libs\Release\sdurws_ird_testkit.lib
  Automatic MOC for target sdurws_ird_requirements_contract_test
  Building Custom Rule D:/10_Source_Repos/21_robot/RobWork/build/acc-wt-ui-t35/RobWork/RobWorkStudio/src/rwslibs/industrialrobot/requirements/CMakeLists.txt
  ContractTestMain.cpp
  BuildGraphContractTest.cpp
  PeerFaceContractTest.cpp
  PluginGraphContractTest.cpp
  mocs_compilation_Release.cpp
  sdurws_ird_requirements_contract_test.vcxproj -> D:\10_Source_Repos\21_robot\RobWork\build\acc-wt-ui-t35\bld-int\RobWorkStudio\bin\Release\sdurws_ird_requirements_contract_test.exe
适用于 .NET Framework MSBuild 版本 17.12.6+db5f6012c

  Auto build dll exports
  sdurw_core.vcxproj -> D:\10_Source_Repos\21_robot\RobWork\build\acc-wt-ui-t35\bld-int\RobWork\bin\Release\sdurw_core.dll
  Auto build dll exports
  sdurw_common.vcxproj -> D:\10_Source_Repos\21_robot\RobWork\build\acc-wt-ui-t35\bld-int\RobWork\bin\Release\sdurw_common.dll
  Auto build dll exports
  sdurw_math.vcxproj -> D:\10_Source_Repos\21_robot\RobWork\build\acc-wt-ui-t35\bld-int\RobWork\bin\Release\sdurw_math.dll
  Auto build dll exports
  sdurw_kinematics.vcxproj -> D:\10_Source_Repos\21_robot\RobWork\build\acc-wt-ui-t35\bld-int\RobWork\bin\Release\sdurw_kinematics.dll
  Auto build dll exports
  sdurw_geometry.vcxproj -> D:\10_Source_Repos\21_robot\RobWork\build\acc-wt-ui-t35\bld-int\RobWork\bin\Release\sdurw_geometry.dll
  Auto build dll exports
  sdurw_sensor.vcxproj -> D:\10_Source_Repos\21_robot\RobWork\build\acc-wt-ui-t35\bld-int\RobWork\bin\Release\sdurw_sensor.dll
  Auto build dll exports
  sdurw_models.vcxproj -> D:\10_Source_Repos\21_robot\RobWork\build\acc-wt-ui-t35\bld-int\RobWork\bin\Release\sdurw_models.dll
  Auto build dll exports
  sdurw_control.vcxproj -> D:\10_Source_Repos\21_robot\RobWork\build\acc-wt-ui-t35\bld-int\RobWork\bin\Release\sdurw_control.dll
  Auto build dll exports
  sdurw_graphics.vcxproj -> D:\10_Source_Repos\21_robot\RobWork\build\acc-wt-ui-t35\bld-int\RobWork\bin\Release\sdurw_graphics.dll
  Auto build dll exports
  sdurw_proximity.vcxproj -> D:\10_Source_Repos\21_robot\RobWork\build\acc-wt-ui-t35\bld-int\RobWork\bin\Release\sdurw_proximity.dll
  Auto build dll exports
  sdurw_simulation.vcxproj -> D:\10_Source_Repos\21_robot\RobWork\build\acc-wt-ui-t35\bld-int\RobWork\bin\Release\sdurw_simulation.dll
  Auto build dll exports
  sdurw_trajectory.vcxproj -> D:\10_Source_Repos\21_robot\RobWork\build\acc-wt-ui-t35\bld-int\RobWork\bin\Release\sdurw_trajectory.dll
  Auto build dll exports
  sdurw_loaders.vcxproj -> D:\10_Source_Repos\21_robot\RobWork\build\acc-wt-ui-t35\bld-int\RobWork\bin\Release\sdurw_loaders.dll
  Auto build dll exports
  sdurw_task.vcxproj -> D:\10_Source_Repos\21_robot\RobWork\build\acc-wt-ui-t35\bld-int\RobWork\bin\Release\sdurw_task.dll
  Automatic MOC for target sdurws_ird_core
  sdurws_ird_core.vcxproj -> D:\10_Source_Repos\21_robot\RobWork\build\acc-wt-ui-t35\bld-int\RobWorkStudio\libs\Release\sdurws_ird_core.lib
  Automatic MOC for target sdurws_ird_diagnostics
  sdurws_ird_diagnostics.vcxproj -> D:\10_Source_Repos\21_robot\RobWork\build\acc-wt-ui-t35\bld-int\RobWorkStudio\libs\Release\sdurws_ird_diagnostics.lib
  Automatic MOC for target sdurws_ird_evidence
  sdurws_ird_evidence.vcxproj -> D:\10_Source_Repos\21_robot\RobWork\build\acc-wt-ui-t35\bld-int\RobWorkStudio\libs\Release\sdurws_ird_evidence.lib
  Automatic MOC for target sdurws_ird_project
  sdurws_ird_project.vcxproj -> D:\10_Source_Repos\21_robot\RobWork\build\acc-wt-ui-t35\bld-int\RobWorkStudio\libs\Release\sdurws_ird_project.lib
  Automatic MOC for target sdurws_ird_execution
  sdurws_ird_execution.vcxproj -> D:\10_Source_Repos\21_robot\RobWork\build\acc-wt-ui-t35\bld-int\RobWorkStudio\libs\Release\sdurws_ird_execution.lib
  Automatic MOC for target sdurws_ird_policy
  sdurws_ird_policy.vcxproj -> D:\10_Source_Repos\21_robot\RobWork\build\acc-wt-ui-t35\bld-int\RobWorkStudio\libs\Release\sdurws_ird_policy.lib
  pqp.vcxproj -> D:\10_Source_Repos\21_robot\RobWork\build\acc-wt-ui-t35\bld-int\RobWork\libs\Release\pqp.lib
  Auto build dll exports
  sdurw_invkin.vcxproj -> D:\10_Source_Repos\21_robot\RobWork\build\acc-wt-ui-t35\bld-int\RobWork\bin\Release\sdurw_invkin.dll
  Auto build dll exports
  sdurw_algorithms.vcxproj -> D:\10_Source_Repos\21_robot\RobWork\build\acc-wt-ui-t35\bld-int\RobWork\bin\Release\sdurw_algorithms.dll
  Auto build dll exports
  sdurw_graspplanning.vcxproj -> D:\10_Source_Repos\21_robot\RobWork\build\acc-wt-ui-t35\bld-int\RobWork\bin\Release\sdurw_graspplanning.dll
  Auto build dll exports
  sdurw_pathplanning.vcxproj -> D:\10_Source_Repos\21_robot\RobWork\build\acc-wt-ui-t35\bld-int\RobWork\bin\Release\sdurw_pathplanning.dll
  Auto build dll exports
  sdurw_plugin.vcxproj -> D:\10_Source_Repos\21_robot\RobWork\build\acc-wt-ui-t35\bld-int\RobWork\bin\Release\sdurw_plugin.dll
  Auto build dll exports
  sdurw_assembly.vcxproj -> D:\10_Source_Repos\21_robot\RobWork\build\acc-wt-ui-t35\bld-int\RobWork\bin\Release\sdurw_assembly.dll
  Auto build dll exports
  sdurw_opengl.vcxproj -> D:\10_Source_Repos\21_robot\RobWork\build\acc-wt-ui-t35\bld-int\RobWork\bin\Release\sdurw_opengl.dll
  Auto build dll exports
  sdurw_pathplanners.vcxproj -> D:\10_Source_Repos\21_robot\RobWork\build\acc-wt-ui-t35\bld-int\RobWork\bin\Release\sdurw_pathplanners.dll
  yaobi.vcxproj -> D:\10_Source_Repos\21_robot\RobWork\build\acc-wt-ui-t35\bld-int\RobWork\libs\Release\yaobi.lib
  Auto build dll exports
  sdurw_proximitystrategies.vcxproj -> D:\10_Source_Repos\21_robot\RobWork\build\acc-wt-ui-t35\bld-int\RobWork\bin\Release\sdurw_proximitystrategies.dll
  Automatic MOC and UIC for target sdurwsim
  Auto build dll exports
  sdurwsim.vcxproj -> D:\10_Source_Repos\21_robot\RobWork\build\acc-wt-ui-t35\bld-int\RobWorkSim\bin\Release\sdurwsim.dll
  Automatic MOC for target sdurws_ird_runtime
  sdurws_ird_runtime.vcxproj -> D:\10_Source_Repos\21_robot\RobWork\build\acc-wt-ui-t35\bld-int\RobWorkStudio\libs\Release\sdurws_ird_runtime.lib
  Automatic MOC for target sdurws_ird_kinematics
  sdurws_ird_kinematics.vcxproj -> D:\10_Source_Repos\21_robot\RobWork\build\acc-wt-ui-t35\bld-int\RobWorkStudio\libs\Release\sdurws_ird_kinematics.lib
  Automatic MOC for target sdurws_ird_ui
  sdurws_ird_ui.vcxproj -> D:\10_Source_Repos\21_robot\RobWork\build\acc-wt-ui-t35\bld-int\RobWorkStudio\libs\Release\sdurws_ird_ui.lib
  Automatic MOC for target sdurws_ird_kinematics_plugin
  sdurws_ird_kinematics_plugin.vcxproj -> D:\10_Source_Repos\21_robot\RobWork\build\acc-wt-ui-t35\bld-int\RobWorkStudio\libs\Release\sdurws_ird_kinematics_plugin.lib
  Automatic MOC for target sdurws_ird_testkit
  sdurws_ird_testkit.vcxproj -> D:\10_Source_Repos\21_robot\RobWork\build\acc-wt-ui-t35\bld-int\RobWorkStudio\libs\Release\sdurws_ird_testkit.lib
  Automatic MOC for target sdurws_ird_kinematics_test
  Building Custom Rule D:/10_Source_Repos/21_robot/RobWork/build/acc-wt-ui-t35/RobWork/RobWorkStudio/src/rwslibs/industrialrobot/kinematics/CMakeLists.txt
  TestMainReport.cpp
  GoldenKinTest.cpp
  ErrorsTest.cpp
  DiagCodesTest.cpp
  BuildRedLineTest.cpp
  FkTest.cpp
  IkTest.cpp
  TaskPointsBatchTest.cpp
  RegionCoverageTest.cpp
  CommandsTest.cpp
  SolutionSetViewTest.cpp
  ExportTest.cpp
  RecomputeTest.cpp
  AnalysisConfigTest.cpp
  RenderTest.cpp
  PluginPanelTest.cpp
  HostMigrationTest.cpp
  CollisionPortTest.cpp
  mocs_compilation_Release.cpp
D:\10_Source_Repos\21_robot\RobWork\build\acc-wt-ui-t35\RobWork\RobWorkStudio\src\rwslibs\industrialrobot\kinematics\test\CommandsTest.cpp(590,5): warning C4834: 放弃具有 [[nodiscard]] 属性的函数的返回值 [D:\10_Source_Repos\21_robot\RobWork\build\acc-wt-ui-t35\bld-int\RobWorkStudio\src\rwslibs\industrialrobot\kinematics\sdurws_ird_kinematics_test.vcxproj]
D:\10_Source_Repos\21_robot\RobWork\build\acc-wt-ui-t35\RobWork\RobWorkStudio\src\rwslibs\industrialrobot\kinematics\test\CommandsTest.cpp(611,5): warning C4834: 放弃具有 [[nodiscard]] 属性的函数的返回值 [D:\10_Source_Repos\21_robot\RobWork\build\acc-wt-ui-t35\bld-int\RobWorkStudio\src\rwslibs\industrialrobot\kinematics\sdurws_ird_kinematics_test.vcxproj]
D:\10_Source_Repos\21_robot\RobWork\build\acc-wt-ui-t35\RobWork\RobWorkStudio\src\rwslibs\industrialrobot\kinematics\test\GoldenKinTest.cpp(1215,45): warning C4804: “>”: 在操作中使用类型“bool”不安全 [D:\10_Source_Repos\21_robot\RobWork\build\acc-wt-ui-t35\bld-int\RobWorkStudio\src\rwslibs\industrialrobot\kinematics\sdurws_ird_kinematics_test.vcxproj]
  #include <rw/common/macros.hpp> is deprecated use #include <rw/core/macros.hpp> instead
D:\10_Source_Repos\21_robot\RobWork\build\acc-wt-ui-t35\RobWork\RobWorkStudio\src\rwslibs\industrialrobot\kinematics\assembly\sdurws\ird\kinematics\KinematicsPluginAssembly.hpp(53,7): warning C4099: “sdurws::ird::kinematics::KinModuleSessionState”: 类型名称以前使用“struct”现在使用的是“class” [D:\10_Source_Repos\21_robot\RobWork\build\acc-wt-ui-t35\bld-int\RobWorkStudio\src\rwslibs\industrialrobot\kinematics\sdurws_ird_kinematics_test.vcxproj]
  (编译源文件“../../../../../../RobWork/RobWorkStudio/src/rwslibs/industrialrobot/kinematics/test/PluginPanelTest.cpp”)
      D:\10_Source_Repos\21_robot\RobWork\build\acc-wt-ui-t35\RobWork\RobWorkStudio\src\rwslibs\industrialrobot\kinematics\plugin\KinPanelTypes.hpp(329,8):
      参见“sdurws::ird::kinematics::KinModuleSessionState”的声明
  
D:\10_Source_Repos\21_robot\RobWork\build\acc-wt-ui-t35\RobWork\RobWorkStudio\src\rwslibs\industrialrobot\kinematics\plugin\KinPanelTypes.hpp(329,8): warning C4099: “sdurws::ird::kinematics::KinModuleSessionState”: 类型名称以前使用“class”现在使用的是“struct” [D:\10_Source_Repos\21_robot\RobWork\build\acc-wt-ui-t35\bld-int\RobWorkStudio\src\rwslibs\industrialrobot\kinematics\sdurws_ird_kinematics_test.vcxproj]
  (编译源文件“../../../../../../RobWork/RobWorkStudio/src/rwslibs/industrialrobot/kinematics/test/HostMigrationTest.cpp”)
      D:\10_Source_Repos\21_robot\RobWork\build\acc-wt-ui-t35\RobWork\RobWorkStudio\src\rwslibs\industrialrobot\kinematics\plugin\KinPanelTypes.hpp(329,8):
      参见“sdurws::ird::kinematics::KinModuleSessionState”的声明
  
  sdurws_ird_kinematics_test.vcxproj -> D:\10_Source_Repos\21_robot\RobWork\build\acc-wt-ui-t35\bld-int\RobWorkStudio\bin\Release\sdurws_ird_kinematics_test.exe
适用于 .NET Framework MSBuild 版本 17.12.6+db5f6012c

  Auto build dll exports
  sdurw_core.vcxproj -> D:\10_Source_Repos\21_robot\RobWork\build\acc-wt-ui-t35\bld-int\RobWork\bin\Release\sdurw_core.dll
  Auto build dll exports
  sdurw_common.vcxproj -> D:\10_Source_Repos\21_robot\RobWork\build\acc-wt-ui-t35\bld-int\RobWork\bin\Release\sdurw_common.dll
  Auto build dll exports
  sdurw_math.vcxproj -> D:\10_Source_Repos\21_robot\RobWork\build\acc-wt-ui-t35\bld-int\RobWork\bin\Release\sdurw_math.dll
  Auto build dll exports
  sdurw_kinematics.vcxproj -> D:\10_Source_Repos\21_robot\RobWork\build\acc-wt-ui-t35\bld-int\RobWork\bin\Release\sdurw_kinematics.dll
  Auto build dll exports
  sdurw_geometry.vcxproj -> D:\10_Source_Repos\21_robot\RobWork\build\acc-wt-ui-t35\bld-int\RobWork\bin\Release\sdurw_geometry.dll
  Auto build dll exports
  sdurw_sensor.vcxproj -> D:\10_Source_Repos\21_robot\RobWork\build\acc-wt-ui-t35\bld-int\RobWork\bin\Release\sdurw_sensor.dll
  Auto build dll exports
  sdurw_models.vcxproj -> D:\10_Source_Repos\21_robot\RobWork\build\acc-wt-ui-t35\bld-int\RobWork\bin\Release\sdurw_models.dll
  Auto build dll exports
  sdurw_control.vcxproj -> D:\10_Source_Repos\21_robot\RobWork\build\acc-wt-ui-t35\bld-int\RobWork\bin\Release\sdurw_control.dll
  Auto build dll exports
  sdurw_graphics.vcxproj -> D:\10_Source_Repos\21_robot\RobWork\build\acc-wt-ui-t35\bld-int\RobWork\bin\Release\sdurw_graphics.dll
  Auto build dll exports
  sdurw_proximity.vcxproj -> D:\10_Source_Repos\21_robot\RobWork\build\acc-wt-ui-t35\bld-int\RobWork\bin\Release\sdurw_proximity.dll
  Auto build dll exports
  sdurw_simulation.vcxproj -> D:\10_Source_Repos\21_robot\RobWork\build\acc-wt-ui-t35\bld-int\RobWork\bin\Release\sdurw_simulation.dll
  Auto build dll exports
  sdurw_trajectory.vcxproj -> D:\10_Source_Repos\21_robot\RobWork\build\acc-wt-ui-t35\bld-int\RobWork\bin\Release\sdurw_trajectory.dll
  Auto build dll exports
  sdurw_loaders.vcxproj -> D:\10_Source_Repos\21_robot\RobWork\build\acc-wt-ui-t35\bld-int\RobWork\bin\Release\sdurw_loaders.dll
  Auto build dll exports
  sdurw_task.vcxproj -> D:\10_Source_Repos\21_robot\RobWork\build\acc-wt-ui-t35\bld-int\RobWork\bin\Release\sdurw_task.dll
  Automatic MOC for target sdurws_ird_core
  sdurws_ird_core.vcxproj -> D:\10_Source_Repos\21_robot\RobWork\build\acc-wt-ui-t35\bld-int\RobWorkStudio\libs\Release\sdurws_ird_core.lib
  Automatic MOC for target sdurws_ird_diagnostics
  sdurws_ird_diagnostics.vcxproj -> D:\10_Source_Repos\21_robot\RobWork\build\acc-wt-ui-t35\bld-int\RobWorkStudio\libs\Release\sdurws_ird_diagnostics.lib
  Automatic MOC for target sdurws_ird_evidence
  sdurws_ird_evidence.vcxproj -> D:\10_Source_Repos\21_robot\RobWork\build\acc-wt-ui-t35\bld-int\RobWorkStudio\libs\Release\sdurws_ird_evidence.lib
  Automatic MOC for target sdurws_ird_project
  sdurws_ird_project.vcxproj -> D:\10_Source_Repos\21_robot\RobWork\build\acc-wt-ui-t35\bld-int\RobWorkStudio\libs\Release\sdurws_ird_project.lib
  Automatic MOC for target sdurws_ird_execution
  sdurws_ird_execution.vcxproj -> D:\10_Source_Repos\21_robot\RobWork\build\acc-wt-ui-t35\bld-int\RobWorkStudio\libs\Release\sdurws_ird_execution.lib
  Automatic MOC for target sdurws_ird_policy
  sdurws_ird_policy.vcxproj -> D:\10_Source_Repos\21_robot\RobWork\build\acc-wt-ui-t35\bld-int\RobWorkStudio\libs\Release\sdurws_ird_policy.lib
  pqp.vcxproj -> D:\10_Source_Repos\21_robot\RobWork\build\acc-wt-ui-t35\bld-int\RobWork\libs\Release\pqp.lib
  Auto build dll exports
  sdurw_invkin.vcxproj -> D:\10_Source_Repos\21_robot\RobWork\build\acc-wt-ui-t35\bld-int\RobWork\bin\Release\sdurw_invkin.dll
  Auto build dll exports
  sdurw_algorithms.vcxproj -> D:\10_Source_Repos\21_robot\RobWork\build\acc-wt-ui-t35\bld-int\RobWork\bin\Release\sdurw_algorithms.dll
  Auto build dll exports
  sdurw_graspplanning.vcxproj -> D:\10_Source_Repos\21_robot\RobWork\build\acc-wt-ui-t35\bld-int\RobWork\bin\Release\sdurw_graspplanning.dll
  Auto build dll exports
  sdurw_pathplanning.vcxproj -> D:\10_Source_Repos\21_robot\RobWork\build\acc-wt-ui-t35\bld-int\RobWork\bin\Release\sdurw_pathplanning.dll
  Auto build dll exports
  sdurw_plugin.vcxproj -> D:\10_Source_Repos\21_robot\RobWork\build\acc-wt-ui-t35\bld-int\RobWork\bin\Release\sdurw_plugin.dll
  Auto build dll exports
  sdurw_assembly.vcxproj -> D:\10_Source_Repos\21_robot\RobWork\build\acc-wt-ui-t35\bld-int\RobWork\bin\Release\sdurw_assembly.dll
  Auto build dll exports
  sdurw_opengl.vcxproj -> D:\10_Source_Repos\21_robot\RobWork\build\acc-wt-ui-t35\bld-int\RobWork\bin\Release\sdurw_opengl.dll
  Auto build dll exports
  sdurw_pathplanners.vcxproj -> D:\10_Source_Repos\21_robot\RobWork\build\acc-wt-ui-t35\bld-int\RobWork\bin\Release\sdurw_pathplanners.dll
  yaobi.vcxproj -> D:\10_Source_Repos\21_robot\RobWork\build\acc-wt-ui-t35\bld-int\RobWork\libs\Release\yaobi.lib
  Auto build dll exports
  sdurw_proximitystrategies.vcxproj -> D:\10_Source_Repos\21_robot\RobWork\build\acc-wt-ui-t35\bld-int\RobWork\bin\Release\sdurw_proximitystrategies.dll
  Automatic MOC and UIC for target sdurwsim
  Auto build dll exports
  sdurwsim.vcxproj -> D:\10_Source_Repos\21_robot\RobWork\build\acc-wt-ui-t35\bld-int\RobWorkSim\bin\Release\sdurwsim.dll
  Automatic MOC for target sdurws_ird_runtime
  sdurws_ird_runtime.vcxproj -> D:\10_Source_Repos\21_robot\RobWork\build\acc-wt-ui-t35\bld-int\RobWorkStudio\libs\Release\sdurws_ird_runtime.lib
  Automatic MOC for target sdurws_ird_kinematics
  sdurws_ird_kinematics.vcxproj -> D:\10_Source_Repos\21_robot\RobWork\build\acc-wt-ui-t35\bld-int\RobWorkStudio\libs\Release\sdurws_ird_kinematics.lib
  Automatic MOC for target sdurws_ird_ui
  sdurws_ird_ui.vcxproj -> D:\10_Source_Repos\21_robot\RobWork\build\acc-wt-ui-t35\bld-int\RobWorkStudio\libs\Release\sdurws_ird_ui.lib
  Automatic MOC for target sdurws_ird_kinematics_plugin
  sdurws_ird_kinematics_plugin.vcxproj -> D:\10_Source_Repos\21_robot\RobWork\build\acc-wt-ui-t35\bld-int\RobWorkStudio\libs\Release\sdurws_ird_kinematics_plugin.lib
  Automatic MOC for target sdurws_ird_testkit
  sdurws_ird_testkit.vcxproj -> D:\10_Source_Repos\21_robot\RobWork\build\acc-wt-ui-t35\bld-int\RobWorkStudio\libs\Release\sdurws_ird_testkit.lib
  Automatic MOC for target sdurws_ird_kinematics_contract_test
  Building Custom Rule D:/10_Source_Repos/21_robot/RobWork/build/acc-wt-ui-t35/RobWork/RobWorkStudio/src/rwslibs/industrialrobot/kinematics/CMakeLists.txt
  ContractTestMain.cpp
  BuildGraphContractTest.cpp
  PoseMetricsEvaluatorContractTest.cpp
  TaskPointIkEvaluatorContractTest.cpp
  TaskPointsBatchEvaluatorContractTest.cpp
  RegionCoverageEvaluatorContractTest.cpp
  CollisionConsistencyContractTest.cpp
  CommandFacadeContractTest.cpp
  PluginGraphContractTest.cpp
  mocs_compilation_Release.cpp
  sdurws_ird_kinematics_contract_test.vcxproj -> D:\10_Source_Repos\21_robot\RobWork\build\acc-wt-ui-t35\bld-int\RobWorkStudio\bin\Release\sdurws_ird_kinematics_contract_test.exe
适用于 .NET Framework MSBuild 版本 17.12.6+db5f6012c

  Auto build dll exports
  sdurw_core.vcxproj -> D:\10_Source_Repos\21_robot\RobWork\build\acc-wt-ui-t35\bld-int\RobWork\bin\Release\sdurw_core.dll
  Auto build dll exports
  sdurw_common.vcxproj -> D:\10_Source_Repos\21_robot\RobWork\build\acc-wt-ui-t35\bld-int\RobWork\bin\Release\sdurw_common.dll
  Auto build dll exports
  sdurw_math.vcxproj -> D:\10_Source_Repos\21_robot\RobWork\build\acc-wt-ui-t35\bld-int\RobWork\bin\Release\sdurw_math.dll
  Auto build dll exports
  sdurw_kinematics.vcxproj -> D:\10_Source_Repos\21_robot\RobWork\build\acc-wt-ui-t35\bld-int\RobWork\bin\Release\sdurw_kinematics.dll
  Auto build dll exports
  sdurw_geometry.vcxproj -> D:\10_Source_Repos\21_robot\RobWork\build\acc-wt-ui-t35\bld-int\RobWork\bin\Release\sdurw_geometry.dll
  Auto build dll exports
  sdurw_sensor.vcxproj -> D:\10_Source_Repos\21_robot\RobWork\build\acc-wt-ui-t35\bld-int\RobWork\bin\Release\sdurw_sensor.dll
  Auto build dll exports
  sdurw_models.vcxproj -> D:\10_Source_Repos\21_robot\RobWork\build\acc-wt-ui-t35\bld-int\RobWork\bin\Release\sdurw_models.dll
  Auto build dll exports
  sdurw_control.vcxproj -> D:\10_Source_Repos\21_robot\RobWork\build\acc-wt-ui-t35\bld-int\RobWork\bin\Release\sdurw_control.dll
  Auto build dll exports
  sdurw_graphics.vcxproj -> D:\10_Source_Repos\21_robot\RobWork\build\acc-wt-ui-t35\bld-int\RobWork\bin\Release\sdurw_graphics.dll
  Auto build dll exports
  sdurw_proximity.vcxproj -> D:\10_Source_Repos\21_robot\RobWork\build\acc-wt-ui-t35\bld-int\RobWork\bin\Release\sdurw_proximity.dll
  Auto build dll exports
  sdurw_simulation.vcxproj -> D:\10_Source_Repos\21_robot\RobWork\build\acc-wt-ui-t35\bld-int\RobWork\bin\Release\sdurw_simulation.dll
  Auto build dll exports
  sdurw_trajectory.vcxproj -> D:\10_Source_Repos\21_robot\RobWork\build\acc-wt-ui-t35\bld-int\RobWork\bin\Release\sdurw_trajectory.dll
  Auto build dll exports
  sdurw_loaders.vcxproj -> D:\10_Source_Repos\21_robot\RobWork\build\acc-wt-ui-t35\bld-int\RobWork\bin\Release\sdurw_loaders.dll
  Auto build dll exports
  sdurw_task.vcxproj -> D:\10_Source_Repos\21_robot\RobWork\build\acc-wt-ui-t35\bld-int\RobWork\bin\Release\sdurw_task.dll
  Automatic MOC for target sdurws_ird_core
  sdurws_ird_core.vcxproj -> D:\10_Source_Repos\21_robot\RobWork\build\acc-wt-ui-t35\bld-int\RobWorkStudio\libs\Release\sdurws_ird_core.lib
  pqp.vcxproj -> D:\10_Source_Repos\21_robot\RobWork\build\acc-wt-ui-t35\bld-int\RobWork\libs\Release\pqp.lib
  Auto build dll exports
  sdurw_invkin.vcxproj -> D:\10_Source_Repos\21_robot\RobWork\build\acc-wt-ui-t35\bld-int\RobWork\bin\Release\sdurw_invkin.dll
  Auto build dll exports
  sdurw_algorithms.vcxproj -> D:\10_Source_Repos\21_robot\RobWork\build\acc-wt-ui-t35\bld-int\RobWork\bin\Release\sdurw_algorithms.dll
  Auto build dll exports
  sdurw_graspplanning.vcxproj -> D:\10_Source_Repos\21_robot\RobWork\build\acc-wt-ui-t35\bld-int\RobWork\bin\Release\sdurw_graspplanning.dll
  Auto build dll exports
  sdurw_pathplanning.vcxproj -> D:\10_Source_Repos\21_robot\RobWork\build\acc-wt-ui-t35\bld-int\RobWork\bin\Release\sdurw_pathplanning.dll
  Auto build dll exports
  sdurw_plugin.vcxproj -> D:\10_Source_Repos\21_robot\RobWork\build\acc-wt-ui-t35\bld-int\RobWork\bin\Release\sdurw_plugin.dll
  Auto build dll exports
  sdurw_assembly.vcxproj -> D:\10_Source_Repos\21_robot\RobWork\build\acc-wt-ui-t35\bld-int\RobWork\bin\Release\sdurw_assembly.dll
  Auto build dll exports
  sdurw_opengl.vcxproj -> D:\10_Source_Repos\21_robot\RobWork\build\acc-wt-ui-t35\bld-int\RobWork\bin\Release\sdurw_opengl.dll
  Auto build dll exports
  sdurw_pathplanners.vcxproj -> D:\10_Source_Repos\21_robot\RobWork\build\acc-wt-ui-t35\bld-int\RobWork\bin\Release\sdurw_pathplanners.dll
  yaobi.vcxproj -> D:\10_Source_Repos\21_robot\RobWork\build\acc-wt-ui-t35\bld-int\RobWork\libs\Release\yaobi.lib
  Auto build dll exports
  sdurw_proximitystrategies.vcxproj -> D:\10_Source_Repos\21_robot\RobWork\build\acc-wt-ui-t35\bld-int\RobWork\bin\Release\sdurw_proximitystrategies.dll
  Automatic MOC and UIC for target sdurwsim
  Auto build dll exports
  sdurwsim.vcxproj -> D:\10_Source_Repos\21_robot\RobWork\build\acc-wt-ui-t35\bld-int\RobWorkSim\bin\Release\sdurwsim.dll
  Automatic MOC for target sdurws_ird_runtime
  sdurws_ird_runtime.vcxproj -> D:\10_Source_Repos\21_robot\RobWork\build\acc-wt-ui-t35\bld-int\RobWorkStudio\libs\Release\sdurws_ird_runtime.lib
  Automatic MOC for target sdurws_ird_testkit
  sdurws_ird_testkit.vcxproj -> D:\10_Source_Repos\21_robot\RobWork\build\acc-wt-ui-t35\bld-int\RobWorkStudio\libs\Release\sdurws_ird_testkit.lib
  Automatic MOC for target sdurws_ird_runtime_test
  Building Custom Rule D:/10_Source_Repos/21_robot/RobWork/build/acc-wt-ui-t35/RobWork/RobWorkStudio/src/rwslibs/industrialrobot/runtime/CMakeLists.txt
  BuildRedLineTest.cpp
  ErrorsTest.cpp
  SourcesTest.cpp
  ExpectedTest.cpp
  DescriptionTest.cpp
  DescriptionValidatorTest.cpp
  CanonicalModelTest.cpp
  CodecTest.cpp
  NameMapTest.cpp
  BaseWorldTransformTest.cpp
  WorkCellCompilerTest.cpp
  DynamicWorkCellCompilerTest.cpp
  SnapshotTest.cpp
  CacheKeyTest.cpp
  CompilerTest.cpp
  ContractSuiteTest.cpp
  HostPresentationViewTest.cpp
  GoldenDataLintTest.cpp
  mocs_compilation_Release.cpp
D:\10_Source_Repos\21_robot\RobWork\build\acc-wt-ui-t35\RobWork\RobWorkStudio\src\rwslibs\industrialrobot\runtime\test\ContractSuiteTest.cpp(65,9): warning C4005: “NOMINMAX”: 宏重定义 [D:\10_Source_Repos\21_robot\RobWork\build\acc-wt-ui-t35\bld-int\RobWorkStudio\src\rwslibs\industrialrobot\runtime\sdurws_ird_runtime_test.vcxproj]
      D:\10_Source_Repos\21_robot\RobWork\build\acc-wt-ui-t35\RobWork\RobWorkStudio\src\rwslibs\industrialrobot\runtime\test\ContractSuiteTest.cpp(65,9):
      之前在命令行上声明的“NOMINMAX”
  
D:\10_Source_Repos\21_robot\RobWork\build\acc-wt-ui-t35\RobWork\RobWorkStudio\src\rwslibs\industrialrobot\runtime\test\ContractSuiteTest.cpp(66,9): warning C4005: “WIN32_LEAN_AND_MEAN”: 宏重定义 [D:\10_Source_Repos\21_robot\RobWork\build\acc-wt-ui-t35\bld-int\RobWorkStudio\src\rwslibs\industrialrobot\runtime\sdurws_ird_runtime_test.vcxproj]
      D:\10_Source_Repos\21_robot\RobWork\build\acc-wt-ui-t35\RobWork\RobWorkStudio\src\rwslibs\industrialrobot\runtime\test\ContractSuiteTest.cpp(66,9):
      之前在命令行上声明的“WIN32_LEAN_AND_MEAN”
  
  sdurws_ird_runtime_test.vcxproj -> D:\10_Source_Repos\21_robot\RobWork\build\acc-wt-ui-t35\bld-int\RobWorkStudio\bin\Release\sdurws_ird_runtime_test.exe
  D:\10_Source_Repos\21_robot\RobWork\vcpkg\installed\x64-windows\bin\gtest_main.dll -> D:\10_Source_Repos\21_robot\RobWork\build\acc-wt-ui-t35\bld-int\RobWorkStudio\bin\Release\gtest_main.dll done
