适用于 .NET Framework MSBuild 版本 17.12.6+db5f6012c

  Automatic MOC for target qtpropertybrowser
  Auto build dll exports
  pqp.vcxproj -> D:\10_Source_Repos\21_robot\acc-t17-r2-repro\build\RobWork\libs\Release\pqp.lib
  yaobi.vcxproj -> D:\10_Source_Repos\21_robot\acc-t17-r2-repro\build\RobWork\libs\Release\yaobi.lib
  qtpropertybrowser.vcxproj -> D:\10_Source_Repos\21_robot\acc-t17-r2-repro\build\RobWorkStudio\libs\Release\qtpropertybrowser.lib
  sdurw_csgjs.vcxproj -> D:\10_Source_Repos\21_robot\acc-t17-r2-repro\build\RobWork\libs\Release\sdurw_csgjs.lib
  sdurw_core.vcxproj -> D:\10_Source_Repos\21_robot\acc-t17-r2-repro\build\RobWork\bin\Release\sdurw_core.dll
  Auto build dll exports
  Auto build dll exports
  sdurw_plugin.vcxproj -> D:\10_Source_Repos\21_robot\acc-t17-r2-repro\build\RobWork\bin\Release\sdurw_plugin.dll
  sdurw_common.vcxproj -> D:\10_Source_Repos\21_robot\acc-t17-r2-repro\build\RobWork\bin\Release\sdurw_common.dll
  Auto build dll exports
  sdurw_math.vcxproj -> D:\10_Source_Repos\21_robot\acc-t17-r2-repro\build\RobWork\bin\Release\sdurw_math.dll
  Automatic MOC for target sdurws_ird_core
  sdurws_ird_core.vcxproj -> D:\10_Source_Repos\21_robot\acc-t17-r2-repro\build\RobWorkStudio\libs\Release\sdurws_ird_core.lib
  Auto build dll exports
  sdurw_kinematics.vcxproj -> D:\10_Source_Repos\21_robot\acc-t17-r2-repro\build\RobWork\bin\Release\sdurw_kinematics.dll
  Automatic MOC for target sdurws_ird_diagnostics
  Automatic MOC for target sdurws_ird_project
  sdurws_ird_diagnostics.vcxproj -> D:\10_Source_Repos\21_robot\acc-t17-r2-repro\build\RobWorkStudio\libs\Release\sdurws_ird_diagnostics.lib
  Automatic MOC for target sdurws_ird_ui
  sdurws_ird_project.vcxproj -> D:\10_Source_Repos\21_robot\acc-t17-r2-repro\build\RobWorkStudio\libs\Release\sdurws_ird_project.lib
  Auto build dll exports
  sdurws_ird_ui.vcxproj -> D:\10_Source_Repos\21_robot\acc-t17-r2-repro\build\RobWorkStudio\libs\Release\sdurws_ird_ui.lib
  sdurw_geometry.vcxproj -> D:\10_Source_Repos\21_robot\acc-t17-r2-repro\build\RobWork\bin\Release\sdurw_geometry.dll
  Auto build dll exports
  Auto build dll exports
  sdurw_sensor.vcxproj -> D:\10_Source_Repos\21_robot\acc-t17-r2-repro\build\RobWork\bin\Release\sdurw_sensor.dll
  sdurw_analytic_geometry.vcxproj -> D:\10_Source_Repos\21_robot\acc-t17-r2-repro\build\RobWork\bin\Release\sdurw_analytic_geometry.dll
  Auto build dll exports
  Auto build dll exports
  sdurw_graspplanning.vcxproj -> D:\10_Source_Repos\21_robot\acc-t17-r2-repro\build\RobWork\bin\Release\sdurw_graspplanning.dll
  sdurw_models.vcxproj -> D:\10_Source_Repos\21_robot\acc-t17-r2-repro\build\RobWork\bin\Release\sdurw_models.dll
  Auto build dll exports
  Auto build dll exports
  Auto build dll exports
  sdurw_control.vcxproj -> D:\10_Source_Repos\21_robot\acc-t17-r2-repro\build\RobWork\bin\Release\sdurw_control.dll
  sdurw_graphics.vcxproj -> D:\10_Source_Repos\21_robot\acc-t17-r2-repro\build\RobWork\bin\Release\sdurw_graphics.dll
  sdurw_proximity.vcxproj -> D:\10_Source_Repos\21_robot\acc-t17-r2-repro\build\RobWork\bin\Release\sdurw_proximity.dll
  Auto build dll exports
  sdurw_trajectory.vcxproj -> D:\10_Source_Repos\21_robot\acc-t17-r2-repro\build\RobWork\bin\Release\sdurw_trajectory.dll
  Auto build dll exports
  sdurw_simulation.vcxproj -> D:\10_Source_Repos\21_robot\acc-t17-r2-repro\build\RobWork\bin\Release\sdurw_simulation.dll
  Auto build dll exports
  Auto build dll exports
  sdurw_invkin.vcxproj -> D:\10_Source_Repos\21_robot\acc-t17-r2-repro\build\RobWork\bin\Release\sdurw_invkin.dll
  sdurw_loaders.vcxproj -> D:\10_Source_Repos\21_robot\acc-t17-r2-repro\build\RobWork\bin\Release\sdurw_loaders.dll
  sdurw_analytic_geometry.rwplugin.vcxproj -> D:\10_Source_Repos\21_robot\acc-t17-r2-repro\build\RobWork\bin\Release\sdurw_analytic_geometry.rwplugin.dll
  Auto build dll exports
  Auto build dll exports
  Auto build dll exports
  Auto build dll exports
  Auto build dll exports
  sdurw_opengl.vcxproj -> D:\10_Source_Repos\21_robot\acc-t17-r2-repro\build\RobWork\bin\Release\sdurw_opengl.dll
  sdurw_task.vcxproj -> D:\10_Source_Repos\21_robot\acc-t17-r2-repro\build\RobWork\bin\Release\sdurw_task.dll
  Auto build dll exports
  sdurw_csg.vcxproj -> D:\10_Source_Repos\21_robot\acc-t17-r2-repro\build\RobWork\bin\Release\sdurw_csg.dll
  sdurw_pathplanning.vcxproj -> D:\10_Source_Repos\21_robot\acc-t17-r2-repro\build\RobWork\bin\Release\sdurw_pathplanning.dll
  sdurw_algorithms.vcxproj -> D:\10_Source_Repos\21_robot\acc-t17-r2-repro\build\RobWork\bin\Release\sdurw_algorithms.dll
  sdurw_proximitystrategies.vcxproj -> D:\10_Source_Repos\21_robot\acc-t17-r2-repro\build\RobWork\bin\Release\sdurw_proximitystrategies.dll
  Auto build dll exports
  Auto build dll exports
  Auto build dll exports
  sdurw_proximitystrategies.rwplugin.vcxproj -> D:\10_Source_Repos\21_robot\acc-t17-r2-repro\build\RobWork\bin\Release\sdurw_proximitystrategies.rwplugin.dll
  sdurw_pathplanners.vcxproj -> D:\10_Source_Repos\21_robot\acc-t17-r2-repro\build\RobWork\bin\Release\sdurw_pathplanners.dll
  Automatic MOC for target sdurws
  sdurw_simplefinger.vcxproj -> D:\10_Source_Repos\21_robot\acc-t17-r2-repro\build\RobWork\bin\Release\sdurw_simplefinger.dll
  sdurw_assembly.vcxproj -> D:\10_Source_Repos\21_robot\acc-t17-r2-repro\build\RobWork\bin\Release\sdurw_assembly.dll
  sdurw_simplefinger.rwplugin.vcxproj -> D:\10_Source_Repos\21_robot\acc-t17-r2-repro\build\RobWork\bin\Release\sdurw_simplefinger.rwplugin.dll
  sdurws.vcxproj -> D:\10_Source_Repos\21_robot\acc-t17-r2-repro\build\RobWorkStudio\libs\Release\sdurws.lib
  Automatic MOC for target sdurws_plugin.rwplugin
  Automatic MOC for target sdurws_gtask
  Automatic MOC for target sdurws_ird_ui_plugin
  Automatic MOC for target sdurws_atask
  Automatic MOC and UIC for target sdurwsim
  sdurws_plugin.rwplugin.vcxproj -> D:\10_Source_Repos\21_robot\acc-t17-r2-repro\build\RobWorkStudio\bin\Release\sdurws_plugin.rwplugin.dll
  sdurws_gtask.vcxproj -> D:\10_Source_Repos\21_robot\acc-t17-r2-repro\build\RobWorkStudio\libs\plugins\Release\sdurws_gtask.dll
  sdurws_atask.vcxproj -> D:\10_Source_Repos\21_robot\acc-t17-r2-repro\build\RobWorkStudio\libs\plugins\Release\sdurws_atask.dll
  sdurws_ird_ui_plugin.vcxproj -> D:\10_Source_Repos\21_robot\acc-t17-r2-repro\build\RobWorkStudio\libs\Release\sdurws_ird_ui_plugin.dll
  Auto build dll exports
  sdurwsim.vcxproj -> D:\10_Source_Repos\21_robot\acc-t17-r2-repro\build\RobWorkSim\bin\Release\sdurwsim.dll
  Automatic MOC and UIC for target sdurwsim_bullet
  Automatic MOC and UIC for target RWSimulatorPlugin
  Auto build dll exports
  RWSimulatorPlugin.vcxproj -> D:\10_Source_Repos\21_robot\acc-t17-r2-repro\build\RobWorkSim\libs\Release\RWSimulatorPlugin.dll
  sdurwsim_bullet.vcxproj -> D:\10_Source_Repos\21_robot\acc-t17-r2-repro\build\RobWorkSim\bin\Release\sdurwsim_bullet.dll
  Automatic MOC and UIC for target sdurwsim_gui
  Automatic MOC and UIC for target bt_plugin.rwplugin
  bt_plugin.rwplugin.vcxproj -> D:\10_Source_Repos\21_robot\acc-t17-r2-repro\build\RobWorkSim\bin\Release\bt_plugin.rwplugin.dll
  Auto build dll exports
  sdurwsim_gui.vcxproj -> D:\10_Source_Repos\21_robot\acc-t17-r2-repro\build\RobWorkSim\bin\Release\sdurwsim_gui.dll
  Automatic MOC and UIC for target SimUtilityPlugin
  SimUtilityPlugin.vcxproj -> D:\10_Source_Repos\21_robot\acc-t17-r2-repro\build\RobWorkSim\libs\Release\SimUtilityPlugin.dll
  Automatic MOC and UIC for target GraspTableGeneratorPlugin
  GraspTableGeneratorPlugin.vcxproj -> D:\10_Source_Repos\21_robot\acc-t17-r2-repro\build\RobWorkSim\libs\Release\GraspTableGeneratorPlugin.dll
  Automatic MOC and UIC for target RWSimPlugin
  RWSimPlugin.vcxproj -> D:\10_Source_Repos\21_robot\acc-t17-r2-repro\build\RobWorkSim\libs\Release\RWSimPlugin.dll
  Automatic MOC and UIC for target SimTaskPlugin
  SimTaskPlugin.vcxproj -> D:\10_Source_Repos\21_robot\acc-t17-r2-repro\build\RobWorkSim\libs\Release\SimTaskPlugin.dll
  Automatic MOC and UIC for target sdurwsim_test
  Auto build dll exports
  sdurwsim_test.vcxproj -> D:\10_Source_Repos\21_robot\acc-t17-r2-repro\build\RobWorkSim\bin\Release\sdurwsim_test.dll
  Automatic MOC and UIC for target EngineTestPlugin
  EngineTestPlugin.vcxproj -> D:\10_Source_Repos\21_robot\acc-t17-r2-repro\build\RobWorkSim\libs\Release\EngineTestPlugin.dll
  Automatic MOC for target sdurws_ird_diagnostics_test
  Automatic MOC for target sdurws_ird_core_test
  Automatic MOC for target QCodeEditor
  Automatic MOC and UIC for target SimulatorLogViewer
  Automatic MOC for target sdurws_ird_testkit
  Automatic MOC for target sdurws_jog
  Auto build dll exports
  Auto build dll exports
  sdurw_calibration.vcxproj -> D:\10_Source_Repos\21_robot\acc-t17-r2-repro\build\RobWork\bin\Release\sdurw_calibration.dll
  sdurw_pathoptimization.vcxproj -> D:\10_Source_Repos\21_robot\acc-t17-r2-repro\build\RobWork\bin\Release\sdurw_pathoptimization.dll
  sdurws_ird_core_test.vcxproj -> D:\10_Source_Repos\21_robot\acc-t17-r2-repro\build\RobWorkStudio\bin\Release\sdurws_ird_core_test.exe
  sdurws_ird_diagnostics_test.vcxproj -> D:\10_Source_Repos\21_robot\acc-t17-r2-repro\build\RobWorkStudio\bin\Release\sdurws_ird_diagnostics_test.exe
  sdurws_ird_testkit.vcxproj -> D:\10_Source_Repos\21_robot\acc-t17-r2-repro\build\RobWorkStudio\libs\Release\sdurws_ird_testkit.lib
  SimulatorLogViewer.vcxproj -> D:\10_Source_Repos\21_robot\acc-t17-r2-repro\build\RobWorkSim\bin\Release\SimulatorLogViewer.exe
  sdurws_jog.vcxproj -> D:\10_Source_Repos\21_robot\acc-t17-r2-repro\build\RobWorkStudio\libs\Release\sdurws_jog.lib
  QCodeEditor.vcxproj -> D:\10_Source_Repos\21_robot\acc-t17-r2-repro\build\RobWorkStudio\libs\Release\QCodeEditor.lib
  Automatic MOC for target sdurws_ird_diagnostics_contract_test
  Automatic MOC for target sdurws_log
  Automatic MOC for target sdurws_playback
  Automatic MOC for target sdurws_propertyview
  Automatic MOC for target sdurws_treeview
  Automatic MOC for target sdurws_sensors
  Automatic MOC for target sdurws_workcelleditor
  sdurws_ird_diagnostics_contract_test.vcxproj -> D:\10_Source_Repos\21_robot\acc-t17-r2-repro\build\RobWorkStudio\bin\Release\sdurws_ird_diagnostics_contract_test.exe
  Automatic MOC for target sdurws_ird_evidence
  sdurws_log.vcxproj -> D:\10_Source_Repos\21_robot\acc-t17-r2-repro\build\RobWorkStudio\libs\Release\sdurws_log.lib
  sdurws_playback.vcxproj -> D:\10_Source_Repos\21_robot\acc-t17-r2-repro\build\RobWorkStudio\libs\Release\sdurws_playback.lib
  sdurws_treeview.vcxproj -> D:\10_Source_Repos\21_robot\acc-t17-r2-repro\build\RobWorkStudio\libs\Release\sdurws_treeview.lib
  sdurws_propertyview.vcxproj -> D:\10_Source_Repos\21_robot\acc-t17-r2-repro\build\RobWorkStudio\libs\Release\sdurws_propertyview.lib
  sdurws_sensors.vcxproj -> D:\10_Source_Repos\21_robot\acc-t17-r2-repro\build\RobWorkStudio\libs\Release\sdurws_sensors.lib
  Automatic MOC for target sdurws_ird_io
  Automatic MOC for target sdurws_pythoneditor
  sdurws_workcelleditor.vcxproj -> D:\10_Source_Repos\21_robot\acc-t17-r2-repro\build\RobWorkStudio\libs\Release\sdurws_workcelleditor.lib
  sdurws_ird_evidence.vcxproj -> D:\10_Source_Repos\21_robot\acc-t17-r2-repro\build\RobWorkStudio\libs\Release\sdurws_ird_evidence.lib
  Automatic MOC for target sdurws_ird_runtime
  Automatic MOC for target sdurws_ird_policy
  Automatic MOC for target sdurws_ird_project_contract_test
  Automatic MOC for target sdurws_ird_project_test
  Automatic MOC for target sdurws_workcelleditorplugin
  Automatic MOC for target sdurws_ird_testdata_lint
  Automatic MOC for target sdurws_ird_testkit_prochelper
  sdurws_ird_io.vcxproj -> D:\10_Source_Repos\21_robot\acc-t17-r2-repro\build\RobWorkStudio\libs\Release\sdurws_ird_io.lib
  sdurws_ird_runtime.vcxproj -> D:\10_Source_Repos\21_robot\acc-t17-r2-repro\build\RobWorkStudio\libs\Release\sdurws_ird_runtime.lib
  Automatic MOC for target sdurws_planning
  sdurws_ird_policy.vcxproj -> D:\10_Source_Repos\21_robot\acc-t17-r2-repro\build\RobWorkStudio\libs\Release\sdurws_ird_policy.lib
  sdurws_ird_project_contract_test.vcxproj -> D:\10_Source_Repos\21_robot\acc-t17-r2-repro\build\RobWorkStudio\bin\Release\sdurws_ird_project_contract_test.exe
  Automatic MOC for target sdurws_ird_ui_app
  sdurws_ird_project_test.vcxproj -> D:\10_Source_Repos\21_robot\acc-t17-r2-repro\build\RobWorkStudio\bin\Release\sdurws_ird_project_test.exe
  Automatic MOC for target sdurws_ird_ui_gui_test
  Automatic MOC for target sdurws_ird_execution_worker
  Automatic MOC for target sdurws_ird_ui_test
  sdurws_ird_testdata_lint.vcxproj -> D:\10_Source_Repos\21_robot\acc-t17-r2-repro\build\RobWorkStudio\bin\Release\sdurws_ird_testdata_lint.exe
  Automatic MOC for target sdurws_ird_execution
  Automatic MOC for target sdurws_ird_reporting
  sdurws_ird_testkit_prochelper.vcxproj -> D:\10_Source_Repos\21_robot\acc-t17-r2-repro\build\RobWorkStudio\bin\Release\sdurws_ird_testkit_prochelper.exe
  Automatic MOC for target sdurws_ird_evidence_test
  sdurws_ird_ui_app.vcxproj -> D:\10_Source_Repos\21_robot\acc-t17-r2-repro\build\RobWorkStudio\bin\Release\sdurws_ird_ui_app.exe
  sdurws_ird_ui_gui_test.vcxproj -> D:\10_Source_Repos\21_robot\acc-t17-r2-repro\build\RobWorkStudio\bin\Release\sdurws_ird_ui_gui_test.exe
  sdurws_ird_ui_test.vcxproj -> D:\10_Source_Repos\21_robot\acc-t17-r2-repro\build\RobWorkStudio\bin\Release\sdurws_ird_ui_test.exe
  Automatic MOC for target sdurws_ird_runtime_test
  Automatic MOC for target sdurws_ird_evidence_contract_test
  Automatic MOC for target sdurws_ird_io_contract_test
  sdurws_workcelleditorplugin.vcxproj -> D:\10_Source_Repos\21_robot\acc-t17-r2-repro\build\RobWorkStudio\libs\Release\sdurws_workcelleditorplugin.lib
  Automatic MOC for target sdurws_ird_io_test
  Automatic MOC for target sdurws_ird_testkit_test
  Automatic MOC for target sdurws_ird_policy_test
  Automatic MOC for target sdurws_ird_modeling
  sdurws_ird_runtime_test.vcxproj -> D:\10_Source_Repos\21_robot\acc-t17-r2-repro\build\RobWorkStudio\bin\Release\sdurws_ird_runtime_test.exe
  sdurws_ird_io_contract_test.vcxproj -> D:\10_Source_Repos\21_robot\acc-t17-r2-repro\build\RobWorkStudio\bin\Release\sdurws_ird_io_contract_test.exe
  sdurws_ird_io_test.vcxproj -> D:\10_Source_Repos\21_robot\acc-t17-r2-repro\build\RobWorkStudio\bin\Release\sdurws_ird_io_test.exe
  sdurws_ird_execution.vcxproj -> D:\10_Source_Repos\21_robot\acc-t17-r2-repro\build\RobWorkStudio\libs\Release\sdurws_ird_execution.lib
  sdurws_ird_testkit_test.vcxproj -> D:\10_Source_Repos\21_robot\acc-t17-r2-repro\build\RobWorkStudio\bin\Release\sdurws_ird_testkit_test.exe
  sdurws_ird_policy_test.vcxproj -> D:\10_Source_Repos\21_robot\acc-t17-r2-repro\build\RobWorkStudio\bin\Release\sdurws_ird_policy_test.exe
  sdurws_ird_execution_worker.vcxproj -> D:\10_Source_Repos\21_robot\acc-t17-r2-repro\build\RobWorkStudio\bin\Release\sdurws_ird_execution_worker.exe
  sdurws_ird_modeling.vcxproj -> D:\10_Source_Repos\21_robot\acc-t17-r2-repro\build\RobWorkStudio\libs\Release\sdurws_ird_modeling.lib
  sdurws_planning.vcxproj -> D:\10_Source_Repos\21_robot\acc-t17-r2-repro\build\RobWorkStudio\libs\Release\sdurws_planning.lib
  Automatic MOC for target sdurws_ird_execution_test
  Automatic MOC for target sdurws_ird_ui_contract_test
  sdurws_ird_reporting.vcxproj -> D:\10_Source_Repos\21_robot\acc-t17-r2-repro\build\RobWorkStudio\libs\Release\sdurws_ird_reporting.lib
  Automatic MOC for target sdurws_ird_reporting_test
  sdurws_ird_evidence_test.vcxproj -> D:\10_Source_Repos\21_robot\acc-t17-r2-repro\build\RobWorkStudio\bin\Release\sdurws_ird_evidence_test.exe
  sdurws_ird_execution_test.vcxproj -> D:\10_Source_Repos\21_robot\acc-t17-r2-repro\build\RobWorkStudio\bin\Release\sdurws_ird_execution_test.exe
  sdurws_ird_ui_contract_test.vcxproj -> D:\10_Source_Repos\21_robot\acc-t17-r2-repro\build\RobWorkStudio\bin\Release\sdurws_ird_ui_contract_test.exe
  Automatic MOC for target sdurws_ird_reporting_contract_test
  sdurws_ird_reporting_test.vcxproj -> D:\10_Source_Repos\21_robot\acc-t17-r2-repro\build\RobWorkStudio\bin\Release\sdurws_ird_reporting_test.exe
  Automatic MOC for target sdurws_ird_modeling_contract_test
  sdurws_ird_evidence_contract_test.vcxproj -> D:\10_Source_Repos\21_robot\acc-t17-r2-repro\build\RobWorkStudio\bin\Release\sdurws_ird_evidence_contract_test.exe
  sdurws_ird_reporting_contract_test.vcxproj -> D:\10_Source_Repos\21_robot\acc-t17-r2-repro\build\RobWorkStudio\bin\Release\sdurws_ird_reporting_contract_test.exe
  Automatic MOC for target sdurws_ird_modeling_test
  sdurws_ird_modeling_contract_test.vcxproj -> D:\10_Source_Repos\21_robot\acc-t17-r2-repro\build\RobWorkStudio\bin\Release\sdurws_ird_modeling_contract_test.exe
  sdurws_ird_modeling_test.vcxproj -> D:\10_Source_Repos\21_robot\acc-t17-r2-repro\build\RobWorkStudio\bin\Release\sdurws_ird_modeling_test.exe
  Automatic MOC for target sdurws_ird_policy_contract_test
  sdurws_ird_policy_contract_test.vcxproj -> D:\10_Source_Repos\21_robot\acc-t17-r2-repro\build\RobWorkStudio\bin\Release\sdurws_ird_policy_contract_test.exe
  Automatic MOC for target sdurws_ird_execution_contract_test
  sdurws_ird_execution_contract_test.vcxproj -> D:\10_Source_Repos\21_robot\acc-t17-r2-repro\build\RobWorkStudio\bin\Release\sdurws_ird_execution_contract_test.exe
  sdurws_pythoneditor.vcxproj -> D:\10_Source_Repos\21_robot\acc-t17-r2-repro\build\RobWorkStudio\libs\Release\sdurws_pythoneditor.lib
  Automatic MOC for target sdurws_robworkstudioapp
  sdurws_robworkstudioapp.vcxproj -> D:\10_Source_Repos\21_robot\acc-t17-r2-repro\build\RobWorkStudio\libs\Release\sdurws_robworkstudioapp.lib
  Automatic MOC for target RobWorkStudio
  RobWorkStudio.vcxproj -> D:\10_Source_Repos\21_robot\acc-t17-r2-repro\build\RobWorkStudio\bin\Release\RobWorkStudio.exe
  	Copying RobWork runtime DLLs next to RobWorkStudio
  Building Custom Rule D:/10_Source_Repos/21_robot/acc-t17-r2-repro/RobWork/CMakeLists.txt
exit=0
