适用于 .NET Framework MSBuild 版本 17.12.6+db5f6012c

  1>Checking Build System
  Building Custom Rule D:/10_Source_Repos/21_robot/acc-t17-r2-repro/RobWork/RobWorkStudio/src/rwslibs/industrialrobot/core/CMakeLists.txt
  Building Custom Rule D:/10_Source_Repos/21_robot/acc-t17-r2-repro/RobWork/RobWorkStudio/src/rwslibs/industrialrobot/testkit/CMakeLists.txt
  Core.cpp
  Identity.cpp
  main.cpp
  Digest.cpp
  Provenance.cpp
  Units.cpp
  Compare.cpp
  sdurws_ird_testkit_prochelper.vcxproj -> D:\10_Source_Repos\21_robot\acc-t17-r2-smoke\testkit\Release\sdurws_ird_testkit_prochelper.exe
  Evaluation.cpp
  DiagData.cpp
  Events.cpp
  正在生成代码...
  sdurws_ird_core.vcxproj -> D:\10_Source_Repos\21_robot\acc-t17-r2-smoke\core\Release\sdurws_ird_core.lib
  Building Custom Rule D:/10_Source_Repos/21_robot/acc-t17-r2-repro/RobWork/RobWorkStudio/src/rwslibs/industrialrobot/evidence/CMakeLists.txt
  Building Custom Rule D:/10_Source_Repos/21_robot/acc-t17-r2-repro/RobWork/RobWorkStudio/src/rwslibs/industrialrobot/core/CMakeLists.txt
  Building Custom Rule D:/10_Source_Repos/21_robot/acc-t17-r2-repro/RobWork/RobWorkStudio/src/rwslibs/industrialrobot/testkit/CMakeLists.txt
  Building Custom Rule D:/10_Source_Repos/21_robot/acc-t17-r2-repro/RobWork/RobWorkStudio/src/rwslibs/industrialrobot/diagnostics/CMakeLists.txt
  Building Custom Rule D:/10_Source_Repos/21_robot/acc-t17-r2-repro/RobWork/RobWorkStudio/src/rwslibs/industrialrobot/project/CMakeLists.txt
  Building Custom Rule D:/10_Source_Repos/21_robot/acc-t17-r2-repro/RobWork/RobWorkStudio/src/rwslibs/industrialrobot/policy/CMakeLists.txt
  Building Custom Rule D:/10_Source_Repos/21_robot/acc-t17-r2-repro/RobWork/RobWorkStudio/src/rwslibs/industrialrobot/runtime/CMakeLists.txt
  Evidence.cpp
  Diagnostics.cpp
  TestPaths.cpp
  Errors.cpp
  DiagCodes.cpp
  Project.cpp
  Codec.cpp
  Runtime.cpp
  Policy.cpp
  BuildRedLineTest.cpp
  Errors.cpp
  Errors.cpp
  DescriptionValidator.cpp
  Diagnostics.cpp
  JsonLite.cpp
  ParamSchema.cpp
  Errors.cpp
  Catalog.cpp
  Snapshot.cpp
  PolicyInput.cpp
  ObjectStore.cpp
  IdentityTest.cpp
  Fault.cpp
  Slice.cpp
  PolicyParsing.cpp
  CanonicalModel.cpp
  Factory.cpp
  Dataset.cpp
  PolicyPort.cpp
  Verdict.cpp
  DigestTest.cpp
  RevisionIndex.cpp
  正在生成代码...
  Envelope.cpp
  ToleranceProfile.cpp
  Confirmable.cpp
  ConventionValueSemanticsTest.cpp
  TxEngine.cpp
  Aggregation.cpp
  Check.cpp
  Codec.cpp
  Currentness.cpp
  ProvenanceTest.cpp
  Logging.cpp
  ContractCheck.cpp
  sdurws_ird_policy.vcxproj -> D:\10_Source_Repos\21_robot\acc-t17-r2-smoke\policy\Release\sdurws_ird_policy.lib
  ProjectStoreImpl.cpp
  Fixture.cpp
  Compatibility.cpp
  UnitsTest.cpp
  Redaction.cpp
  NameMap.cpp
  Evaluator.cpp
  Report.cpp
  CompareTest.cpp
  QueryPortImpl.cpp
  CrashReport.cpp
  正在生成代码...
  ProcessRunner.cpp
  EvaluationTest.cpp
  BaseWorldTransform.cpp
  正在生成代码...
  CommandServiceImpl.cpp
  正在生成代码...
  DiagDataTest.cpp
  正在生成代码...
  ConfirmationFlow.cpp
  EventsTest.cpp
  正在生成代码...
  DraftServiceImpl.cpp
  sdurws_ird_evidence.vcxproj -> D:\10_Source_Repos\21_robot\acc-t17-r2-smoke\evidence\Release\sdurws_ird_evidence.lib
  Building Custom Rule D:/10_Source_Repos/21_robot/acc-t17-r2-repro/RobWork/RobWorkStudio/src/rwslibs/industrialrobot/execution/CMakeLists.txt
  main.cpp
  sdurws_ird_diagnostics.vcxproj -> D:\10_Source_Repos\21_robot\acc-t17-r2-smoke\diagnostics\Release\sdurws_ird_diagnostics.lib
  UndoRedoServiceImpl.cpp
  Building Custom Rule D:/10_Source_Repos/21_robot/acc-t17-r2-repro/RobWork/RobWorkStudio/src/rwslibs/industrialrobot/ui/CMakeLists.txt
  Building Custom Rule D:/10_Source_Repos/21_robot/acc-t17-r2-repro/RobWork/RobWorkStudio/src/rwslibs/industrialrobot/diagnostics/CMakeLists.txt
  Building Custom Rule D:/10_Source_Repos/21_robot/acc-t17-r2-repro/RobWork/RobWorkStudio/src/rwslibs/industrialrobot/io/CMakeLists.txt
  sdurws_ird_testkit.vcxproj -> D:\10_Source_Repos\21_robot\acc-t17-r2-smoke\testkit\Release\sdurws_ird_testkit.lib
  Io.cpp
  Ui.cpp
  WorkbenchShell.cpp
  BuildRedLineTest.cpp
  SafePath.cpp
  Building Custom Rule D:/10_Source_Repos/21_robot/acc-t17-r2-repro/RobWork/RobWorkStudio/src/rwslibs/industrialrobot/evidence/CMakeLists.txt
  Building Custom Rule D:/10_Source_Repos/21_robot/acc-t17-r2-repro/RobWork/RobWorkStudio/src/rwslibs/industrialrobot/diagnostics/CMakeLists.txt
  Building Custom Rule D:/10_Source_Repos/21_robot/acc-t17-r2-repro/RobWork/RobWorkStudio/src/rwslibs/industrialrobot/policy/CMakeLists.txt
  Building Custom Rule D:/10_Source_Repos/21_robot/acc-t17-r2-repro/RobWork/RobWorkStudio/src/rwslibs/industrialrobot/evidence/CMakeLists.txt
  Building Custom Rule D:/10_Source_Repos/21_robot/acc-t17-r2-repro/RobWork/RobWorkStudio/src/rwslibs/industrialrobot/policy/CMakeLists.txt
  Building Custom Rule D:/10_Source_Repos/21_robot/acc-t17-r2-repro/RobWork/RobWorkStudio/src/rwslibs/industrialrobot/testkit/CMakeLists.txt
D:\10_Source_Repos\21_robot\acc-t17-r2-repro\RobWork\RobWorkStudio\src\rwslibs\industrialrobot\execution\worker\main.cpp(55,9): warning C4005: “NOMINMAX”: 宏重定义 [D:\10_Source_Repos\21_robot\acc-t17-r2-smoke\execution\sdurws_ird_execution_worker.vcxproj]
      D:\10_Source_Repos\21_robot\acc-t17-r2-repro\RobWork\RobWorkStudio\src\rwslibs\industrialrobot\execution\worker\main.cpp(55,9):
      之前在命令行上声明的“NOMINMAX”
  
  BuildRedLineTest.cpp
  PolicyCodecFixtureContractTest.cpp
  main.cpp
  ArchiveServiceImpl.cpp
D:\software\Microsoft Visual Studio\2022\Community\VC\Tools\MSVC\14.42.34433\include\xutility(4709,18): warning C4244: “=”: 从“const wchar_t”转换到“char”，可能丢失数据 [D:\10_Source_Repos\21_robot\acc-t17-r2-smoke\execution\sdurws_ird_execution_worker.vcxproj]
  (编译源文件“../../acc-t17-r2-repro/RobWork/RobWorkStudio/src/rwslibs/industrialrobot/execution/worker/main.cpp”)
      D:\software\Microsoft Visual Studio\2022\Community\VC\Tools\MSVC\14.42.34433\include\xutility(4709,18):
      模板实例化上下文(最早的实例化上下文)为
          D:\10_Source_Repos\21_robot\acc-t17-r2-repro\RobWork\RobWorkStudio\src\rwslibs\industrialrobot\execution\worker\main.cpp(299,37):
          查看对正在编译的函数 模板 实例化“std::basic_string<char,std::char_traits<char>,std::allocator<char>>::basic_string<std::_String_const_iterator<std::_String_val<std::_Simple_types<_Elem>>>,0>(_Iter,_Iter,const _Alloc &)”的引用
          with
          [
              _Elem=wchar_t,
              _Iter=std::_String_const_iterator<std::_String_val<std::_Simple_types<wchar_t>>>,
              _Alloc=std::allocator<char>
          ]
              D:\10_Source_Repos\21_robot\acc-t17-r2-repro\RobWork\RobWorkStudio\src\rwslibs\industrialrobot\execution\worker\main.cpp(299,37):
              请参阅 "`anonymous-namespace'::parseArgs" 中对 "std::basic_string<char,std::char_traits<char>,std::allocator<char>>::basic_string" 的第一个引用
          D:\software\Microsoft Visual Studio\2022\Community\VC\Tools\MSVC\14.42.34433\include\xstring(793,17):
          查看对正在编译的函数 模板 实例化“void std::basic_string<char,std::char_traits<char>,std::allocator<char>>::_Construct_from_iter<const wchar_t*,const wchar_t*,_Size_type>(_Iter,const _Sent,_Size)”的引用
          with
          [
              _Size_type=unsigned __int64,
              _Iter=const wchar_t *,
              _Sent=const wchar_t *,
              _Size=unsigned __int64
          ]
          D:\software\Microsoft Visual Studio\2022\Community\VC\Tools\MSVC\14.42.34433\include\xstring(949,18):
          查看对正在编译的函数 模板 实例化“_OutIt *std::_Copy_n_unchecked4<const wchar_t*,_Size,char*>(_InIt,_SizeTy,_OutIt)”的引用
          with
          [
              _OutIt=char *,
              _Size=unsigned __int64,
              _InIt=const wchar_t *,
              _SizeTy=unsigned __int64
          ]
  
  ChannelProtocol.cpp
  Budget.cpp
  StableCodeRegistryTest.cpp
  IoDiagnostics.cpp
  PolicySetTest.cpp
  LinkageContractTest.cpp
  PolicyTestDoubleBoundaryTest.cpp
  Csv.cpp
  AtomicFile.cpp
  CatalogFactoryTest.cpp
  Errors.cpp
  sdurws_ird_core_test.vcxproj -> D:\10_Source_Repos\21_robot\acc-t17-r2-smoke\core\Release\sdurws_ird_core_test.exe
  TaskTypes.cpp
  EnvelopeContractTest.cpp
  D:\10_Source_Repos\21_robot\RobWork\vcpkg\installed\x64-windows\bin\gtest_main.dll -> D:\10_Source_Repos\21_robot\acc-t17-r2-smoke\core\Release\gtest_main.dll done
  D:\10_Source_Repos\21_robot\RobWork\vcpkg\installed\x64-windows\bin\gtest.dll -> D:\10_Source_Repos\21_robot\acc-t17-r2-smoke\core\Release\gtest.dll done
  PolicyInputTest.cpp
  StoreLock.cpp
  Json.cpp
  正在生成代码...
  ConfirmableProjectStubTest.cpp
  sdurws_ird_runtime.vcxproj -> D:\10_Source_Repos\21_robot\acc-t17-r2-smoke\runtime\Release\sdurws_ird_runtime.lib
  WorkbenchContent.cpp
  BuildRedLineTest.cpp
  CatalogLifecycleTest.cpp
  正在生成代码...
  PathCanonical.cpp
  PolicyParsingTest.cpp
  EnvelopeAccessorContractTest.cpp
  ZipChannel.cpp
  正在生成代码...
  CatalogHostTraceStubTest.cpp
  ErrorsTest.cpp
  sdurws_ird_policy_contract_test.vcxproj -> D:\10_Source_Repos\21_robot\acc-t17-r2-smoke\policy\Release\sdurws_ird_policy_contract_test.exe
  ConfirmableTest.cpp
  ResourceIo.cpp
  sdurws_ird_testdata_lint.vcxproj -> D:\10_Source_Repos\21_robot\acc-t17-r2-smoke\testkit\Release\sdurws_ird_testdata_lint.exe
  D:\10_Source_Repos\21_robot\RobWork\vcpkg\installed\x64-windows\bin\gtest_main.dll -> D:\10_Source_Repos\21_robot\acc-t17-r2-smoke\policy\Release\gtest_main.dll done
  D:\10_Source_Repos\21_robot\RobWork\vcpkg\installed\x64-windows\bin\gtest.dll -> D:\10_Source_Repos\21_robot\acc-t17-r2-smoke\policy\Release\gtest.dll done
  PolicyPortTest.cpp
  Building Custom Rule D:/10_Source_Repos/21_robot/acc-t17-r2-repro/RobWork/RobWorkStudio/src/rwslibs/industrialrobot/runtime/CMakeLists.txt
  ScriptedDiagSourceTest.cpp
  DependencyTest.cpp
  SliceFixtureContractTest.cpp
  BuildRedLineTest.cpp
  sdurws_ird_execution_worker.vcxproj -> D:\10_Source_Repos\21_robot\acc-t17-r2-smoke\execution\Release\sdurws_ird_execution_worker.exe
  Building Custom Rule D:/10_Source_Repos/21_robot/acc-t17-r2-repro/RobWork/RobWorkStudio/src/rwslibs/industrialrobot/testkit/CMakeLists.txt
  AggregationTest.cpp
  TestPathsTest.cpp
  TempArea.cpp
  DiagnosticsTest.cpp
  SnapshotTest.cpp
  ErrorsTest.cpp
  DiagContractCheckTest.cpp
  ShellSupport.cpp
  正在生成代码...
  AtomicFile.cpp
  JsonLiteTest.cpp
  LoggingTest.cpp
  SourcesTest.cpp
  正在生成代码...
  SliceTest.cpp
  正在生成代码...
  Package.cpp
  FaultTest.cpp
  ExpectedTest.cpp
  RedactionTest.cpp
  EvidenceTest.cpp
  正在生成代码...
  DatasetTest.cpp
  sdurws_ird_evidence_contract_test.vcxproj -> D:\10_Source_Repos\21_robot\acc-t17-r2-smoke\evidence\Release\sdurws_ird_evidence_contract_test.exe
  DescriptionTest.cpp
  D:\10_Source_Repos\21_robot\RobWork\vcpkg\installed\x64-windows\bin\gtest_main.dll -> D:\10_Source_Repos\21_robot\acc-t17-r2-smoke\evidence\Release\gtest_main.dll done
  D:\10_Source_Repos\21_robot\RobWork\vcpkg\installed\x64-windows\bin\gtest.dll -> D:\10_Source_Repos\21_robot\acc-t17-r2-smoke\evidence\Release\gtest.dll done
  StatusProjection.cpp
  CollaborationQueryTest.cpp
  ToleranceProfileTest.cpp
  VerdictTest.cpp
  View3DPlaceholder.cpp
  sdurws_ird_diagnostics_contract_test.vcxproj -> D:\10_Source_Repos\21_robot\acc-t17-r2-smoke\diagnostics\Release\sdurws_ird_diagnostics_contract_test.exe
  D:\10_Source_Repos\21_robot\RobWork\vcpkg\installed\x64-windows\bin\gtest_main.dll -> D:\10_Source_Repos\21_robot\acc-t17-r2-smoke\diagnostics\Release\gtest_main.dll done
  D:\10_Source_Repos\21_robot\RobWork\vcpkg\installed\x64-windows\bin\gtest.dll -> D:\10_Source_Repos\21_robot\acc-t17-r2-smoke\diagnostics\Release\gtest.dll done
  sdurws_ird_project.vcxproj -> D:\10_Source_Repos\21_robot\acc-t17-r2-smoke\project\Release\sdurws_ird_project.lib
  Building Custom Rule D:/10_Source_Repos/21_robot/acc-t17-r2-repro/RobWork/RobWorkStudio/src/rwslibs/industrialrobot/execution/CMakeLists.txt
  Building Custom Rule D:/10_Source_Repos/21_robot/acc-t17-r2-repro/RobWork/RobWorkStudio/src/rwslibs/industrialrobot/project/CMakeLists.txt
  Building Custom Rule D:/10_Source_Repos/21_robot/acc-t17-r2-repro/RobWork/RobWorkStudio/src/rwslibs/industrialrobot/reporting/CMakeLists.txt
  DescriptionValidatorTest.cpp
  Building Custom Rule D:/10_Source_Repos/21_robot/acc-t17-r2-repro/RobWork/RobWorkStudio/src/rwslibs/industrialrobot/project/CMakeLists.txt
  CheckTest.cpp
  正在生成代码...
  LinkageContractTest.cpp
  Reporting.cpp
  Errors.cpp
  BuildRedLineTest.cpp
  EnvelopeTest.cpp
  Identity.cpp
  sdurws_ird_policy_test.vcxproj -> D:\10_Source_Repos\21_robot\acc-t17-r2-smoke\policy\Release\sdurws_ird_policy_test.exe
  Execution.cpp
  Errors.cpp
  ContractCheckTest.cpp
  ReportModel.cpp
  TaskTypes.cpp
  LockContractTest.cpp
  AtomicFileTest.cpp
  CanonicalModelTest.cpp
  CurrentnessTest.cpp
  SetCheckTest.cpp
  CommandRegistry.cpp
  StateMachine.cpp
  ReportCodec.cpp
  CommandContractTest.cpp
  StoreLockTest.cpp
  FixtureTest.cpp
  Controller.cpp
  CompatibilityTest.cpp
  CodecTest.cpp
  Sections.cpp
  PathCanonicalTest.cpp
  GlobalShortcutRegistry.cpp
  Scheduler.cpp
  sdurws_ird_io.vcxproj -> D:\10_Source_Repos\21_robot\acc-t17-r2-smoke\io\Release\sdurws_ird_io.lib
  ReportTest.cpp
  ArchiveContractTest.cpp
  EvaluatorTest.cpp
  Building Custom Rule D:/10_Source_Repos/21_robot/acc-t17-r2-repro/RobWork/RobWorkStudio/src/rwslibs/industrialrobot/io/CMakeLists.txt
  Building Custom Rule D:/10_Source_Repos/21_robot/acc-t17-r2-repro/RobWork/RobWorkStudio/src/rwslibs/industrialrobot/io/CMakeLists.txt
  Building Custom Rule D:/10_Source_Repos/21_robot/acc-t17-r2-repro/RobWork/RobWorkStudio/src/rwslibs/industrialrobot/modeling/CMakeLists.txt
  Builder.cpp
  TestMainReport.cpp
D:\software\Microsoft Visual Studio\2022\Community\VC\Tools\MSVC\14.42.34433\include\xutility(4709,18): warning C4244: “=”: 从“const wchar_t”转换到“char”，可能丢失数据 [D:\10_Source_Repos\21_robot\acc-t17-r2-smoke\project\sdurws_ird_project_test.vcxproj]
  (编译源文件“../../acc-t17-r2-repro/RobWork/RobWorkStudio/src/rwslibs/industrialrobot/project/test/PathCanonicalTest.cpp”)
      D:\software\Microsoft Visual Studio\2022\Community\VC\Tools\MSVC\14.42.34433\include\xutility(4709,18):
      模板实例化上下文(最早的实例化上下文)为
          D:\10_Source_Repos\21_robot\acc-t17-r2-repro\RobWork\RobWorkStudio\src\rwslibs\industrialrobot\project\test\PathCanonicalTest.cpp(150,27):
          查看对正在编译的函数 模板 实例化“std::basic_string<char,std::char_traits<char>,std::allocator<char>>::basic_string<std::_String_const_iterator<std::_String_val<std::_Simple_types<_Elem>>>,0>(_Iter,_Iter,const _Alloc &)”的引用
          with
          [
              _Elem=wchar_t,
              _Iter=std::_String_const_iterator<std::_String_val<std::_Simple_types<wchar_t>>>,
              _Alloc=std::allocator<char>
          ]
              D:\10_Source_Repos\21_robot\acc-t17-r2-repro\RobWork\RobWorkStudio\src\rwslibs\industrialrobot\project\test\PathCanonicalTest.cpp(148,9):
              请参阅 "PathCanonicalTest_SameProject_DifferentSpellings_CanonicalizeEqual_Test::TestBody" 中对 "std::basic_string<char,std::char_traits<char>,std::allocator<char>>::basic_string" 的第一个引用
          D:\software\Microsoft Visual Studio\2022\Community\VC\Tools\MSVC\14.42.34433\include\xstring(793,17):
          查看对正在编译的函数 模板 实例化“void std::basic_string<char,std::char_traits<char>,std::allocator<char>>::_Construct_from_iter<const wchar_t*,const wchar_t*,_Size_type>(_Iter,const _Sent,_Size)”的引用
          with
          [
              _Size_type=unsigned __int64,
              _Iter=const wchar_t *,
              _Sent=const wchar_t *,
              _Size=unsigned __int64
          ]
          D:\software\Microsoft Visual Studio\2022\Community\VC\Tools\MSVC\14.42.34433\include\xstring(949,18):
          查看对正在编译的函数 模板 实例化“_OutIt *std::_Copy_n_unchecked4<const wchar_t*,_Size,char*>(_InIt,_SizeTy,_OutIt)”的引用
          with
          [
              _OutIt=char *,
              _Size=unsigned __int64,
              _InIt=const wchar_t *,
              _SizeTy=unsigned __int64
          ]
  
  PersistenceFormatTest.cpp
D:\10_Source_Repos\21_robot\acc-t17-r2-repro\RobWork\RobWorkStudio\src\rwslibs\industrialrobot\project\test\ArchiveContractTest.cpp(383,26): warning C4834: 放弃具有 [[nodiscard]] 属性的函数的返回值 [D:\10_Source_Repos\21_robot\acc-t17-r2-smoke\project\sdurws_ird_project_contract_test.vcxproj]
  ProcessRunnerTest.cpp
  RunRegistry.cpp
  SafePathTest.cpp
  ProcessCrashContractTest.cpp
  NameMapTest.cpp
  EvaluatorPortSuiteTest.cpp
  sdurws_ird_diagnostics_test.vcxproj -> D:\10_Source_Repos\21_robot\acc-t17-r2-smoke\diagnostics\Release\sdurws_ird_diagnostics_test.exe
  ObjectStoreTest.cpp
  ContractTestMain.cpp
  CommandPalette.cpp
  CoreIntegrationExampleTest.cpp
  Render.cpp
  Admission.cpp
  BudgetTest.cpp
  PackageContractTest.cpp
  ProcessLockContractTest.cpp
  TestMain.cpp
  正在生成代码...
  RevisionIndexTest.cpp
  EventBus.cpp
D:\10_Source_Repos\21_robot\acc-t17-r2-repro\RobWork\RobWorkStudio\src\rwslibs\industrialrobot\io\contract_test\PackageContractTest.cpp(719,63): warning C4129: “ ：: 不可识别的字符转义序列 [D:\10_Source_Repos\21_robot\acc-t17-r2-smoke\io\sdurws_ird_io_contract_test.vcxproj]
  BaseWorldTransformTest.cpp
  Consistency.cpp
  ChannelProtocol.cpp
  IoDiagnosticsTest.cpp
  BuildRedLineTest.cpp
  正在生成代码...
  Tx2DiagnosticRecordContractTest.cpp
  TxEngineTest.cpp
  PolicySummaryCard.cpp
  WorkerSupervisor.cpp
  正在生成代码...
  Archive.cpp
  CsvTest.cpp
  GoldenDataLintTest.cpp
  Tx15Child.cpp
  sdurws_ird_io_contract_test.vcxproj -> D:\10_Source_Repos\21_robot\acc-t17-r2-smoke\io\Release\sdurws_ird_io_contract_test.exe
  ObjectTypes.cpp
D:\software\Microsoft Visual Studio\2022\Community\VC\Tools\MSVC\14.42.34433\include\xutility(4709,18): warning C4244: “=”: 从“const wchar_t”转换到“char”，可能丢失数据 [D:\10_Source_Repos\21_robot\acc-t17-r2-smoke\execution\sdurws_ird_execution.vcxproj]
  (编译源文件“../../acc-t17-r2-repro/RobWork/RobWorkStudio/src/rwslibs/industrialrobot/execution/src/WorkerSupervisor.cpp”)
      D:\software\Microsoft Visual Studio\2022\Community\VC\Tools\MSVC\14.42.34433\include\xutility(4709,18):
      模板实例化上下文(最早的实例化上下文)为
          D:\10_Source_Repos\21_robot\acc-t17-r2-repro\RobWork\RobWorkStudio\src\rwslibs\industrialrobot\execution\src\WorkerSupervisor.cpp(291,43):
          查看对正在编译的函数 模板 实例化“std::basic_string<char,std::char_traits<char>,std::allocator<char>>::basic_string<std::_String_const_iterator<std::_String_val<std::_Simple_types<_Elem>>>,0>(_Iter,_Iter,const _Alloc &)”的引用
          with
          [
              _Elem=wchar_t,
              _Iter=std::_String_const_iterator<std::_String_val<std::_Simple_types<wchar_t>>>,
              _Alloc=std::allocator<char>
          ]
              D:\10_Source_Repos\21_robot\acc-t17-r2-repro\RobWork\RobWorkStudio\src\rwslibs\industrialrobot\execution\src\WorkerSupervisor.cpp(289,38):
              请参阅 "sdurws::ird::execution::WorkerSupervisor::spawnNewWorker" 中对 "std::basic_string<char,std::char_traits<char>,std::allocator<char>>::basic_string" 的第一个引用
          D:\software\Microsoft Visual Studio\2022\Community\VC\Tools\MSVC\14.42.34433\include\xstring(793,17):
          查看对正在编译的函数 模板 实例化“void std::basic_string<char,std::char_traits<char>,std::allocator<char>>::_Construct_from_iter<const wchar_t*,const wchar_t*,_Size_type>(_Iter,const _Sent,_Size)”的引用
          with
          [
              _Size_type=unsigned __int64,
              _Iter=const wchar_t *,
              _Sent=const wchar_t *,
              _Size=unsigned __int64
          ]
          D:\software\Microsoft Visual Studio\2022\Community\VC\Tools\MSVC\14.42.34433\include\xstring(949,18):
          查看对正在编译的函数 模板 实例化“_OutIt *std::_Copy_n_unchecked4<const wchar_t*,_Size,char*>(_InIt,_SizeTy,_OutIt)”的引用
          with
          [
              _OutIt=char *,
              _Size=unsigned __int64,
              _InIt=const wchar_t *,
              _SizeTy=unsigned __int64
          ]
  
  ProjectStoreTest.cpp
  Checkpoint.cpp
  Errors.cpp
  Export.cpp
  JsonTest.cpp
  DiagCodes.cpp
D:\software\Microsoft Visual Studio\2022\Community\VC\Tools\MSVC\14.42.34433\include\xutility(4709,18): warning C4244: “=”: 从“const wchar_t”转换到“char”，可能丢失数据 [D:\10_Source_Repos\21_robot\acc-t17-r2-smoke\project\sdurws_ird_project_contract_test.vcxproj]
  (编译源文件“../../acc-t17-r2-repro/RobWork/RobWorkStudio/src/rwslibs/industrialrobot/project/test/Tx15Child.cpp”)
      D:\software\Microsoft Visual Studio\2022\Community\VC\Tools\MSVC\14.42.34433\include\xutility(4709,18):
      模板实例化上下文(最早的实例化上下文)为
          D:\10_Source_Repos\21_robot\acc-t17-r2-repro\RobWork\RobWorkStudio\src\rwslibs\industrialrobot\project\test\Tx15Child.cpp(301,27):
          查看对正在编译的函数 模板 实例化“std::basic_string<char,std::char_traits<char>,std::allocator<char>>::basic_string<std::_String_const_iterator<std::_String_val<std::_Simple_types<_Elem>>>,0>(_Iter,_Iter,const _Alloc &)”的引用
          with
          [
              _Elem=wchar_t,
              _Iter=std::_String_const_iterator<std::_String_val<std::_Simple_types<wchar_t>>>,
              _Alloc=std::allocator<char>
          ]
              D:\10_Source_Repos\21_robot\acc-t17-r2-repro\RobWork\RobWorkStudio\src\rwslibs\industrialrobot\project\test\Tx15Child.cpp(301,27):
              请参阅 "sdurws::ird::project::tx15::`anonymous-namespace'::runCrashCommitChild" 中对 "std::basic_string<char,std::char_traits<char>,std::allocator<char>>::basic_string" 的第一个引用
          D:\software\Microsoft Visual Studio\2022\Community\VC\Tools\MSVC\14.42.34433\include\xstring(793,17):
          查看对正在编译的函数 模板 实例化“void std::basic_string<char,std::char_traits<char>,std::allocator<char>>::_Construct_from_iter<const wchar_t*,const wchar_t*,_Size_type>(_Iter,const _Sent,_Size)”的引用
          with
          [
              _Size_type=unsigned __int64,
              _Iter=const wchar_t *,
              _Sent=const wchar_t *,
              _Size=unsigned __int64
          ]
          D:\software\Microsoft Visual Studio\2022\Community\VC\Tools\MSVC\14.42.34433\include\xstring(949,18):
          查看对正在编译的函数 模板 实例化“_OutIt *std::_Copy_n_unchecked4<const wchar_t*,_Size,char*>(_InIt,_SizeTy,_OutIt)”的引用
          with
          [
              _OutIt=char *,
              _Size=unsigned __int64,
              _InIt=const wchar_t *,
              _SizeTy=unsigned __int64
          ]
  
  StubHandlers.cpp
  RobotDesign.cpp
  CacheCoordinator.cpp
  正在生成代码...
  FormEditCommon.cpp
  QueryPortTest.cpp
  Bundle.cpp
  ZipChannelTest.cpp
  ParamTablePanel.cpp
  Parts.cpp
  正在生成代码...
  ChannelPair.cpp
  JobScope.cpp
  ResourceIoTest.cpp
  MemProbe.cpp
  CommandServiceTest.cpp
  ProcessLauncher.cpp
  正在生成代码...
  Codec.cpp
  正在生成代码...
  ResourceSolidifyTest.cpp
  UiText.cpp
  sdurws_ird_testkit_test.vcxproj -> D:\10_Source_Repos\21_robot\acc-t17-r2-smoke\testkit\Release\sdurws_ird_testkit_test.exe
  D:\10_Source_Repos\21_robot\RobWork\vcpkg\installed\x64-windows\bin\gtest.dll -> D:\10_Source_Repos\21_robot\acc-t17-r2-smoke\testkit\Release\gtest.dll done
  StageNavigationModel.cpp
  DraftServiceTest.cpp
  PropertyEstimation.cpp
  D:\10_Source_Repos\21_robot\RobWork\vcpkg\installed\x64-windows\bin\gtest.dll -> D:\10_Source_Repos\21_robot\acc-t17-r2-smoke\io\Release\gtest.dll done
  D:\10_Source_Repos\21_robot\RobWork\vcpkg\installed\x64-windows\bin\zip.dll -> D:\10_Source_Repos\21_robot\acc-t17-r2-smoke\io\Release\zip.dll done
  D:\10_Source_Repos\21_robot\RobWork\vcpkg\installed\x64-windows\bin\bz2.dll -> D:\10_Source_Repos\21_robot\acc-t17-r2-smoke\io\Release\bz2.dll done
  D:\10_Source_Repos\21_robot\RobWork\vcpkg\installed\x64-windows\bin\z.dll -> D:\10_Source_Repos\21_robot\acc-t17-r2-smoke\io\Release\z.dll done
  PackageTest.cpp
  sdurws_ird_evidence_test.vcxproj -> D:\10_Source_Repos\21_robot\acc-t17-r2-smoke\evidence\Release\sdurws_ird_evidence_test.exe
  AboutDialog.cpp
D:\10_Source_Repos\21_robot\acc-t17-r2-repro\RobWork\RobWorkStudio\src\rwslibs\industrialrobot\project\test\DraftServiceTest.cpp(420,23): warning C4834: 放弃具有 [[nodiscard]] 属性的函数的返回值 [D:\10_Source_Repos\21_robot\acc-t17-r2-smoke\project\sdurws_ird_project_test.vcxproj]
D:\10_Source_Repos\21_robot\acc-t17-r2-repro\RobWork\RobWorkStudio\src\rwslibs\industrialrobot\project\test\DraftServiceTest.cpp(473,23): warning C4834: 放弃具有 [[nodiscard]] 属性的函数的返回值 [D:\10_Source_Repos\21_robot\acc-t17-r2-smoke\project\sdurws_ird_project_test.vcxproj]
D:\10_Source_Repos\21_robot\acc-t17-r2-repro\RobWork\RobWorkStudio\src\rwslibs\industrialrobot\project\test\DraftServiceTest.cpp(799,23): warning C4834: 放弃具有 [[nodiscard]] 属性的函数的返回值 [D:\10_Source_Repos\21_robot\acc-t17-r2-smoke\project\sdurws_ird_project_test.vcxproj]
D:\10_Source_Repos\21_robot\acc-t17-r2-repro\RobWork\RobWorkStudio\src\rwslibs\industrialrobot\project\test\DraftServiceTest.cpp(1010,9): warning C4834: 放弃具有 [[nodiscard]] 属性的函数的返回值 [D:\10_Source_Repos\21_robot\acc-t17-r2-smoke\project\sdurws_ird_project_test.vcxproj]
D:\10_Source_Repos\21_robot\acc-t17-r2-repro\RobWork\RobWorkStudio\src\rwslibs\industrialrobot\project\test\DraftServiceTest.cpp(1015,9): warning C4834: 放弃具有 [[nodiscard]] 属性的函数的返回值 [D:\10_Source_Repos\21_robot\acc-t17-r2-smoke\project\sdurws_ird_project_test.vcxproj]
D:\10_Source_Repos\21_robot\acc-t17-r2-repro\RobWork\RobWorkStudio\src\rwslibs\industrialrobot\project\test\DraftServiceTest.cpp(1017,9): warning C4834: 放弃具有 [[nodiscard]] 属性的函数的返回值 [D:\10_Source_Repos\21_robot\acc-t17-r2-smoke\project\sdurws_ird_project_test.vcxproj]
D:\10_Source_Repos\21_robot\acc-t17-r2-repro\RobWork\RobWorkStudio\src\rwslibs\industrialrobot\project\test\DraftServiceTest.cpp(1024,5): warning C4834: 放弃具有 [[nodiscard]] 属性的函数的返回值 [D:\10_Source_Repos\21_robot\acc-t17-r2-smoke\project\sdurws_ird_project_test.vcxproj]
D:\10_Source_Repos\21_robot\acc-t17-r2-repro\RobWork\RobWorkStudio\src\rwslibs\industrialrobot\project\test\DraftServiceTest.cpp(1026,5): warning C4834: 放弃具有 [[nodiscard]] 属性的函数的返回值 [D:\10_Source_Repos\21_robot\acc-t17-r2-smoke\project\sdurws_ird_project_test.vcxproj]
D:\10_Source_Repos\21_robot\acc-t17-r2-repro\RobWork\RobWorkStudio\src\rwslibs\industrialrobot\project\test\DraftServiceTest.cpp(1028,5): warning C4834: 放弃具有 [[nodiscard]] 属性的函数的返回值 [D:\10_Source_Repos\21_robot\acc-t17-r2-smoke\project\sdurws_ird_project_test.vcxproj]
D:\10_Source_Repos\21_robot\acc-t17-r2-repro\RobWork\RobWorkStudio\src\rwslibs\industrialrobot\project\test\DraftServiceTest.cpp(1048,5): warning C4834: 放弃具有 [[nodiscard]] 属性的函数的返回值 [D:\10_Source_Repos\21_robot\acc-t17-r2-smoke\project\sdurws_ird_project_test.vcxproj]
  Import.cpp
  UndoRedoServiceTest.cpp
  正在生成代码...
  sdurws_ird_project_contract_test.vcxproj -> D:\10_Source_Repos\21_robot\acc-t17-r2-smoke\project\Release\sdurws_ird_project_contract_test.exe
  D:\10_Source_Repos\21_robot\RobWork\vcpkg\installed\x64-windows\bin\gtest.dll -> D:\10_Source_Repos\21_robot\acc-t17-r2-smoke\project\Release\gtest.dll done
  sdurws_ird_execution.vcxproj -> D:\10_Source_Repos\21_robot\acc-t17-r2-smoke\execution\Release\sdurws_ird_execution.lib
  Building Custom Rule D:/10_Source_Repos/21_robot/acc-t17-r2-repro/RobWork/RobWorkStudio/src/rwslibs/industrialrobot/execution/CMakeLists.txt
  Building Custom Rule D:/10_Source_Repos/21_robot/acc-t17-r2-repro/RobWork/RobWorkStudio/src/rwslibs/industrialrobot/execution/CMakeLists.txt
  XacroExpand.cpp
  ContractTestMain.cpp
  TestMainReport.cpp
  UiSessionController.cpp
  ArchiveServiceTest.cpp
  sdurws_ird_runtime_test.vcxproj -> D:\10_Source_Repos\21_robot\acc-t17-r2-smoke\runtime\Release\sdurws_ird_runtime_test.exe
  D:\10_Source_Repos\21_robot\RobWork\vcpkg\installed\x64-windows\bin\gtest_main.dll -> D:\10_Source_Repos\21_robot\acc-t17-r2-smoke\runtime\Release\gtest_main.dll done
  D:\10_Source_Repos\21_robot\RobWork\vcpkg\installed\x64-windows\bin\gtest.dll -> D:\10_Source_Repos\21_robot\acc-t17-r2-smoke\runtime\Release\gtest.dll done
D:\10_Source_Repos\21_robot\acc-t17-r2-repro\RobWork\RobWorkStudio\src\rwslibs\industrialrobot\project\test\ArchiveServiceTest.cpp(416,31): warning C4834: 放弃具有 [[nodiscard]] 属性的函数的返回值 [D:\10_Source_Repos\21_robot\acc-t17-r2-smoke\project\sdurws_ird_project_test.vcxproj]
D:\10_Source_Repos\21_robot\acc-t17-r2-repro\RobWork\RobWorkStudio\src\rwslibs\industrialrobot\project\test\ArchiveServiceTest.cpp(424,33): warning C4834: 放弃具有 [[nodiscard]] 属性的函数的返回值 [D:\10_Source_Repos\21_robot\acc-t17-r2-smoke\project\sdurws_ird_project_test.vcxproj]
D:\10_Source_Repos\21_robot\acc-t17-r2-repro\RobWork\RobWorkStudio\src\rwslibs\industrialrobot\project\test\ArchiveServiceTest.cpp(683,33): warning C4834: 放弃具有 [[nodiscard]] 属性的函数的返回值 [D:\10_Source_Repos\21_robot\acc-t17-r2-smoke\project\sdurws_ird_project_test.vcxproj]
D:\10_Source_Repos\21_robot\acc-t17-r2-repro\RobWork\RobWorkStudio\src\rwslibs\industrialrobot\project\test\ArchiveServiceTest.cpp(835,36): warning C4834: 放弃具有 [[nodiscard]] 属性的函数的返回值 [D:\10_Source_Repos\21_robot\acc-t17-r2-smoke\project\sdurws_ird_project_test.vcxproj]
D:\10_Source_Repos\21_robot\acc-t17-r2-repro\RobWork\RobWorkStudio\src\rwslibs\industrialrobot\project\test\ArchiveServiceTest.cpp(845,31): warning C4834: 放弃具有 [[nodiscard]] 属性的函数的返回值 [D:\10_Source_Repos\21_robot\acc-t17-r2-smoke\project\sdurws_ird_project_test.vcxproj]
  LinkageContractTest.cpp
  BuildRedLineTest.cpp
  DraftController.cpp
  Tx11Tx13SuiteTest.cpp
  Template.cpp
  TaskStateMachineTest.cpp
  IdentityVocabularyContractTest.cpp
  DiagnosticPresentation.cpp
  StubHandlers.cpp
  ArchiveCollaborationContractTest.cpp
  sdurws_ird_reporting.vcxproj -> D:\10_Source_Repos\21_robot\acc-t17-r2-smoke\reporting\Release\sdurws_ird_reporting.lib
  Building Custom Rule D:/10_Source_Repos/21_robot/acc-t17-r2-repro/RobWork/RobWorkStudio/src/rwslibs/industrialrobot/reporting/CMakeLists.txt
  Building Custom Rule D:/10_Source_Repos/21_robot/acc-t17-r2-repro/RobWork/RobWorkStudio/src/rwslibs/industrialrobot/reporting/CMakeLists.txt
  CancelProtocolTest.cpp
  Readiness.cpp
  TestMainReport.cpp
  TestMainReport.cpp
D:\10_Source_Repos\21_robot\acc-t17-r2-repro\RobWork\RobWorkStudio\src\rwslibs\industrialrobot\execution\contract_test\ArchiveCollaborationContractTest.cpp(53,9): warning C4005: “NOMINMAX”: 宏重定义 [D:\10_Source_Repos\21_robot\acc-t17-r2-smoke\execution\sdurws_ird_execution_contract_test.vcxproj]
      D:\10_Source_Repos\21_robot\acc-t17-r2-repro\RobWork\RobWorkStudio\src\rwslibs\industrialrobot\execution\contract_test\ArchiveCollaborationContractTest.cpp(53,9):
      之前在命令行上声明的“NOMINMAX”
  
  TestMainReport.cpp
  CommandInteractionBridge.cpp
  LinkageContractTest.cpp
  BuildRedLineTest.cpp
  RunRegistryAdmissionTest.cpp
  EventBusDeliveryContractTest.cpp
  sdurws_ird_io_test.vcxproj -> D:\10_Source_Repos\21_robot\acc-t17-r2-smoke\io\Release\sdurws_ird_io_test.exe
  IdentityCrossUnitContractTest.cpp
  正在生成代码...
  ErrorsIdentityTest.cpp
D:\10_Source_Repos\21_robot\acc-t17-r2-repro\RobWork\RobWorkStudio\src\rwslibs\industrialrobot\execution\test\RunRegistryAdmissionTest.cpp(52,9): warning C4005: “NOMINMAX”: 宏重定义 [D:\10_Source_Repos\21_robot\acc-t17-r2-smoke\execution\sdurws_ird_execution_test.vcxproj]
      D:\10_Source_Repos\21_robot\acc-t17-r2-repro\RobWork\RobWorkStudio\src\rwslibs\industrialrobot\execution\test\RunRegistryAdmissionTest.cpp(52,9):
      之前在命令行上声明的“NOMINMAX”
  
  CommandHandlers.cpp
D:\10_Source_Repos\21_robot\acc-t17-r2-repro\RobWork\RobWorkStudio\src\rwslibs\industrialrobot\execution\test\RunRegistryAdmissionTest.cpp(1236,26): warning C4834: 放弃具有 [[nodiscard]] 属性的函数的返回值 [D:\10_Source_Repos\21_robot\acc-t17-r2-smoke\execution\sdurws_ird_execution_test.vcxproj]
D:\10_Source_Repos\21_robot\acc-t17-r2-repro\RobWork\RobWorkStudio\src\rwslibs\industrialrobot\execution\test\RunRegistryAdmissionTest.cpp(1258,26): warning C4834: 放弃具有 [[nodiscard]] 属性的函数的返回值 [D:\10_Source_Repos\21_robot\acc-t17-r2-smoke\execution\sdurws_ird_execution_test.vcxproj]
  WorkerProcessContractTest.cpp
  ReportModelTest.cpp
  EvidenceCrossUnitContractTest.cpp
  TaskPresentation.cpp
  SchedulerEventBusTest.cpp
D:\10_Source_Repos\21_robot\acc-t17-r2-repro\RobWork\RobWorkStudio\src\rwslibs\industrialrobot\execution\contract_test\WorkerProcessContractTest.cpp(72,9): warning C4005: “NOMINMAX”: 宏重定义 [D:\10_Source_Repos\21_robot\acc-t17-r2-smoke\execution\sdurws_ird_execution_contract_test.vcxproj]
      D:\10_Source_Repos\21_robot\acc-t17-r2-repro\RobWork\RobWorkStudio\src\rwslibs\industrialrobot\execution\contract_test\WorkerProcessContractTest.cpp(72,9):
      之前在命令行上声明的“NOMINMAX”
  
  SectionCrossUnitContractTest.cpp
D:\10_Source_Repos\21_robot\acc-t17-r2-repro\RobWork\RobWorkStudio\src\rwslibs\industrialrobot\execution\test\SchedulerEventBusTest.cpp(61,9): warning C4005: “NOMINMAX”: 宏重定义 [D:\10_Source_Repos\21_robot\acc-t17-r2-smoke\execution\sdurws_ird_execution_test.vcxproj]
      D:\10_Source_Repos\21_robot\acc-t17-r2-repro\RobWork\RobWorkStudio\src\rwslibs\industrialrobot\execution\test\SchedulerEventBusTest.cpp(61,9):
      之前在命令行上声明的“NOMINMAX”
  
  SectionsTest.cpp
  正在生成代码...
  CacheJudgeContractTest.cpp
  正在生成代码...
D:\10_Source_Repos\21_robot\acc-t17-r2-repro\RobWork\RobWorkStudio\src\rwslibs\industrialrobot\execution\contract_test\CacheJudgeContractTest.cpp(53,9): warning C4005: “NOMINMAX”: 宏重定义 [D:\10_Source_Repos\21_robot\acc-t17-r2-smoke\execution\sdurws_ird_execution_contract_test.vcxproj]
      D:\10_Source_Repos\21_robot\acc-t17-r2-repro\RobWork\RobWorkStudio\src\rwslibs\industrialrobot\execution\contract_test\CacheJudgeContractTest.cpp(53,9):
      之前在命令行上声明的“NOMINMAX”
  
  ChannelProtocolTest.cpp
  BuilderCrossUnitContractTest.cpp
  SectionProviderTest.cpp
  ArchiveFaultContractTest.cpp
  ResourceGovernanceTest.cpp
D:\10_Source_Repos\21_robot\acc-t17-r2-repro\RobWork\RobWorkStudio\src\rwslibs\industrialrobot\execution\contract_test\ArchiveFaultContractTest.cpp(70,9): warning C4005: “NOMINMAX”: 宏重定义 [D:\10_Source_Repos\21_robot\acc-t17-r2-smoke\execution\sdurws_ird_execution_contract_test.vcxproj]
      D:\10_Source_Repos\21_robot\acc-t17-r2-repro\RobWork\RobWorkStudio\src\rwslibs\industrialrobot\execution\contract_test\ArchiveFaultContractTest.cpp(70,9):
      之前在命令行上声明的“NOMINMAX”
  
D:\10_Source_Repos\21_robot\acc-t17-r2-repro\RobWork\RobWorkStudio\src\rwslibs\industrialrobot\execution\contract_test\ArchiveFaultContractTest.cpp(718,26): warning C4834: 放弃具有 [[nodiscard]] 属性的函数的返回值 [D:\10_Source_Repos\21_robot\acc-t17-r2-smoke\execution\sdurws_ird_execution_contract_test.vcxproj]
  RenderCrossUnitContractTest.cpp
  BuilderTest.cpp
D:\10_Source_Repos\21_robot\acc-t17-r2-repro\RobWork\RobWorkStudio\src\rwslibs\industrialrobot\execution\test\ResourceGovernanceTest.cpp(77,9): warning C4005: “NOMINMAX”: 宏重定义 [D:\10_Source_Repos\21_robot\acc-t17-r2-smoke\execution\sdurws_ird_execution_test.vcxproj]
      D:\10_Source_Repos\21_robot\acc-t17-r2-repro\RobWork\RobWorkStudio\src\rwslibs\industrialrobot\execution\test\ResourceGovernanceTest.cpp(77,9):
      之前在命令行上声明的“NOMINMAX”
  
  RecoveryProcessContractTest.cpp
  CheckpointCacheTest.cpp
D:\10_Source_Repos\21_robot\acc-t17-r2-repro\RobWork\RobWorkStudio\src\rwslibs\industrialrobot\execution\contract_test\RecoveryProcessContractTest.cpp(61,9): warning C4005: “NOMINMAX”: 宏重定义 [D:\10_Source_Repos\21_robot\acc-t17-r2-smoke\execution\sdurws_ird_execution_contract_test.vcxproj]
      D:\10_Source_Repos\21_robot\acc-t17-r2-repro\RobWork\RobWorkStudio\src\rwslibs\industrialrobot\execution\contract_test\RecoveryProcessContractTest.cpp(61,9):
      之前在命令行上声明的“NOMINMAX”
  
  ConsistencyCrossUnitContractTest.cpp
D:\10_Source_Repos\21_robot\acc-t17-r2-repro\RobWork\RobWorkStudio\src\rwslibs\industrialrobot\execution\test\CheckpointCacheTest.cpp(62,9): warning C4005: “NOMINMAX”: 宏重定义 [D:\10_Source_Repos\21_robot\acc-t17-r2-smoke\execution\sdurws_ird_execution_test.vcxproj]
      D:\10_Source_Repos\21_robot\acc-t17-r2-repro\RobWork\RobWorkStudio\src\rwslibs\industrialrobot\execution\test\CheckpointCacheTest.cpp(62,9):
      之前在命令行上声明的“NOMINMAX”
  
  RenderTest.cpp
  RecoveryChild.cpp
  sdurws_ird_ui.vcxproj -> D:\10_Source_Repos\21_robot\acc-t17-r2-smoke\ui\Release\sdurws_ird_ui.lib
  Building Custom Rule D:/10_Source_Repos/21_robot/acc-t17-r2-repro/RobWork/RobWorkStudio/src/rwslibs/industrialrobot/ui/CMakeLists.txt
  Building Custom Rule D:/10_Source_Repos/21_robot/acc-t17-r2-repro/RobWork/RobWorkStudio/src/rwslibs/industrialrobot/ui/CMakeLists.txt
  Building Custom Rule D:/10_Source_Repos/21_robot/acc-t17-r2-repro/RobWork/RobWorkStudio/src/rwslibs/industrialrobot/ui/CMakeLists.txt
  Building Custom Rule D:/10_Source_Repos/21_robot/acc-t17-r2-repro/RobWork/RobWorkStudio/src/rwslibs/industrialrobot/ui/CMakeLists.txt
  TestMainReport.cpp
  TestMainReport.cpp
  TestMainReport.cpp
  HarnessMain.cpp
  ContractSuiteFacilitiesTest.cpp
  正在生成代码...
  ArchiveCrossUnitContractTest.cpp
  ConsistencyTest.cpp
  正在生成代码...
  BuildRedLineTest.cpp
  LinkageContractTest.cpp
  BuildPlacementTest.cpp
  BundleCrossUnitContractTest.cpp
  sdurws_ird_project_test.vcxproj -> D:\10_Source_Repos\21_robot\acc-t17-r2-smoke\project\Release\sdurws_ird_project_test.exe
  PortAdapters.cpp
  ArchiveExportTest.cpp
  SessionContractTest.cpp
  ShellModelTest.cpp
  WorkbenchShellGuiTest.cpp
  sdurws_ird_modeling.vcxproj -> D:\10_Source_Repos\21_robot\acc-t17-r2-smoke\modeling\Release\sdurws_ird_modeling.lib
  Building Custom Rule D:/10_Source_Repos/21_robot/acc-t17-r2-repro/RobWork/RobWorkStudio/src/rwslibs/industrialrobot/modeling/CMakeLists.txt
  Building Custom Rule D:/10_Source_Repos/21_robot/acc-t17-r2-repro/RobWork/RobWorkStudio/src/rwslibs/industrialrobot/modeling/CMakeLists.txt
  TestMainReport.cpp
  ContractTestMain.cpp
  ModelSummaryTaskStatusCrossUnitContractTest.cpp
  DiagnosticsAssembly.cpp
  正在生成代码...
  StatusWordModelTest.cpp
  正在生成代码...
  BundleTest.cpp
  DraftContractTest.cpp
  ObjectTypesTest.cpp
  BuildGraphContractTest.cpp
  View3DContractTest.cpp
  WorkbenchContentGuiTest.cpp
  sdurws_ird_execution_contract_test.vcxproj -> D:\10_Source_Repos\21_robot\acc-t17-r2-smoke\execution\Release\sdurws_ird_execution_contract_test.exe
  D:\10_Source_Repos\21_robot\RobWork\vcpkg\installed\x64-windows\bin\gtest.dll -> D:\10_Source_Repos\21_robot\acc-t17-r2-smoke\execution\Release\gtest.dll done
  sdurws_ird_ui_app.vcxproj -> D:\10_Source_Repos\21_robot\acc-t17-r2-smoke\ui\Release\sdurws_ird_ui_app.exe
  正在生成代码...
  ModelSummaryTest.cpp
  ErrorsTest.cpp
  CommandRegistryModelTest.cpp
  InteractionTaskContractTest.cpp
  sdurws_ird_execution_test.vcxproj -> D:\10_Source_Repos\21_robot\acc-t17-r2-smoke\execution\Release\sdurws_ird_execution_test.exe
  TaskStatusSourceTest.cpp
  sdurws_ird_modeling_contract_test.vcxproj -> D:\10_Source_Repos\21_robot\acc-t17-r2-smoke\modeling\Release\sdurws_ird_modeling_contract_test.exe
  D:\10_Source_Repos\21_robot\RobWork\vcpkg\installed\x64-windows\bin\gtest.dll -> D:\10_Source_Repos\21_robot\acc-t17-r2-smoke\modeling\Release\gtest.dll done
  ReportingContractSuiteTest.cpp
  DiagCodesTest.cpp
  CommandPaletteGuiTest.cpp
  ShortcutRegistryModelTest.cpp
  PeerBridgeContractTest.cpp
  sdurws_ird_reporting_contract_test.vcxproj -> D:\10_Source_Repos\21_robot\acc-t17-r2-smoke\reporting\Release\sdurws_ird_reporting_contract_test.exe
  D:\10_Source_Repos\21_robot\RobWork\vcpkg\installed\x64-windows\bin\gtest.dll -> D:\10_Source_Repos\21_robot\acc-t17-r2-smoke\reporting\Release\gtest.dll done
  BuildRedLineTest.cpp
  正在生成代码...
D:\10_Source_Repos\21_robot\acc-t17-r2-repro\RobWork\RobWorkStudio\src\rwslibs\industrialrobot\ui\gui_test\CommandPaletteGuiTest.cpp(174,36): warning C4834: 放弃具有 [[nodiscard]] 属性的函数的返回值 [D:\10_Source_Repos\21_robot\acc-t17-r2-smoke\ui\sdurws_ird_ui_gui_test.vcxproj]
  PolicySummaryCardTest.cpp
  Section12RegistryTest.cpp
  RobotDesignTest.cpp
  PolicySummaryCardGuiTest.cpp
  正在生成代码...
  FormEditModelTest.cpp
  StageNavigationModelTest.cpp
  PartsTest.cpp
  ParamTablePanelGuiTest.cpp
  sdurws_ird_ui_contract_test.vcxproj -> D:\10_Source_Repos\21_robot\acc-t17-r2-smoke\ui\Release\sdurws_ird_ui_contract_test.exe
  D:\10_Source_Repos\21_robot\RobWork\vcpkg\installed\x64-windows\bin\gtest.dll -> D:\10_Source_Repos\21_robot\acc-t17-r2-smoke\ui\Release\gtest.dll done
  AboutDialogModelTest.cpp
  CodecTest.cpp
  AboutDialogGuiTest.cpp
  SessionControllerModelTest.cpp
  PropertyEstimationTest.cpp
  DraftControllerModelTest.cpp
  ImportTest.cpp
  正在生成代码...
  DiagPresentationModelTest.cpp
  sdurws_ird_reporting_test.vcxproj -> D:\10_Source_Repos\21_robot\acc-t17-r2-smoke\reporting\Release\sdurws_ird_reporting_test.exe
  XacroExpandTest.cpp
  sdurws_ird_ui_gui_test.vcxproj -> D:\10_Source_Repos\21_robot\acc-t17-r2-smoke\ui\Release\sdurws_ird_ui_gui_test.exe
  TemplateTest.cpp
  TaskPresentationModelTest.cpp
  CommandInteractionBridgeTest.cpp
  正在生成代码...
  正在生成代码...
  sdurws_ird_modeling_test.vcxproj -> D:\10_Source_Repos\21_robot\acc-t17-r2-smoke\modeling\Release\sdurws_ird_modeling_test.exe
  sdurws_ird_ui_test.vcxproj -> D:\10_Source_Repos\21_robot\acc-t17-r2-smoke\ui\Release\sdurws_ird_ui_test.exe
  Building Custom Rule D:/10_Source_Repos/21_robot/acc-t17-r2-repro/RobWork/RobWorkStudio/src/rwslibs/industrialrobot/CMakeLists.txt
smoke-exit=0
