适用于 .NET Framework MSBuild 版本 17.12.6+db5f6012c

  1>Checking Build System
  Building Custom Rule D:/10_Source_Repos/21_robot/RobWork/RobWork/RobWorkStudio/src/rwslibs/industrialrobot/core/CMakeLists.txt
  Core.cpp
  Identity.cpp
  Digest.cpp
  Provenance.cpp
  Units.cpp
  Compare.cpp
  Evaluation.cpp
  DiagData.cpp
  Events.cpp
  正在生成代码...
  sdurws_ird_core.vcxproj -> D:\10_Source_Repos\21_robot\RobWork\build-smoke-wp04-t07\core\Release\sdurws_ird_core.lib
  Building Custom Rule D:/10_Source_Repos/21_robot/RobWork/RobWork/RobWorkStudio/src/rwslibs/industrialrobot/core/CMakeLists.txt
  BuildRedLineTest.cpp
  IdentityTest.cpp
  DigestTest.cpp
  ConventionValueSemanticsTest.cpp
  ProvenanceTest.cpp
  UnitsTest.cpp
  CompareTest.cpp
  EvaluationTest.cpp
  DiagDataTest.cpp
  EventsTest.cpp
  正在生成代码...
  sdurws_ird_core_test.vcxproj -> D:\10_Source_Repos\21_robot\RobWork\build-smoke-wp04-t07\core\Release\sdurws_ird_core_test.exe
  D:\10_Source_Repos\21_robot\RobWork\vcpkg\installed\x64-windows\bin\gtest_main.dll -> D:\10_Source_Repos\21_robot\RobWork\build-smoke-wp04-t07\core\Release\gtest_main.dll done
  D:\10_Source_Repos\21_robot\RobWork\vcpkg\installed\x64-windows\bin\gtest.dll -> D:\10_Source_Repos\21_robot\RobWork\build-smoke-wp04-t07\core\Release\gtest.dll done
  Building Custom Rule D:/10_Source_Repos/21_robot/RobWork/RobWork/RobWorkStudio/src/rwslibs/industrialrobot/diagnostics/CMakeLists.txt
  Diagnostics.cpp
  Errors.cpp
  DiagCodes.cpp
  ParamSchema.cpp
  Catalog.cpp
  Factory.cpp
  Confirmable.cpp
  Aggregation.cpp
  Logging.cpp
  Redaction.cpp
  CrashReport.cpp
  正在生成代码...
  sdurws_ird_diagnostics.vcxproj -> D:\10_Source_Repos\21_robot\RobWork\build-smoke-wp04-t07\diagnostics\Release\sdurws_ird_diagnostics.lib
  Building Custom Rule D:/10_Source_Repos/21_robot/RobWork/RobWork/RobWorkStudio/src/rwslibs/industrialrobot/testkit/CMakeLists.txt
  TestPaths.cpp
  JsonLite.cpp
  Fault.cpp
  Dataset.cpp
  ToleranceProfile.cpp
  Check.cpp
  ContractCheck.cpp
  Fixture.cpp
  Report.cpp
  ProcessRunner.cpp
  正在生成代码...
  sdurws_ird_testkit.vcxproj -> D:\10_Source_Repos\21_robot\RobWork\build-smoke-wp04-t07\testkit\Release\sdurws_ird_testkit.lib
  Building Custom Rule D:/10_Source_Repos/21_robot/RobWork/RobWork/RobWorkStudio/src/rwslibs/industrialrobot/diagnostics/CMakeLists.txt
  LinkageContractTest.cpp
  ConfirmableProjectStubTest.cpp
  CatalogHostTraceStubTest.cpp
  ScriptedDiagSourceTest.cpp
  DiagContractCheckTest.cpp
  正在生成代码...
  sdurws_ird_diagnostics_contract_test.vcxproj -> D:\10_Source_Repos\21_robot\RobWork\build-smoke-wp04-t07\diagnostics\Release\sdurws_ird_diagnostics_contract_test.exe
  D:\10_Source_Repos\21_robot\RobWork\vcpkg\installed\x64-windows\bin\gtest_main.dll -> D:\10_Source_Repos\21_robot\RobWork\build-smoke-wp04-t07\diagnostics\Release\gtest_main.dll done
  D:\10_Source_Repos\21_robot\RobWork\vcpkg\installed\x64-windows\bin\gtest.dll -> D:\10_Source_Repos\21_robot\RobWork\build-smoke-wp04-t07\diagnostics\Release\gtest.dll done
  Building Custom Rule D:/10_Source_Repos/21_robot/RobWork/RobWork/RobWorkStudio/src/rwslibs/industrialrobot/diagnostics/CMakeLists.txt
  BuildRedLineTest.cpp
  StableCodeRegistryTest.cpp
  CatalogFactoryTest.cpp
  CatalogLifecycleTest.cpp
  ConfirmableTest.cpp
  AggregationTest.cpp
  LoggingTest.cpp
  RedactionTest.cpp
  CollaborationQueryTest.cpp
  正在生成代码...
  sdurws_ird_diagnostics_test.vcxproj -> D:\10_Source_Repos\21_robot\RobWork\build-smoke-wp04-t07\diagnostics\Release\sdurws_ird_diagnostics_test.exe
  Building Custom Rule D:/10_Source_Repos/21_robot/RobWork/RobWork/RobWorkStudio/src/rwslibs/industrialrobot/evidence/CMakeLists.txt
  Evidence.cpp
  Errors.cpp
  Snapshot.cpp
  Slice.cpp
  Verdict.cpp
  Envelope.cpp
  Currentness.cpp
  Compatibility.cpp
  Evaluator.cpp
  正在生成代码...
  sdurws_ird_evidence.vcxproj -> D:\10_Source_Repos\21_robot\RobWork\build-smoke-wp04-t07\evidence\Release\sdurws_ird_evidence.lib
  Building Custom Rule D:/10_Source_Repos/21_robot/RobWork/RobWork/RobWorkStudio/src/rwslibs/industrialrobot/evidence/CMakeLists.txt
  EnvelopeContractTest.cpp
  EnvelopeAccessorContractTest.cpp
  SliceFixtureContractTest.cpp
  正在生成代码...
  sdurws_ird_evidence_contract_test.vcxproj -> D:\10_Source_Repos\21_robot\RobWork\build-smoke-wp04-t07\evidence\Release\sdurws_ird_evidence_contract_test.exe
  D:\10_Source_Repos\21_robot\RobWork\vcpkg\installed\x64-windows\bin\gtest_main.dll -> D:\10_Source_Repos\21_robot\RobWork\build-smoke-wp04-t07\evidence\Release\gtest_main.dll done
  D:\10_Source_Repos\21_robot\RobWork\vcpkg\installed\x64-windows\bin\gtest.dll -> D:\10_Source_Repos\21_robot\RobWork\build-smoke-wp04-t07\evidence\Release\gtest.dll done
  Building Custom Rule D:/10_Source_Repos/21_robot/RobWork/RobWork/RobWorkStudio/src/rwslibs/industrialrobot/evidence/CMakeLists.txt
  BuildRedLineTest.cpp
  ErrorsTest.cpp
  DependencyTest.cpp
  SnapshotTest.cpp
  SliceTest.cpp
  EvidenceTest.cpp
  VerdictTest.cpp
  EnvelopeTest.cpp
  CurrentnessTest.cpp
  CompatibilityTest.cpp
  EvaluatorTest.cpp
  EvaluatorPortSuiteTest.cpp
  正在生成代码...
  sdurws_ird_evidence_test.vcxproj -> D:\10_Source_Repos\21_robot\RobWork\build-smoke-wp04-t07\evidence\Release\sdurws_ird_evidence_test.exe
  Building Custom Rule D:/10_Source_Repos/21_robot/RobWork/RobWork/RobWorkStudio/src/rwslibs/industrialrobot/policy/CMakeLists.txt
  Policy.cpp
  Errors.cpp
  Diagnostics.cpp
  PolicyInput.cpp
  PolicyParsing.cpp
  PolicyPort.cpp
  正在生成代码...
  sdurws_ird_policy.vcxproj -> D:\10_Source_Repos\21_robot\RobWork\build-smoke-wp04-t07\policy\Release\sdurws_ird_policy.lib
  Building Custom Rule D:/10_Source_Repos/21_robot/RobWork/RobWork/RobWorkStudio/src/rwslibs/industrialrobot/policy/CMakeLists.txt
  PolicyCodecFixtureContractTest.cpp
  PolicyTestDoubleBoundaryTest.cpp
  正在生成代码...
  sdurws_ird_policy_contract_test.vcxproj -> D:\10_Source_Repos\21_robot\RobWork\build-smoke-wp04-t07\policy\Release\sdurws_ird_policy_contract_test.exe
  D:\10_Source_Repos\21_robot\RobWork\vcpkg\installed\x64-windows\bin\gtest_main.dll -> D:\10_Source_Repos\21_robot\RobWork\build-smoke-wp04-t07\policy\Release\gtest_main.dll done
  D:\10_Source_Repos\21_robot\RobWork\vcpkg\installed\x64-windows\bin\gtest.dll -> D:\10_Source_Repos\21_robot\RobWork\build-smoke-wp04-t07\policy\Release\gtest.dll done
  Building Custom Rule D:/10_Source_Repos/21_robot/RobWork/RobWork/RobWorkStudio/src/rwslibs/industrialrobot/policy/CMakeLists.txt
  BuildRedLineTest.cpp
  PolicySetTest.cpp
  PolicyInputTest.cpp
  PolicyParsingTest.cpp
  PolicyPortTest.cpp
  DiagnosticsTest.cpp
  正在生成代码...
  sdurws_ird_policy_test.vcxproj -> D:\10_Source_Repos\21_robot\RobWork\build-smoke-wp04-t07\policy\Release\sdurws_ird_policy_test.exe
  Building Custom Rule D:/10_Source_Repos/21_robot/RobWork/RobWork/RobWorkStudio/src/rwslibs/industrialrobot/project/CMakeLists.txt
  Project.cpp
  Codec.cpp
  ObjectStore.cpp
  RevisionIndex.cpp
  TxEngine.cpp
  AtomicFile.cpp
  StoreLock.cpp
  PathCanonical.cpp
  正在生成代码...
  sdurws_ird_project.vcxproj -> D:\10_Source_Repos\21_robot\RobWork\build-smoke-wp04-t07\project\Release\sdurws_ird_project.lib
  Building Custom Rule D:/10_Source_Repos/21_robot/RobWork/RobWork/RobWorkStudio/src/rwslibs/industrialrobot/project/CMakeLists.txt
  LinkageContractTest.cpp
  LockContractTest.cpp
  正在生成代码...
  sdurws_ird_project_contract_test.vcxproj -> D:\10_Source_Repos\21_robot\RobWork\build-smoke-wp04-t07\project\Release\sdurws_ird_project_contract_test.exe
  D:\10_Source_Repos\21_robot\RobWork\vcpkg\installed\x64-windows\bin\gtest.dll -> D:\10_Source_Repos\21_robot\RobWork\build-smoke-wp04-t07\project\Release\gtest.dll done
  Building Custom Rule D:/10_Source_Repos/21_robot/RobWork/RobWork/RobWorkStudio/src/rwslibs/industrialrobot/project/CMakeLists.txt
  BuildRedLineTest.cpp
  AtomicFileTest.cpp
  StoreLockTest.cpp
  PathCanonicalTest.cpp
D:\software\Microsoft Visual Studio\2022\Community\VC\Tools\MSVC\14.42.34433\include\xutility(4709,18): warning C4244: “=”: 从“const wchar_t”转换到“char”，可能丢失数据 [D:\10_Source_Repos\21_robot\RobWork\build-smoke-wp04-t07\project\sdurws_ird_project_test.vcxproj]
  (编译源文件“../../RobWork/RobWorkStudio/src/rwslibs/industrialrobot/project/test/PathCanonicalTest.cpp”)
      D:\software\Microsoft Visual Studio\2022\Community\VC\Tools\MSVC\14.42.34433\include\xutility(4709,18):
      模板实例化上下文(最早的实例化上下文)为
          D:\10_Source_Repos\21_robot\RobWork\RobWork\RobWorkStudio\src\rwslibs\industrialrobot\project\test\PathCanonicalTest.cpp(150,27):
          查看对正在编译的函数 模板 实例化“std::basic_string<char,std::char_traits<char>,std::allocator<char>>::basic_string<std::_String_const_iterator<std::_String_val<std::_Simple_types<_Elem>>>,0>(_Iter,_Iter,const _Alloc &)”的引用
          with
          [
              _Elem=wchar_t,
              _Iter=std::_String_const_iterator<std::_String_val<std::_Simple_types<wchar_t>>>,
              _Alloc=std::allocator<char>
          ]
              D:\10_Source_Repos\21_robot\RobWork\RobWork\RobWorkStudio\src\rwslibs\industrialrobot\project\test\PathCanonicalTest.cpp(148,9):
              请参阅 "PathCanonicalTest_SameProject_DifferentSpellings_CanonicalizeEqual_Test::TestBody" 中对 "std::basic_string<char,std::char_traits<char>,std::allocator<char>>::basic_string" 的第一个引用
          D:\software\Microsoft Visual Studio\2022\Community\VC\Tools\MSVC\14.42.34433\include\xstring(793,17):
          查看对正在编译的函数 模板 实例化“void std::basic_string<char,std::char_traits<char>,std::allocator<char>>::_Construct_from_iter<const wchar_t*,const wchar_t*,_Size_type>(_Iter,const _Sent,_Size)”的引用
          with
          [
              _Size_type=unsigned __int64,
              _Iter=const wchar_t *,
              _Sent=const wchar_t *,
              _Size=unsigned __int64
          ]
          D:\software\Microsoft Visual Studio\2022\Community\VC\Tools\MSVC\14.42.34433\include\xstring(949,18):
          查看对正在编译的函数 模板 实例化“_OutIt *std::_Copy_n_unchecked4<const wchar_t*,_Size,char*>(_InIt,_SizeTy,_OutIt)”的引用
          with
          [
              _OutIt=char *,
              _Size=unsigned __int64,
              _InIt=const wchar_t *,
              _SizeTy=unsigned __int64
          ]
  
  PersistenceFormatTest.cpp
  ObjectStoreTest.cpp
  RevisionIndexTest.cpp
  TxEngineTest.cpp
  正在生成代码...
  sdurws_ird_project_test.vcxproj -> D:\10_Source_Repos\21_robot\RobWork\build-smoke-wp04-t07\project\Release\sdurws_ird_project_test.exe
  D:\10_Source_Repos\21_robot\RobWork\vcpkg\installed\x64-windows\bin\gtest_main.dll -> D:\10_Source_Repos\21_robot\RobWork\build-smoke-wp04-t07\project\Release\gtest_main.dll done
  Building Custom Rule D:/10_Source_Repos/21_robot/RobWork/RobWork/RobWorkStudio/src/rwslibs/industrialrobot/runtime/CMakeLists.txt
  Runtime.cpp
  Errors.cpp
  DescriptionValidator.cpp
  CanonicalModel.cpp
  Codec.cpp
  NameMap.cpp
  BaseWorldTransform.cpp
  正在生成代码...
  sdurws_ird_runtime.vcxproj -> D:\10_Source_Repos\21_robot\RobWork\build-smoke-wp04-t07\runtime\Release\sdurws_ird_runtime.lib
  Building Custom Rule D:/10_Source_Repos/21_robot/RobWork/RobWork/RobWorkStudio/src/rwslibs/industrialrobot/runtime/CMakeLists.txt
  BuildRedLineTest.cpp
  ErrorsTest.cpp
  SourcesTest.cpp
  ExpectedTest.cpp
  DescriptionTest.cpp
  DescriptionValidatorTest.cpp
  CanonicalModelTest.cpp
  CodecTest.cpp
  NameMapTest.cpp
  BaseWorldTransformTest.cpp
  GoldenDataLintTest.cpp
  正在生成代码...
  sdurws_ird_runtime_test.vcxproj -> D:\10_Source_Repos\21_robot\RobWork\build-smoke-wp04-t07\runtime\Release\sdurws_ird_runtime_test.exe
  D:\10_Source_Repos\21_robot\RobWork\vcpkg\installed\x64-windows\bin\gtest_main.dll -> D:\10_Source_Repos\21_robot\RobWork\build-smoke-wp04-t07\runtime\Release\gtest_main.dll done
  D:\10_Source_Repos\21_robot\RobWork\vcpkg\installed\x64-windows\bin\gtest.dll -> D:\10_Source_Repos\21_robot\RobWork\build-smoke-wp04-t07\runtime\Release\gtest.dll done
  Building Custom Rule D:/10_Source_Repos/21_robot/RobWork/RobWork/RobWorkStudio/src/rwslibs/industrialrobot/testkit/CMakeLists.txt
  main.cpp
  sdurws_ird_testdata_lint.vcxproj -> D:\10_Source_Repos\21_robot\RobWork\build-smoke-wp04-t07\testkit\Release\sdurws_ird_testdata_lint.exe
  Building Custom Rule D:/10_Source_Repos/21_robot/RobWork/RobWork/RobWorkStudio/src/rwslibs/industrialrobot/testkit/CMakeLists.txt
  main.cpp
  sdurws_ird_testkit_prochelper.vcxproj -> D:\10_Source_Repos\21_robot\RobWork\build-smoke-wp04-t07\testkit\Release\sdurws_ird_testkit_prochelper.exe
  Building Custom Rule D:/10_Source_Repos/21_robot/RobWork/RobWork/RobWorkStudio/src/rwslibs/industrialrobot/testkit/CMakeLists.txt
  TestPathsTest.cpp
  JsonLiteTest.cpp
  FaultTest.cpp
  DatasetTest.cpp
  ToleranceProfileTest.cpp
  CheckTest.cpp
  ContractCheckTest.cpp
  SetCheckTest.cpp
  FixtureTest.cpp
  ReportTest.cpp
  ProcessRunnerTest.cpp
  CoreIntegrationExampleTest.cpp
  TestMain.cpp
  BuildRedLineTest.cpp
  正在生成代码...
  sdurws_ird_testkit_test.vcxproj -> D:\10_Source_Repos\21_robot\RobWork\build-smoke-wp04-t07\testkit\Release\sdurws_ird_testkit_test.exe
  D:\10_Source_Repos\21_robot\RobWork\vcpkg\installed\x64-windows\bin\gtest.dll -> D:\10_Source_Repos\21_robot\RobWork\build-smoke-wp04-t07\testkit\Release\gtest.dll done
  Building Custom Rule D:/10_Source_Repos/21_robot/RobWork/RobWork/RobWorkStudio/src/rwslibs/industrialrobot/CMakeLists.txt
