适用于 .NET Framework MSBuild 版本 17.12.6+db5f6012c

  Auto build dll exports
  sdurw_core.vcxproj -> D:\10_Source_Repos\21_robot\RobWork\build\RobWork\bin\Release\sdurw_core.dll
  Auto build dll exports
  sdurw_common.vcxproj -> D:\10_Source_Repos\21_robot\RobWork\build\RobWork\bin\Release\sdurw_common.dll
  Auto build dll exports
  sdurw_math.vcxproj -> D:\10_Source_Repos\21_robot\RobWork\build\RobWork\bin\Release\sdurw_math.dll
  Automatic MOC for target sdurws_ird_core
  sdurws_ird_core.vcxproj -> D:\10_Source_Repos\21_robot\RobWork\build\RobWorkStudio\libs\Release\sdurws_ird_core.lib
  Automatic MOC for target sdurws_ird_project
  sdurws_ird_project.vcxproj -> D:\10_Source_Repos\21_robot\RobWork\build\RobWorkStudio\libs\Release\sdurws_ird_project.lib
  Automatic MOC for target sdurws_ird_project_test
  sdurws_ird_project_test.vcxproj -> D:\10_Source_Repos\21_robot\RobWork\build\RobWorkStudio\bin\Release\sdurws_ird_project_test.exe
  ird: run sdurws_ird_project_test and write gtest XML report
  Running main() from D:\10_Source_Repos\21_robot\RobWork\vcpkg\buildtrees\gtest\src\v1.18.0-e6987f02b9.clean\googletest\src\gtest_main.cc
  [==========] Running 151 tests from 19 test suites.
  [----------] Global test environment set-up.
  [----------] 5 tests from ProjectBuild
  [ RUN      ] ProjectBuild.SourceTreeReachable_DT_BUILD
  [       OK ] ProjectBuild.SourceTreeReachable_DT_BUILD (1 ms)
  [ RUN      ] ProjectBuild.NoQtInclude_DT_BUILD_NFR_MNT_01
  [       OK ] ProjectBuild.NoQtInclude_DT_BUILD_NFR_MNT_01 (6 ms)
  [ RUN      ] ProjectBuild.NoEigenOrRwMathDirectInclude_DT_BUILD
  [       OK ] ProjectBuild.NoEigenOrRwMathDirectInclude_DT_BUILD (6 ms)
  [ RUN      ] ProjectBuild.NoCrossUnitInclude_DT_BUILD_R1_R2
  [       OK ] ProjectBuild.NoCrossUnitInclude_DT_BUILD_R1_R2 (7 ms)
  [ RUN      ] ProjectBuild.PublicHeaderPathLayout_DT_BUILD_R2
  [       OK ] ProjectBuild.PublicHeaderPathLayout_DT_BUILD_R2 (0 ms)
  [----------] 5 tests from ProjectBuild (22 ms total)
  
  [----------] 13 tests from AtomicFileTest
  [ RUN      ] AtomicFileTest.WriteThrough_WritesExactBytes_NFR_REL_01
  [       OK ] AtomicFileTest.WriteThrough_WritesExactBytes_NFR_REL_01 (3 ms)
  [ RUN      ] AtomicFileTest.WriteThrough_TruncatesExistingContent
  [       OK ] AtomicFileTest.WriteThrough_TruncatesExistingContent (7 ms)
  [ RUN      ] AtomicFileTest.WriteThrough_EmptyBytes_CreatesEmptyFile
  [       OK ] AtomicFileTest.WriteThrough_EmptyBytes_CreatesEmptyFile (1 ms)
  [ RUN      ] AtomicFileTest.WriteThrough_OpenFailure_CreatesNothing
  [       OK ] AtomicFileTest.WriteThrough_OpenFailure_CreatesNothing (0 ms)
  [ RUN      ] AtomicFileTest.WriteChunk_FailureMidway_ResidueConfined_NFR_REL_01
  [       OK ] AtomicFileTest.WriteChunk_FailureMidway_ResidueConfined_NFR_REL_01 (1 ms)
  [ RUN      ] AtomicFileTest.Flush_FailureFailsDurabilityGate_NeverPublishes
  [       OK ] AtomicFileTest.Flush_FailureFailsDurabilityGate_NeverPublishes (1 ms)
  [ RUN      ] AtomicFileTest.PublishNew_MovesTempToAbsentTarget
  [       OK ] AtomicFileTest.PublishNew_MovesTempToAbsentTarget (2 ms)
  [ RUN      ] AtomicFileTest.PublishNew_TargetExists_FailsAndKeepsBothSides
  [       OK ] AtomicFileTest.PublishNew_TargetExists_FailsAndKeepsBothSides (2 ms)
  [ RUN      ] AtomicFileTest.ReplaceFile_SwapsTargetToNewContent
  [       OK ] AtomicFileTest.ReplaceFile_SwapsTargetToNewContent (3 ms)
  [ RUN      ] AtomicFileTest.ReplaceFile_BeforeCommitPoint_OldBytesStable
  [       OK ] AtomicFileTest.ReplaceFile_BeforeCommitPoint_OldBytesStable (3 ms)
  [ RUN      ] AtomicFileTest.ReplaceFile_FailureKeepsOldTargetIntact_NFR_REL_01
  [       OK ] AtomicFileTest.ReplaceFile_FailureKeepsOldTargetIntact_NFR_REL_01 (3 ms)
  [ RUN      ] AtomicFileTest.PublishNew_FailureCreatesNoTarget_NFR_REL_01
  [       OK ] AtomicFileTest.PublishNew_FailureCreatesNoTarget_NFR_REL_01 (2 ms)
  [ RUN      ] AtomicFileTest.DefaultCtor_RealChain_StagingThenPublish
  [       OK ] AtomicFileTest.DefaultCtor_RealChain_StagingThenPublish (3 ms)
  [----------] 13 tests from AtomicFileTest (36 ms total)
  
  [----------] 13 tests from StoreLockTest
  [ RUN      ] StoreLockTest.Acquire_WritesPidRecord_FixedWidth
  [       OK ] StoreLockTest.Acquire_WritesPidRecord_FixedWidth (13 ms)
  [ RUN      ] StoreLockTest.Constructor_ContractViolations_FailFast
  [       OK ] StoreLockTest.Constructor_ContractViolations_FailFast (1 ms)
  [ RUN      ] StoreLockTest.Heartbeat_RewritesInPlace_FileIdentityStable_D03
  [       OK ] StoreLockTest.Heartbeat_RewritesInPlace_FileIdentityStable_D03 (99 ms)
  [ RUN      ] StoreLockTest.StaleHeartbeat_IsNeverWriteAuthorityCriterion_SA17_D03
  [       OK ] StoreLockTest.StaleHeartbeat_IsNeverWriteAuthorityCriterion_SA17_D03 (3 ms)
  [ RUN      ] StoreLockTest.SecondInstance_WriteEntries_UniformlyRejected_TX13
  [       OK ] StoreLockTest.SecondInstance_WriteEntries_UniformlyRejected_TX13 (7 ms)
  [ RUN      ] StoreLockTest.Diagnostics_ProducedThroughCoreRecordFactory_PPR6
  [       OK ] StoreLockTest.Diagnostics_ProducedThroughCoreRecordFactory_PPR6 (9 ms)
  [ RUN      ] StoreLockTest.Release_RejectsWrites_AuthorityLost_ThenReacquirable
  [       OK ] StoreLockTest.Release_RejectsWrites_AuthorityLost_ThenReacquirable (13 ms)
  [ RUN      ] StoreLockTest.ProbeFailure_LatchesLostWrite_SecondLine
  [       OK ] StoreLockTest.ProbeFailure_LatchesLostWrite_SecondLine (2 ms)
  [ RUN      ] StoreLockTest.IoErrorClassification_ThreeCodesLatch_OthersNot
  [       OK ] StoreLockTest.IoErrorClassification_ThreeCodesLatch_OthersNot (30 ms)
  [ RUN      ] StoreLockTest.HeartbeatWriteFailure_ClassifiedAsAuthorityLoss
  [       OK ] StoreLockTest.HeartbeatWriteFailure_ClassifiedAsAuthorityLoss (2 ms)
  [ RUN      ] StoreLockTest.Takeover_ReadsResidual_RecoveryDevDiagnostic_PM08
  [       OK ] StoreLockTest.Takeover_ReadsResidual_RecoveryDevDiagnostic_PM08 (11 ms)
  [ RUN      ] StoreLockTest.ReadHolderRecord_TornContent_Tolerated
  [       OK ] StoreLockTest.ReadHolderRecord_TornContent_Tolerated (14 ms)
  [ RUN      ] StoreLockTest.StalledHolder_NotTakenOver_OverTime_D03
  [       OK ] StoreLockTest.StalledHolder_NotTakenOver_OverTime_D03 (142 ms)
  [----------] 13 tests from StoreLockTest (351 ms total)
  
  [----------] 7 tests from PathCanonicalTest
  [ RUN      ] PathCanonicalTest.Canonicalize_ExistingDir_FinalPathForm
  [       OK ] PathCanonicalTest.Canonicalize_ExistingDir_FinalPathForm (1 ms)
  [ RUN      ] PathCanonicalTest.SameProject_DifferentSpellings_CanonicalizeEqual
  [       OK ] PathCanonicalTest.SameProject_DifferentSpellings_CanonicalizeEqual (1 ms)
  [ RUN      ] PathCanonicalTest.RelativeSpelling_CanonicalizesToSameStore
  [       OK ] PathCanonicalTest.RelativeSpelling_CanonicalizesToSameStore (1 ms)
  [ RUN      ] PathCanonicalTest.ShortPathSpelling_ResolvedWhenAvailable
  [       OK ] PathCanonicalTest.ShortPathSpelling_ResolvedWhenAvailable (1 ms)
  [ RUN      ] PathCanonicalTest.DifferentDirectories_Differ
  [       OK ] PathCanonicalTest.DifferentDirectories_Differ (1 ms)
  [ RUN      ] PathCanonicalTest.NonexistentAndEmpty_FailWithOsError
  [       OK ] PathCanonicalTest.NonexistentAndEmpty_FailWithOsError (1 ms)
  [ RUN      ] PathCanonicalTest.SameProjectMultiPathOpen_SecondWritableRefused
  [       OK ] PathCanonicalTest.SameProjectMultiPathOpen_SecondWritableRefused (11 ms)
  [----------] 7 tests from PathCanonicalTest (21 ms total)
  
  [----------] 9 tests from PersistenceFormatRoundTrip
  [ RUN      ] PersistenceFormatRoundTrip.StaticIdentity_ValuePreserved_CON01
  [       OK ] PersistenceFormatRoundTrip.StaticIdentity_ValuePreserved_CON01 (0 ms)
  [ RUN      ] PersistenceFormatRoundTrip.HeadRecord_ValueAndDeterministicBytes_CON01_NFRCOR02
  [       OK ] PersistenceFormatRoundTrip.HeadRecord_ValueAndDeterministicBytes_CON01_NFRCOR02 (0 ms)
  [ RUN      ] PersistenceFormatRoundTrip.RevisionManifest_OptionalPresenceAndAbsence_CON01
  [       OK ] PersistenceFormatRoundTrip.RevisionManifest_OptionalPresenceAndAbsence_CON01 (0 ms)
  [ RUN      ] PersistenceFormatRoundTrip.MetadataRecord_ChineseEscapedRoundTrip_CON01_NFRCOR02
  [       OK ] PersistenceFormatRoundTrip.MetadataRecord_ChineseEscapedRoundTrip_CON01_NFRCOR02 (0 ms)
  [ RUN      ] PersistenceFormatRoundTrip.CommandRecord_FullAndMinimal_CON01
  [       OK ] PersistenceFormatRoundTrip.CommandRecord_FullAndMinimal_CON01 (0 ms)
  [ RUN      ] PersistenceFormatRoundTrip.DraftDocument_WithAndWithoutExternalRefs_CON01
  [       OK ] PersistenceFormatRoundTrip.DraftDocument_WithAndWithoutExternalRefs_CON01 (0 ms)
  [ RUN      ] PersistenceFormatRoundTrip.HeadRecord_GoldenBytes_FieldOrderFixed_CON01_NFRCOR02
  [       OK ] PersistenceFormatRoundTrip.HeadRecord_GoldenBytes_FieldOrderFixed_CON01_NFRCOR02 (0 ms)
  [ RUN      ] PersistenceFormatRoundTrip.AllTypes_DumpOutputPureAscii_CON01
  [       OK ] PersistenceFormatRoundTrip.AllTypes_DumpOutputPureAscii_CON01 (0 ms)
  [ RUN      ] PersistenceFormatRoundTrip.MetadataRecord_AstralPlaneChar_SurrogatePairRoundTrip_CON01
  [       OK ] PersistenceFormatRoundTrip.MetadataRecord_AstralPlaneChar_SurrogatePairRoundTrip_CON01 (0 ms)
  [----------] 9 tests from PersistenceFormatRoundTrip (0 ms total)
  
  [----------] 20 tests from PersistenceFormatReject
  [ RUN      ] PersistenceFormatReject.TruncatedInput_Rejected_AllTypes_PRJTX_CON01
  [       OK ] PersistenceFormatReject.TruncatedInput_Rejected_AllTypes_PRJTX_CON01 (0 ms)
  [ RUN      ] PersistenceFormatReject.TruncatedLastByte_Rejected_HeadRecord
  [       OK ] PersistenceFormatReject.TruncatedLastByte_Rejected_HeadRecord (0 ms)
  [ RUN      ] PersistenceFormatReject.GarbageAndEmptyInput_Rejected
  [       OK ] PersistenceFormatReject.GarbageAndEmptyInput_Rejected (0 ms)
  [ RUN      ] PersistenceFormatReject.NonAsciiRawBytes_Rejected
  [       OK ] PersistenceFormatReject.NonAsciiRawBytes_Rejected (0 ms)
  [ RUN      ] PersistenceFormatReject.TrailingContent_Rejected
  [       OK ] PersistenceFormatReject.TrailingContent_Rejected (0 ms)
  [ RUN      ] PersistenceFormatReject.WhitespaceInDocument_Rejected
  [       OK ] PersistenceFormatReject.WhitespaceInDocument_Rejected (0 ms)
  [ RUN      ] PersistenceFormatReject.HeadRecord_MissingEachField_Rejected
  [       OK ] PersistenceFormatReject.HeadRecord_MissingEachField_Rejected (0 ms)
  [ RUN      ] PersistenceFormatReject.UnknownField_Rejected_AtCurrentVersion
  [       OK ] PersistenceFormatReject.UnknownField_Rejected_AtCurrentVersion (0 ms)
  [ RUN      ] PersistenceFormatReject.TypeMismatch_Rejected
  [       OK ] PersistenceFormatReject.TypeMismatch_Rejected (0 ms)
  [ RUN      ] PersistenceFormatReject.FloatAndExponentLiterals_Rejected
  [       OK ] PersistenceFormatReject.FloatAndExponentLiterals_Rejected (0 ms)
  [ RUN      ] PersistenceFormatReject.BooleanAndNullLiterals_Rejected
  [       OK ] PersistenceFormatReject.BooleanAndNullLiterals_Rejected (0 ms)
  [ RUN      ] PersistenceFormatReject.IntegerOverflowAndNegative_Rejected
  [       OK ] PersistenceFormatReject.IntegerOverflowAndNegative_Rejected (0 ms)
  [ RUN      ] PersistenceFormatReject.LeadingZeroInteger_Rejected
  [       OK ] PersistenceFormatReject.LeadingZeroInteger_Rejected (0 ms)
  [ RUN      ] PersistenceFormatReject.DuplicateKey_Rejected
  [       OK ] PersistenceFormatReject.DuplicateKey_Rejected (0 ms)
  [ RUN      ] PersistenceFormatReject.BadCanonicalIdentity_Rejected_PPR1Baseline
  [       OK ] PersistenceFormatReject.BadCanonicalIdentity_Rejected_PPR1Baseline (0 ms)
  [ RUN      ] PersistenceFormatReject.CommandTypeSyntaxViolation_Rejected
  [       OK ] PersistenceFormatReject.CommandTypeSyntaxViolation_Rejected (0 ms)
  [ RUN      ] PersistenceFormatReject.UnknownOrigin_Rejected
  [       OK ] PersistenceFormatReject.UnknownOrigin_Rejected (0 ms)
  [ RUN      ] PersistenceFormatReject.EmptyObjectRefsAndBranches_Rejected
  [       OK ] PersistenceFormatReject.EmptyObjectRefsAndBranches_Rejected (0 ms)
  [ RUN      ] PersistenceFormatReject.EmptyTokenField_Rejected
  [       OK ] PersistenceFormatReject.EmptyTokenField_Rejected (0 ms)
  [ RUN      ] PersistenceFormatReject.UnknownFieldInNestedObject_Rejected
  [       OK ] PersistenceFormatReject.UnknownFieldInNestedObject_Rejected (0 ms)
  [----------] 20 tests from PersistenceFormatReject (0 ms total)
  
  [----------] 5 tests from PersistenceFormatVersioning
  [ RUN      ] PersistenceFormatVersioning.FutureMajorVersion_Rejected_WithUpgradeGuidance_NFRDEP04
  [       OK ] PersistenceFormatVersioning.FutureMajorVersion_Rejected_WithUpgradeGuidance_NFRDEP04 (0 ms)
  [ RUN      ] PersistenceFormatVersioning.LegacyMajorVersion_Rejected_FormatLegacy_NFRDEP04
  [       OK ] PersistenceFormatVersioning.LegacyMajorVersion_Rejected_FormatLegacy_NFRDEP04 (0 ms)
  [ RUN      ] PersistenceFormatVersioning.FormatIdMismatch_Rejected_FormatLegacy
  [       OK ] PersistenceFormatVersioning.FormatIdMismatch_Rejected_FormatLegacy (0 ms)
  [ RUN      ] PersistenceFormatVersioning.NextMinorVersion_UnknownOptionalFields_Tolerated_NFRDEP04
  [       OK ] PersistenceFormatVersioning.NextMinorVersion_UnknownOptionalFields_Tolerated_NFRDEP04 (0 ms)
  [ RUN      ] PersistenceFormatVersioning.NextMinorVersion_NestedBranchFields_Tolerated
  [       OK ] PersistenceFormatVersioning.NextMinorVersion_NestedBranchFields_Tolerated (0 ms)
  [----------] 5 tests from PersistenceFormatVersioning (0 ms total)
  
  [----------] 3 tests from ExternalRefRecords
  [ RUN      ] ExternalRefRecords.SixFieldsRoundTrip_LargeSizeBytes_NFRREL04
  [       OK ] ExternalRefRecords.SixFieldsRoundTrip_LargeSizeBytes_NFRREL04 (0 ms)
  [ RUN      ] ExternalRefRecords.MultipleRecords_KeepOrder
  [       OK ] ExternalRefRecords.MultipleRecords_KeepOrder (0 ms)
  [ RUN      ] ExternalRefRecords.InvalidHashAndEmptyPath_Rejected
  [       OK ] ExternalRefRecords.InvalidHashAndEmptyPath_Rejected (0 ms)
  [----------] 3 tests from ExternalRefRecords (0 ms total)
  
  [----------] 5 tests from ContentDigestBoundary
  [ RUN      ] ContentDigestBoundary.ContentVersionOf_MatchesCoreDigester_CR02_D10
  [       OK ] ContentDigestBoundary.ContentVersionOf_MatchesCoreDigester_CR02_D10 (0 ms)
  [ RUN      ] ContentDigestBoundary.ContentVersionOf_DeterministicDistinctAndEmpty_CR02
  [       OK ] ContentDigestBoundary.ContentVersionOf_DeterministicDistinctAndEmpty_CR02 (0 ms)
  [ RUN      ] ContentDigestBoundary.DomainPayload_TransparentBytePreservation_CR02_D10
  [       OK ] ContentDigestBoundary.DomainPayload_TransparentBytePreservation_CR02_D10 (0 ms)
  [ RUN      ] ContentDigestBoundary.DigestFields_PassedThroughNotRecomputed_CR02
  [       OK ] ContentDigestBoundary.DigestFields_PassedThroughNotRecomputed_CR02 (0 ms)
  [ RUN      ] ContentDigestBoundary.InvalidUtf8Payload_DumpRejected_FailFast
  [       OK ] ContentDigestBoundary.InvalidUtf8Payload_DumpRejected_FailFast (0 ms)
  [----------] 5 tests from ContentDigestBoundary (0 ms total)
  
  [----------] 1 test from CoreContractConsumption
  [ RUN      ] CoreContractConsumption.IdStrictness_ConsumedAsBaseline_PPR1
  [       OK ] CoreContractConsumption.IdStrictness_ConsumedAsBaseline_PPR1 (0 ms)
  [----------] 1 test from CoreContractConsumption (0 ms total)
  
  [----------] 28 tests from ObjectStoreTest
  [ RUN      ] ObjectStoreTest.Publish_CreatesContentAddressedPath_CON01
  [       OK ] ObjectStoreTest.Publish_CreatesContentAddressedPath_CON01 (6 ms)
  [ RUN      ] ObjectStoreTest.Publish_ReturnsCv_MatchesCoreDigesterAndCodecEntry_CR02
  [       OK ] ObjectStoreTest.Publish_ReturnsCv_MatchesCoreDigesterAndCodecEntry_CR02 (6 ms)
  [ RUN      ] ObjectStoreTest.Publish_SameContent_SharesSingleFileUnchanged_CON01
  [       OK ] ObjectStoreTest.Publish_SameContent_SharesSingleFileUnchanged_CON01 (9 ms)
  [ RUN      ] ObjectStoreTest.Publish_SameContentDifferentOid_NoCrossObjectSharing_CON01
  [       OK ] ObjectStoreTest.Publish_SameContentDifferentOid_NoCrossObjectSharing_CON01 (9 ms)
  [ RUN      ] ObjectStoreTest.Publish_NewVersion_AlongsidesOldBothReadable_CON01
  [       OK ] ObjectStoreTest.Publish_NewVersion_AlongsidesOldBothReadable_CON01 (8 ms)
  [ RUN      ] ObjectStoreTest.Publish_EmptyPayload_RoundTrip_FipsEmptyVector_CON01
  [       OK ] ObjectStoreTest.Publish_EmptyPayload_RoundTrip_FipsEmptyVector_CON01 (4 ms)
  [ RUN      ] ObjectStoreTest.Publish_AllZeroOid_FailFastInvalidArgument
  [       OK ] ObjectStoreTest.Publish_AllZeroOid_FailFastInvalidArgument (0 ms)
  [ RUN      ] ObjectStoreTest.Publish_ExistingTargetDigestMismatch_RejectsStoreCorruptNoOverwrite
  [       OK ] ObjectStoreTest.Publish_ExistingTargetDigestMismatch_RejectsStoreCorruptNoOverwrite (8 ms)
  [ RUN      ] ObjectStoreTest.TryObject_MissingObject_ReturnsNulloptNoThrow_CON01
  [       OK ] ObjectStoreTest.TryObject_MissingObject_ReturnsNulloptNoThrow_CON01 (4 ms)
  [ RUN      ] ObjectStoreTest.Object_MissingReferenced_ThrowsStoreCorrupt
  [       OK ] ObjectStoreTest.Object_MissingReferenced_ThrowsStoreCorrupt (0 ms)
  [ RUN      ] ObjectStoreTest.TryObject_TamperedContent_RejectedStoreCorrupt
  [       OK ] ObjectStoreTest.TryObject_TamperedContent_RejectedStoreCorrupt (5 ms)
  [ RUN      ] ObjectStoreTest.TryObject_TamperedSize_RejectedStoreCorrupt
  [       OK ] ObjectStoreTest.TryObject_TamperedSize_RejectedStoreCorrupt (6 ms)
  [ RUN      ] ObjectStoreTest.Read_BinaryPayloadPreservedByteExactly_D10
  [       OK ] ObjectStoreTest.Read_BinaryPayloadPreservedByteExactly_D10 (5 ms)
  [ RUN      ] ObjectStoreTest.Read_VerifiedOnce_FreeOfRecheckWithinContext_PinnedSemantic
  [       OK ] ObjectStoreTest.Read_VerifiedOnce_FreeOfRecheckWithinContext_PinnedSemantic (9 ms)
  [ RUN      ] ObjectStoreTest.TryObject_AllZeroKeys_FailFastInvalidArgument
  [       OK ] ObjectStoreTest.TryObject_AllZeroKeys_FailFastInvalidArgument (0 ms)
  [ RUN      ] ObjectStoreTest.PublishNewVersion_OldVersionAndReadersNeverOverwritten_PA2
  [       OK ] ObjectStoreTest.PublishNewVersion_OldVersionAndReadersNeverOverwritten_PA2 (12 ms)
  [ RUN      ] ObjectStoreTest.Cache_EvictsLeastRecentlyUsed_WithinBudget
  [       OK ] ObjectStoreTest.Cache_EvictsLeastRecentlyUsed_WithinBudget (13 ms)
  [ RUN      ] ObjectStoreTest.Cache_OversizeNotCached_ExactFitCached
  [       OK ] ObjectStoreTest.Cache_OversizeNotCached_ExactFitCached (8 ms)
  [ RUN      ] ObjectStoreTest.Cache_EvictionDoesNotAffectHeldCopies_PA3
  [       OK ] ObjectStoreTest.Cache_EvictionDoesNotAffectHeldCopies_PA3 (9 ms)
  [ RUN      ] ObjectStoreTest.ConcurrentReads_WhilePublishing_ThreadSafe
  [       OK ] ObjectStoreTest.ConcurrentReads_WhilePublishing_ThreadSafe (81 ms)
  [ RUN      ] ObjectStoreTest.Scan_AllReferencedPresent_NoFindings
  [       OK ] ObjectStoreTest.Scan_AllReferencedPresent_NoFindings (5 ms)
  [ RUN      ] ObjectStoreTest.Scan_MissingReferenced_ReportedNoThrow
  [       OK ] ObjectStoreTest.Scan_MissingReferenced_ReportedNoThrow (5 ms)
  [ RUN      ] ObjectStoreTest.Scan_DanglingObject_ReportedAsDevDiagnostic_NotDeleted
  [       OK ] ObjectStoreTest.Scan_DanglingObject_ReportedAsDevDiagnostic_NotDeleted (8 ms)
  [ RUN      ] ObjectStoreTest.Scan_CorruptReferenced_FullAndExistenceModes
  [       OK ] ObjectStoreTest.Scan_CorruptReferenced_FullAndExistenceModes (21 ms)
  [ RUN      ] ObjectStoreTest.Scan_MixedFindings_AllBuckets_DeterministicReport
  [       OK ] ObjectStoreTest.Scan_MixedFindings_AllBuckets_DeterministicReport (15 ms)
  [ RUN      ] ObjectStoreTest.Scan_EmptyStore_NoFindings_InvalidRefFailsFast
  [       OK ] ObjectStoreTest.Scan_EmptyStore_NoFindings_InvalidRefFailsFast (0 ms)
  [ RUN      ] ObjectStoreTest.CoreContract_AddressingPath_SingleHashViaCore_CR02_PPR1
  [       OK ] ObjectStoreTest.CoreContract_AddressingPath_SingleHashViaCore_CR02_PPR1 (16 ms)
  [ RUN      ] ObjectStoreTest.CoreContract_StrictCanonicalParse_ConsumedAsBaseline
  [       OK ] ObjectStoreTest.CoreContract_StrictCanonicalParse_ConsumedAsBaseline (5 ms)
  [----------] 28 tests from ObjectStoreTest (293 ms total)
  
  [----------] 2 tests from Walkthrough
  [ RUN      ] Walkthrough.SevenSteps_BranchTipsPreserved_Acc1
  [       OK ] Walkthrough.SevenSteps_BranchTipsPreserved_Acc1 (0 ms)
  [ RUN      ] Walkthrough.BranchBaseRevisionReferencesWithoutCopyingObjects_Acc1
  [       OK ] Walkthrough.BranchBaseRevisionReferencesWithoutCopyingObjects_Acc1 (0 ms)
  [----------] 2 tests from Walkthrough (0 ms total)
  
  [----------] 4 tests from Closure
  [ RUN      ] Closure.DualChannelCoversAllCommittedRevisions_NoIsland_Acc2
  [       OK ] Closure.DualChannelCoversAllCommittedRevisions_NoIsland_Acc2 (0 ms)
  [ RUN      ] Closure.ResidueOutsideClosure_AfterPublishBeforeHeadSwitch_Acc2
  [       OK ] Closure.ResidueOutsideClosure_AfterPublishBeforeHeadSwitch_Acc2 (0 ms)
  [ RUN      ] Closure.DanglingReferencesRejectedAsCorrupt_Acc2
  [       OK ] Closure.DanglingReferencesRejectedAsCorrupt_Acc2 (0 ms)
  [ RUN      ] Closure.DeterministicOrdering_Acc2
  [       OK ] Closure.DeterministicOrdering_Acc2 (0 ms)
  [----------] 4 tests from Closure (0 ms total)
  
  [----------] 10 tests from PublishValidation
  [ RUN      ] PublishValidation.ParentMetadataRebuildRejected_Acc2
  [       OK ] PublishValidation.ParentMetadataRebuildRejected_Acc2 (0 ms)
  [ RUN      ] PublishValidation.TipRegressionRejected_Acc2
  [       OK ] PublishValidation.TipRegressionRejected_Acc2 (0 ms)
  [ RUN      ] PublishValidation.ForeignBranchTipChangeRejected_Acc2
  [       OK ] PublishValidation.ForeignBranchTipChangeRejected_Acc2 (0 ms)
  [ RUN      ] PublishValidation.LabelRenameRejected_Acc2_PPR8
  [       OK ] PublishValidation.LabelRenameRejected_Acc2_PPR8 (0 ms)
  [ RUN      ] PublishValidation.BaseRewriteRejected_Acc2
  [       OK ] PublishValidation.BaseRewriteRejected_Acc2 (0 ms)
  [ RUN      ] PublishValidation.InvM1_DuplicateBranchAndUnknownTipRejected_Acc2
  [       OK ] PublishValidation.InvM1_DuplicateBranchAndUnknownTipRejected_Acc2 (0 ms)
  [ RUN      ] PublishValidation.CommittedByAndLineageAnchorRejected_Acc2
  [       OK ] PublishValidation.CommittedByAndLineageAnchorRejected_Acc2 (0 ms)
  [ RUN      ] PublishValidation.LineageCycleInjectionRejected_Acc2
  [       OK ] PublishValidation.LineageCycleInjectionRejected_Acc2 (0 ms)
  [ RUN      ] PublishValidation.LineageMonotonicityInjectionRejected_Acc2
  [       OK ] PublishValidation.LineageMonotonicityInjectionRejected_Acc2 (0 ms)
  [ RUN      ] PublishValidation.CallerContractViolationsFailFast
  [       OK ] PublishValidation.CallerContractViolationsFailFast (0 ms)
  [----------] 10 tests from PublishValidation (0 ms total)
  
  [----------] 1 test from SeqAllocation
  [ RUN      ] SeqAllocation.MonotonicAllocationAndHeadAdoption_Acc3
  [       OK ] SeqAllocation.MonotonicAllocationAndHeadAdoption_Acc3 (0 ms)
  [----------] 1 test from SeqAllocation (0 ms total)
  
  [----------] 3 tests from Derive
  [ RUN      ] Derive.CopiesAuthoritativeVerbatim_UpdatesOnlyDeclared_Acc3
  [       OK ] Derive.CopiesAuthoritativeVerbatim_UpdatesOnlyDeclared_Acc3 (0 ms)
  [ RUN      ] Derive.TipUpdateAppliesToDeclaredBranchOnly_Acc3
  [       OK ] Derive.TipUpdateAppliesToDeclaredBranchOnly_Acc3 (0 ms)
  [ RUN      ] Derive.ConstructorViolationsFailFast_Acc3
  [       OK ] Derive.ConstructorViolationsFailFast_Acc3 (0 ms)
  [----------] 3 tests from Derive (0 ms total)
  
  [----------] 1 test from Registration
  [ RUN      ] Registration.IdempotentDuplicateConflictingAndImmutability
  [       OK ] Registration.IdempotentDuplicateConflictingAndImmutability (0 ms)
  [----------] 1 test from Registration (0 ms total)
  
  [----------] 3 tests from CoreContract
  [ RUN      ] CoreContract.IdentityCanonicalRoundTripViaCoreApi_Acc4
  [       OK ] CoreContract.IdentityCanonicalRoundTripViaCoreApi_Acc4 (0 ms)
  [ RUN      ] CoreContract.BranchTipQuerySemantics
  [       OK ] CoreContract.BranchTipQuerySemantics (0 ms)
  [ RUN      ] CoreContract.TryQueriesReturnNulloptWhenAbsent
  [       OK ] CoreContract.TryQueriesReturnNulloptWhenAbsent (0 ms)
  [----------] 3 tests from CoreContract (0 ms total)
  
  [----------] 18 tests from TxEngineTest
  [ RUN      ] TxEngineTest.Commit_HappyPath_SevenStepsAndStagingCleaned
  [       OK ] TxEngineTest.Commit_HappyPath_SevenStepsAndStagingCleaned (58 ms)
  [ RUN      ] TxEngineTest.HeadManifestDigest_MatchesDirectCoreDigester
  [       OK ] TxEngineTest.HeadManifestDigest_MatchesDirectCoreDigester (56 ms)
  [ RUN      ] TxEngineTest.F1_PrepareFails_StagingDirCreate
  [       OK ] TxEngineTest.F1_PrepareFails_StagingDirCreate (21 ms)
  [ RUN      ] TxEngineTest.F2_StageWriteFailsMidway_DiskFull_ResidueIgnoredWithDiag
  [       OK ] TxEngineTest.F2_StageWriteFailsMidway_DiskFull_ResidueIgnoredWithDiag (29 ms)
  [ RUN      ] TxEngineTest.F3_VerifyFails_TamperedStagedBytes_StoreCorrupt_NoPublish
  [       OK ] TxEngineTest.F3_VerifyFails_TamperedStagedBytes_StoreCorrupt_NoPublish (48 ms)
  [ RUN      ] TxEngineTest.F4_PublishPartialFailure_DanglingResidue_ClosureExcludes
  [       OK ] TxEngineTest.F4_PublishPartialFailure_DanglingResidue_ClosureExcludes (41 ms)
  [ RUN      ] TxEngineTest.F5_HeadSwitchFails_PublishedButUncommitted
  [       OK ] TxEngineTest.F5_HeadSwitchFails_PublishedButUncommitted (44 ms)
  [ RUN      ] TxEngineTest.F6_EventPublishFails_RetriedOnce_CommitStands
  [       OK ] TxEngineTest.F6_EventPublishFails_RetriedOnce_CommitStands (53 ms)
  [ RUN      ] TxEngineTest.F6b_EventPublishFailsAll_CommitStillStands
  [       OK ] TxEngineTest.F6b_EventPublishFailsAll_CommitStillStands (60 ms)
  [ RUN      ] TxEngineTest.F7_CleanupFails_CommittedStateIntact
  [       OK ] TxEngineTest.F7_CleanupFails_CommittedStateIntact (59 ms)
  [ RUN      ] TxEngineTest.F8_AfterPrepare_OldStateByteInvariant
  [       OK ] TxEngineTest.F8_AfterPrepare_OldStateByteInvariant (23 ms)
  [ RUN      ] TxEngineTest.F8_AfterStage_OldStateByteInvariant
  [       OK ] TxEngineTest.F8_AfterStage_OldStateByteInvariant (57 ms)
  [ RUN      ] TxEngineTest.F8_AfterHeadSwitch_CommittedStateByteInvariant
  [       OK ] TxEngineTest.F8_AfterHeadSwitch_CommittedStateByteInvariant (49 ms)
  [ RUN      ] TxEngineTest.StagingTmp_CleanedByScan_EngineArtefactsStayInTxDir
  [       OK ] TxEngineTest.StagingTmp_CleanedByScan_EngineArtefactsStayInTxDir (48 ms)
  [ RUN      ] TxEngineTest.Commit_FailedTxThenSuccess_SeqMonotonicAndClosureClean
  [       OK ] TxEngineTest.Commit_FailedTxThenSuccess_SeqMonotonicAndClosureClean (52 ms)
  [ RUN      ] TxEngineTest.Commit_InconsistentTipUpdate_FailFastZeroDiskWrites
  [       OK ] TxEngineTest.Commit_InconsistentTipUpdate_FailFastZeroDiskWrites (13 ms)
  [ RUN      ] TxEngineTest.Commit_UnregisteredAuthoritativeRef_FailFast
  [       OK ] TxEngineTest.Commit_UnregisteredAuthoritativeRef_FailFast (14 ms)
  [ RUN      ] TxEngineTest.RecoveryScan_HealthyStore_NoFindings
  [       OK ] TxEngineTest.RecoveryScan_HealthyStore_NoFindings (40 ms)
  [----------] 18 tests from TxEngineTest (774 ms total)
  
  [----------] Global test environment tear-down
  [==========] 151 tests from 19 test suites ran. (1563 ms total)
  [  PASSED  ] 151 tests.
适用于 .NET Framework MSBuild 版本 17.12.6+db5f6012c

  Auto build dll exports
  sdurw_core.vcxproj -> D:\10_Source_Repos\21_robot\RobWork\build\RobWork\bin\Release\sdurw_core.dll
  Auto build dll exports
  sdurw_common.vcxproj -> D:\10_Source_Repos\21_robot\RobWork\build\RobWork\bin\Release\sdurw_common.dll
  Auto build dll exports
  sdurw_math.vcxproj -> D:\10_Source_Repos\21_robot\RobWork\build\RobWork\bin\Release\sdurw_math.dll
  Automatic MOC for target sdurws_ird_core
  sdurws_ird_core.vcxproj -> D:\10_Source_Repos\21_robot\RobWork\build\RobWorkStudio\libs\Release\sdurws_ird_core.lib
  Automatic MOC for target sdurws_ird_project
  sdurws_ird_project.vcxproj -> D:\10_Source_Repos\21_robot\RobWork\build\RobWorkStudio\libs\Release\sdurws_ird_project.lib
  Automatic MOC for target sdurws_ird_project_contract_test
  sdurws_ird_project_contract_test.vcxproj -> D:\10_Source_Repos\21_robot\RobWork\build\RobWorkStudio\bin\Release\sdurws_ird_project_contract_test.exe
  ird: run sdurws_ird_project_contract_test and write gtest XML report
  [==========] Running 10 tests from 2 test suites.
  [----------] Global test environment set-up.
  [----------] 5 tests from ProjectLinkage
  [ RUN      ] ProjectLinkage.UnitEdgeOnlyCore_DT_BUILD_R1_R2
  [       OK ] ProjectLinkage.UnitEdgeOnlyCore_DT_BUILD_R1_R2 (0 ms)
  [ RUN      ] ProjectLinkage.NoTestkitEdge_DT_BUILD_T1
  [       OK ] ProjectLinkage.NoTestkitEdge_DT_BUILD_T1 (0 ms)
  [ RUN      ] ProjectLinkage.CoreEdgePresent_DT_BUILD
  [       OK ] ProjectLinkage.CoreEdgePresent_DT_BUILD (0 ms)
  [ RUN      ] ProjectLinkage.DiagnosticsEdgeInjectionNotLink_DT_BUILD
  [       OK ] ProjectLinkage.DiagnosticsEdgeInjectionNotLink_DT_BUILD (0 ms)
  [ RUN      ] ProjectLinkage.NoIoCompileTimeConsumption_DT_BUILD_O09
  [       OK ] ProjectLinkage.NoIoCompileTimeConsumption_DT_BUILD_O09 (6 ms)
  [----------] 5 tests from ProjectLinkage (7 ms total)
  
  [----------] 5 tests from LockContractTest
  [ RUN      ] LockContractTest.SecondInstance_ReadOnlyDegrade_ReportsHolderPid_PM07
  [       OK ] LockContractTest.SecondInstance_ReadOnlyDegrade_ReportsHolderPid_PM07 (4027 ms)
  [ RUN      ] LockContractTest.StalledHeartbeat_NeverEnablesTakeover_D03
  [       OK ] LockContractTest.StalledHeartbeat_NeverEnablesTakeover_D03 (380 ms)
  [ RUN      ] LockContractTest.CrashThenConcurrentTakeover_SingleWinner_D02
  [       OK ] LockContractTest.CrashThenConcurrentTakeover_SingleWinner_D02 (615 ms)
  [ RUN      ] LockContractTest.LockFileIdentity_StableAcrossCrashTakeover_D03
  [       OK ] LockContractTest.LockFileIdentity_StableAcrossCrashTakeover_D03 (122 ms)
  [ RUN      ] LockContractTest.SameProjectMultiPathOpen_CrossSpelling_Refused
  [       OK ] LockContractTest.SameProjectMultiPathOpen_CrossSpelling_Refused (81 ms)
  [----------] 5 tests from LockContractTest (5227 ms total)
  
  [----------] Global test environment tear-down
  [==========] 10 tests from 2 test suites ran. (5234 ms total)
  [  PASSED  ] 10 tests.
