Note: Google Test filter = HostMigration.*
[==========] Running 16 tests from 1 test suite.
[----------] Global test environment set-up.
[----------] 16 tests from HostMigration
[ RUN      ] HostMigration.TreeProvider_DomainKeyAndHonestEmptySupply_ACC1
D:\10_Source_Repos\21_robot\acc-tmp\wp15-t18-a\RobWork\RobWorkStudio\src\rwslibs\industrialrobot\kinematics\test\HostMigrationTest.cpp(140): error: Expected equality of these values:
  provider.domainKey()
    Which is: "kinematics-drift"
  "kinematics"

[  FAILED  ] HostMigration.TreeProvider_DomainKeyAndHonestEmptySupply_ACC1 (0 ms)
[ RUN      ] HostMigration.TreeProvider_EmptySupplyPassesSharedRebuild_ACC1
[       OK ] HostMigration.TreeProvider_EmptySupplyPassesSharedRebuild_ACC1 (0 ms)
[ RUN      ] HostMigration.TreeProvider_CoexistsWithForeignProvider_ACC1
[       OK ] HostMigration.TreeProvider_CoexistsWithForeignProvider_ACC1 (0 ms)
[ RUN      ] HostMigration.PagesProvider_NoAnswerSurface_ACC1
D:\10_Source_Repos\21_robot\acc-tmp\wp15-t18-a\RobWork\RobWorkStudio\src\rwslibs\industrialrobot\kinematics\test\HostMigrationTest.cpp(207): error: Expected equality of these values:
  provider.domainKey()
    Which is: "kinematics-drift"
  "kinematics"

[  FAILED  ] HostMigration.PagesProvider_NoAnswerSurface_ACC1 (0 ms)
[ RUN      ] HostMigration.PagesProvider_InspectorShowsHonestNoProviderAnswer_ACC1
[       OK ] HostMigration.PagesProvider_InspectorShowsHonestNoProviderAnswer_ACC1 (0 ms)
[ RUN      ] HostMigration.Adapter_DownlinkSingleSelectionHighlights_ACC4
[       OK ] HostMigration.Adapter_DownlinkSingleSelectionHighlights_ACC4 (0 ms)
[ RUN      ] HostMigration.Adapter_DownlinkClearAndMultiSymmetric_ACC4
[       OK ] HostMigration.Adapter_DownlinkClearAndMultiSymmetric_ACC4 (0 ms)
[ RUN      ] HostMigration.Adapter_RuntimeOnlySelectionLeavesHighlightUntouched_ACC4
[       OK ] HostMigration.Adapter_RuntimeOnlySelectionLeavesHighlightUntouched_ACC4 (0 ms)
[ RUN      ] HostMigration.Adapter_UplinkView3DPickHonestNoReport_ACC1
[       OK ] HostMigration.Adapter_UplinkView3DPickHonestNoReport_ACC1 (0 ms)
[ RUN      ] HostMigration.Module_SharedSurfaceHandlesStableAndWired_ACC1
D:\10_Source_Repos\21_robot\acc-tmp\wp15-t18-a\RobWork\RobWorkStudio\src\rwslibs\industrialrobot\kinematics\test\HostMigrationTest.cpp(342): error: Expected equality of these values:
  handles.treeNodes->domainKey()
    Which is: "kinematics-drift"
  "kinematics"

[  FAILED  ] HostMigration.Module_SharedSurfaceHandlesStableAndWired_ACC1 (0 ms)
[ RUN      ] HostMigration.HostJointState_AppliesWithZeroRevision_ACC2
[       OK ] HostMigration.HostJointState_AppliesWithZeroRevision_ACC2 (0 ms)
[ RUN      ] HostMigration.HostJointState_PlaybackFramesDriveSameSeam_ACC3
[       OK ] HostMigration.HostJointState_PlaybackFramesDriveSameSeam_ACC3 (0 ms)
[ RUN      ] HostMigration.HostJointState_NonFiniteFailsFast_ACC2
[       OK ] HostMigration.HostJointState_NonFiniteFailsFast_ACC2 (0 ms)
[ RUN      ] HostMigration.HostJointState_MissingSeamHonestDegradation_ACC2
[       OK ] HostMigration.HostJointState_MissingSeamHonestDegradation_ACC2 (0 ms)
[ RUN      ] HostMigration.SessionPoseContractBitsFrozen_ACC2
[       OK ] HostMigration.SessionPoseContractBitsFrozen_ACC2 (0 ms)
[ RUN      ] HostMigration.Facade_ForwardsHostJointStateAndHandles_ACC2
D:\10_Source_Repos\21_robot\acc-tmp\wp15-t18-a\RobWork\RobWorkStudio\src\rwslibs\industrialrobot\kinematics\test\HostMigrationTest.cpp(468): error: Expected equality of these values:
  handles.treeNodes->domainKey()
    Which is: "kinematics-drift"
  "kinematics"

[  FAILED  ] HostMigration.Facade_ForwardsHostJointStateAndHandles_ACC2 (0 ms)
[----------] 16 tests from HostMigration (0 ms total)

[----------] Global test environment tear-down
[==========] 16 tests from 1 test suite ran. (0 ms total)
[  PASSED  ] 12 tests.
[  FAILED  ] 4 tests, listed below:
[  FAILED  ] HostMigration.TreeProvider_DomainKeyAndHonestEmptySupply_ACC1
[  FAILED  ] HostMigration.PagesProvider_NoAnswerSurface_ACC1
[  FAILED  ] HostMigration.Module_SharedSurfaceHandlesStableAndWired_ACC1
[  FAILED  ] HostMigration.Facade_ForwardsHostJointStateAndHandles_ACC2

 4 FAILED TESTS
