CMake is re-running because D:/10_Source_Repos/21_robot/RobWork/build/RobWorkStudio/src/rwslibs/industrialrobot/kinematics/CMakeFiles/generate.stamp is out-of-date.
  the file 'D:/10_Source_Repos/21_robot/RobWork/RobWork/RobWorkStudio/src/rwslibs/industrialrobot/kinematics/CMakeLists.txt'
  is newer than 'D:/10_Source_Repos/21_robot/RobWork/build/RobWorkStudio/src/rwslibs/industrialrobot/kinematics/CMakeFiles/generate.stamp.depend'
  result='-1'
-- Selecting Windows SDK version 10.0.22621.0 to target Windows 10.0.26200.
-- RobWork: Build configuration: none
-- RobWork: Version 26.9.29
-- RobWork: ROOT - D:/10_Source_Repos/21_robot/RobWork/RobWork/RobWork
-- RobWork: Boost version 1.92.0 found!
-- RobWork: OpenGL and GLUT ENABLED! FOUND!
-- RobWork: XERCES ENABLED! FOUND!
-- RobWork: Yaobi ENABLED! NOT FOUND! Using RobWork native Yaobi.
-- RobWork: PQP ENABLED! Using RobWork native PQP.
-- Eigen3 version .. found in D:/10_Source_Repos/21_robot/RobWork/vcpkg/installed/x64-windows/include/eigen3, but at least version 2.91.0 is required
-- Eigen3 version .. found in D:/10_Source_Repos/21_robot/RobWork/vcpkg/installed/x64-windows/include/eigen3, but at least version 2.91.0 is required
-- RobWork: EIGEN3 .. Found w. Hunter
-- RobWork: Qhull Found
-- Could NOT find PkgConfig (missing: PKG_CONFIG_EXECUTABLE) 
-- USE_FCL ON : FCL not Found
-- USE_CSGJS ON: Enabled by default
-- USE_Bullet OFF : Disable Hard Coded
-- USE_SWIG OFF : Swig not Found
-- USE_LUA OFF : Swig not found
-- USE_ASSIMP OFF : Assimp not found and is now DISABLED!
-- USE_Python OFF : Disabled Manualy
-- USE_numpy OFF} : Swig and Python Not found
-- USE_gtest  OFF : Disabled by default
-- USE_Mathematica OFF : Disabled by default
-- USE_RW_ASSERT ON : Enabled by Default
-- USE_OpenMP ON : OpenMP 2.0 CXX FOUND! - Specification date 200203
-- RobWork: RW C flags: 
-- RobWork: RW CXX flags: -EHa -bigobj /MP -openmp
-- RobWork: RW definitions: -DNOMINMAX;-DBIND_FORTRAN_LOWERCASE_UNDERSCORE;-DWIN32_LEAN_AND_MEAN;-D_WIN32_WINNT=0x0501;-D_SCL_SECURE_NO_WARNINGS;-D_CRT_SECURE_NO_WARNINGS;-D_CRT_SECURE_NO_DEPRECATE;-DMSVC_AMD64
-- RobWork: RW linker flags: 
CMake Warning (dev) at RobWork/cmake/RobWorkMacros.cmake:497 (install):
  Policy CMP0177 is not set: install() DESTINATION paths are normalized.  Run
  "cmake --help-policy CMP0177" for policy details.  Use the cmake_policy
  command to set the policy and suppress this warning.
Call Stack (most recent call first):
  RobWork/ext/csgjs/src/CMakeLists.txt:13 (rw_add_includes)
This warning is for project developers.  Use -Wno-dev to suppress it.

-- BUILD_sdurw_core  ON : Enabled by default.
-- BUILD_sdurw_plugin  ON : Enabled by default.
-- BUILD_sdurw_common  ON : Enabled by default.
-- BUILD_sdurw_math  ON : Enabled by default.
-- BUILD_sdurw_kinematics  ON : Enabled by default.
-- BUILD_sdurw_geometry  ON : Enabled by default.
-- BUILD_sdurw_sensor  ON : Enabled by default.
-- BUILD_sdurw_graspplanning  ON : Enabled by default.
-- BUILD_sdurw_models  ON : Enabled by default.
-- BUILD_sdurw_trajectory  ON : Enabled by default.
-- BUILD_sdurw_proximity  ON : Enabled by default.
-- BUILD_sdurw_graphics  ON : Enabled by default.
-- BUILD_sdurw_invkin  ON : Enabled by default.
-- BUILD_sdurw_pathplanning  ON : Enabled by default.
-- BUILD_sdurw_loaders  ON : Enabled by default.
-- BUILD_sdurw  ON : Enabled by default.
-- BUILD_sdurw_algorithms  ON : Enabled by default.
-- BUILD_sdurw_task  ON : Enabled by default.
-- BUILD_sdurw_assembly  ON : Enabled by default.
-- BUILD_sdurw_calibration  ON : Enabled by default.
-- BUILD_sdurw_control  ON : Enabled by default.
-- BUILD_sdurw_opengl  ON : Enabled by default.
-- BUILD_sdurw_mathematica  OFF : Disabled by default.
-- BUILD_sdurw_proximitystrategies  ON : Enabled by default.
-- sdurw_proximitystrategies: Not building Bullet interface since Bullet is disabled!
-- sdurw_proximitystrategies: Not building FCL interface since FCL is disabled!
-- BUILD_sdurw_proximitystrategies.rwplugin  ON : Enabled by default.
-- BUILD_sdurw_pathoptimization  ON : Enabled by default.
-- BUILD_sdurw_pathplanners  ON : Enabled by default.
-- BUILD_sdurw_simulation  ON : Enabled by default.
-- BUILD_sdurw_java  OFF : SWIG not found!
-- BUILD_sdurw_python  OFF : SWIG not found!
-- BUILD_sdurw_lua  OFF : Lua not found!
-- BUILD_sdurw_softbody  OFF : Disabled by default.
-- BUILD_sdurw_csg  ON : Enabled by default.
-- BUILD_sdurw_analytic_geometry  ON : Enabled by default.
-- BUILD_sdurw_simplefinger  ON : Enabled by default.
-- BUILD_sdurw_sandbox  OFF : Disabled by default.
-- RobWork: system id= 
-- RobWork tests ENABLED!
-- RobWork example DISABLED!
-- Current Git revision is 3f7dd0f1
-- RobWorkStudio: Build configuration: none
-- RobWorkStudio: Version 26.9.29
-- RobWorkStudio: ROOT dir: D:/10_Source_Repos/21_robot/RobWork/RobWork/RobWorkStudio
-- RobWorkStudio: Python DISABLED!
-- RobWorkStudio: Using Qt 6.11.1.
-- RobWork: OpenGL and GLUT ENABLED! FOUND!
-- RobWorkStudio: SWIG 3+ not found!
-- RobWorkStudio: Lua DISABLED!
-- QCodeEditor not found building internal target
-- RobWorkStudio: Adding RWS CXX flags:  -EHa -bigobj /MP -openmp
-- RobWorkStudio: Addubg RWS definitions: -DNOMINMAX;-DBIND_FORTRAN_LOWERCASE_UNDERSCORE;-DWIN32_LEAN_AND_MEAN;-D_WIN32_WINNT=0x0501;-D_SCL_SECURE_NO_WARNINGS;-D_CRT_SECURE_NO_WARNINGS;-D_CRT_SECURE_NO_DEPRECATE;-DMSVC_AMD64;-DQT_DEBUG
-- RobWorkStudio: Using static linking of default plugins!
CMake Warning (dev) at RobWorkStudio/ext/qtpropertybrowser/CMakeLists.txt:66 (install):
  Policy CMP0177 is not set: install() DESTINATION paths are normalized.  Run
  "cmake --help-policy CMP0177" for policy details.  Use the cmake_policy
  command to set the policy and suppress this warning.
This warning is for project developers.  Use -Wno-dev to suppress it.

CMake Deprecation Warning at RobWorkStudio/ext/QCodeEditor/CMakeLists.txt:1 (cmake_minimum_required):
  Compatibility with CMake < 3.10 will be removed from a future version of
  CMake.

  Update the VERSION argument <min> value.  Or, use the <min>...<max> syntax
  to tell CMake that the project requires at least <min> but has been updated
  to work with policies introduced by <max> or earlier.


-- BUILD_sdurws  ON : Enabled by default.
-- BUILD_sdurws_plugin.rwplugin  ON : Enabled by default.
-- BUILD_sdurws_atask  ON : Enabled by default.
-- BUILD_sdurws_gtask  ON : Enabled by default.
-- BUILD_sdurws_jog  ON : Enabled by default.
-- BUILD_sdurws_log  ON : Enabled by default.
-- BUILD_sdurws_playback  ON : Enabled by default.
-- BUILD_sdurws_propertyview  ON : Enabled by default.
-- BUILD_sdurws_treeview  ON : Enabled by default.
-- BUILD_sdurws_planning  ON : Enabled by default.
-- BUILD_sdurws_pythoneditor  OFF : Either Pyton or QCodeEditor is not installed
-- BUILD_sdurws_sensors  ON : Enabled by default.
-- BUILD_sdurws_workcelleditor  ON : Enabled by default.
-- BUILD_sdurws_workcelleditorplugin  ON : Enabled by default.
-- USE STATIC PLUGINS
-- BUILD_sdurws_robworkstudioapp  ON : Enabled by default.
-- BUILD_sdurws_lua  OFF : SWIG not found!
-- BUILD_sdurws_java  OFF : SWIG not found!
-- BUILD_sdurws_python  OFF : SWIG not found!
-- BUILD_sdurws_luaeditor  OFF : Disabled by default.
-- BUILD_sdurws_luapl  OFF : Disabled by default.
-- BUILD_RobWorkStudio  ON : Enabled by default.
-- RobWorkStudio: platform  
-- RobWorkStudio: tests DISABLED!
-- Current Git revision is 3f7dd0f1
-- RobWorkSim: Build configuration: none
-- RobWorkSim: Version 26.9.29
-- RobWorkSim: ROOT dir: D:/10_Source_Repos/21_robot/RobWork/RobWork/RobWorkSim
CMake Warning (dev) at D:/10_Source_Repos/21_robot/RobWork/vcpkg/scripts/buildsystems/vcpkg.cmake:939 (_find_package):
  Policy CMP0148 is not set: The FindPythonInterp and FindPythonLibs modules
  are removed.  Run "cmake --help-policy CMP0148" for policy details.  Use
  the cmake_policy command to set the policy and suppress this warning.

Call Stack (most recent call first):
  RobWorkSim/cmake/RobWorkSimSetup.cmake:34 (find_package)
  RobWorkSim/CMakeLists.txt:71 (include)
This warning is for project developers.  Use -Wno-dev to suppress it.

CMake Warning (dev) at D:/10_Source_Repos/21_robot/RobWork/vcpkg/scripts/buildsystems/vcpkg.cmake:939 (_find_package):
  Policy CMP0148 is not set: The FindPythonInterp and FindPythonLibs modules
  are removed.  Run "cmake --help-policy CMP0148" for policy details.  Use
  the cmake_policy command to set the policy and suppress this warning.

Call Stack (most recent call first):
  RobWorkSim/cmake/RobWorkSimSetup.cmake:35 (find_package)
  RobWorkSim/CMakeLists.txt:71 (include)
This warning is for project developers.  Use -Wno-dev to suppress it.

CMake Warning (dev) at D:/10_Source_Repos/21_robot/RobWork/vcpkg/scripts/buildsystems/vcpkg.cmake:939 (_find_package):
  Policy CMP0148 is not set: The FindPythonInterp and FindPythonLibs modules
  are removed.  Run "cmake --help-policy CMP0148" for policy details.  Use
  the cmake_policy command to set the policy and suppress this warning.

Call Stack (most recent call first):
  RobWorkSim/cmake/RobWorkSimSetup.cmake:41 (find_package)
  RobWorkSim/CMakeLists.txt:71 (include)
This warning is for project developers.  Use -Wno-dev to suppress it.

-- RobWorkSim: Python interpreter 3.13.11 Found
-- RobWorkSim: Python libraries 3.13.11 Found
-- RobWorkSim: SWIG 3+ not found!
-- RobWorkSim: Lua DISABLED!
-- RobWorkSim: Bullet enabled
CMake Warning (dev) at D:/10_Source_Repos/21_robot/RobWork/vcpkg/scripts/buildsystems/vcpkg.cmake:939 (_find_package):
  Policy CMP0074 is not set: find_package uses <PackageName>_ROOT variables.
  Run "cmake --help-policy CMP0074" for policy details.  Use the cmake_policy
  command to set the policy and suppress this warning.

  CMake variable ODE_ROOT is set to:

    ODE_DIR-NOTFOUND

  For compatibility, CMake is ignoring the variable.
Call Stack (most recent call first):
  RobWorkSim/cmake/RobWorkSimSetup.cmake:181 (find_package)
  RobWorkSim/CMakeLists.txt:71 (include)
This warning is for project developers.  Use -Wno-dev to suppress it.

-- RobWorkSim: ODE disabled.
-- RobWorkSim: RobWorkPhysicsEngine enabled.
-- RobWorkSim: RWPhysics enabled.
-- RobWorkSim: Adding RWSIM CXX flags: -EHa -bigobj /MP -openmp 
-- BUILD_sdurwsim  ON : Enabled by default.
-- BUILD_sdurwsim_gui  ON : Enabled by default.
-- BUILD_sdurwsim_ode  OFF : Disabled by default.
-- BUILD_sdurwsim_bullet  ON : Enabled by default.
-- Bullet will be compiled with single precision.
-- BUILD_sdurwsim_lua  OFF : SWIG not found!
-- BUILD_sdurwsim_java  OFF : SWIG not found!
-- BUILD_sdurwsim_python  OFF : SWIG not found!
-- BUILD_SimulatorLogViewer  ON : Enabled by default.
-- BUILD_sdurwsim_test  ON : Enabled by default.
-- BUILD_RWSimulatorPlugin  ON : Enabled by default.
-- BUILD_SimUtilityPlugin  ON : Enabled by default.
-- BUILD_GraspTableGeneratorPlugin  ON : Enabled by default.
-- BUILD_RWSimPlugin  ON : Enabled by default.
-- BUILD_SimTaskPlugin  ON : Enabled by default.
-- BUILD_EngineTestPlugin  ON : Enabled by default.
-- RobWork tests DISABLED!
-- Configuring done (5.9s)
-- Generating done (17.3s)
-- Build files have been written to: D:/10_Source_Repos/21_robot/RobWork/build
适用于 .NET Framework MSBuild 版本 17.12.6+db5f6012c

  ird_gates：依赖红线与补丁门禁（R-1~R-5/T-1/T-2/SUB/SA-02＋引擎自测）
  IRD-GATE-SUB: 娴嬭瘯鐩爣 sdurws_ird_diagnostics_contract_test 鐩撮摼浠栧崟鍏冧骇鍝佺洰鏍?sdurws_ird_testkit锛堝厑璁稿舰鎬佷粎鍚屽崟鍏冭娴嬬洰鏍囷紱璺ㄥ崟鍏冮渶姹傜粡 testkit 鏇胯韩鎴?DTB 搂4.5 鐧昏锛?IRD-GATE-SUB: 娴嬭瘯鐩爣 sdurws_ird_evidence_test 鐩撮摼浠栧崟鍏冧骇鍝佺洰鏍?sdurws_ird_testkit锛堝厑璁稿舰鎬佷粎鍚屽崟鍏冭娴嬬洰鏍囷紱璺ㄥ崟鍏冮渶姹傜粡 testkit 鏇胯韩鎴?DTB 搂4.5 鐧昏锛?IRD-GATE-SUB: 娴嬭瘯鐩爣 sdurws_ird_evidence_contract_test 鐩撮摼浠栧崟鍏冧骇鍝佺洰鏍?sdurws_ird_testkit锛堝厑璁稿舰鎬佷粎鍚屽崟鍏冭娴嬬洰鏍囷紱璺ㄥ崟鍏冮渶姹傜粡 testkit 鏇胯韩鎴?DTB 搂4.5 鐧昏锛?IRD-GATE-SUB: 娴嬭瘯鐩爣 sdurws_ird_execution_test 鐩撮摼浠栧崟鍏冧骇鍝佺洰鏍?sdurws_ird_testkit锛堝厑璁稿舰鎬佷粎鍚屽崟鍏冭娴嬬洰鏍囷紱璺ㄥ崟鍏冮渶姹傜粡 testkit 鏇胯韩鎴?DTB 搂4.5 鐧昏锛?IRD-GATE-SUB: 娴嬭瘯鐩爣 sdurws_ird_execution_contract_test 鐩撮摼浠栧崟鍏冧骇鍝佺洰鏍?sdurws_ird_testkit锛堝厑璁稿舰鎬佷粎鍚屽崟鍏冭娴嬬洰鏍囷紱璺ㄥ崟鍏冮渶姹傜粡 testkit 鏇胯韩鎴?DTB 搂4.5 鐧昏锛?IRD-GATE-LIB: 鐩爣 sdurws_ird_io 閾炬帴鏈煡鐩爣鏃?libzip::zip锛堜笉鍦?ird/妗嗘灦鍩虹嚎/gtest 璇嶈〃锛涘灞炵涓夋柟鏂板渚濊禆锛屽厛鐧昏 DTB 鍐嶆墿璇嶈〃锛?IRD-GATE-LIB: 鐩爣 sdurws_ird_io 閾炬帴鏈煡鐩爣鏃?expat::expat锛堜笉鍦?ird/妗嗘灦鍩虹嚎/gtest 璇嶈〃锛涘灞炵涓夋柟鏂板渚濊禆锛屽厛鐧昏 DTB 鍐嶆墿璇嶈〃锛?IRD-GATE-SUB: 娴嬭瘯鐩爣 sdurws_ird_io_test 鐩撮摼浠栧崟鍏冧骇鍝佺洰鏍?sdurws_ird_testkit锛堝厑璁稿舰鎬佷粎鍚屽崟鍏冭娴嬬洰鏍囷紱璺ㄥ崟鍏冮渶姹傜粡 testkit 鏇胯韩鎴?DTB 搂4.5 鐧昏锛?IRD-GATE-LIB: 鐩爣 sdurws_ird_io_test 閾炬帴鏈煡鐩爣鏃?libzip::zip锛堜笉鍦?ird/妗嗘灦鍩虹嚎/gtest 璇嶈〃锛涘灞炵涓夋柟鏂板渚濊禆锛屽厛鐧昏 DTB 鍐嶆墿璇嶈〃锛?IRD-GATE-SUB: 娴嬭瘯鐩爣 sdurws_ird_io_contract_test 鐩撮摼浠栧崟鍏冧骇鍝佺洰鏍?sdurws_ird_testkit锛堝厑璁稿舰鎬佷粎鍚屽崟鍏冭娴嬬洰鏍囷紱璺ㄥ崟鍏冮渶姹傜粡 testkit 鏇胯韩鎴?DTB 搂4.5 鐧昏锛?IRD-GATE-LIB: 鐩爣 sdurws_ird_io_contract_test 閾炬帴鏈煡鐩爣鏃?libzip::zip锛堜笉鍦?ird/妗嗘灦鍩虹嚎/gtest 璇嶈〃锛涘灞炵涓夋柟鏂板渚濊禆锛屽厛鐧昏 DTB 鍐嶆墿璇嶈〃锛?IRD-GATE-LIB: 鐩爣 sdurws_ird_kinematics 閾炬帴鏈煡鐩爣鏃?Eigen3::Eigen锛堜笉鍦?ird/妗嗘灦鍩虹嚎/gtest 璇嶈〃锛涘灞炵涓夋柟鏂板渚濊禆锛屽厛鐧昏 DTB 鍐嶆墿璇嶈〃锛?IRD-GATE-R1: 涓氬姟鍩熺洰鏍囦簰閾撅細sdurws_ird_kinematics_plugin 鈫?sdurws_ird_kinematics锛圓RC-02锛汻-1 鏃犱緥澶栵級
  IRD-GATE-SUB: 琛ㄥ渚濊禆杈?kinematics->ui锛坰durws_ird_kinematics_plugin 鈫?sdurws_ird_ui锛変笉鍦?ARCH 搂3.5 鐧藉悕鍗?IRD-GATE-R1: 涓氬姟鍩熺洰鏍囦簰閾撅細sdurws_ird_kinematics_app 鈫?sdurws_ird_kinematics_plugin锛圓RC-02锛汻-1 鏃犱緥澶栵級
  IRD-GATE-SUB: 娴嬭瘯鐩爣 sdurws_ird_kinematics_test 鐩撮摼浠栧崟鍏冧骇鍝佺洰鏍?sdurws_ird_testkit锛堝厑璁稿舰鎬佷粎鍚屽崟鍏冭娴嬬洰鏍囷紱璺ㄥ崟鍏冮渶姹傜粡 testkit 鏇胯韩鎴?DTB 搂4.5 鐧昏锛?IRD-GATE-SUB: 娴嬭瘯鐩爣 sdurws_ird_kinematics_contract_test 鐩撮摼浠栧崟鍏冧骇鍝佺洰鏍?sdurws_ird_testkit锛堝厑璁稿舰鎬佷粎鍚屽崟鍏冭娴嬬洰鏍囷紱璺ㄥ崟鍏冮渶姹傜粡 testkit 鏇胯韩鎴?DTB 搂4.5 鐧昏锛?IRD-GATE-SUB: 琛ㄥ渚濊禆杈?->modeling锛坰durws_ird_demo6r 鈫?sdurws_ird_modeling锛変笉鍦?ARCH 搂3.5 鐧藉悕鍗?IRD-GATE-SUB: 琛ㄥ渚濊禆杈?->project锛坰durws_ird_demo6r 鈫?sdurws_ird_project锛変笉鍦?ARCH 搂3.5 鐧藉悕鍗?IRD-GATE-R1: 涓氬姟鍩熺洰鏍囦簰閾撅細sdurws_ird_modeling_plugin 鈫?sdurws_ird_modeling锛圓RC-02锛汻-1 鏃犱緥澶栵級
  IRD-GATE-SUB: 琛ㄥ渚濊禆杈?modeling->ui锛坰durws_ird_modeling_plugin 鈫?sdurws_ird_ui锛変笉鍦?ARCH 搂3.5 鐧藉悕鍗?IRD-GATE-R1: 涓氬姟鍩熺洰鏍囦簰閾撅細sdurws_ird_modeling_app 鈫?sdurws_ird_modeling_plugin锛圓RC-02锛汻-1 鏃犱緥澶栵級
  IRD-GATE-LIB: 鐩爣 sdurws_ird_modeling 閾炬帴鏈煡鐩爣鏃?pugixml::pugixml锛堜笉鍦?ird/妗嗘灦鍩虹嚎/gtest 璇嶈〃锛涘灞炵涓夋柟鏂板渚濊禆锛屽厛鐧昏 DTB 鍐嶆墿璇嶈〃锛?IRD-GATE-SUB: 娴嬭瘯鐩爣 sdurws_ird_modeling_test 鐩撮摼浠栧崟鍏冧骇鍝佺洰鏍?sdurws_ird_testkit锛堝厑璁稿舰鎬佷粎鍚屽崟鍏冭娴嬬洰鏍囷紱璺ㄥ崟鍏冮渶姹傜粡 testkit 鏇胯韩鎴?DTB 搂4.5 鐧昏锛?IRD-GATE-SUB: 娴嬭瘯鐩爣 sdurws_ird_modeling_contract_test 鐩撮摼浠栧崟鍏冧骇鍝佺洰鏍?sdurws_ird_testkit锛堝厑璁稿舰鎬佷粎鍚屽崟鍏冭娴嬬洰鏍囷紱璺ㄥ崟鍏冮渶姹傜粡 testkit 鏇胯韩鎴?DTB 搂4.5 鐧昏锛?IRD-GATE-SUB: 娴嬭瘯鐩爣 sdurws_ird_policy_test 鐩撮摼浠栧崟鍏冧骇鍝佺洰鏍?sdurws_ird_testkit锛堝厑璁稿舰鎬佷粎鍚屽崟鍏冭娴嬬洰鏍囷紱璺ㄥ崟鍏冮渶姹傜粡 testkit 鏇胯韩鎴?DTB 搂4.5 鐧昏锛?IRD-GATE-SUB: 娴嬭瘯鐩爣 sdurws_ird_policy_contract_test 鐩撮摼浠栧崟鍏冧骇鍝佺洰鏍?sdurws_ird_testkit锛堝厑璁稿舰鎬佷粎鍚屽崟鍏冭娴嬬洰鏍囷紱璺ㄥ崟鍏冮渶姹傜粡 testkit 鏇胯韩鎴?DTB 搂4.5 鐧昏锛?IRD-GATE-SUB: 娴嬭瘯鐩爣 sdurws_ird_project_test 鐩撮摼浠栧崟鍏冧骇鍝佺洰鏍?sdurws_ird_testkit锛堝厑璁稿舰鎬佷粎鍚屽崟鍏冭娴嬬洰鏍囷紱璺ㄥ崟鍏冮渶姹傜粡 testkit 鏇胯韩鎴?DTB 搂4.5 鐧昏锛?IRD-GATE-SUB: 娴嬭瘯鐩爣 sdurws_ird_project_contract_test 鐩撮摼浠栧崟鍏冧骇鍝佺洰鏍?sdurws_ird_testkit锛堝厑璁稿舰鎬佷粎鍚屽崟鍏冭娴嬬洰鏍囷紱璺ㄥ崟鍏冮渶姹傜粡 testkit 鏇胯韩鎴?DTB 搂4.5 鐧昏锛?IRD-GATE-SUB: 娴嬭瘯鐩爣 sdurws_ird_reporting_test 鐩撮摼浠栧崟鍏冧骇鍝佺洰鏍?sdurws_ird_testkit锛堝厑璁稿舰鎬佷粎鍚屽崟鍏冭娴嬬洰鏍囷紱璺ㄥ崟鍏冮渶姹傜粡 testkit 鏇胯韩鎴?DTB 搂4.5 鐧昏锛?IRD-GATE-SUB: 娴嬭瘯鐩爣 sdurws_ird_reporting_contract_test 鐩撮摼浠栧崟鍏冧骇鍝佺洰鏍?sdurws_ird_testkit锛堝厑璁稿舰鎬佷粎鍚屽崟鍏冭娴嬬洰鏍囷紱璺ㄥ崟鍏冮渶姹傜粡 testkit 鏇胯韩鎴?DTB 搂4.5 鐧昏锛?IRD-GATE-R1: 涓氬姟鍩熺洰鏍囦簰閾撅細sdurws_ird_requirements_plugin 鈫?sdurws_ird_requirements锛圓RC-02锛汻-1 鏃犱緥澶栵級
  IRD-GATE-SUB: 琛ㄥ渚濊禆杈?requirements->ui锛坰durws_ird_requirements_plugin 鈫?sdurws_ird_ui锛変笉鍦?ARCH 搂3.5 鐧藉悕鍗?IRD-GATE-R1: 涓氬姟鍩熺洰鏍囦簰閾撅細sdurws_ird_requirements_app 鈫?sdurws_ird_requirements_plugin锛圓RC-02锛汻-1 鏃犱緥澶栵級
  IRD-GATE-SUB: 娴嬭瘯鐩爣 sdurws_ird_requirements_test 鐩撮摼浠栧崟鍏冧骇鍝佺洰鏍?sdurws_ird_testkit锛堝厑璁稿舰鎬佷粎鍚屽崟鍏冭娴嬬洰鏍囷紱璺ㄥ崟鍏冮渶姹傜粡 testkit 鏇胯韩鎴?DTB 搂4.5 鐧昏锛?IRD-GATE-SUB: 娴嬭瘯鐩爣 sdurws_ird_requirements_contract_test 鐩撮摼浠栧崟鍏冧骇鍝佺洰鏍?sdurws_ird_testkit锛堝厑璁稿舰鎬佷粎鍚屽崟鍏冭娴嬬洰鏍囷紱璺ㄥ崟鍏冮渶姹傜粡 testkit 鏇胯韩鎴?DTB 搂4.5 鐧昏锛?IRD-GATE-SUB: 娴嬭瘯鐩爣 sdurws_ird_runtime_test 鐩撮摼浠栧崟鍏冧骇鍝佺洰鏍?sdurws_ird_testkit锛堝厑璁稿舰鎬佷粎鍚屽崟鍏冭娴嬬洰鏍囷紱璺ㄥ崟鍏冮渶姹傜粡 testkit 鏇胯韩鎴?DTB 搂4.5 鐧昏锛?IRD-GATE-SUB: 琛ㄥ渚濊禆杈?->testkit锛坰durws_ird_testdata_lint 鈫?sdurws_ird_testkit锛変笉鍦?ARCH 搂3.5 鐧藉悕鍗?IRD-GATE-T1: 浜у搧鐩爣 sdurws_ird_testdata_lint 閾炬帴 testkit锛坱estkit.md 搂2.4 T-1锛氫骇鍝佺洰鏍囦笉寰楅摼鎺?鍖呭惈 testkit锛?IRD-GATE-R3: L2 鐩爣 sdurws_ird_ui 閾炬帴 Qt 搴?Qt6::Core锛圢FR-MNT-01锛氳绠楁牳蹇冮浂 Qt锛涗緥澶栦粎 ui 鐣岄潰鐩爣褰㈡€侊級
  IRD-GATE-R3: L2 鐩爣 sdurws_ird_ui 閾炬帴 Qt 搴?Qt6::Gui锛圢FR-MNT-01锛氳绠楁牳蹇冮浂 Qt锛涗緥澶栦粎 ui 鐣岄潰鐩爣褰㈡€侊級
  IRD-GATE-R3: L2 鐩爣 sdurws_ird_ui 閾炬帴 Qt 搴?Qt6::Widgets锛圢FR-MNT-01锛氳绠楁牳蹇冮浂 Qt锛涗緥澶栦粎 ui 鐣岄潰鐩爣褰㈡€侊級
  IRD-GATE-SUB: 娴嬭瘯鐩爣 sdurws_ird_ui_test 鐩撮摼浠栧崟鍏冧骇鍝佺洰鏍?sdurws_ird_testkit锛堝厑璁稿舰鎬佷粎鍚屽崟鍏冭娴嬬洰鏍囷紱璺ㄥ崟鍏冮渶姹傜粡 testkit 鏇胯韩鎴?DTB 搂4.5 鐧昏锛?IRD-GATE-SUB: 娴嬭瘯鐩爣 sdurws_ird_ui_contract_test 鐩撮摼浠栧崟鍏冧骇鍝佺洰鏍?sdurws_ird_project锛堝厑璁稿舰鎬佷粎鍚屽崟鍏冭娴嬬洰鏍囷紱璺ㄥ崟鍏冮渶姹傜粡 testkit 鏇胯韩鎴?DTB 搂4.5 鐧昏锛?IRD-GATE-SUB: 娴嬭瘯鐩爣 sdurws_ird_ui_contract_test 鐩撮摼浠栧崟鍏冧骇鍝佺洰鏍?sdurws_ird_execution锛堝厑璁稿舰鎬佷粎鍚屽崟鍏冭娴嬬洰鏍囷紱璺ㄥ崟鍏冮渶姹傜粡 testkit 鏇胯韩鎴?DTB 搂4.5 鐧昏锛?IRD-GATE-SUB: 娴嬭瘯鐩爣 sdurws_ird_ui_contract_test 鐩撮摼浠栧崟鍏冧骇鍝佺洰鏍?sdurws_ird_diagnostics锛堝厑璁稿舰鎬佷粎鍚屽崟鍏冭娴嬬洰鏍囷紱璺ㄥ崟鍏冮渶姹傜粡 testkit 鏇胯韩鎴?DTB 搂4.5 鐧昏锛?IRD-GATE-SUB: 娴嬭瘯鐩爣 sdurws_ird_ui_contract_test 鐩撮摼浠栧崟鍏冧骇鍝佺洰鏍?sdurws_ird_testkit锛堝厑璁稿舰鎬佷粎鍚屽崟鍏冭娴嬬洰鏍囷紱璺ㄥ崟鍏冮渶姹傜粡 testkit 鏇胯韩鎴?DTB 搂4.5 鐧昏锛?IRD-GATE-SUB: 娴嬭瘯鐩爣 sdurws_ird_ui_contract_test 鐩撮摼浠栧崟鍏冧骇鍝佺洰鏍?sdurws_ird_runtime锛堝厑璁稿舰鎬佷粎鍚屽崟鍏冭娴嬬洰鏍囷紱璺ㄥ崟鍏冮渶姹傜粡 testkit 鏇胯韩鎴?DTB 搂4.5 鐧昏锛?IRD-GATE-SUB: 琛ㄥ渚濊禆杈?->ui锛坰durws_ird_ui_gui_test 鈫?sdurws_ird_ui锛変笉鍦?ARCH 搂3.5 鐧藉悕鍗?IRD-GATE-SUB: 琛ㄥ渚濊禆杈?->testkit锛坰durws_ird_ui_gui_test 鈫?sdurws_ird_testkit锛変笉鍦?ARCH 搂3.5 鐧藉悕鍗?IRD-GATE-T1: 浜у搧鐩爣 sdurws_ird_ui_gui_test 閾炬帴 testkit锛坱estkit.md 搂2.4 T-1锛氫骇鍝佺洰鏍囦笉寰楅摼鎺?鍖呭惈 testkit锛?IRD-GATE-SUB: 琛ㄥ渚濊禆杈?ui->ui锛坰durws_ird_ui_app 鈫?sdurws_ird_ui锛変笉鍦?ARCH 搂3.5 鐧藉悕鍗?IRD-GATE-SUB: 琛ㄥ渚濊禆杈?ui->project锛坰durws_ird_ui_app 鈫?sdurws_ird_project锛変笉鍦?ARCH 搂3.5 鐧藉悕鍗?IRD-GATE-SUB: 琛ㄥ渚濊禆杈?ui->ui锛坰durws_ird_ui_plugin 鈫?sdurws_ird_ui锛変笉鍦?ARCH 搂3.5 鐧藉悕鍗?IRD-GATE-SUB: 琛ㄥ渚濊禆杈?ui->project锛坰durws_ird_ui_plugin 鈫?sdurws_ird_project锛変笉鍦?ARCH 搂3.5 鐧藉悕鍗?IRD-GATE-SUB: 琛ㄥ渚濊禆杈?ui->modeling锛坰durws_ird_ui_plugin 鈫?sdurws_ird_modeling_plugin锛変笉鍦?ARCH 搂3.5 鐧藉悕鍗?IRD-GATE-SUB: 琛ㄥ渚濊禆杈?studio->ui锛坰durws_ird_studio 鈫?sdurws_ird_ui锛変笉鍦?ARCH 搂3.5 鐧藉悕鍗?IRD-GATE-SUB: 琛ㄥ渚濊禆杈?studio->project锛坰durws_ird_studio 鈫?sdurws_ird_project锛変笉鍦?ARCH 搂3.5 鐧藉悕鍗?IRD-GATE-SUB: 琛ㄥ渚濊禆杈?studio->modeling锛坰durws_ird_studio 鈫?sdurws_ird_modeling_plugin锛変笉鍦?ARCH 搂3.5 鐧藉悕鍗?IRD-GATE-R3: L2 鐩爣 sdurws_ird_studio 閾炬帴 Qt 搴?Qt6::Core锛圢FR-MNT-01锛氳绠楁牳蹇冮浂 Qt锛涗緥澶栦粎 ui 鐣岄潰鐩爣褰㈡€侊級
  IRD-GATE-R3: L2 鐩爣 sdurws_ird_studio 閾炬帴 Qt 搴?Qt6::Gui锛圢FR-MNT-01锛氳绠楁牳蹇冮浂 Qt锛涗緥澶栦粎 ui 鐣岄潰鐩爣褰㈡€侊級
  IRD-GATE-R3: L2 鐩爣 sdurws_ird_studio 閾炬帴 Qt 搴?Qt6::Widgets锛圢FR-MNT-01锛氳绠楁牳蹇冮浂 Qt锛涗緥澶栦粎 ui 鐣岄潰鐩爣褰㈡€侊級
  IRD-GATE-R4: project 浜у搧闈㈠彂鐜?RobWork 瀛楅潰閲?1 澶勶紙鐤戝墠缂€鎷兼帴/鍓ョ锛夛細D:/10_Source_Repos/21_robot/RobWork/RobWork/RobWorkStudio/src/rwslibs/industrialrobot/project/src/ProjectStoreImpl.cpp锛堜緥澶栭』 DTB 搂4.5 鐧昏锛?IRD-GATE-R3: ui 浜у搧闈㈢枒浼煎寘鍚?Qt 绫诲ご锛圦+澶у啓绾﹀畾锛夛細D:/10_Source_Repos/21_robot/RobWork/RobWork/RobWorkStudio/src/rwslibs/industrialrobot/ui/include/sdurws/ird/ui/ICommandRegistry.hpp
  IRD-GATE-R3: ui 浜у搧闈㈢枒浼煎寘鍚?Qt 绫诲ご锛圦+澶у啓绾﹀畾锛夛細D:/10_Source_Repos/21_robot/RobWork/RobWork/RobWorkStudio/src/rwslibs/industrialrobot/ui/include/sdurws/ird/ui/IGlobalShortcutRegistry.hpp
  IRD-GATE-R3: ui 浜у搧闈㈢枒浼煎寘鍚?Qt 绫诲ご锛圦+澶у啓绾﹀畾锛夛細D:/10_Source_Repos/21_robot/RobWork/RobWork/RobWorkStudio/src/rwslibs/industrialrobot/ui/src/AboutDialog.cpp
  IRD-GATE-R3: ui 浜у搧闈㈢枒浼煎寘鍚?Qt 绫诲ご锛圦+澶у啓绾﹀畾锛夛細D:/10_Source_Repos/21_robot/RobWork/RobWork/RobWorkStudio/src/rwslibs/industrialrobot/ui/src/CommandInteractionBridge.cpp
  IRD-GATE-R3: ui 浜у搧闈㈢枒浼煎寘鍚?Qt 绫诲ご锛圦+澶у啓绾﹀畾锛夛細D:/10_Source_Repos/21_robot/RobWork/RobWork/RobWorkStudio/src/rwslibs/industrialrobot/ui/src/CommandPalette.cpp
  IRD-GATE-R3: ui 浜у搧闈㈢枒浼煎寘鍚?Qt 绫诲ご锛圦+澶у啓绾﹀畾锛夛細D:/10_Source_Repos/21_robot/RobWork/RobWork/RobWorkStudio/src/rwslibs/industrialrobot/ui/src/CommandPalette_p.hpp
  IRD-GATE-R3: ui 浜у搧闈㈠寘鍚?Qt 澶达細D:/10_Source_Repos/21_robot/RobWork/RobWork/RobWorkStudio/src/rwslibs/industrialrobot/ui/src/CommandRegistry.cpp锛圢FR-MNT-01锛歀2 璁＄畻鍐呮牳闆?Qt锛?IRD-GATE-R3: ui 浜у搧闈㈢枒浼煎寘鍚?Qt 绫诲ご锛圦+澶у啓绾﹀畾锛夛細D:/10_Source_Repos/21_robot/RobWork/RobWork/RobWorkStudio/src/rwslibs/industrialrobot/ui/src/DiagnosticPresentation.cpp
  IRD-GATE-R3: ui 浜у搧闈㈠寘鍚?Qt 澶达細D:/10_Source_Repos/21_robot/RobWork/RobWork/RobWorkStudio/src/rwslibs/industrialrobot/ui/src/GlobalShortcutRegistry.cpp锛圢FR-MNT-01锛歀2 璁＄畻鍐呮牳闆?Qt锛?IRD-GATE-R3: ui 浜у搧闈㈢枒浼煎寘鍚?Qt 绫诲ご锛圦+澶у啓绾﹀畾锛夛細D:/10_Source_Repos/21_robot/RobWork/RobWork/RobWorkStudio/src/rwslibs/industrialrobot/ui/src/IndustrialProjectTree.cpp
  IRD-GATE-R3: ui 浜у搧闈㈢枒浼煎寘鍚?Qt 绫诲ご锛圦+澶у啓绾﹀畾锛夛細D:/10_Source_Repos/21_robot/RobWork/RobWork/RobWorkStudio/src/rwslibs/industrialrobot/ui/src/ParamTablePanel.cpp
  IRD-GATE-R3: ui 浜у搧闈㈢枒浼煎寘鍚?Qt 绫诲ご锛圦+澶у啓绾﹀畾锛夛細D:/10_Source_Repos/21_robot/RobWork/RobWork/RobWorkStudio/src/rwslibs/industrialrobot/ui/src/PolicySummaryCard.cpp
  IRD-GATE-R3: ui 浜у搧闈㈢枒浼煎寘鍚?Qt 绫诲ご锛圦+澶у啓绾﹀畾锛夛細D:/10_Source_Repos/21_robot/RobWork/RobWork/RobWorkStudio/src/rwslibs/industrialrobot/ui/src/PropertyInspector.cpp
  IRD-GATE-R3: ui 浜у搧闈㈢枒浼煎寘鍚?Qt 绫诲ご锛圦+澶у啓绾﹀畾锛夛細D:/10_Source_Repos/21_robot/RobWork/RobWork/RobWorkStudio/src/rwslibs/industrialrobot/ui/src/ShellSupport.cpp
  IRD-GATE-R3: ui 浜у搧闈㈢枒浼煎寘鍚?Qt 绫诲ご锛圦+澶у啓绾﹀畾锛夛細D:/10_Source_Repos/21_robot/RobWork/RobWork/RobWorkStudio/src/rwslibs/industrialrobot/ui/src/View3DPlaceholder.cpp
  IRD-GATE-R3: ui 浜у搧闈㈢枒浼煎寘鍚?Qt 绫诲ご锛圦+澶у啓绾﹀畾锛夛細D:/10_Source_Repos/21_robot/RobWork/RobWork/RobWorkStudio/src/rwslibs/industrialrobot/ui/src/WorkbenchContent.cpp
  IRD-GATE-R3: ui 浜у搧闈㈢枒浼煎寘鍚?Qt 绫诲ご锛圦+澶у啓绾﹀畾锛夛細D:/10_Source_Repos/21_robot/RobWork/RobWork/RobWorkStudio/src/rwslibs/industrialrobot/ui/src/WorkbenchContent_p.hpp
  IRD-GATE-R3: ui 浜у搧闈㈢枒浼煎寘鍚?Qt 绫诲ご锛圦+澶у啓绾﹀畾锛夛細D:/10_Source_Repos/21_robot/RobWork/RobWork/RobWorkStudio/src/rwslibs/industrialrobot/ui/src/WorkbenchShell.cpp
  IRD-GATE-R3: ui 浜у搧闈㈢枒浼煎寘鍚?Qt 绫诲ご锛圦+澶у啓绾﹀畾锛夛細D:/10_Source_Repos/21_robot/RobWork/RobWork/RobWorkStudio/src/rwslibs/industrialrobot/ui/src/WorkbenchShell_p.hpp
  [ird_gates] 鑷祴 pass_clean锛氬共鍑€澶瑰叿閫氳繃锛堟棤璇姤锛?[ird_gates] 鑷祴 pass_r4comment锛氬共鍑€澶瑰叿閫氳繃锛堟棤璇姤锛?[ird_gates] 鑷祴 fail_r1锛氭寜棰勬湡妫€鍑?IRD-GATE-R1
  [ird_gates] 鑷祴 fail_t1锛氭寜棰勬湡妫€鍑?IRD-GATE-T1
  [ird_gates] 鑷祴 fail_r5锛氭寜棰勬湡妫€鍑?IRD-GATE-R5
  [ird_gates] 鑷祴 fail_sub锛氭寜棰勬湡妫€鍑?IRD-GATE-SUB
  [ird_gates] 鑷祴 fail_r3锛氭寜棰勬湡妫€鍑?IRD-GATE-R3
  [ird_gates] 鑷祴 fail_r4锛氭寜棰勬湡妫€鍑?IRD-GATE-R4
  [ird_gates] 鑷祴 fail_t2锛氭寜棰勬湡妫€鍑?IRD-GATE-T2
  ==============================================================
  [ird_gates] 鎵弿鏍癸細D:/10_Source_Repos/21_robot/RobWork/RobWork/RobWorkStudio/src/rwslibs/industrialrobot
  [ird_gates] 鍛戒腑 82 椤癸細
  [ird_gates] IRD-GATE-SUB: 娴嬭瘯鐩爣 sdurws_ird_diagnostics_contract_test 鐩撮摼浠栧崟鍏冧骇鍝佺洰鏍?sdurws_ird_testkit锛堝厑璁稿舰鎬佷粎鍚屽崟鍏冭娴嬬洰鏍囷紱璺ㄥ崟鍏冮渶姹傜粡 testkit 鏇胯韩鎴?DTB 搂4.5 鐧昏锛?[ird_gates] IRD-GATE-SUB: 娴嬭瘯鐩爣 sdurws_ird_evidence_test 鐩撮摼浠栧崟鍏冧骇鍝佺洰鏍?sdurws_ird_testkit锛堝厑璁稿舰鎬佷粎鍚屽崟鍏冭娴嬬洰鏍囷紱璺ㄥ崟鍏冮渶姹傜粡 testkit 鏇胯韩鎴?DTB 搂4.5 鐧昏锛?[ird_gates] IRD-GATE-SUB: 娴嬭瘯鐩爣 sdurws_ird_evidence_contract_test 鐩撮摼浠栧崟鍏冧骇鍝佺洰鏍?sdurws_ird_testkit锛堝厑璁稿舰鎬佷粎鍚屽崟鍏冭娴嬬洰鏍囷紱璺ㄥ崟鍏冮渶姹傜粡 testkit 鏇胯韩鎴?DTB 搂4.5 鐧昏锛?[ird_gates] IRD-GATE-SUB: 娴嬭瘯鐩爣 sdurws_ird_execution_test 鐩撮摼浠栧崟鍏冧骇鍝佺洰鏍?sdurws_ird_testkit锛堝厑璁稿舰鎬佷粎鍚屽崟鍏冭娴嬬洰鏍囷紱璺ㄥ崟鍏冮渶姹傜粡 testkit 鏇胯韩鎴?DTB 搂4.5 鐧昏锛?[ird_gates] IRD-GATE-SUB: 娴嬭瘯鐩爣 sdurws_ird_execution_contract_test 鐩撮摼浠栧崟鍏冧骇鍝佺洰鏍?sdurws_ird_testkit锛堝厑璁稿舰鎬佷粎鍚屽崟鍏冭娴嬬洰鏍囷紱璺ㄥ崟鍏冮渶姹傜粡 testkit 鏇胯韩鎴?DTB 搂4.5 鐧昏锛?[ird_gates] IRD-GATE-LIB: 鐩爣 sdurws_ird_io 閾炬帴鏈煡鐩爣鏃?libzip::zip锛堜笉鍦?ird/妗嗘灦鍩虹嚎/gtest 璇嶈〃锛涘灞炵涓夋柟鏂板渚濊禆锛屽厛鐧昏 DTB 鍐嶆墿璇嶈〃锛?[ird_gates] IRD-GATE-LIB: 鐩爣 sdurws_ird_io 閾炬帴鏈煡鐩爣鏃?expat::expat锛堜笉鍦?ird/妗嗘灦鍩虹嚎/gtest 璇嶈〃锛涘灞炵涓夋柟鏂板渚濊禆锛屽厛鐧昏 DTB 鍐嶆墿璇嶈〃锛?[ird_gates] IRD-GATE-SUB: 娴嬭瘯鐩爣 sdurws_ird_io_test 鐩撮摼浠栧崟鍏冧骇鍝佺洰鏍?sdurws_ird_testkit锛堝厑璁稿舰鎬佷粎鍚屽崟鍏冭娴嬬洰鏍囷紱璺ㄥ崟鍏冮渶姹傜粡 testkit 鏇胯韩鎴?DTB 搂4.5 鐧昏锛?[ird_gates] IRD-GATE-LIB: 鐩爣 sdurws_ird_io_test 閾炬帴鏈煡鐩爣鏃?libzip::zip锛堜笉鍦?ird/妗嗘灦鍩虹嚎/gtest 璇嶈〃锛涘灞炵涓夋柟鏂板渚濊禆锛屽厛鐧昏 DTB 鍐嶆墿璇嶈〃锛?[ird_gates] IRD-GATE-SUB: 娴嬭瘯鐩爣 sdurws_ird_io_contract_test 鐩撮摼浠栧崟鍏冧骇鍝佺洰鏍?sdurws_ird_testkit锛堝厑璁稿舰鎬佷粎鍚屽崟鍏冭娴嬬洰鏍囷紱璺ㄥ崟鍏冮渶姹傜粡 testkit 鏇胯韩鎴?DTB 搂4.5 鐧昏锛?[ird_gates] IRD-GATE-LIB: 鐩爣 sdurws_ird_io_contract_test 閾炬帴鏈煡鐩爣鏃?libzip::zip锛堜笉鍦?ird/妗嗘灦鍩虹嚎/gtest 璇嶈〃锛涘灞炵涓夋柟鏂板渚濊禆锛屽厛鐧昏 DTB 鍐嶆墿璇嶈〃锛?[ird_gates] IRD-GATE-LIB: 鐩爣 sdurws_ird_kinematics 閾炬帴鏈煡鐩爣鏃?Eigen3::Eigen锛堜笉鍦?ird/妗嗘灦鍩虹嚎/gtest 璇嶈〃锛涘灞炵涓夋柟鏂板渚濊禆锛屽厛鐧昏 DTB 鍐嶆墿璇嶈〃锛?[ird_gates] IRD-GATE-R1: 涓氬姟鍩熺洰鏍囦簰閾撅細sdurws_ird_kinematics_plugin 鈫?sdurws_ird_kinematics锛圓RC-02锛汻-1 鏃犱緥澶栵級
  [ird_gates] IRD-GATE-SUB: 琛ㄥ渚濊禆杈?kinematics->ui锛坰durws_ird_kinematics_plugin 鈫?sdurws_ird_ui锛変笉鍦?ARCH 搂3.5 鐧藉悕鍗?[ird_gates] IRD-GATE-R1: 涓氬姟鍩熺洰鏍囦簰閾撅細sdurws_ird_kinematics_app 鈫?sdurws_ird_kinematics_plugin锛圓RC-02锛汻-1 鏃犱緥澶栵級
  [ird_gates] IRD-GATE-SUB: 娴嬭瘯鐩爣 sdurws_ird_kinematics_test 鐩撮摼浠栧崟鍏冧骇鍝佺洰鏍?sdurws_ird_testkit锛堝厑璁稿舰鎬佷粎鍚屽崟鍏冭娴嬬洰鏍囷紱璺ㄥ崟鍏冮渶姹傜粡 testkit 鏇胯韩鎴?DTB 搂4.5 鐧昏锛?[ird_gates] IRD-GATE-SUB: 娴嬭瘯鐩爣 sdurws_ird_kinematics_contract_test 鐩撮摼浠栧崟鍏冧骇鍝佺洰鏍?sdurws_ird_testkit锛堝厑璁稿舰鎬佷粎鍚屽崟鍏冭娴嬬洰鏍囷紱璺ㄥ崟鍏冮渶姹傜粡 testkit 鏇胯韩鎴?DTB 搂4.5 鐧昏锛?[ird_gates] IRD-GATE-SUB: 琛ㄥ渚濊禆杈?->modeling锛坰durws_ird_demo6r 鈫?sdurws_ird_modeling锛変笉鍦?ARCH 搂3.5 鐧藉悕鍗?[ird_gates] IRD-GATE-SUB: 琛ㄥ渚濊禆杈?->project锛坰durws_ird_demo6r 鈫?sdurws_ird_project锛変笉鍦?ARCH 搂3.5 鐧藉悕鍗?[ird_gates] IRD-GATE-R1: 涓氬姟鍩熺洰鏍囦簰閾撅細sdurws_ird_modeling_plugin 鈫?sdurws_ird_modeling锛圓RC-02锛汻-1 鏃犱緥澶栵級
  [ird_gates] IRD-GATE-SUB: 琛ㄥ渚濊禆杈?modeling->ui锛坰durws_ird_modeling_plugin 鈫?sdurws_ird_ui锛変笉鍦?ARCH 搂3.5 鐧藉悕鍗?[ird_gates] IRD-GATE-R1: 涓氬姟鍩熺洰鏍囦簰閾撅細sdurws_ird_modeling_app 鈫?sdurws_ird_modeling_plugin锛圓RC-02锛汻-1 鏃犱緥澶栵級
  [ird_gates] IRD-GATE-LIB: 鐩爣 sdurws_ird_modeling 閾炬帴鏈煡鐩爣鏃?pugixml::pugixml锛堜笉鍦?ird/妗嗘灦鍩虹嚎/gtest 璇嶈〃锛涘灞炵涓夋柟鏂板渚濊禆锛屽厛鐧昏 DTB 鍐嶆墿璇嶈〃锛?[ird_gates] IRD-GATE-SUB: 娴嬭瘯鐩爣 sdurws_ird_modeling_test 鐩撮摼浠栧崟鍏冧骇鍝佺洰鏍?sdurws_ird_testkit锛堝厑璁稿舰鎬佷粎鍚屽崟鍏冭娴嬬洰鏍囷紱璺ㄥ崟鍏冮渶姹傜粡 testkit 鏇胯韩鎴?DTB 搂4.5 鐧昏锛?[ird_gates] IRD-GATE-SUB: 娴嬭瘯鐩爣 sdurws_ird_modeling_contract_test 鐩撮摼浠栧崟鍏冧骇鍝佺洰鏍?sdurws_ird_testkit锛堝厑璁稿舰鎬佷粎鍚屽崟鍏冭娴嬬洰鏍囷紱璺ㄥ崟鍏冮渶姹傜粡 testkit 鏇胯韩鎴?DTB 搂4.5 鐧昏锛?[ird_gates] IRD-GATE-SUB: 娴嬭瘯鐩爣 sdurws_ird_policy_test 鐩撮摼浠栧崟鍏冧骇鍝佺洰鏍?sdurws_ird_testkit锛堝厑璁稿舰鎬佷粎鍚屽崟鍏冭娴嬬洰鏍囷紱璺ㄥ崟鍏冮渶姹傜粡 testkit 鏇胯韩鎴?DTB 搂4.5 鐧昏锛?[ird_gates] IRD-GATE-SUB: 娴嬭瘯鐩爣 sdurws_ird_policy_contract_test 鐩撮摼浠栧崟鍏冧骇鍝佺洰鏍?sdurws_ird_testkit锛堝厑璁稿舰鎬佷粎鍚屽崟鍏冭娴嬬洰鏍囷紱璺ㄥ崟鍏冮渶姹傜粡 testkit 鏇胯韩鎴?DTB 搂4.5 鐧昏锛?[ird_gates] IRD-GATE-SUB: 娴嬭瘯鐩爣 sdurws_ird_project_test 鐩撮摼浠栧崟鍏冧骇鍝佺洰鏍?sdurws_ird_testkit锛堝厑璁稿舰鎬佷粎鍚屽崟鍏冭娴嬬洰鏍囷紱璺ㄥ崟鍏冮渶姹傜粡 testkit 鏇胯韩鎴?DTB 搂4.5 鐧昏锛?[ird_gates] IRD-GATE-SUB: 娴嬭瘯鐩爣 sdurws_ird_project_contract_test 鐩撮摼浠栧崟鍏冧骇鍝佺洰鏍?sdurws_ird_testkit锛堝厑璁稿舰鎬佷粎鍚屽崟鍏冭娴嬬洰鏍囷紱璺ㄥ崟鍏冮渶姹傜粡 testkit 鏇胯韩鎴?DTB 搂4.5 鐧昏锛?[ird_gates] IRD-GATE-SUB: 娴嬭瘯鐩爣 sdurws_ird_reporting_test 鐩撮摼浠栧崟鍏冧骇鍝佺洰鏍?sdurws_ird_testkit锛堝厑璁稿舰鎬佷粎鍚屽崟鍏冭娴嬬洰鏍囷紱璺ㄥ崟鍏冮渶姹傜粡 testkit 鏇胯韩鎴?DTB 搂4.5 鐧昏锛?[ird_gates] IRD-GATE-SUB: 娴嬭瘯鐩爣 sdurws_ird_reporting_contract_test 鐩撮摼浠栧崟鍏冧骇鍝佺洰鏍?sdurws_ird_testkit锛堝厑璁稿舰鎬佷粎鍚屽崟鍏冭娴嬬洰鏍囷紱璺ㄥ崟鍏冮渶姹傜粡 testkit 鏇胯韩鎴?DTB 搂4.5 鐧昏锛?[ird_gates] IRD-GATE-R1: 涓氬姟鍩熺洰鏍囦簰閾撅細sdurws_ird_requirements_plugin 鈫?sdurws_ird_requirements锛圓RC-02锛汻-1 鏃犱緥澶栵級
  [ird_gates] IRD-GATE-SUB: 琛ㄥ渚濊禆杈?requirements->ui锛坰durws_ird_requirements_plugin 鈫?sdurws_ird_ui锛変笉鍦?ARCH 搂3.5 鐧藉悕鍗?[ird_gates] IRD-GATE-R1: 涓氬姟鍩熺洰鏍囦簰閾撅細sdurws_ird_requirements_app 鈫?sdurws_ird_requirements_plugin锛圓RC-02锛汻-1 鏃犱緥澶栵級
  [ird_gates] IRD-GATE-SUB: 娴嬭瘯鐩爣 sdurws_ird_requirements_test 鐩撮摼浠栧崟鍏冧骇鍝佺洰鏍?sdurws_ird_testkit锛堝厑璁稿舰鎬佷粎鍚屽崟鍏冭娴嬬洰鏍囷紱璺ㄥ崟鍏冮渶姹傜粡 testkit 鏇胯韩鎴?DTB 搂4.5 鐧昏锛?[ird_gates] IRD-GATE-SUB: 娴嬭瘯鐩爣 sdurws_ird_requirements_contract_test 鐩撮摼浠栧崟鍏冧骇鍝佺洰鏍?sdurws_ird_testkit锛堝厑璁稿舰鎬佷粎鍚屽崟鍏冭娴嬬洰鏍囷紱璺ㄥ崟鍏冮渶姹傜粡 testkit 鏇胯韩鎴?DTB 搂4.5 鐧昏锛?[ird_gates] IRD-GATE-SUB: 娴嬭瘯鐩爣 sdurws_ird_runtime_test 鐩撮摼浠栧崟鍏冧骇鍝佺洰鏍?sdurws_ird_testkit锛堝厑璁稿舰鎬佷粎鍚屽崟鍏冭娴嬬洰鏍囷紱璺ㄥ崟鍏冮渶姹傜粡 testkit 鏇胯韩鎴?DTB 搂4.5 鐧昏锛?[ird_gates] IRD-GATE-SUB: 琛ㄥ渚濊禆杈?->testkit锛坰durws_ird_testdata_lint 鈫?sdurws_ird_testkit锛変笉鍦?ARCH 搂3.5 鐧藉悕鍗?[ird_gates] IRD-GATE-T1: 浜у搧鐩爣 sdurws_ird_testdata_lint 閾炬帴 testkit锛坱estkit.md 搂2.4 T-1锛氫骇鍝佺洰鏍囦笉寰楅摼鎺?鍖呭惈 testkit锛?[ird_gates] IRD-GATE-R3: L2 鐩爣 sdurws_ird_ui 閾炬帴 Qt 搴?Qt6::Core锛圢FR-MNT-01锛氳绠楁牳蹇冮浂 Qt锛涗緥澶栦粎 ui 鐣岄潰鐩爣褰㈡€侊級
  [ird_gates] IRD-GATE-R3: L2 鐩爣 sdurws_ird_ui 閾炬帴 Qt 搴?Qt6::Gui锛圢FR-MNT-01锛氳绠楁牳蹇冮浂 Qt锛涗緥澶栦粎 ui 鐣岄潰鐩爣褰㈡€侊級
  [ird_gates] IRD-GATE-R3: L2 鐩爣 sdurws_ird_ui 閾炬帴 Qt 搴?Qt6::Widgets锛圢FR-MNT-01锛氳绠楁牳蹇冮浂 Qt锛涗緥澶栦粎 ui 鐣岄潰鐩爣褰㈡€侊級
  [ird_gates] IRD-GATE-SUB: 娴嬭瘯鐩爣 sdurws_ird_ui_test 鐩撮摼浠栧崟鍏冧骇鍝佺洰鏍?sdurws_ird_testkit锛堝厑璁稿舰鎬佷粎鍚屽崟鍏冭娴嬬洰鏍囷紱璺ㄥ崟鍏冮渶姹傜粡 testkit 鏇胯韩鎴?DTB 搂4.5 鐧昏锛?[ird_gates] IRD-GATE-SUB: 娴嬭瘯鐩爣 sdurws_ird_ui_contract_test 鐩撮摼浠栧崟鍏冧骇鍝佺洰鏍?sdurws_ird_project锛堝厑璁稿舰鎬佷粎鍚屽崟鍏冭娴嬬洰鏍囷紱璺ㄥ崟鍏冮渶姹傜粡 testkit 鏇胯韩鎴?DTB 搂4.5 鐧昏锛?[ird_gates] IRD-GATE-SUB: 娴嬭瘯鐩爣 sdurws_ird_ui_contract_test 鐩撮摼浠栧崟鍏冧骇鍝佺洰鏍?sdurws_ird_execution锛堝厑璁稿舰鎬佷粎鍚屽崟鍏冭娴嬬洰鏍囷紱璺ㄥ崟鍏冮渶姹傜粡 testkit 鏇胯韩鎴?DTB 搂4.5 鐧昏锛?[ird_gates] IRD-GATE-SUB: 娴嬭瘯鐩爣 sdurws_ird_ui_contract_test 鐩撮摼浠栧崟鍏冧骇鍝佺洰鏍?sdurws_ird_diagnostics锛堝厑璁稿舰鎬佷粎鍚屽崟鍏冭娴嬬洰鏍囷紱璺ㄥ崟鍏冮渶姹傜粡 testkit 鏇胯韩鎴?DTB 搂4.5 鐧昏锛?[ird_gates] IRD-GATE-SUB: 娴嬭瘯鐩爣 sdurws_ird_ui_contract_test 鐩撮摼浠栧崟鍏冧骇鍝佺洰鏍?sdurws_ird_testkit锛堝厑璁稿舰鎬佷粎鍚屽崟鍏冭娴嬬洰鏍囷紱璺ㄥ崟鍏冮渶姹傜粡 testkit 鏇胯韩鎴?DTB 搂4.5 鐧昏锛?[ird_gates] IRD-GATE-SUB: 娴嬭瘯鐩爣 sdurws_ird_ui_contract_test 鐩撮摼浠栧崟鍏冧骇鍝佺洰鏍?sdurws_ird_runtime锛堝厑璁稿舰鎬佷粎鍚屽崟鍏冭娴嬬洰鏍囷紱璺ㄥ崟鍏冮渶姹傜粡 testkit 鏇胯韩鎴?DTB 搂4.5 鐧昏锛?[ird_gates] IRD-GATE-SUB: 琛ㄥ渚濊禆杈?->ui锛坰durws_ird_ui_gui_test 鈫?sdurws_ird_ui锛変笉鍦?ARCH 搂3.5 鐧藉悕鍗?[ird_gates] IRD-GATE-SUB: 琛ㄥ渚濊禆杈?->testkit锛坰durws_ird_ui_gui_test 鈫?sdurws_ird_testkit锛変笉鍦?ARCH 搂3.5 鐧藉悕鍗?[ird_gates] IRD-GATE-T1: 浜у搧鐩爣 sdurws_ird_ui_gui_test 閾炬帴 testkit锛坱estkit.md 搂2.4 T-1锛氫骇鍝佺洰鏍囦笉寰楅摼鎺?鍖呭惈 testkit锛?[ird_gates] IRD-GATE-SUB: 琛ㄥ渚濊禆杈?ui->ui锛坰durws_ird_ui_app 鈫?sdurws_ird_ui锛変笉鍦?ARCH 搂3.5 鐧藉悕鍗?[ird_gates] IRD-GATE-SUB: 琛ㄥ渚濊禆杈?ui->project锛坰durws_ird_ui_app 鈫?sdurws_ird_project锛変笉鍦?ARCH 搂3.5 鐧藉悕鍗?[ird_gates] IRD-GATE-SUB: 琛ㄥ渚濊禆杈?ui->ui锛坰durws_ird_ui_plugin 鈫?sdurws_ird_ui锛変笉鍦?ARCH 搂3.5 鐧藉悕鍗?[ird_gates] IRD-GATE-SUB: 琛ㄥ渚濊禆杈?ui->project锛坰durws_ird_ui_plugin 鈫?sdurws_ird_project锛変笉鍦?ARCH 搂3.5 鐧藉悕鍗?[ird_gates] IRD-GATE-SUB: 琛ㄥ渚濊禆杈?ui->modeling锛坰durws_ird_ui_plugin 鈫?sdurws_ird_modeling_plugin锛変笉鍦?ARCH 搂3.5 鐧藉悕鍗?[ird_gates] IRD-GATE-SUB: 琛ㄥ渚濊禆杈?studio->ui锛坰durws_ird_studio 鈫?sdurws_ird_ui锛変笉鍦?ARCH 搂3.5 鐧藉悕鍗?[ird_gates] IRD-GATE-SUB: 琛ㄥ渚濊禆杈?studio->project锛坰durws_ird_studio 鈫?sdurws_ird_project锛変笉鍦?ARCH 搂3.5 鐧藉悕鍗?[ird_gates] IRD-GATE-SUB: 琛ㄥ渚濊禆杈?studio->modeling锛坰durws_ird_studio 鈫?sdurws_ird_modeling_plugin锛変笉鍦?ARCH 搂3.5 鐧藉悕鍗?[ird_gates] IRD-GATE-R3: L2 鐩爣 sdurws_ird_studio 閾炬帴 Qt 搴?Qt6::Core锛圢FR-MNT-01锛氳绠楁牳蹇冮浂 Qt锛涗緥澶栦粎 ui 鐣岄潰鐩爣褰㈡€侊級
  [ird_gates] IRD-GATE-R3: L2 鐩爣 sdurws_ird_studio 閾炬帴 Qt 搴?Qt6::Gui锛圢FR-MNT-01锛氳绠楁牳蹇冮浂 Qt锛涗緥澶栦粎 ui 鐣岄潰鐩爣褰㈡€侊級
  [ird_gates] IRD-GATE-R3: L2 鐩爣 sdurws_ird_studio 閾炬帴 Qt 搴?Qt6::Widgets锛圢FR-MNT-01锛氳绠楁牳蹇冮浂 Qt锛涗緥澶栦粎 ui 鐣岄潰鐩爣褰㈡€侊級
  [ird_gates] IRD-GATE-R4: project 浜у搧闈㈠彂鐜?RobWork 瀛楅潰閲?1 澶勶紙鐤戝墠缂€鎷兼帴/鍓ョ锛夛細D:/10_Source_Repos/21_robot/RobWork/RobWork/RobWorkStudio/src/rwslibs/industrialrobot/project/src/ProjectStoreImpl.cpp锛堜緥澶栭』 DTB 搂4.5 鐧昏锛?[ird_gates] IRD-GATE-R3: ui 浜у搧闈㈢枒浼煎寘鍚?Qt 绫诲ご锛圦+澶у啓绾﹀畾锛夛細D:/10_Source_Repos/21_robot/RobWork/RobWork/RobWorkStudio/src/rwslibs/industrialrobot/ui/include/sdurws/ird/ui/ICommandRegistry.hpp
  [ird_gates] IRD-GATE-R3: ui 浜у搧闈㈢枒浼煎寘鍚?Qt 绫诲ご锛圦+澶у啓绾﹀畾锛夛細D:/10_Source_Repos/21_robot/RobWork/RobWork/RobWorkStudio/src/rwslibs/industrialrobot/ui/include/sdurws/ird/ui/IGlobalShortcutRegistry.hpp
  [ird_gates] IRD-GATE-R3: ui 浜у搧闈㈢枒浼煎寘鍚?Qt 绫诲ご锛圦+澶у啓绾﹀畾锛夛細D:/10_Source_Repos/21_robot/RobWork/RobWork/RobWorkStudio/src/rwslibs/industrialrobot/ui/src/AboutDialog.cpp
  [ird_gates] IRD-GATE-R3: ui 浜у搧闈㈢枒浼煎寘鍚?Qt 绫诲ご锛圦+澶у啓绾﹀畾锛夛細D:/10_Source_Repos/21_robot/RobWork/RobWork/RobWorkStudio/src/rwslibs/industrialrobot/ui/src/CommandInteractionBridge.cpp
  [ird_gates] IRD-GATE-R3: ui 浜у搧闈㈢枒浼煎寘鍚?Qt 绫诲ご锛圦+澶у啓绾﹀畾锛夛細D:/10_Source_Repos/21_robot/RobWork/RobWork/RobWorkStudio/src/rwslibs/industrialrobot/ui/src/CommandPalette.cpp
  [ird_gates] IRD-GATE-R3: ui 浜у搧闈㈢枒浼煎寘鍚?Qt 绫诲ご锛圦+澶у啓绾﹀畾锛夛細D:/10_Source_Repos/21_robot/RobWork/RobWork/RobWorkStudio/src/rwslibs/industrialrobot/ui/src/CommandPalette_p.hpp
  [ird_gates] IRD-GATE-R3: ui 浜у搧闈㈠寘鍚?Qt 澶达細D:/10_Source_Repos/21_robot/RobWork/RobWork/RobWorkStudio/src/rwslibs/industrialrobot/ui/src/CommandRegistry.cpp锛圢FR-MNT-01锛歀2 璁＄畻鍐呮牳闆?Qt锛?[ird_gates] IRD-GATE-R3: ui 浜у搧闈㈢枒浼煎寘鍚?Qt 绫诲ご锛圦+澶у啓绾﹀畾锛夛細D:/10_Source_Repos/21_robot/RobWork/RobWork/RobWorkStudio/src/rwslibs/industrialrobot/ui/src/DiagnosticPresentation.cpp
  [ird_gates] IRD-GATE-R3: ui 浜у搧闈㈠寘鍚?Qt 澶达細D:/10_Source_Repos/21_robot/RobWork/RobWork/RobWorkStudio/src/rwslibs/industrialrobot/ui/src/GlobalShortcutRegistry.cpp锛圢FR-MNT-01锛歀2 璁＄畻鍐呮牳闆?Qt锛?[ird_gates] IRD-GATE-R3: ui 浜у搧闈㈢枒浼煎寘鍚?Qt 绫诲ご锛圦+澶у啓绾﹀畾锛夛細D:/10_Source_Repos/21_robot/RobWork/RobWork/RobWorkStudio/src/rwslibs/industrialrobot/ui/src/IndustrialProjectTree.cpp
  [ird_gates] IRD-GATE-R3: ui 浜у搧闈㈢枒浼煎寘鍚?Qt 绫诲ご锛圦+澶у啓绾﹀畾锛夛細D:/10_Source_Repos/21_robot/RobWork/RobWork/RobWorkStudio/src/rwslibs/industrialrobot/ui/src/ParamTablePanel.cpp
  [ird_gates] IRD-GATE-R3: ui 浜у搧闈㈢枒浼煎寘鍚?Qt 绫诲ご锛圦+澶у啓绾﹀畾锛夛細D:/10_Source_Repos/21_robot/RobWork/RobWork/RobWorkStudio/src/rwslibs/industrialrobot/ui/src/PolicySummaryCard.cpp
  [ird_gates] IRD-GATE-R3: ui 浜у搧闈㈢枒浼煎寘鍚?Qt 绫诲ご锛圦+澶у啓绾﹀畾锛夛細D:/10_Source_Repos/21_robot/RobWork/RobWork/RobWorkStudio/src/rwslibs/industrialrobot/ui/src/PropertyInspector.cpp
  [ird_gates] IRD-GATE-R3: ui 浜у搧闈㈢枒浼煎寘鍚?Qt 绫诲ご锛圦+澶у啓绾﹀畾锛夛細D:/10_Source_Repos/21_robot/RobWork/RobWork/RobWorkStudio/src/rwslibs/industrialrobot/ui/src/ShellSupport.cpp
  [ird_gates] IRD-GATE-R3: ui 浜у搧闈㈢枒浼煎寘鍚?Qt 绫诲ご锛圦+澶у啓绾﹀畾锛夛細D:/10_Source_Repos/21_robot/RobWork/RobWork/RobWorkStudio/src/rwslibs/industrialrobot/ui/src/View3DPlaceholder.cpp
  [ird_gates] IRD-GATE-R3: ui 浜у搧闈㈢枒浼煎寘鍚?Qt 绫诲ご锛圦+澶у啓绾﹀畾锛夛細D:/10_Source_Repos/21_robot/RobWork/RobWork/RobWorkStudio/src/rwslibs/industrialrobot/ui/src/WorkbenchContent.cpp
  [ird_gates] IRD-GATE-R3: ui 浜у搧闈㈢枒浼煎寘鍚?Qt 绫诲ご锛圦+澶у啓绾﹀畾锛夛細D:/10_Source_Repos/21_robot/RobWork/RobWork/RobWorkStudio/src/rwslibs/industrialrobot/ui/src/WorkbenchContent_p.hpp
  [ird_gates] IRD-GATE-R3: ui 浜у搧闈㈢枒浼煎寘鍚?Qt 绫诲ご锛圦+澶у啓绾﹀畾锛夛細D:/10_Source_Repos/21_robot/RobWork/RobWork/RobWorkStudio/src/rwslibs/industrialrobot/ui/src/WorkbenchShell.cpp
  [ird_gates] IRD-GATE-R3: ui 浜у搧闈㈢枒浼煎寘鍚?Qt 绫诲ご锛圦+澶у啓绾﹀畾锛夛細D:/10_Source_Repos/21_robot/RobWork/RobWork/RobWorkStudio/src/rwslibs/industrialrobot/ui/src/WorkbenchShell_p.hpp
  ==============================================================
  CMake Error at cmake/ird_gates.cmake:767 (message):
    [ird_gates] 渚濊禆绾㈢嚎/琛ヤ竵闂ㄧ瀛樺湪 82 澶勫懡涓€斺€旀寜 ARCH
    搂3.2 SA-10 鍒ゆ瀯寤哄け璐ワ紱渚嬪鍙粡 DTB 搂4.5 鐧昏鍐?
  
D:\software\Microsoft Visual Studio\2022\Community\MSBuild\Microsoft\VC\v170\Microsoft.CppCommon.targets(254,5): error MSB8066: “D:\10_Source_Repos\21_robot\RobWork\build\CMakeFiles\e40f33939983c9e6b16d79306cec3367\ird_gates.rule”的自定义生成已退出，代码为 1。 [D:\10_Source_Repos\21_robot\RobWork\build\RobWorkStudio\src\rwslibs\industrialrobot\ird_gates.vcxproj]
