[==========] Running 8 tests from 2 test suites.
[----------] Global test environment set-up.
[----------] 5 tests from MdlBuildGraph
[ RUN      ] MdlBuildGraph.UnitEdgesSixRegisteredAndClosed_WP13T02_ACC2_ACC3
[       OK ] MdlBuildGraph.UnitEdgesSixRegisteredAndClosed_WP13T02_ACC2_ACC3 (0 ms)
[ RUN      ] MdlBuildGraph.SixRegisteredEdgesPresent_WP13T02_ACC3
[       OK ] MdlBuildGraph.SixRegisteredEdgesPresent_WP13T02_ACC3 (0 ms)
[ RUN      ] MdlBuildGraph.NoBusinessUnitOrExtraPlatformEdge_WP13T02_ACC2
[       OK ] MdlBuildGraph.NoBusinessUnitOrExtraPlatformEdge_WP13T02_ACC2 (1 ms)
[ RUN      ] MdlBuildGraph.NoTestkitEdgeOnProductTarget_WP13T02_ACC2
[       OK ] MdlBuildGraph.NoTestkitEdgeOnProductTarget_WP13T02_ACC2 (0 ms)
[ RUN      ] MdlBuildGraph.IncludeFaceMatchesRegisteredEdges_WP13T02_ACC3
[       OK ] MdlBuildGraph.IncludeFaceMatchesRegisteredEdges_WP13T02_ACC3 (14 ms)
[----------] 5 tests from MdlBuildGraph (18 ms total)

[----------] 3 tests from MdlDescriptionBridgeContract
[ RUN      ] MdlDescriptionBridgeContract.DescriptionFieldSetAlignment_WP13T12_ACC3
[       OK ] MdlDescriptionBridgeContract.DescriptionFieldSetAlignment_WP13T12_ACC3 (1 ms)
[ RUN      ] MdlDescriptionBridgeContract.SchemaVersionSameSourceAsContractVersion_WP13T12_ACC3
[       OK ] MdlDescriptionBridgeContract.SchemaVersionSameSourceAsContractVersion_WP13T12_ACC3 (0 ms)
[ RUN      ] MdlDescriptionBridgeContract.ReaderFailureTrackIsValueFace_WP13T12_ACC3
[       OK ] MdlDescriptionBridgeContract.ReaderFailureTrackIsValueFace_WP13T12_ACC3 (0 ms)
[----------] 3 tests from MdlDescriptionBridgeContract (1 ms total)

[----------] Global test environment tear-down
[==========] 8 tests from 2 test suites ran. (19 ms total)
[  PASSED  ] 8 tests.
