[==========] Running 237 tests from 22 test suites.
[----------] Global test environment set-up.
[----------] 6 tests from UiBuild
[ RUN      ] UiBuild.SourceTreeReachable_UI_BUILD
[       OK ] UiBuild.SourceTreeReachable_UI_BUILD (1 ms)
[ RUN      ] UiBuild.PlacementStaticRegistration_UI_BUILD
[       OK ] UiBuild.PlacementStaticRegistration_UI_BUILD (0 ms)
[ RUN      ] UiBuild.QtLinkageLiteralAndExceptionText_UI_BUILD
[       OK ] UiBuild.QtLinkageLiteralAndExceptionText_UI_BUILD (0 ms)
[ RUN      ] UiBuild.NoCrossUnitInclude_O31_UI_BUILD
[       OK ] UiBuild.NoCrossUnitInclude_O31_UI_BUILD (19 ms)
[ RUN      ] UiBuild.NoRobWorkPrefixLiteral_R4_UI_BUILD
[       OK ] UiBuild.NoRobWorkPrefixLiteral_R4_UI_BUILD (23 ms)
[ RUN      ] UiBuild.NoGlobalShortcutPrivatization_SA16_UI_BUILD
[       OK ] UiBuild.NoGlobalShortcutPrivatization_SA16_UI_BUILD (18 ms)
[----------] 6 tests from UiBuild (65 ms total)

[----------] 2 tests from ShellModel
[ RUN      ] ShellModel.UiDiagnosticCodeDescriptors_RegisterContract_UI_T03_ACC1
[       OK ] ShellModel.UiDiagnosticCodeDescriptors_RegisterContract_UI_T03_ACC1 (0 ms)
[ RUN      ] ShellModel.StatusBarFormat_PM11_Matrix_UI_T03_ACC2
[       OK ] ShellModel.StatusBarFormat_PM11_Matrix_UI_T03_ACC2 (0 ms)
[----------] 2 tests from ShellModel (0 ms total)

[----------] 8 tests from StatusWordModel
[ RUN      ] StatusWordModel.SevenStateMappingTableRows_UISTG3_UI_T04_ACC1
[       OK ] StatusWordModel.SevenStateMappingTableRows_UISTG3_UI_T04_ACC1 (0 ms)
[ RUN      ] StatusWordModel.SevenStatePriorityChain_UISTG3_UI_T04_ACC1
[       OK ] StatusWordModel.SevenStatePriorityChain_UISTG3_UI_T04_ACC1 (0 ms)
[ RUN      ] StatusWordModel.FrozenVocabularyNoNewWords_UI_T04_ACC1
[       OK ] StatusWordModel.FrozenVocabularyNoNewWords_UI_T04_ACC1 (0 ms)
[ RUN      ] StatusWordModel.NotEvaluablePresentedAsStale_UI_T04_ACC1
[       OK ] StatusWordModel.NotEvaluablePresentedAsStale_UI_T04_ACC1 (0 ms)
[ RUN      ] StatusWordModel.FormalPassDisplayGate_UI_T04_ACC2
[       OK ] StatusWordModel.FormalPassDisplayGate_UI_T04_ACC2 (0 ms)
[ RUN      ] StatusWordModel.DisplayDisciplineCompanions_UI_T04_ACC2
[       OK ] StatusWordModel.DisplayDisciplineCompanions_UI_T04_ACC2 (0 ms)
[ RUN      ] StatusWordModel.NineStateLabelKeys_PM03_UI_T04_ACC2
[       OK ] StatusWordModel.NineStateLabelKeys_PM03_UI_T04_ACC2 (0 ms)
[ RUN      ] StatusWordModel.CurrentnessPortValueCarriers_O31_UI_T04_ACC3
[       OK ] StatusWordModel.CurrentnessPortValueCarriers_O31_UI_T04_ACC3 (0 ms)
[----------] 8 tests from StatusWordModel (0 ms total)

[----------] 3 tests from View3DContract
[ RUN      ] View3DContract.ManifestFreezesNineItemsInRequirementOrder_UX11
[       OK ] View3DContract.ManifestFreezesNineItemsInRequirementOrder_UX11 (0 ms)
[ RUN      ] View3DContract.ManifestIdsWellFormedAndUnique_UX11
[       OK ] View3DContract.ManifestIdsWellFormedAndUnique_UX11 (0 ms)
[ RUN      ] View3DContract.SessionPoseContractPinned_KIN06_AT04
[       OK ] View3DContract.SessionPoseContractPinned_KIN06_AT04 (0 ms)
[----------] 3 tests from View3DContract (0 ms total)

[----------] 7 tests from CommandRegistryModel
[ RUN      ] CommandRegistryModel.DuplicateAndInvalidRegistrationRejected_UI_CMD_1
[       OK ] CommandRegistryModel.DuplicateAndInvalidRegistrationRejected_UI_CMD_1 (0 ms)
[ RUN      ] CommandRegistryModel.UnknownSubmitRejectedWithDiagnostic_UI_CMD_2
[       OK ] CommandRegistryModel.UnknownSubmitRejectedWithDiagnostic_UI_CMD_2 (0 ms)
[ RUN      ] CommandRegistryModel.ReadonlyAndPredicateRejection_UI_CMD_3
[       OK ] CommandRegistryModel.ReadonlyAndPredicateRejection_UI_CMD_3 (0 ms)
[ RUN      ] CommandRegistryModel.SubmitSemanticsParamsExceptionProjection_UI_T06_ACC3
[       OK ] CommandRegistryModel.SubmitSemanticsParamsExceptionProjection_UI_T06_ACC3 (0 ms)
[ RUN      ] CommandRegistryModel.PaletteFuzzyMatchingRules_UX13
[       OK ] CommandRegistryModel.PaletteFuzzyMatchingRules_UX13 (0 ms)
[ RUN      ] CommandRegistryModel.PaletteStableOrderLimitAndRecents_UX13_PM14
[       OK ] CommandRegistryModel.PaletteStableOrderLimitAndRecents_UX13_PM14 (0 ms)
[ RUN      ] CommandRegistryModel.SealRejectsRuntimeRegistration_UI_T06
[       OK ] CommandRegistryModel.SealRejectsRuntimeRegistration_UI_T06 (0 ms)
[----------] 7 tests from CommandRegistryModel (1 ms total)

[----------] 4 tests from ShortcutRegistryModel
[ RUN      ] ShortcutRegistryModel.ConflictRejectedWithDiagnostic_UI_HKY_1
[       OK ] ShortcutRegistryModel.ConflictRejectedWithDiagnostic_UI_HKY_1 (0 ms)
[ RUN      ] ShortcutRegistryModel.PreconditionsUnknownAndNotBindable_UI_HKY_1b
[       OK ] ShortcutRegistryModel.PreconditionsUnknownAndNotBindable_UI_HKY_1b (0 ms)
[ RUN      ] ShortcutRegistryModel.RebindUnbindPersistence_UI_HKY_2
[       OK ] ShortcutRegistryModel.RebindUnbindPersistence_UI_HKY_2 (0 ms)
[ RUN      ] ShortcutRegistryModel.RestoreUserBindingsDropsInvalidEntries_PM14
[       OK ] ShortcutRegistryModel.RestoreUserBindingsDropsInvalidEntries_PM14 (0 ms)
[----------] 4 tests from ShortcutRegistryModel (0 ms total)

[----------] 10 tests from PolicyCardModel
[ RUN      ] PolicyCardModel.GroupTitlesDistinctAndScoped_POLID3_UI_T07_ACC1
[       OK ] PolicyCardModel.GroupTitlesDistinctAndScoped_POLID3_UI_T07_ACC1 (0 ms)
[ RUN      ] PolicyCardModel.LoadedProjectionRows_FiveFieldFamilies_UI_T07_ACC1
[       OK ] PolicyCardModel.LoadedProjectionRows_FiveFieldFamilies_UI_T07_ACC1 (0 ms)
[ RUN      ] PolicyCardModel.SiDefaultsIdentityDisplay_KIN12_UI_T07_ACC1
[       OK ] PolicyCardModel.SiDefaultsIdentityDisplay_KIN12_UI_T07_ACC1 (0 ms)
[ RUN      ] PolicyCardModel.ThresholdConversionViaCoreUnits_UI_T07_ACC1
[       OK ] PolicyCardModel.ThresholdConversionViaCoreUnits_UI_T07_ACC1 (0 ms)
[ RUN      ] PolicyCardModel.ExplicitNotApplicable_NoInventedNumbers_UI_T07_ACC1
[       OK ] PolicyCardModel.ExplicitNotApplicable_NoInventedNumbers_UI_T07_ACC1 (0 ms)
[ RUN      ] PolicyCardModel.UnavailablePlaceholder_NoFabrication_UI_T07_ACC1
[       OK ] PolicyCardModel.UnavailablePlaceholder_NoFabrication_UI_T07_ACC1 (0 ms)
[ RUN      ] PolicyCardModel.AggregatesDerivedFromPerFieldFacts_UI_T07_ACC1
[       OK ] PolicyCardModel.AggregatesDerivedFromPerFieldFacts_UI_T07_ACC1 (0 ms)
[ RUN      ] PolicyCardModel.EditPathNote_CommandPort_UI_T07_ACC2
[       OK ] PolicyCardModel.EditPathNote_CommandPort_UI_T07_ACC2 (0 ms)
[ RUN      ] PolicyCardModel.DisplaySeparationNotes_POLID3_UI_T07_ACC1
[       OK ] PolicyCardModel.DisplaySeparationNotes_POLID3_UI_T07_ACC1 (0 ms)
[ RUN      ] PolicyCardModel.RowKeysUniqueAndStable_UI_T07_ACC1
[       OK ] PolicyCardModel.RowKeysUniqueAndStable_UI_T07_ACC1 (0 ms)
[----------] 10 tests from PolicyCardModel (0 ms total)

[----------] 16 tests from FormEditModel
[ RUN      ] FormEditModel.UnitDisplaySwitchIsProjectionOnly_KIN12_UI_T08_ACC1
[       OK ] FormEditModel.UnitDisplaySwitchIsProjectionOnly_KIN12_UI_T08_ACC1 (0 ms)
[ RUN      ] FormEditModel.UnsetValueShowsPlaceholderNotZero_UI_T08_ACC1
[       OK ] FormEditModel.UnsetValueShowsPlaceholderNotZero_UI_T08_ACC1 (0 ms)
[ RUN      ] FormEditModel.IllegalInputInPlaceReasonKeepsValue_UI_T08_ACC1
[       OK ] FormEditModel.IllegalInputInPlaceReasonKeepsValue_UI_T08_ACC1 (0 ms)
[ RUN      ] FormEditModel.ParseSyntaxAndDisplayUnitSemantics_UI_T08_ACC1
[       OK ] FormEditModel.ParseSyntaxAndDisplayUnitSemantics_UI_T08_ACC1 (0 ms)
[ RUN      ] FormEditModel.FormLevelConfirmApplyHandsOffEditSet_UX07_UI_T08_ACC1
[       OK ] FormEditModel.FormLevelConfirmApplyHandsOffEditSet_UX07_UI_T08_ACC1 (0 ms)
[ RUN      ] FormEditModel.ApplyBlockedUntilErrorsResolved_UI_T08_ACC1
[       OK ] FormEditModel.ApplyBlockedUntilErrorsResolved_UI_T08_ACC1 (0 ms)
[ RUN      ] FormEditModel.BatchPasteIndependentLinesWithImpact_UI_T08_ACC1
[       OK ] FormEditModel.BatchPasteIndependentLinesWithImpact_UI_T08_ACC1 (0 ms)
[ RUN      ] FormEditModel.BatchPasteToleratesBlankLinesAndComma_UI_T08_ACC1
[       OK ] FormEditModel.BatchPasteToleratesBlankLinesAndComma_UI_T08_ACC1 (0 ms)
[ RUN      ] FormEditModel.FilterByKeyOrLabelKeepsOrder_UI_T08_ACC1
[       OK ] FormEditModel.FilterByKeyOrLabelKeepsOrder_UI_T08_ACC1 (0 ms)
[ RUN      ] FormEditModel.FirstErrorIsRegistrationOrderStable_UI_T08_ACC1
[       OK ] FormEditModel.FirstErrorIsRegistrationOrderStable_UI_T08_ACC1 (0 ms)
[ RUN      ] FormEditModel.CancelRestoreDropsStagedKeepsDisplaySettings_UI_T08_ACC1
[       OK ] FormEditModel.CancelRestoreDropsStagedKeepsDisplaySettings_UI_T08_ACC1 (0 ms)
[ RUN      ] FormEditModel.NoModalDialogInFormCommon_UX05_UI_T08_ACC1
[       OK ] FormEditModel.NoModalDialogInFormCommon_UX05_UI_T08_ACC1 (0 ms)
[ RUN      ] FormEditModel.AdvancedPanelDefaultFields_UX04_UI_T08_ACC1
[       OK ] FormEditModel.AdvancedPanelDefaultFields_UX04_UI_T08_ACC1 (0 ms)
[ RUN      ] FormEditModel.SpecFactoryAndModelRejectCallerErrors_UI_T08_ACC2
[       OK ] FormEditModel.SpecFactoryAndModelRejectCallerErrors_UI_T08_ACC2 (0 ms)
[ RUN      ] FormEditModel.BaselineInjectionClearsStaleStagedState_UI_T08_ACC2
[       OK ] FormEditModel.BaselineInjectionClearsStaleStagedState_UI_T08_ACC2 (0 ms)
[ RUN      ] FormEditModel.FormatValueTextUnitSuffixAndDimensionless_UI_T08_ACC1
[       OK ] FormEditModel.FormatValueTextUnitSuffixAndDimensionless_UI_T08_ACC1 (0 ms)
[----------] 16 tests from FormEditModel (1 ms total)

[----------] 15 tests from StageNavModel
[ RUN      ] StageNavModel.StageViewsFixedOrderAndGateProjection_UISTG1_UI_T09_ACC1
[       OK ] StageNavModel.StageViewsFixedOrderAndGateProjection_UISTG1_UI_T09_ACC1 (0 ms)
[ RUN      ] StageNavModel.BlockedCarriesReasonMissingAndNextStep_UISTG1_UI_T09_ACC1
[       OK ] StageNavModel.BlockedCarriesReasonMissingAndNextStep_UISTG1_UI_T09_ACC1 (0 ms)
[ RUN      ] StageNavModel.ReadOnlyProjectAllStagesViewOnly_UISTG1_UI_T09_ACC1
[       OK ] StageNavModel.ReadOnlyProjectAllStagesViewOnly_UISTG1_UI_T09_ACC1 (0 ms)
[ RUN      ] StageNavModel.InProgressSynthesizedFromCurrentStage_UISTG1_UI_T09_ACC1
[       OK ] StageNavModel.InProgressSynthesizedFromCurrentStage_UISTG1_UI_T09_ACC1 (0 ms)
[ RUN      ] StageNavModel.SevenStateTokenPerStageFromFrozenEvaluator_UISTG1_UI_T09_ACC2
[       OK ] StageNavModel.SevenStateTokenPerStageFromFrozenEvaluator_UISTG1_UI_T09_ACC2 (0 ms)
[ RUN      ] StageNavModel.EpochAnnotatedOnViewsAndSnapshot_UI_T09_ACC2
[       OK ] StageNavModel.EpochAnnotatedOnViewsAndSnapshot_UI_T09_ACC2 (0 ms)
[ RUN      ] StageNavModel.NavigateAllowedUpdatesStageAndNotifies_UISTG2_UI_T09_ACC1
[       OK ] StageNavModel.NavigateAllowedUpdatesStageAndNotifies_UISTG2_UI_T09_ACC1 (0 ms)
[ RUN      ] StageNavModel.NavigateRejectedKeepsStageAndCarriesPrompt_UISTG2_UI_T09_ACC1
[       OK ] StageNavModel.NavigateRejectedKeepsStageAndCarriesPrompt_UISTG2_UI_T09_ACC1 (0 ms)
[ RUN      ] StageNavModel.ReadOnlyNavigateIsViewOnlyPath_UISTG2_UI_T09_ACC1
[       OK ] StageNavModel.ReadOnlyNavigateIsViewOnlyPath_UISTG2_UI_T09_ACC1 (0 ms)
[ RUN      ] StageNavModel.SessionPreconditionFailsFast_UI_T09_ACC1
[       OK ] StageNavModel.SessionPreconditionFailsFast_UI_T09_ACC1 (0 ms)
[ RUN      ] StageNavModel.NavigateToCurrentStageIdempotent_UI_T09_ACC1
[       OK ] StageNavModel.NavigateToCurrentStageIdempotent_UI_T09_ACC1 (0 ms)
[ RUN      ] StageNavModel.UnsubscribeStopsNotificationsAndIsIdempotent_UISTG2_UI_T09_ACC1
[       OK ] StageNavModel.UnsubscribeStopsNotificationsAndIsIdempotent_UISTG2_UI_T09_ACC1 (0 ms)
[ RUN      ] StageNavModel.ReadySnapshotAggregatesInRegistrationOrder_UI_T09_ACC2
[       OK ] StageNavModel.ReadySnapshotAggregatesInRegistrationOrder_UI_T09_ACC2 (0 ms)
[ RUN      ] StageNavModel.GateReceivesAggregatedSnapshot_UISTG2_UI_T09_ACC2
[       OK ] StageNavModel.GateReceivesAggregatedSnapshot_UISTG2_UI_T09_ACC2 (0 ms)
[ RUN      ] StageNavModel.MissingGateDependencyFailsFast_N11_UI_T09_ACC2
[       OK ] StageNavModel.MissingGateDependencyFailsFast_N11_UI_T09_ACC2 (0 ms)
[----------] 15 tests from StageNavModel (0 ms total)

[----------] 6 tests from UiText
[ RUN      ] UiText.StageTitleKeysResolveAndUnknownKeyFailsFast_UI_T09_ACC2
[       OK ] UiText.StageTitleKeysResolveAndUnknownKeyFailsFast_UI_T09_ACC2 (0 ms)
[ RUN      ] UiText.ArgSubstitutionDiscipline_UI_T09_ACC2
[       OK ] UiText.ArgSubstitutionDiscipline_UI_T09_ACC2 (0 ms)
[ RUN      ] UiText.QuantityTextWithUnit_UI_T09_ACC2
[       OK ] UiText.QuantityTextWithUnit_UI_T09_ACC2 (0 ms)
[ RUN      ] UiText.NotApplicablePlaceholder_UI_T09_ACC2
[       OK ] UiText.NotApplicablePlaceholder_UI_T09_ACC2 (0 ms)
[ RUN      ] UiText.BuiltinTableZeroInternalIdentity_UISTG1_UI_T09_ACC2
[       OK ] UiText.BuiltinTableZeroInternalIdentity_UISTG1_UI_T09_ACC2 (0 ms)
[ RUN      ] UiText.TransitionalLabelsRouteThroughUiText_UI_T09_ACC2
[       OK ] UiText.TransitionalLabelsRouteThroughUiText_UI_T09_ACC2 (0 ms)
[----------] 6 tests from UiText (0 ms total)

[----------] 10 tests from AboutModel
[ RUN      ] AboutModel.WhitelistFrozenEightTokens_11_1_UI_T10
[       OK ] AboutModel.WhitelistFrozenEightTokens_11_1_UI_T10 (0 ms)
[ RUN      ] AboutModel.EmptyReportsYieldWhitelistPlaceholderRows_UI_PLG_2_UI_T10_ACC1
[       OK ] AboutModel.EmptyReportsYieldWhitelistPlaceholderRows_UI_PLG_2_UI_T10_ACC1 (0 ms)
[ RUN      ] AboutModel.IntersectionEnrichesAndDropsForeignReports_UI_PLG_2_UI_T10_ACC1
[       OK ] AboutModel.IntersectionEnrichesAndDropsForeignReports_UI_PLG_2_UI_T10_ACC1 (0 ms)
[ RUN      ] AboutModel.DuplicateReportsTakeFirstDeterministically_UI_T10
[       OK ] AboutModel.DuplicateReportsTakeFirstDeterministically_UI_T10 (0 ms)
[ RUN      ] AboutModel.TitlesResolvedViaUiText_NoRawTokenLeak_UX02_UI_T10
[       OK ] AboutModel.TitlesResolvedViaUiText_NoRawTokenLeak_UX02_UI_T10 (0 ms)
[ RUN      ] AboutModel.VersionRowsMirrorInjectedBaseline_NFR_DEP_05_UI_T10_ACC1
[       OK ] AboutModel.VersionRowsMirrorInjectedBaseline_NFR_DEP_05_UI_T10_ACC1 (0 ms)
[ RUN      ] AboutModel.UnavailableBaselineSinglePlaceholderRow_NFR_DEP_05_UI_T10
[       OK ] AboutModel.UnavailableBaselineSinglePlaceholderRow_NFR_DEP_05_UI_T10 (0 ms)
[ RUN      ] AboutModel.EmptyVersionPlaceholdAndUnnamedComponentFailsFast_UI_T10
[       OK ] AboutModel.EmptyVersionPlaceholdAndUnnamedComponentFailsFast_UI_T10 (0 ms)
[ RUN      ] AboutModel.ManualPathFollowsShareDeploymentLayout_UX14_UI_T10_ACC1
[       OK ] AboutModel.ManualPathFollowsShareDeploymentLayout_UX14_UI_T10_ACC1 (0 ms)
[ RUN      ] AboutModel.PluginAssemblyFailureDegradationIsolatesRow_UI_PLG_1
[       OK ] AboutModel.PluginAssemblyFailureDegradationIsolatesRow_UI_PLG_1 (0 ms)
[----------] 10 tests from AboutModel (0 ms total)

[----------] 19 tests from SessionControllerModelTest
[ RUN      ] SessionControllerModelTest.AssembleDialogDataAreasAndAvailability
[       OK ] SessionControllerModelTest.AssembleDialogDataAreasAndAvailability (0 ms)
[ RUN      ] SessionControllerModelTest.CloseCancelRestoresOriginalState
[       OK ] SessionControllerModelTest.CloseCancelRestoresOriginalState (0 ms)
[ RUN      ] SessionControllerModelTest.CloseSaveDispositionBranches
[       OK ] SessionControllerModelTest.CloseSaveDispositionBranches (0 ms)
[ RUN      ] SessionControllerModelTest.CooperativeCancelAddressesRequeriedRows
[       OK ] SessionControllerModelTest.CooperativeCancelAddressesRequeriedRows (0 ms)
[ RUN      ] SessionControllerModelTest.LockHeldBannerCarriesPidAndActionKind
[       OK ] SessionControllerModelTest.LockHeldBannerCarriesPidAndActionKind (0 ms)
[ RUN      ] SessionControllerModelTest.ReadOnlyCausesDistinguishActionKinds
[       OK ] SessionControllerModelTest.ReadOnlyCausesDistinguishActionKinds (0 ms)
[ RUN      ] SessionControllerModelTest.OpenFailureKeepsNoProjectWithErrorPageData
[       OK ] SessionControllerModelTest.OpenFailureKeepsNoProjectWithErrorPageData (0 ms)
[ RUN      ] SessionControllerModelTest.WaitOptionCoversInFlightArchive
[       OK ] SessionControllerModelTest.WaitOptionCoversInFlightArchive (0 ms)
[ RUN      ] SessionControllerModelTest.SwitchBindsBAndHoldsAUntilDrained
[       OK ] SessionControllerModelTest.SwitchBindsBAndHoldsAUntilDrained (0 ms)
[ RUN      ] SessionControllerModelTest.SwitchCandidateRejectedKeepsA
[       OK ] SessionControllerModelTest.SwitchCandidateRejectedKeepsA (0 ms)
[ RUN      ] SessionControllerModelTest.StateMatrixEpochAndInvSes1
[       OK ] SessionControllerModelTest.StateMatrixEpochAndInvSes1 (0 ms)
[ RUN      ] SessionControllerModelTest.InvSes2AndCallOrderContract
[       OK ] SessionControllerModelTest.InvSes2AndCallOrderContract (0 ms)
[ RUN      ] SessionControllerModelTest.InvSes3HoldReleasedByCallback
[       OK ] SessionControllerModelTest.InvSes3HoldReleasedByCallback (0 ms)
[ RUN      ] SessionControllerModelTest.FourLevelDefenseForceConfirm
[       OK ] SessionControllerModelTest.FourLevelDefenseForceConfirm (0 ms)
[ RUN      ] SessionControllerModelTest.TForce2GiveUpBounded
[       OK ] SessionControllerModelTest.TForce2GiveUpBounded (0 ms)
[ RUN      ] SessionControllerModelTest.PUi8DefaultsConservativeAndConfigurable
[       OK ] SessionControllerModelTest.PUi8DefaultsConservativeAndConfigurable (0 ms)
[ RUN      ] SessionControllerModelTest.ForceConfirmWithoutWiringFailsFast
[       OK ] SessionControllerModelTest.ForceConfirmWithoutWiringFailsFast (0 ms)
[ RUN      ] SessionControllerModelTest.ContextInvalidNoticeWithoutRetry
[       OK ] SessionControllerModelTest.ContextInvalidNoticeWithoutRetry (0 ms)
[ RUN      ] SessionControllerModelTest.DiscardProceedsAndKeepsDiskDrafts
[       OK ] SessionControllerModelTest.DiscardProceedsAndKeepsDiskDrafts (0 ms)
[----------] 19 tests from SessionControllerModelTest (3 ms total)

[----------] 1 test from SessionControllerConstructionTest
[ RUN      ] SessionControllerConstructionTest.MissingFactoryPortFailsFast
[       OK ] SessionControllerConstructionTest.MissingFactoryPortFailsFast (0 ms)
[----------] 1 test from SessionControllerConstructionTest (0 ms total)

[----------] 13 tests from DraftControllerModelTest
[ RUN      ] DraftControllerModelTest.ManualSaveLandsDraftWithZeroRevision_PM04
[       OK ] DraftControllerModelTest.ManualSaveLandsDraftWithZeroRevision_PM04 (0 ms)
[ RUN      ] DraftControllerModelTest.UnsavedMarkerMergesSessionAndDisk_PM11
[       OK ] DraftControllerModelTest.UnsavedMarkerMergesSessionAndDisk_PM11 (0 ms)
[ RUN      ] DraftControllerModelTest.CrossModuleSummaryMergesRowsAndSession
[       OK ] DraftControllerModelTest.CrossModuleSummaryMergesRowsAndSession (0 ms)
[ RUN      ] DraftControllerModelTest.AutosaveDefaultIntervalAndTickGuards
[       OK ] DraftControllerModelTest.AutosaveDefaultIntervalAndTickGuards (0 ms)
[ RUN      ] DraftControllerModelTest.AutosaveThreadDisciplineAndFailureDiagnostic
[       OK ] DraftControllerModelTest.AutosaveThreadDisciplineAndFailureDiagnostic (0 ms)
[ RUN      ] DraftControllerModelTest.AutosaveInFlightDefersNewDirtyToNextCycle
[       OK ] DraftControllerModelTest.AutosaveInFlightDefersNewDirtyToNextCycle (0 ms)
[ RUN      ] DraftControllerModelTest.ManualSaveSyncAndReadOnlyRejections
[       OK ] DraftControllerModelTest.ManualSaveSyncAndReadOnlyRejections (0 ms)
[ RUN      ] DraftControllerModelTest.RestoreOnOpenRecoversBackupAndBanner
[       OK ] DraftControllerModelTest.RestoreOnOpenRecoversBackupAndBanner (0 ms)
[ RUN      ] DraftControllerModelTest.CorruptDraftBannerAndDiscardDiscipline
[       OK ] DraftControllerModelTest.CorruptDraftBannerAndDiscardDiscipline (0 ms)
[ RUN      ] DraftControllerModelTest.StaleRevisionRetainsDraftAndPresentsConflict
[       OK ] DraftControllerModelTest.StaleRevisionRetainsDraftAndPresentsConflict (0 ms)
[ RUN      ] DraftControllerModelTest.ReEditOnCurrentTipRebuildsBaseline
[       OK ] DraftControllerModelTest.ReEditOnCurrentTipRebuildsBaseline (0 ms)
[ RUN      ] DraftControllerModelTest.LocalUndoStackBoundToDraftNotRevisions
[       OK ] DraftControllerModelTest.LocalUndoStackBoundToDraftNotRevisions (0 ms)
[ RUN      ] DraftControllerModelTest.SessionLifecycleAndDirtyProducerWiring
[       OK ] DraftControllerModelTest.SessionLifecycleAndDirtyProducerWiring (0 ms)
[----------] 13 tests from DraftControllerModelTest (2 ms total)

[----------] 13 tests from DiagPresentationModelTest
[ RUN      ] DiagPresentationModelTest.QueryForwardsFilterAndStableOrder_UI_DIA_1
[       OK ] DiagPresentationModelTest.QueryForwardsFilterAndStableOrder_UI_DIA_1 (0 ms)
[ RUN      ] DiagPresentationModelTest.DedupFoldShowsOccurrences_UI_DIA_1
[       OK ] DiagPresentationModelTest.DedupFoldShowsOccurrences_UI_DIA_1 (0 ms)
[ RUN      ] DiagPresentationModelTest.ExpandChainWalksCausedBy_UI_DIA_1
[       OK ] DiagPresentationModelTest.ExpandChainWalksCausedBy_UI_DIA_1 (0 ms)
[ RUN      ] DiagPresentationModelTest.ExpandChainDegradesWithoutSeam_UI_DIA_1
[       OK ] DiagPresentationModelTest.ExpandChainDegradesWithoutSeam_UI_DIA_1 (0 ms)
[ RUN      ] DiagPresentationModelTest.ActionMappingTableFrozen_UI_DIA_1
[       OK ] DiagPresentationModelTest.ActionMappingTableFrozen_UI_DIA_1 (0 ms)
[ RUN      ] DiagPresentationModelTest.ActionMappingCoversAllCategoryTokens_UI_DIA_1
[       OK ] DiagPresentationModelTest.ActionMappingCoversAllCategoryTokens_UI_DIA_1 (0 ms)
[ RUN      ] DiagPresentationModelTest.PresentationRouteCancelHasNoErrorSurface_UX_03
[       OK ] DiagPresentationModelTest.PresentationRouteCancelHasNoErrorSurface_UX_03 (0 ms)
[ RUN      ] DiagPresentationModelTest.ComparisonValuesUnitCoDisplayAndPlaceholders_UI_DIA_1
[       OK ] DiagPresentationModelTest.ComparisonValuesUnitCoDisplayAndPlaceholders_UI_DIA_1 (0 ms)
[ RUN      ] DiagPresentationModelTest.RecoveryBannerSummaryAndActions_PM_15
[       OK ] DiagPresentationModelTest.RecoveryBannerSummaryAndActions_PM_15 (0 ms)
[ RUN      ] DiagPresentationModelTest.UserLogPanelSnapshotAndDevJump_UI_DIA_1
[       OK ] DiagPresentationModelTest.UserLogPanelSnapshotAndDevJump_UI_DIA_1 (0 ms)
[ RUN      ] DiagPresentationModelTest.PendingConfirmationsViaPortOnly_UI_CMD_4
[       OK ] DiagPresentationModelTest.PendingConfirmationsViaPortOnly_UI_CMD_4 (0 ms)
[ RUN      ] DiagPresentationModelTest.RedactedPathForwardsService_NFR_SEC_07
[       OK ] DiagPresentationModelTest.RedactedPathForwardsService_NFR_SEC_07 (0 ms)
[ RUN      ] DiagPresentationModelTest.SubscribeMarshalToUiThreadAndUnsubscribe_M_1
[       OK ] DiagPresentationModelTest.SubscribeMarshalToUiThreadAndUnsubscribe_M_1 (1 ms)
[----------] 13 tests from DiagPresentationModelTest (2 ms total)

[----------] 12 tests from TaskPresentationModelTest
[ RUN      ] TaskPresentationModelTest.ProgressMonotonicDropRegressionAndIdempotent_UI_TSK_5
[       OK ] TaskPresentationModelTest.ProgressMonotonicDropRegressionAndIdempotent_UI_TSK_5 (0 ms)
[ RUN      ] TaskPresentationModelTest.PollingDropsRegressionWithDevLog_UI_TSK_5
[       OK ] TaskPresentationModelTest.PollingDropsRegressionWithDevLog_UI_TSK_5 (0 ms)
[ RUN      ] TaskPresentationModelTest.CurrentTaskFirstOrderingAndStateLabels_UI_TSK_1
[       OK ] TaskPresentationModelTest.CurrentTaskFirstOrderingAndStateLabels_UI_TSK_1 (0 ms)
[ RUN      ] TaskPresentationModelTest.ControlRequestsFireAndForget_UI_TSK_1
[       OK ] TaskPresentationModelTest.ControlRequestsFireAndForget_UI_TSK_1 (0 ms)
[ RUN      ] TaskPresentationModelTest.PauseOnUnsupportedTaskGivesExplicitFeedback_TASK_01
[       OK ] TaskPresentationModelTest.PauseOnUnsupportedTaskGivesExplicitFeedback_TASK_01 (0 ms)
[ RUN      ] TaskPresentationModelTest.BackgroundTasksReadOnlyAfterClose_P_UI_7
[       OK ] TaskPresentationModelTest.BackgroundTasksReadOnlyAfterClose_P_UI_7 (0 ms)
[ RUN      ] TaskPresentationModelTest.WorkerCrashRowHasRerunEntry_UI_TSK_2
[       OK ] TaskPresentationModelTest.WorkerCrashRowHasRerunEntry_UI_TSK_2 (0 ms)
[ RUN      ] TaskPresentationModelTest.CompletedBadgeCarriesArchiveSublabel_UI_TSK_3
[       OK ] TaskPresentationModelTest.CompletedBadgeCarriesArchiveSublabel_UI_TSK_3 (0 ms)
[ RUN      ] TaskPresentationModelTest.CurrentnessBadgeSupersededWithReasons_UI_TSK_4
[       OK ] TaskPresentationModelTest.CurrentnessBadgeSupersededWithReasons_UI_TSK_4 (0 ms)
[ RUN      ] TaskPresentationModelTest.FactoryFailsFastWithoutTaskPort
[       OK ] TaskPresentationModelTest.FactoryFailsFastWithoutTaskPort (0 ms)
[ RUN      ] TaskPresentationModelTest.QueuePositionWordingOnlyWithoutNumbers_UI_EXEC_1
[       OK ] TaskPresentationModelTest.QueuePositionWordingOnlyWithoutNumbers_UI_EXEC_1 (0 ms)
[ RUN      ] TaskPresentationModelTest.UiThreadHeartbeatUnderSlowPeerQuery_UI_PERF_1
[       OK ] TaskPresentationModelTest.UiThreadHeartbeatUnderSlowPeerQuery_UI_PERF_1 (1503 ms)
[----------] 12 tests from TaskPresentationModelTest (1503 ms total)

[----------] 9 tests from CommandInteractionBridgeTest
[ RUN      ] CommandInteractionBridgeTest.FactoryFailFastAndPrincipalCached_P_UI_4
[       OK ] CommandInteractionBridgeTest.FactoryFailFastAndPrincipalCached_P_UI_4 (1 ms)
[ RUN      ] CommandInteractionBridgeTest.ConfirmedFlowProducesCredentials_UI_CMD_5
[       OK ] CommandInteractionBridgeTest.ConfirmedFlowProducesCredentials_UI_CMD_5 (0 ms)
[ RUN      ] CommandInteractionBridgeTest.RejectedFlowYieldsNoCredentials_UI_CMD_4
[       OK ] CommandInteractionBridgeTest.RejectedFlowYieldsNoCredentials_UI_CMD_4 (0 ms)
[ RUN      ] CommandInteractionBridgeTest.EmptyFindingsShortCircuitWithoutDialog
[       OK ] CommandInteractionBridgeTest.EmptyFindingsShortCircuitWithoutDialog (0 ms)
[ RUN      ] CommandInteractionBridgeTest.DismantleWakesBlockedCommand_UI_CMD_7
[       OK ] CommandInteractionBridgeTest.DismantleWakesBlockedCommand_UI_CMD_7 (0 ms)
[ RUN      ] CommandInteractionBridgeTest.NoAutoTimeoutWhileWaiting_P_DIAG_6
[       OK ] CommandInteractionBridgeTest.NoAutoTimeoutWhileWaiting_P_DIAG_6 (0 ms)
[ RUN      ] CommandInteractionBridgeTest.RevisionCommitAnnotatesStaleInput_UI_CMD_6
[       OK ] CommandInteractionBridgeTest.RevisionCommitAnnotatesStaleInput_UI_CMD_6 (0 ms)
[ RUN      ] CommandInteractionBridgeTest.EnrichmentFillsRecordFieldsAndDevFold_UI_CMD_5
[       OK ] CommandInteractionBridgeTest.EnrichmentFillsRecordFieldsAndDevFold_UI_CMD_5 (0 ms)
[ RUN      ] CommandInteractionBridgeTest.DefaultAssemblyWithoutEnricherZeroFabrication
[       OK ] CommandInteractionBridgeTest.DefaultAssemblyWithoutEnricherZeroFabrication (0 ms)
[----------] 9 tests from CommandInteractionBridgeTest (4 ms total)

[----------] 4 tests from HostControllerModel
[ RUN      ] HostControllerModel.ProductMainWindowVocabularyClosed_B1_UI_T19
[       OK ] HostControllerModel.ProductMainWindowVocabularyClosed_B1_UI_T19 (0 ms)
[ RUN      ] HostControllerModel.AggregatesControllerFamiliesByIdentity_B1_UI_T19
[       OK ] HostControllerModel.AggregatesControllerFamiliesByIdentity_B1_UI_T19 (0 ms)
[ RUN      ] HostControllerModel.DraftFamilyOptionalWhenNotAssembled_B1_UI_T19
[       OK ] HostControllerModel.DraftFamilyOptionalWhenNotAssembled_B1_UI_T19 (0 ms)
[ RUN      ] HostControllerModel.StatusProjectionObserversForwardToContent_B1_UI_T19
[       OK ] HostControllerModel.StatusProjectionObserversForwardToContent_B1_UI_T19 (0 ms)
[----------] 4 tests from HostControllerModel (0 ms total)

[----------] 17 tests from RuntimePublishBridge
[ RUN      ] RuntimePublishBridge.PublishEventOrchestratesFetchApplyCommit_UI_T20_ACC1
[       OK ] RuntimePublishBridge.PublishEventOrchestratesFetchApplyCommit_UI_T20_ACC1 (0 ms)
[ RUN      ] RuntimePublishBridge.PresentationLifecycleFollowsHostSession_UI_T20_ACC1
[       OK ] RuntimePublishBridge.PresentationLifecycleFollowsHostSession_UI_T20_ACC1 (0 ms)
[ RUN      ] RuntimePublishBridge.AppliedRevisionMismatchFailsReconciliation_UI_T20_ACC2
[       OK ] RuntimePublishBridge.AppliedRevisionMismatchFailsReconciliation_UI_T20_ACC2 (0 ms)
[ RUN      ] RuntimePublishBridge.ModelIdentityMismatchFailsReconciliation_UI_T20_ACC2
[       OK ] RuntimePublishBridge.ModelIdentityMismatchFailsReconciliation_UI_T20_ACC2 (0 ms)
[ RUN      ] RuntimePublishBridge.ReusedPresentationIdentityCannotImpersonate_UI_T20_ACC2
[       OK ] RuntimePublishBridge.ReusedPresentationIdentityCannotImpersonate_UI_T20_ACC2 (0 ms)
[ RUN      ] RuntimePublishBridge.StaleProjectEventCannotRefreshAfterSwitch_UI_T20_ACC2
[       OK ] RuntimePublishBridge.StaleProjectEventCannotRefreshAfterSwitch_UI_T20_ACC2 (0 ms)
[ RUN      ] RuntimePublishBridge.ConstructFailureKeepsOldPresentationAndEmitsStableCode_UI_T20_ACC3
[       OK ] RuntimePublishBridge.ConstructFailureKeepsOldPresentationAndEmitsStableCode_UI_T20_ACC3 (0 ms)
[ RUN      ] RuntimePublishBridge.ApplyFailureKeepsOldPresentationAndTransmitsDetail_UI_T20_ACC3
[       OK ] RuntimePublishBridge.ApplyFailureKeepsOldPresentationAndTransmitsDetail_UI_T20_ACC3 (0 ms)
[ RUN      ] RuntimePublishBridge.FailedRefreshNeverRollsBackAppliedRevision_UI_T20_ACC3
[       OK ] RuntimePublishBridge.FailedRefreshNeverRollsBackAppliedRevision_UI_T20_ACC3 (0 ms)
[ RUN      ] RuntimePublishBridge.SameRevisionRepublishReconcilesAndReplaces_UI_T20_ACC2
[       OK ] RuntimePublishBridge.SameRevisionRepublishReconcilesAndReplaces_UI_T20_ACC2 (0 ms)
[ RUN      ] RuntimePublishBridge.RefreshAppliesSingleAtomicHostUpdate_UI_T20_ACC4
[       OK ] RuntimePublishBridge.RefreshAppliesSingleAtomicHostUpdate_UI_T20_ACC4 (0 ms)
[ RUN      ] RuntimePublishBridge.SelectionDispositionKeepOrClearNeverReselects_UI_T20_ACC4
[       OK ] RuntimePublishBridge.SelectionDispositionKeepOrClearNeverReselects_UI_T20_ACC4 (0 ms)
[ RUN      ] RuntimePublishBridge.BridgeExposesNoSelectionOrRevisionWritePath_UI_T20_ACC4
[       OK ] RuntimePublishBridge.BridgeExposesNoSelectionOrRevisionWritePath_UI_T20_ACC4 (0 ms)
[ RUN      ] RuntimePublishBridge.PresentationRefreshIndependentOfTaskSnapshot_UI_T20_ACC5
[       OK ] RuntimePublishBridge.PresentationRefreshIndependentOfTaskSnapshot_UI_T20_ACC5 (0 ms)
[ RUN      ] RuntimePublishBridge.RefreshDoesNotMaskSupersededCurrentness_UI_T20_ACC5
[       OK ] RuntimePublishBridge.RefreshDoesNotMaskSupersededCurrentness_UI_T20_ACC5 (0 ms)
[ RUN      ] RuntimePublishBridge.PresentationRefreshFailedCodeIsRegistered_UI_T20_ACC3
[       OK ] RuntimePublishBridge.PresentationRefreshFailedCodeIsRegistered_UI_T20_ACC3 (0 ms)
[ RUN      ] RuntimePublishBridge.ConstructorRejectsMissingPorts_UI_T20_ACC1
[       OK ] RuntimePublishBridge.ConstructorRejectsMissingPorts_UI_T20_ACC1 (0 ms)
[----------] 17 tests from RuntimePublishBridge (2 ms total)

[----------] 23 tests from SelectionServiceTest
[ RUN      ] SelectionServiceTest.UI_SEL_1_DepRejectsMissingNameMap
[       OK ] SelectionServiceTest.UI_SEL_1_DepRejectsMissingNameMap (0 ms)
[ RUN      ] SelectionServiceTest.UI_SEL_1_DepRejectsMissingTreeLocator
[       OK ] SelectionServiceTest.UI_SEL_1_DepRejectsMissingTreeLocator (0 ms)
[ RUN      ] SelectionServiceTest.UI_SEL_2_SelectBusinessBroadcastsDedupedStable
[       OK ] SelectionServiceTest.UI_SEL_2_SelectBusinessBroadcastsDedupedStable (0 ms)
[ RUN      ] SelectionServiceTest.UI_SEL_2_SelectIdempotentNoBroadcast
[       OK ] SelectionServiceTest.UI_SEL_2_SelectIdempotentNoBroadcast (0 ms)
[ RUN      ] SelectionServiceTest.UI_SEL_2_EmptySelectionClearsAndBroadcasts
[       OK ] SelectionServiceTest.UI_SEL_2_EmptySelectionClearsAndBroadcasts (0 ms)
[ RUN      ] SelectionServiceTest.UI_SEL_2_InvalidObjectIdRejected
[       OK ] SelectionServiceTest.UI_SEL_2_InvalidObjectIdRejected (0 ms)
[ RUN      ] SelectionServiceTest.UI_SEL_2_SourceVocabularyClosed
[       OK ] SelectionServiceTest.UI_SEL_2_SourceVocabularyClosed (0 ms)
[ RUN      ] SelectionServiceTest.UI_SEL_3_L2_AppliedObjectHighlightsViaOutlet
[       OK ] SelectionServiceTest.UI_SEL_3_L2_AppliedObjectHighlightsViaOutlet (0 ms)
[ RUN      ] SelectionServiceTest.UI_SEL_3_L2_DraftObjectNoActionNoError
[       OK ] SelectionServiceTest.UI_SEL_3_L2_DraftObjectNoActionNoError (0 ms)
[ RUN      ] SelectionServiceTest.UI_SEL_3_L2_MultiSelectClearsHighlight
[       OK ] SelectionServiceTest.UI_SEL_3_L2_MultiSelectClearsHighlight (0 ms)
[ RUN      ] SelectionServiceTest.UI_SEL_3_L2_NoOutletAssemblySkipsAction
[       OK ] SelectionServiceTest.UI_SEL_3_L2_NoOutletAssemblySkipsAction (0 ms)
[ RUN      ] SelectionServiceTest.UI_SEL_4_L3_Case1_ReverseSuccessLocatesAndSelects
[       OK ] SelectionServiceTest.UI_SEL_4_L3_Case1_ReverseSuccessLocatesAndSelects (0 ms)
[ RUN      ] SelectionServiceTest.UI_SEL_4_L3_Case2_ReverseFailTreeUntouchedNoError
[       OK ] SelectionServiceTest.UI_SEL_4_L3_Case2_ReverseFailTreeUntouchedNoError (0 ms)
[ RUN      ] SelectionServiceTest.UI_SEL_4_L3_Case2b_ReverseFailKeepsRuntimeOnlyState
[       OK ] SelectionServiceTest.UI_SEL_4_L3_Case2b_ReverseFailKeepsRuntimeOnlyState (0 ms)
[ RUN      ] SelectionServiceTest.UI_SEL_4_L3_Case3_ReverseFailCreatesNoBusinessObjectId
[       OK ] SelectionServiceTest.UI_SEL_4_L3_Case3_ReverseFailCreatesNoBusinessObjectId (0 ms)
[ RUN      ] SelectionServiceTest.UI_SEL_4_L3_Case4_ResolvedButTreeMissNoFakeSelection
[       OK ] SelectionServiceTest.UI_SEL_4_L3_Case4_ResolvedButTreeMissNoFakeSelection (0 ms)
[ RUN      ] SelectionServiceTest.UI_SEL_4_L3_EmptyFrameNameRejected
[       OK ] SelectionServiceTest.UI_SEL_4_L3_EmptyFrameNameRejected (0 ms)
[ RUN      ] SelectionServiceTest.UI_SEL_5_InvB4_KeepWhenObjectExists
[       OK ] SelectionServiceTest.UI_SEL_5_InvB4_KeepWhenObjectExists (0 ms)
[ RUN      ] SelectionServiceTest.UI_SEL_5_InvB4_ClearWhenObjectAbsent
[       OK ] SelectionServiceTest.UI_SEL_5_InvB4_ClearWhenObjectAbsent (0 ms)
[ RUN      ] SelectionServiceTest.UI_SEL_5_InvB4_NoSelectionIsNoOp
[       OK ] SelectionServiceTest.UI_SEL_5_InvB4_NoSelectionIsNoOp (0 ms)
[ RUN      ] SelectionServiceTest.UI_SEL_5_RefreshFailedLeavesSelectionUntouched
[       OK ] SelectionServiceTest.UI_SEL_5_RefreshFailedLeavesSelectionUntouched (0 ms)
[ RUN      ] SelectionServiceTest.UI_SEL_6_SubscribeRaiiUnsubscribe
[       OK ] SelectionServiceTest.UI_SEL_6_SubscribeRaiiUnsubscribe (0 ms)
[ RUN      ] SelectionServiceTest.UI_SEL_6_RuntimeOnlySupersededByBusinessSelection
[       OK ] SelectionServiceTest.UI_SEL_6_RuntimeOnlySupersededByBusinessSelection (0 ms)
[----------] 23 tests from SelectionServiceTest (0 ms total)

[----------] 15 tests from IndustrialProjectTreeModelTest
[ RUN      ] IndustrialProjectTreeModelTest.UI_TRE_1_FiveGroupClosure
[       OK ] IndustrialProjectTreeModelTest.UI_TRE_1_FiveGroupClosure (0 ms)
[ RUN      ] IndustrialProjectTreeModelTest.UI_TRE_1_EmptyModelQueriesByGroup
[       OK ] IndustrialProjectTreeModelTest.UI_TRE_1_EmptyModelQueriesByGroup (0 ms)
[ RUN      ] IndustrialProjectTreeModelTest.UI_TRE_2_ProviderRegistrationProtocol
[       OK ] IndustrialProjectTreeModelTest.UI_TRE_2_ProviderRegistrationProtocol (0 ms)
[ RUN      ] IndustrialProjectTreeModelTest.UI_TRE_3_RebuildAcrossGroupsStableOrder
[       OK ] IndustrialProjectTreeModelTest.UI_TRE_3_RebuildAcrossGroupsStableOrder (0 ms)
[ RUN      ] IndustrialProjectTreeModelTest.UI_TRE_3_RebuildDeterministic
[       OK ] IndustrialProjectTreeModelTest.UI_TRE_3_RebuildDeterministic (0 ms)
[ RUN      ] IndustrialProjectTreeModelTest.UI_TRE_3_RebuildRejectInvalidObjectId
[       OK ] IndustrialProjectTreeModelTest.UI_TRE_3_RebuildRejectInvalidObjectId (0 ms)
[ RUN      ] IndustrialProjectTreeModelTest.UI_TRE_3_RebuildRejectDuplicateObjectId
[       OK ] IndustrialProjectTreeModelTest.UI_TRE_3_RebuildRejectDuplicateObjectId (0 ms)
[ RUN      ] IndustrialProjectTreeModelTest.UI_TRE_3_RebuildRejectDanglingChildReference
[       OK ] IndustrialProjectTreeModelTest.UI_TRE_3_RebuildRejectDanglingChildReference (0 ms)
[ RUN      ] IndustrialProjectTreeModelTest.UI_TRE_3_RebuildAcceptsClosedChildReference
[       OK ] IndustrialProjectTreeModelTest.UI_TRE_3_RebuildAcceptsClosedChildReference (0 ms)
[ RUN      ] IndustrialProjectTreeModelTest.UI_TRE_3_RebuildRejectDepthLimitExceeded
[       OK ] IndustrialProjectTreeModelTest.UI_TRE_3_RebuildRejectDepthLimitExceeded (0 ms)
[ RUN      ] IndustrialProjectTreeModelTest.UI_TRE_4_LocateReturnsGroupRowParent
[       OK ] IndustrialProjectTreeModelTest.UI_TRE_4_LocateReturnsGroupRowParent (0 ms)
[ RUN      ] IndustrialProjectTreeModelTest.UI_TRE_4_LocateMissReturnsNullopt
[       OK ] IndustrialProjectTreeModelTest.UI_TRE_4_LocateMissReturnsNullopt (0 ms)
[ RUN      ] IndustrialProjectTreeModelTest.UI_TRE_4_NodeLookupByIdentity
[       OK ] IndustrialProjectTreeModelTest.UI_TRE_4_NodeLookupByIdentity (0 ms)
[ RUN      ] IndustrialProjectTreeModelTest.UI_TRE_5_ModelSurfaceCarriesNoDisplayName
[       OK ] IndustrialProjectTreeModelTest.UI_TRE_5_ModelSurfaceCarriesNoDisplayName (0 ms)
[ RUN      ] IndustrialProjectTreeModelTest.UI_TRE_5_RebuildReplacesContentWholesale
[       OK ] IndustrialProjectTreeModelTest.UI_TRE_5_RebuildReplacesContentWholesale (0 ms)
[----------] 15 tests from IndustrialProjectTreeModelTest (0 ms total)

[----------] 24 tests from PropertyInspectorModelTest
[ RUN      ] PropertyInspectorModelTest.AddProviderRejectsNull_FailFast
[       OK ] PropertyInspectorModelTest.AddProviderRejectsNull_FailFast (0 ms)
[ RUN      ] PropertyInspectorModelTest.AddProviderRejectsDuplicateDomainKey_FailFast
[       OK ] PropertyInspectorModelTest.AddProviderRejectsDuplicateDomainKey_FailFast (0 ms)
[ RUN      ] PropertyInspectorModelTest.NoSelectionPresentsPlaceholderState
[       OK ] PropertyInspectorModelTest.NoSelectionPresentsPlaceholderState (0 ms)
[ RUN      ] PropertyInspectorModelTest.MultiSelectionPresentsNarrowHintWithoutFields
[       OK ] PropertyInspectorModelTest.MultiSelectionPresentsNarrowHintWithoutFields (0 ms)
[ RUN      ] PropertyInspectorModelTest.TreeSelectionRefreshesCommonFields_L1Baseline
[       OK ] PropertyInspectorModelTest.TreeSelectionRefreshesCommonFields_L1Baseline (0 ms)
[ RUN      ] PropertyInspectorModelTest.SelectionSwitchRefreshesToNewObjectFields
[       OK ] PropertyInspectorModelTest.SelectionSwitchRefreshesToNewObjectFields (0 ms)
[ RUN      ] PropertyInspectorModelTest.RuntimeOnlySelectionKeepsPresentationUntouched
[       OK ] PropertyInspectorModelTest.RuntimeOnlySelectionKeepsPresentationUntouched (0 ms)
[ RUN      ] PropertyInspectorModelTest.ObjectWithoutProviderAnswerPresentsHonestPlaceholder
[       OK ] PropertyInspectorModelTest.ObjectWithoutProviderAnswerPresentsHonestPlaceholder (0 ms)
[ RUN      ] PropertyInspectorModelTest.SubscriptionToSelectionServiceDrivesRefresh
[       OK ] PropertyInspectorModelTest.SubscriptionToSelectionServiceDrivesRefresh (0 ms)
[ RUN      ] PropertyInspectorModelTest.FirstRegisteredProviderWinsOnOverlap
[       OK ] PropertyInspectorModelTest.FirstRegisteredProviderWinsOnOverlap (0 ms)
[ RUN      ] PropertyInspectorModelTest.ComplexEntriesOnlyFromAnsweringProvider
[       OK ] PropertyInspectorModelTest.ComplexEntriesOnlyFromAnsweringProvider (0 ms)
[ RUN      ] PropertyInspectorModelTest.PureEntriesFormObjectFieldsWithoutTable
[       OK ] PropertyInspectorModelTest.PureEntriesFormObjectFieldsWithoutTable (0 ms)
[ RUN      ] PropertyInspectorModelTest.OverLimitCommonFieldsRejectedByDivergenceSentinel_D5D6
[       OK ] PropertyInspectorModelTest.OverLimitCommonFieldsRejectedByDivergenceSentinel_D5D6 (0 ms)
[ RUN      ] PropertyInspectorModelTest.LimitBoundaryFieldsPageAccepted
[       OK ] PropertyInspectorModelTest.LimitBoundaryFieldsPageAccepted (0 ms)
[ RUN      ] PropertyInspectorModelTest.EmptyFieldsPageWithPageDataRejected
[       OK ] PropertyInspectorModelTest.EmptyFieldsPageWithPageDataRejected (0 ms)
[ RUN      ] PropertyInspectorModelTest.BaselineUnknownKeyRejected
[       OK ] PropertyInspectorModelTest.BaselineUnknownKeyRejected (0 ms)
[ RUN      ] PropertyInspectorModelTest.DuplicateComplexPageKeyRejected
[       OK ] PropertyInspectorModelTest.DuplicateComplexPageKeyRejected (0 ms)
[ RUN      ] PropertyInspectorModelTest.ReadOnlyPageSuppressesEditOutlet
[       OK ] PropertyInspectorModelTest.ReadOnlyPageSuppressesEditOutlet (0 ms)
[ RUN      ] PropertyInspectorModelTest.WritablePageWithoutOutletIsLegal
[       OK ] PropertyInspectorModelTest.WritablePageWithoutOutletIsLegal (0 ms)
[ RUN      ] PropertyInspectorModelTest.ComplexEntriesListedInDeclarationOrder
[       OK ] PropertyInspectorModelTest.ComplexEntriesListedInDeclarationOrder (0 ms)
[ RUN      ] PropertyInspectorModelTest.ExternalActivationReportsOkWithoutWidget
[       OK ] PropertyInspectorModelTest.ExternalActivationReportsOkWithoutWidget (0 ms)
[ RUN      ] PropertyInspectorModelTest.ActivationUnknownPageKeyRejected
[       OK ] PropertyInspectorModelTest.ActivationUnknownPageKeyRejected (0 ms)
[ RUN      ] PropertyInspectorModelTest.ActivationOnUnownedObjectRejected
[       OK ] PropertyInspectorModelTest.ActivationOnUnownedObjectRejected (0 ms)
[ RUN      ] PropertyInspectorModelTest.HostedActivationNullWidgetRejectedAsProviderBreach
[       OK ] PropertyInspectorModelTest.HostedActivationNullWidgetRejectedAsProviderBreach (0 ms)
[----------] 24 tests from PropertyInspectorModelTest (0 ms total)

[----------] Global test environment tear-down
[==========] 237 tests from 22 test suites ran. (1590 ms total)
[  PASSED  ] 237 tests.
